[2024-03-07T16:54:04.464+0000][1][gc,init] CardTable entry size: 512
[2024-03-07T16:54:04.464+0000][1][gc     ] Using G1
[2024-03-07T16:54:04.476+0000][1][gc,init] Version: 21.0.2+13-LTS (release)
[2024-03-07T16:54:04.476+0000][1][gc,init] CPUs: 12 total, 12 available
[2024-03-07T16:54:04.476+0000][1][gc,init] Memory: 7867M
[2024-03-07T16:54:04.476+0000][1][gc,init] Large Page Support: Disabled
[2024-03-07T16:54:04.476+0000][1][gc,init] NUMA Support: Disabled
[2024-03-07T16:54:04.476+0000][1][gc,init] Compressed Oops: Enabled (32-bit)
[2024-03-07T16:54:04.476+0000][1][gc,init] Heap Region Size: 1M
[2024-03-07T16:54:04.476+0000][1][gc,init] Heap Min Capacity: 1G
[2024-03-07T16:54:04.476+0000][1][gc,init] Heap Initial Capacity: 1G
[2024-03-07T16:54:04.476+0000][1][gc,init] Heap Max Capacity: 1G
[2024-03-07T16:54:04.476+0000][1][gc,init] Pre-touch: Disabled
[2024-03-07T16:54:04.476+0000][1][gc,init] Parallel Workers: 10
[2024-03-07T16:54:04.476+0000][1][gc,init] Concurrent Workers: 3
[2024-03-07T16:54:04.476+0000][1][gc,init] Concurrent Refinement Workers: 10
[2024-03-07T16:54:04.476+0000][1][gc,init] Periodic GC: Disabled
[2024-03-07T16:54:04.476+0000][1][gc,metaspace] CDS archive(s) not mapped
[2024-03-07T16:54:04.476+0000][1][gc,metaspace] Compressed class space mapped at: 0x0000000100000000-0x0000000140000000, reserved size: 1073741824
[2024-03-07T16:54:04.476+0000][1][gc,metaspace] Narrow klass base: 0x0000000000000000, Narrow klass shift: 3, Narrow klass range: 0x140000000
[2024-03-07T16:54:05.386+0000][1][safepoint   ] Safepoint "ICBufferFull", Time since last: 893378947 ns, Reaching safepoint: 4308 ns, Cleanup: 124914 ns, At safepoint: 2505 ns, Total: 131727 ns
[2024-03-07T16:54:05.603+0000][1][gc,start    ] GC(0) Pause Young (Concurrent Start) (Metadata GC Threshold)
[2024-03-07T16:54:05.606+0000][1][gc,task     ] GC(0) Using 10 workers of 10 for evacuation
[2024-03-07T16:54:05.606+0000][1][gc,age      ] GC(0) Desired survivor size 3670016 bytes, new threshold 15 (max threshold 15)
[2024-03-07T16:54:05.619+0000][1][gc,phases   ] GC(0)   Pre Evacuate Collection Set: 0.3ms
[2024-03-07T16:54:05.619+0000][1][gc,phases   ] GC(0)   Merge Heap Roots: 0.1ms
[2024-03-07T16:54:05.619+0000][1][gc,phases   ] GC(0)   Evacuate Collection Set: 11.8ms
[2024-03-07T16:54:05.619+0000][1][gc,phases   ] GC(0)   Post Evacuate Collection Set: 0.8ms
[2024-03-07T16:54:05.619+0000][1][gc,phases   ] GC(0)   Other: 2.1ms
[2024-03-07T16:54:05.619+0000][1][gc,age      ] GC(0) Age table with threshold 15 (max threshold 15)
[2024-03-07T16:54:05.619+0000][1][gc,age      ] GC(0) - age   1:    7010136 bytes,    7010136 total
[2024-03-07T16:54:05.619+0000][1][gc,heap     ] GC(0) Eden regions: 40->0(44)
[2024-03-07T16:54:05.619+0000][1][gc,heap     ] GC(0) Survivor regions: 0->7(7)
[2024-03-07T16:54:05.619+0000][1][gc,heap     ] GC(0) Old regions: 0->1
[2024-03-07T16:54:05.619+0000][1][gc,heap     ] GC(0) Humongous regions: 3->3
[2024-03-07T16:54:05.619+0000][1][gc,metaspace] GC(0) Metaspace: 21272K(21504K)->21272K(21504K) NonClass: 19024K(19136K)->19024K(19136K) Class: 2248K(2368K)->2248K(2368K)
[2024-03-07T16:54:05.619+0000][1][gc          ] GC(0) Pause Young (Concurrent Start) (Metadata GC Threshold) 42M->10M(1024M) 15.497ms
[2024-03-07T16:54:05.619+0000][1][gc,cpu      ] GC(0) User=0.02s Sys=0.01s Real=0.02s
[2024-03-07T16:54:05.619+0000][1][safepoint   ] Safepoint "CollectForMetadataAllocation", Time since last: 217164354 ns, Reaching safepoint: 4278 ns, Cleanup: 56015 ns, At safepoint: 15585143 ns, Total: 15645436 ns
[2024-03-07T16:54:05.619+0000][1][gc          ] GC(1) Concurrent Mark Cycle
[2024-03-07T16:54:05.619+0000][1][gc,marking  ] GC(1) Concurrent Scan Root Regions
[2024-03-07T16:54:05.621+0000][1][gc,marking  ] GC(1) Concurrent Scan Root Regions 1.704ms
[2024-03-07T16:54:05.621+0000][1][gc,marking  ] GC(1) Concurrent Mark
[2024-03-07T16:54:05.621+0000][1][gc,marking  ] GC(1) Concurrent Mark From Roots
[2024-03-07T16:54:05.621+0000][1][gc,task     ] GC(1) Using 3 workers of 3 for marking
[2024-03-07T16:54:05.621+0000][1][gc,marking  ] GC(1) Concurrent Mark From Roots 0.367ms
[2024-03-07T16:54:05.621+0000][1][gc,marking  ] GC(1) Concurrent Preclean
[2024-03-07T16:54:05.621+0000][1][gc,marking  ] GC(1) Concurrent Preclean 0.013ms
[2024-03-07T16:54:05.621+0000][1][gc,start    ] GC(1) Pause Remark
[2024-03-07T16:54:05.623+0000][1][gc          ] GC(1) Pause Remark 11M->11M(1024M) 1.502ms
[2024-03-07T16:54:05.623+0000][1][gc,cpu      ] GC(1) User=0.00s Sys=0.00s Real=0.00s
[2024-03-07T16:54:05.623+0000][1][safepoint   ] Safepoint "G1PauseRemark", Time since last: 2280046 ns, Reaching safepoint: 122310 ns, Cleanup: 2735 ns, At safepoint: 1593529 ns, Total: 1718574 ns
[2024-03-07T16:54:05.623+0000][1][gc,marking  ] GC(1) Concurrent Mark 2.402ms
[2024-03-07T16:54:05.623+0000][1][gc,marking  ] GC(1) Concurrent Rebuild Remembered Sets and Scrub Regions
[2024-03-07T16:54:05.624+0000][1][gc,marking  ] GC(1) Concurrent Rebuild Remembered Sets and Scrub Regions 0.658ms
[2024-03-07T16:54:05.624+0000][1][gc,start    ] GC(1) Pause Cleanup
[2024-03-07T16:54:05.625+0000][1][gc          ] GC(1) Pause Cleanup 11M->11M(1024M) 0.216ms
[2024-03-07T16:54:05.625+0000][1][gc,cpu      ] GC(1) User=0.00s Sys=0.00s Real=0.00s
[2024-03-07T16:54:05.625+0000][1][safepoint   ] Safepoint "G1PauseCleanup", Time since last: 1097067 ns, Reaching safepoint: 139542 ns, Cleanup: 6222 ns, At safepoint: 350788 ns, Total: 496552 ns
[2024-03-07T16:54:05.625+0000][1][gc,marking  ] GC(1) Concurrent Clear Claimed Marks
[2024-03-07T16:54:05.625+0000][1][gc,marking  ] GC(1) Concurrent Clear Claimed Marks 0.073ms
[2024-03-07T16:54:05.625+0000][1][gc,marking  ] GC(1) Concurrent Cleanup for Next Mark
[2024-03-07T16:54:05.635+0000][1][gc,marking  ] GC(1) Concurrent Cleanup for Next Mark 10.431ms
[2024-03-07T16:54:05.635+0000][1][gc          ] GC(1) Concurrent Mark Cycle 16.310ms
[2024-03-07T16:54:06.149+0000][1][gc,start    ] GC(2) Pause Young (Normal) (G1 Evacuation Pause)
[2024-03-07T16:54:06.149+0000][1][gc,task     ] GC(2) Using 10 workers of 10 for evacuation
[2024-03-07T16:54:06.149+0000][1][gc,age      ] GC(2) Desired survivor size 3670016 bytes, new threshold 1 (max threshold 15)
[2024-03-07T16:54:06.167+0000][1][gc,phases   ] GC(2)   Pre Evacuate Collection Set: 0.2ms
[2024-03-07T16:54:06.168+0000][1][gc,phases   ] GC(2)   Merge Heap Roots: 0.1ms
[2024-03-07T16:54:06.168+0000][1][gc,phases   ] GC(2)   Evacuate Collection Set: 17.7ms
[2024-03-07T16:54:06.168+0000][1][gc,phases   ] GC(2)   Post Evacuate Collection Set: 0.8ms
[2024-03-07T16:54:06.168+0000][1][gc,phases   ] GC(2)   Other: 0.1ms
[2024-03-07T16:54:06.168+0000][1][gc,age      ] GC(2) Age table with threshold 1 (max threshold 15)
[2024-03-07T16:54:06.168+0000][1][gc,age      ] GC(2) - age   1:    1292272 bytes,    1292272 total
[2024-03-07T16:54:06.168+0000][1][gc,heap     ] GC(2) Eden regions: 44->0(67)
[2024-03-07T16:54:06.168+0000][1][gc,heap     ] GC(2) Survivor regions: 7->2(7)
[2024-03-07T16:54:06.168+0000][1][gc,heap     ] GC(2) Old regions: 1->8
[2024-03-07T16:54:06.168+0000][1][gc,heap     ] GC(2) Humongous regions: 3->3
[2024-03-07T16:54:06.168+0000][1][gc,metaspace] GC(2) Metaspace: 29418K(29824K)->29418K(29824K) NonClass: 26229K(26432K)->26229K(26432K) Class: 3188K(3392K)->3188K(3392K)
[2024-03-07T16:54:06.168+0000][1][gc          ] GC(2) Pause Young (Normal) (G1 Evacuation Pause) 54M->12M(1024M) 19.193ms
[2024-03-07T16:54:06.168+0000][1][gc,cpu      ] GC(2) User=0.05s Sys=0.07s Real=0.02s
[2024-03-07T16:54:06.168+0000][1][safepoint   ] Safepoint "G1CollectForAllocation", Time since last: 523759573 ns, Reaching safepoint: 5571 ns, Cleanup: 92283 ns, At safepoint: 19255347 ns, Total: 19353201 ns
[2024-03-07T16:54:06.492+0000][1][gc,start    ] GC(3) Pause Young (Normal) (G1 Evacuation Pause)
[2024-03-07T16:54:06.492+0000][1][gc,task     ] GC(3) Using 10 workers of 10 for evacuation
[2024-03-07T16:54:06.492+0000][1][gc,age      ] GC(3) Desired survivor size 4718592 bytes, new threshold 15 (max threshold 15)
[2024-03-07T16:54:06.502+0000][1][gc,phases   ] GC(3)   Pre Evacuate Collection Set: 0.2ms
[2024-03-07T16:54:06.502+0000][1][gc,phases   ] GC(3)   Merge Heap Roots: 0.1ms
[2024-03-07T16:54:06.502+0000][1][gc,phases   ] GC(3)   Evacuate Collection Set: 8.6ms
[2024-03-07T16:54:06.502+0000][1][gc,phases   ] GC(3)   Post Evacuate Collection Set: 1.1ms
[2024-03-07T16:54:06.502+0000][1][gc,phases   ] GC(3)   Other: 0.1ms
[2024-03-07T16:54:06.502+0000][1][gc,age      ] GC(3) Age table with threshold 15 (max threshold 15)
[2024-03-07T16:54:06.502+0000][1][gc,age      ] GC(3) - age   1:    3605584 bytes,    3605584 total
[2024-03-07T16:54:06.502+0000][1][gc,age      ] GC(3) - age   2:    1224632 bytes,    4830216 total
[2024-03-07T16:54:06.502+0000][1][gc,heap     ] GC(3) Eden regions: 67->0(448)
[2024-03-07T16:54:06.502+0000][1][gc,heap     ] GC(3) Survivor regions: 2->5(9)
[2024-03-07T16:54:06.502+0000][1][gc,heap     ] GC(3) Old regions: 8->8
[2024-03-07T16:54:06.502+0000][1][gc,heap     ] GC(3) Humongous regions: 3->3
[2024-03-07T16:54:06.502+0000][1][gc,metaspace] GC(3) Metaspace: 32598K(32960K)->32598K(32960K) NonClass: 28976K(29184K)->28976K(29184K) Class: 3622K(3776K)->3622K(3776K)
[2024-03-07T16:54:06.502+0000][1][gc          ] GC(3) Pause Young (Normal) (G1 Evacuation Pause) 79M->15M(1024M) 10.600ms
[2024-03-07T16:54:06.503+0000][1][gc,cpu      ] GC(3) User=0.04s Sys=0.03s Real=0.01s
[2024-03-07T16:54:06.503+0000][1][safepoint   ] Safepoint "G1CollectForAllocation", Time since last: 323976471 ns, Reaching safepoint: 6733 ns, Cleanup: 150592 ns, At safepoint: 10679792 ns, Total: 10837117 ns
[2024-03-07T16:54:07.004+0000][1][gc,start    ] GC(4) Pause Young (Concurrent Start) (Metadata GC Threshold)
[2024-03-07T16:54:07.004+0000][1][gc,task     ] GC(4) Using 10 workers of 10 for evacuation
[2024-03-07T16:54:07.004+0000][1][gc,age      ] GC(4) Desired survivor size 29884416 bytes, new threshold 15 (max threshold 15)
[2024-03-07T16:54:07.014+0000][1][gc,phases   ] GC(4)   Pre Evacuate Collection Set: 0.4ms
[2024-03-07T16:54:07.014+0000][1][gc,phases   ] GC(4)   Merge Heap Roots: 0.1ms
[2024-03-07T16:54:07.014+0000][1][gc,phases   ] GC(4)   Evacuate Collection Set: 8.5ms
[2024-03-07T16:54:07.014+0000][1][gc,phases   ] GC(4)   Post Evacuate Collection Set: 0.8ms
[2024-03-07T16:54:07.014+0000][1][gc,phases   ] GC(4)   Other: 0.3ms
[2024-03-07T16:54:07.014+0000][1][gc,age      ] GC(4) Age table with threshold 15 (max threshold 15)
[2024-03-07T16:54:07.014+0000][1][gc,age      ] GC(4) - age   1:    1676360 bytes,    1676360 total
[2024-03-07T16:54:07.014+0000][1][gc,age      ] GC(4) - age   2:     954056 bytes,    2630416 total
[2024-03-07T16:54:07.014+0000][1][gc,age      ] GC(4) - age   3:    1211904 bytes,    3842320 total
[2024-03-07T16:54:07.014+0000][1][gc,heap     ] GC(4) Eden regions: 109->0(610)
[2024-03-07T16:54:07.014+0000][1][gc,heap     ] GC(4) Survivor regions: 5->4(57)
[2024-03-07T16:54:07.014+0000][1][gc,heap     ] GC(4) Old regions: 8->8
[2024-03-07T16:54:07.014+0000][1][gc,heap     ] GC(4) Humongous regions: 3->3
[2024-03-07T16:54:07.014+0000][1][gc,metaspace] GC(4) Metaspace: 35567K(35968K)->35567K(35968K) NonClass: 31580K(31808K)->31580K(31808K) Class: 3987K(4160K)->3987K(4160K)
[2024-03-07T16:54:07.014+0000][1][gc          ] GC(4) Pause Young (Concurrent Start) (Metadata GC Threshold) 124M->14M(1024M) 10.502ms
[2024-03-07T16:54:07.014+0000][1][gc,cpu      ] GC(4) User=0.03s Sys=0.02s Real=0.01s
[2024-03-07T16:54:07.014+0000][1][gc          ] GC(5) Concurrent Mark Cycle
[2024-03-07T16:54:07.014+0000][1][gc,marking  ] GC(5) Concurrent Scan Root Regions
[2024-03-07T16:54:07.014+0000][1][safepoint   ] Safepoint "CollectForMetadataAllocation", Time since last: 500837649 ns, Reaching safepoint: 6242 ns, Cleanup: 123481 ns, At safepoint: 10665596 ns, Total: 10795319 ns
[2024-03-07T16:54:07.016+0000][1][gc,marking  ] GC(5) Concurrent Scan Root Regions 2.265ms
[2024-03-07T16:54:07.016+0000][1][gc,marking  ] GC(5) Concurrent Mark
[2024-03-07T16:54:07.016+0000][1][gc,marking  ] GC(5) Concurrent Mark From Roots
[2024-03-07T16:54:07.016+0000][1][gc,task     ] GC(5) Using 3 workers of 3 for marking
[2024-03-07T16:54:07.020+0000][1][gc,marking  ] GC(5) Concurrent Mark From Roots 3.676ms
[2024-03-07T16:54:07.020+0000][1][gc,marking  ] GC(5) Concurrent Preclean
[2024-03-07T16:54:07.020+0000][1][gc,marking  ] GC(5) Concurrent Preclean 0.072ms
[2024-03-07T16:54:07.022+0000][1][gc,start    ] GC(5) Pause Remark
[2024-03-07T16:54:07.029+0000][1][gc          ] GC(5) Pause Remark 15M->15M(1024M) 6.953ms
[2024-03-07T16:54:07.029+0000][1][gc,cpu      ] GC(5) User=0.03s Sys=0.00s Real=0.01s
[2024-03-07T16:54:07.029+0000][1][safepoint   ] Safepoint "G1PauseRemark", Time since last: 7033833 ns, Reaching safepoint: 295945 ns, Cleanup: 9788 ns, At safepoint: 7492634 ns, Total: 7798367 ns
[2024-03-07T16:54:07.030+0000][1][gc,marking  ] GC(5) Concurrent Mark 13.968ms
[2024-03-07T16:54:07.031+0000][1][gc,marking  ] GC(5) Concurrent Rebuild Remembered Sets and Scrub Regions
[2024-03-07T16:54:07.033+0000][1][gc,marking  ] GC(5) Concurrent Rebuild Remembered Sets and Scrub Regions 2.024ms
[2024-03-07T16:54:07.033+0000][1][gc,start    ] GC(5) Pause Cleanup
[2024-03-07T16:54:07.033+0000][1][gc          ] GC(5) Pause Cleanup 15M->15M(1024M) 0.273ms
[2024-03-07T16:54:07.033+0000][1][gc,cpu      ] GC(5) User=0.00s Sys=0.00s Real=0.00s
[2024-03-07T16:54:07.033+0000][1][safepoint   ] Safepoint "G1PauseCleanup", Time since last: 3818493 ns, Reaching safepoint: 8045 ns, Cleanup: 16431 ns, At safepoint: 342252 ns, Total: 366728 ns
[2024-03-07T16:54:07.033+0000][1][gc,marking  ] GC(5) Concurrent Clear Claimed Marks
[2024-03-07T16:54:07.033+0000][1][gc,marking  ] GC(5) Concurrent Clear Claimed Marks 0.054ms
[2024-03-07T16:54:07.033+0000][1][gc,marking  ] GC(5) Concurrent Cleanup for Next Mark
[2024-03-07T16:54:07.039+0000][1][gc,marking  ] GC(5) Concurrent Cleanup for Next Mark 4.122ms
[2024-03-07T16:54:07.039+0000][1][gc          ] GC(5) Concurrent Mark Cycle 25.178ms
[2024-03-07T16:54:07.858+0000][1][safepoint   ] Safepoint "ICBufferFull", Time since last: 824194257 ns, Reaching safepoint: 144501 ns, Cleanup: 116398 ns, At safepoint: 4328 ns, Total: 265227 ns
[2024-03-07T16:54:08.453+0000][1][safepoint   ] Safepoint "ICBufferFull", Time since last: 595159138 ns, Reaching safepoint: 6512 ns, Cleanup: 168937 ns, At safepoint: 6342 ns, Total: 181791 ns
[2024-03-07T16:54:09.001+0000][1][gc,start    ] GC(6) Pause Young (Prepare Mixed) (Metadata GC Threshold)
[2024-03-07T16:54:09.001+0000][1][gc,task     ] GC(6) Using 10 workers of 10 for evacuation
[2024-03-07T16:54:09.001+0000][1][gc,age      ] GC(6) Desired survivor size 40370176 bytes, new threshold 15 (max threshold 15)
[2024-03-07T16:54:09.014+0000][1][gc,phases   ] GC(6)   Pre Evacuate Collection Set: 0.3ms
[2024-03-07T16:54:09.014+0000][1][gc,phases   ] GC(6)   Merge Heap Roots: 0.2ms
[2024-03-07T16:54:09.014+0000][1][gc,phases   ] GC(6)   Evacuate Collection Set: 10.5ms
[2024-03-07T16:54:09.014+0000][1][gc,phases   ] GC(6)   Post Evacuate Collection Set: 1.5ms
[2024-03-07T16:54:09.014+0000][1][gc,phases   ] GC(6)   Other: 0.1ms
[2024-03-07T16:54:09.014+0000][1][gc,age      ] GC(6) Age table with threshold 15 (max threshold 15)
[2024-03-07T16:54:09.014+0000][1][gc,age      ] GC(6) - age   1:    6916488 bytes,    6916488 total
[2024-03-07T16:54:09.014+0000][1][gc,age      ] GC(6) - age   2:    1202112 bytes,    8118600 total
[2024-03-07T16:54:09.014+0000][1][gc,age      ] GC(6) - age   3:     902688 bytes,    9021288 total
[2024-03-07T16:54:09.014+0000][1][gc,age      ] GC(6) - age   4:    1168160 bytes,   10189448 total
[2024-03-07T16:54:09.014+0000][1][gc,heap     ] GC(6) Eden regions: 89->0(603)
[2024-03-07T16:54:09.014+0000][1][gc,heap     ] GC(6) Survivor regions: 4->11(77)
[2024-03-07T16:54:09.014+0000][1][gc,heap     ] GC(6) Old regions: 8->8
[2024-03-07T16:54:09.014+0000][1][gc,heap     ] GC(6) Humongous regions: 3->3
[2024-03-07T16:54:09.014+0000][1][gc,metaspace] GC(6) Metaspace: 59545K(60160K)->59545K(60160K) NonClass: 52075K(52416K)->52075K(52416K) Class: 7469K(7744K)->7469K(7744K)
[2024-03-07T16:54:09.014+0000][1][gc          ] GC(6) Pause Young (Prepare Mixed) (Metadata GC Threshold) 103M->21M(1024M) 12.958ms
[2024-03-07T16:54:09.014+0000][1][gc,cpu      ] GC(6) User=0.04s Sys=0.00s Real=0.01s
[2024-03-07T16:54:09.015+0000][1][safepoint   ] Safepoint "CollectForMetadataAllocation", Time since last: 548054513 ns, Reaching safepoint: 8015 ns, Cleanup: 119674 ns, At safepoint: 13792992 ns, Total: 13920681 ns
[2024-03-07T16:54:09.097+0000][1][gc,start    ] GC(7) Pause Young (Mixed) (Metadata GC Threshold)
[2024-03-07T16:54:09.097+0000][1][gc,task     ] GC(7) Using 10 workers of 10 for evacuation
[2024-03-07T16:54:09.097+0000][1][gc,age      ] GC(7) Desired survivor size 40370176 bytes, new threshold 15 (max threshold 15)
[2024-03-07T16:54:09.112+0000][1][gc,phases   ] GC(7)   Pre Evacuate Collection Set: 0.2ms
[2024-03-07T16:54:09.112+0000][1][gc,phases   ] GC(7)   Merge Heap Roots: 0.1ms
[2024-03-07T16:54:09.112+0000][1][gc,phases   ] GC(7)   Evacuate Collection Set: 12.1ms
[2024-03-07T16:54:09.112+0000][1][gc,phases   ] GC(7)   Post Evacuate Collection Set: 2.0ms
[2024-03-07T16:54:09.112+0000][1][gc,phases   ] GC(7)   Other: 0.1ms
[2024-03-07T16:54:09.112+0000][1][gc,age      ] GC(7) Age table with threshold 15 (max threshold 15)
[2024-03-07T16:54:09.112+0000][1][gc,age      ] GC(7) - age   1:    1091928 bytes,    1091928 total
[2024-03-07T16:54:09.112+0000][1][gc,age      ] GC(7) - age   2:    6706712 bytes,    7798640 total
[2024-03-07T16:54:09.112+0000][1][gc,age      ] GC(7) - age   3:    1201952 bytes,    9000592 total
[2024-03-07T16:54:09.112+0000][1][gc,age      ] GC(7) - age   4:     902528 bytes,    9903120 total
[2024-03-07T16:54:09.112+0000][1][gc,age      ] GC(7) - age   5:    1167552 bytes,   11070672 total
[2024-03-07T16:54:09.112+0000][1][gc,heap     ] GC(7) Eden regions: 4->0(596)
[2024-03-07T16:54:09.112+0000][1][gc,heap     ] GC(7) Survivor regions: 11->12(77)
[2024-03-07T16:54:09.112+0000][1][gc,heap     ] GC(7) Old regions: 8->8
[2024-03-07T16:54:09.112+0000][1][gc,heap     ] GC(7) Humongous regions: 3->3
[2024-03-07T16:54:09.112+0000][1][gc,metaspace] GC(7) Metaspace: 59887K(60480K)->59887K(60480K) NonClass: 52398K(52736K)->52398K(52736K) Class: 7489K(7744K)->7489K(7744K)
[2024-03-07T16:54:09.112+0000][1][gc          ] GC(7) Pause Young (Mixed) (Metadata GC Threshold) 24M->22M(1024M) 14.928ms
[2024-03-07T16:54:09.112+0000][1][gc,cpu      ] GC(7) User=0.07s Sys=0.00s Real=0.01s
[2024-03-07T16:54:09.112+0000][1][safepoint   ] Safepoint "CollectForMetadataAllocation", Time since last: 82313315 ns, Reaching safepoint: 8385 ns, Cleanup: 16040 ns, At safepoint: 15045992 ns, Total: 15070417 ns
[2024-03-07T16:54:09.137+0000][1][gc,start    ] GC(8) Pause Young (Concurrent Start) (Metadata GC Threshold)
[2024-03-07T16:54:09.137+0000][1][gc,task     ] GC(8) Using 10 workers of 10 for evacuation
[2024-03-07T16:54:09.137+0000][1][gc,age      ] GC(8) Desired survivor size 39845888 bytes, new threshold 15 (max threshold 15)
[2024-03-07T16:54:09.147+0000][1][gc,phases   ] GC(8)   Pre Evacuate Collection Set: 0.3ms
[2024-03-07T16:54:09.147+0000][1][gc,phases   ] GC(8)   Merge Heap Roots: 0.1ms
[2024-03-07T16:54:09.147+0000][1][gc,phases   ] GC(8)   Evacuate Collection Set: 8.1ms
[2024-03-07T16:54:09.147+0000][1][gc,phases   ] GC(8)   Post Evacuate Collection Set: 0.8ms
[2024-03-07T16:54:09.147+0000][1][gc,phases   ] GC(8)   Other: 0.1ms
[2024-03-07T16:54:09.147+0000][1][gc,age      ] GC(8) Age table with threshold 15 (max threshold 15)
[2024-03-07T16:54:09.147+0000][1][gc,age      ] GC(8) - age   1:     276032 bytes,     276032 total
[2024-03-07T16:54:09.147+0000][1][gc,age      ] GC(8) - age   2:     972752 bytes,    1248784 total
[2024-03-07T16:54:09.147+0000][1][gc,age      ] GC(8) - age   3:    6706680 bytes,    7955464 total
[2024-03-07T16:54:09.147+0000][1][gc,age      ] GC(8) - age   4:    1201952 bytes,    9157416 total
[2024-03-07T16:54:09.147+0000][1][gc,age      ] GC(8) - age   5:     902528 bytes,   10059944 total
[2024-03-07T16:54:09.147+0000][1][gc,age      ] GC(8) - age   6:    1167552 bytes,   11227496 total
[2024-03-07T16:54:09.147+0000][1][gc,heap     ] GC(8) Eden regions: 2->0(602)
[2024-03-07T16:54:09.147+0000][1][gc,heap     ] GC(8) Survivor regions: 12->12(76)
[2024-03-07T16:54:09.147+0000][1][gc,heap     ] GC(8) Old regions: 8->8
[2024-03-07T16:54:09.147+0000][1][gc,heap     ] GC(8) Humongous regions: 3->3
[2024-03-07T16:54:09.147+0000][1][gc,metaspace] GC(8) Metaspace: 60174K(60800K)->60174K(60800K) NonClass: 52662K(52992K)->52662K(52992K) Class: 7512K(7808K)->7512K(7808K)
[2024-03-07T16:54:09.147+0000][1][gc          ] GC(8) Pause Young (Concurrent Start) (Metadata GC Threshold) 24M->22M(1024M) 9.843ms
[2024-03-07T16:54:09.147+0000][1][gc,cpu      ] GC(8) User=0.05s Sys=0.00s Real=0.01s
[2024-03-07T16:54:09.147+0000][1][gc          ] GC(9) Concurrent Mark Cycle
[2024-03-07T16:54:09.147+0000][1][safepoint   ] Safepoint "CollectForMetadataAllocation", Time since last: 24550118 ns, Reaching safepoint: 5681 ns, Cleanup: 44353 ns, At safepoint: 9961034 ns, Total: 10011068 ns
[2024-03-07T16:54:09.147+0000][1][gc,marking  ] GC(9) Concurrent Scan Root Regions
[2024-03-07T16:54:09.151+0000][1][gc,marking  ] GC(9) Concurrent Scan Root Regions 4.030ms
[2024-03-07T16:54:09.151+0000][1][gc,marking  ] GC(9) Concurrent Mark
[2024-03-07T16:54:09.151+0000][1][gc,marking  ] GC(9) Concurrent Mark From Roots
[2024-03-07T16:54:09.151+0000][1][gc,task     ] GC(9) Using 3 workers of 3 for marking
[2024-03-07T16:54:09.153+0000][1][gc,marking  ] GC(9) Concurrent Mark From Roots 2.336ms
[2024-03-07T16:54:09.153+0000][1][gc,marking  ] GC(9) Concurrent Preclean
[2024-03-07T16:54:09.153+0000][1][gc,marking  ] GC(9) Concurrent Preclean 0.026ms
[2024-03-07T16:54:09.154+0000][1][gc,start    ] GC(9) Pause Remark
[2024-03-07T16:54:09.157+0000][1][gc          ] GC(9) Pause Remark 22M->22M(1024M) 2.694ms
[2024-03-07T16:54:09.157+0000][1][gc,cpu      ] GC(9) User=0.02s Sys=0.00s Real=0.01s
[2024-03-07T16:54:09.157+0000][1][safepoint   ] Safepoint "G1PauseRemark", Time since last: 6539917 ns, Reaching safepoint: 550693 ns, Cleanup: 3827 ns, At safepoint: 2779564 ns, Total: 3334084 ns
[2024-03-07T16:54:09.157+0000][1][gc,marking  ] GC(9) Concurrent Mark 5.810ms
[2024-03-07T16:54:09.157+0000][1][gc,marking  ] GC(9) Concurrent Rebuild Remembered Sets and Scrub Regions
[2024-03-07T16:54:09.158+0000][1][gc,marking  ] GC(9) Concurrent Rebuild Remembered Sets and Scrub Regions 1.318ms
[2024-03-07T16:54:09.159+0000][1][gc,start    ] GC(9) Pause Cleanup
[2024-03-07T16:54:09.159+0000][1][gc          ] GC(9) Pause Cleanup 22M->22M(1024M) 0.200ms
[2024-03-07T16:54:09.159+0000][1][gc,cpu      ] GC(9) User=0.00s Sys=0.00s Real=0.00s
[2024-03-07T16:54:09.159+0000][1][safepoint   ] Safepoint "G1PauseCleanup", Time since last: 1452404 ns, Reaching safepoint: 673604 ns, Cleanup: 4237 ns, At safepoint: 250290 ns, Total: 928131 ns
[2024-03-07T16:54:09.159+0000][1][gc,marking  ] GC(9) Concurrent Clear Claimed Marks
[2024-03-07T16:54:09.159+0000][1][gc,marking  ] GC(9) Concurrent Clear Claimed Marks 0.063ms
[2024-03-07T16:54:09.159+0000][1][gc,marking  ] GC(9) Concurrent Cleanup for Next Mark
[2024-03-07T16:54:09.162+0000][1][gc,marking  ] GC(9) Concurrent Cleanup for Next Mark 2.262ms
[2024-03-07T16:54:09.162+0000][1][gc          ] GC(9) Concurrent Mark Cycle 14.767ms
[2024-03-07T16:54:09.568+0000][1][safepoint   ] Safepoint "ICBufferFull", Time since last: 408217522 ns, Reaching safepoint: 5530 ns, Cleanup: 118192 ns, At safepoint: 1994 ns, Total: 125716 ns
[2024-03-07T16:54:10.505+0000][1][safepoint   ] Safepoint "ICBufferFull", Time since last: 937283537 ns, Reaching safepoint: 17323 ns, Cleanup: 208822 ns, At safepoint: 12483 ns, Total: 238628 ns
[2024-03-07T16:54:11.022+0000][1][safepoint   ] Safepoint "ICBufferFull", Time since last: 516268142 ns, Reaching safepoint: 13225 ns, Cleanup: 172203 ns, At safepoint: 5049 ns, Total: 190477 ns
[2024-03-07T16:54:12.067+0000][1][safepoint   ] Safepoint "Cleanup", Time since last: 1045463441 ns, Reaching safepoint: 19727 ns, Cleanup: 149841 ns, At safepoint: 6342 ns, Total: 175910 ns
[2024-03-07T16:54:13.067+0000][1][safepoint   ] Safepoint "Cleanup", Time since last: 1000165746 ns, Reaching safepoint: 21631 ns, Cleanup: 20268 ns, At safepoint: 6141 ns, Total: 48040 ns
[2024-03-07T16:54:14.068+0000][1][safepoint   ] Safepoint "Cleanup", Time since last: 1000175985 ns, Reaching safepoint: 9498 ns, Cleanup: 13335 ns, At safepoint: 3677 ns, Total: 26510 ns
[2024-03-07T16:54:15.068+0000][1][safepoint   ] Safepoint "Cleanup", Time since last: 1000124208 ns, Reaching safepoint: 12914 ns, Cleanup: 21491 ns, At safepoint: 4759 ns, Total: 39164 ns
[2024-03-07T16:54:16.068+0000][1][safepoint   ] Safepoint "Cleanup", Time since last: 1000132664 ns, Reaching safepoint: 15629 ns, Cleanup: 13205 ns, At safepoint: 3617 ns, Total: 32451 ns
[2024-03-07T16:54:17.068+0000][1][safepoint   ] Safepoint "Cleanup", Time since last: 1000119730 ns, Reaching safepoint: 11381 ns, Cleanup: 22693 ns, At safepoint: 3757 ns, Total: 37831 ns
[2024-03-07T16:54:18.068+0000][1][safepoint   ] Safepoint "Cleanup", Time since last: 1000138565 ns, Reaching safepoint: 12403 ns, Cleanup: 39584 ns, At safepoint: 4639 ns, Total: 56626 ns
[2024-03-07T16:54:19.429+0000][1][safepoint   ] Safepoint "Cleanup", Time since last: 1360437655 ns, Reaching safepoint: 7675 ns, Cleanup: 35236 ns, At safepoint: 3747 ns, Total: 46658 ns
[2024-03-07T16:54:19.565+0000][1][safepoint   ] Safepoint "ICBufferFull", Time since last: 135930544 ns, Reaching safepoint: 53380 ns, Cleanup: 149811 ns, At safepoint: 8116 ns, Total: 211307 ns
[2024-03-07T16:54:19.689+0000][1][safepoint   ] Safepoint "ICBufferFull", Time since last: 124047555 ns, Reaching safepoint: 234329 ns, Cleanup: 157816 ns, At safepoint: 17673 ns, Total: 409818 ns
[2024-03-07T16:54:20.690+0000][1][safepoint   ] Safepoint "Cleanup", Time since last: 1000978121 ns, Reaching safepoint: 15319 ns, Cleanup: 92794 ns, At safepoint: 6342 ns, Total: 114455 ns
[2024-03-07T16:54:21.691+0000][1][safepoint   ] Safepoint "Cleanup", Time since last: 1000161067 ns, Reaching safepoint: 17332 ns, Cleanup: 14437 ns, At safepoint: 6112 ns, Total: 37881 ns
[2024-03-07T16:54:22.691+0000][1][safepoint   ] Safepoint "Cleanup", Time since last: 1000150848 ns, Reaching safepoint: 22692 ns, Cleanup: 140744 ns, At safepoint: 7244 ns, Total: 170680 ns
[2024-03-07T16:54:23.691+0000][1][safepoint   ] Safepoint "Cleanup", Time since last: 1000146720 ns, Reaching safepoint: 16731 ns, Cleanup: 12414 ns, At safepoint: 6342 ns, Total: 35487 ns
[2024-03-07T16:54:24.691+0000][1][safepoint   ] Safepoint "Cleanup", Time since last: 1000147211 ns, Reaching safepoint: 20158 ns, Cleanup: 128090 ns, At safepoint: 7594 ns, Total: 155842 ns
[2024-03-07T16:54:25.692+0000][1][safepoint   ] Safepoint "Cleanup", Time since last: 1000156689 ns, Reaching safepoint: 53731 ns, Cleanup: 19206 ns, At safepoint: 3917 ns, Total: 76854 ns
[2024-03-07T16:54:30.692+0000][1][safepoint   ] Safepoint "Cleanup", Time since last: 5000392773 ns, Reaching safepoint: 13546 ns, Cleanup: 41868 ns, At safepoint: 2936 ns, Total: 58350 ns
[2024-03-07T16:54:31.692+0000][1][safepoint   ] Safepoint "Cleanup", Time since last: 1000117465 ns, Reaching safepoint: 40987 ns, Cleanup: 11011 ns, At safepoint: 3997 ns, Total: 55995 ns
[2024-03-07T16:54:33.693+0000][1][safepoint   ] Safepoint "Cleanup", Time since last: 2000187522 ns, Reaching safepoint: 25778 ns, Cleanup: 82084 ns, At safepoint: 5571 ns, Total: 113433 ns
[2024-03-07T16:54:34.693+0000][1][safepoint   ] Safepoint "Cleanup", Time since last: 1000183750 ns, Reaching safepoint: 18925 ns, Cleanup: 11031 ns, At safepoint: 6512 ns, Total: 36468 ns
[2024-03-07T16:54:36.555+0000][1][safepoint   ] Safepoint "Cleanup", Time since last: 1862071680 ns, Reaching safepoint: 56416 ns, Cleanup: 78447 ns, At safepoint: 18855 ns, Total: 153718 ns
[2024-03-07T16:54:39.555+0000][1][safepoint   ] Safepoint "Cleanup", Time since last: 3000278258 ns, Reaching safepoint: 21520 ns, Cleanup: 14097 ns, At safepoint: 4538 ns, Total: 40155 ns
[2024-03-07T16:54:40.556+0000][1][safepoint   ] Safepoint "Cleanup", Time since last: 1000132644 ns, Reaching safepoint: 18064 ns, Cleanup: 44263 ns, At safepoint: 4759 ns, Total: 67086 ns
[2024-03-07T16:54:41.556+0000][1][safepoint   ] Safepoint "Cleanup", Time since last: 1000167489 ns, Reaching safepoint: 55464 ns, Cleanup: 93987 ns, At safepoint: 19987 ns, Total: 169438 ns
[2024-03-07T16:54:42.556+0000][1][safepoint   ] Safepoint "Cleanup", Time since last: 1000156018 ns, Reaching safepoint: 15699 ns, Cleanup: 10329 ns, At safepoint: 3196 ns, Total: 29224 ns
[2024-03-07T16:54:45.556+0000][1][safepoint   ] Safepoint "Cleanup", Time since last: 3000247099 ns, Reaching safepoint: 39274 ns, Cleanup: 18615 ns, At safepoint: 8526 ns, Total: 66415 ns
[2024-03-07T16:54:46.557+0000][1][safepoint   ] Safepoint "Cleanup", Time since last: 1000109119 ns, Reaching safepoint: 14728 ns, Cleanup: 37079 ns, At safepoint: 4098 ns, Total: 55905 ns
[2024-03-07T16:54:48.557+0000][1][safepoint   ] Safepoint "Cleanup", Time since last: 2000215736 ns, Reaching safepoint: 21701 ns, Cleanup: 86772 ns, At safepoint: 7805 ns, Total: 116278 ns
[2024-03-07T16:54:49.557+0000][1][safepoint   ] Safepoint "Cleanup", Time since last: 1000139737 ns, Reaching safepoint: 13896 ns, Cleanup: 11842 ns, At safepoint: 3857 ns, Total: 29595 ns
[2024-03-07T16:54:50.557+0000][1][safepoint   ] Safepoint "Cleanup", Time since last: 1000123437 ns, Reaching safepoint: 63629 ns, Cleanup: 24116 ns, At safepoint: 21340 ns, Total: 109085 ns
[2024-03-07T16:54:51.558+0000][1][safepoint   ] Safepoint "Cleanup", Time since last: 1000530880 ns, Reaching safepoint: 18905 ns, Cleanup: 52258 ns, At safepoint: 6653 ns, Total: 77816 ns
[2024-03-07T16:54:52.558+0000][1][safepoint   ] Safepoint "Cleanup", Time since last: 1000163150 ns, Reaching safepoint: 19146 ns, Cleanup: 13886 ns, At safepoint: 6703 ns, Total: 39735 ns
[2024-03-07T16:54:53.559+0000][1][safepoint   ] Safepoint "Cleanup", Time since last: 1000536733 ns, Reaching safepoint: 19166 ns, Cleanup: 14126 ns, At safepoint: 6462 ns, Total: 39754 ns
[2024-03-07T16:54:54.559+0000][1][safepoint   ] Safepoint "Cleanup", Time since last: 1000177179 ns, Reaching safepoint: 18555 ns, Cleanup: 81994 ns, At safepoint: 6141 ns, Total: 106690 ns
[2024-03-07T16:54:55.559+0000][1][safepoint   ] Safepoint "Cleanup", Time since last: 1000305026 ns, Reaching safepoint: 17984 ns, Cleanup: 16221 ns, At safepoint: 6702 ns, Total: 40907 ns
[2024-03-07T16:54:56.560+0000][1][safepoint   ] Safepoint "Cleanup", Time since last: 1000146291 ns, Reaching safepoint: 60323 ns, Cleanup: 46367 ns, At safepoint: 7254 ns, Total: 113944 ns
[2024-03-07T16:54:57.560+0000][1][safepoint   ] Safepoint "Cleanup", Time since last: 1000468833 ns, Reaching safepoint: 19046 ns, Cleanup: 15789 ns, At safepoint: 6663 ns, Total: 41498 ns
[2024-03-07T16:54:58.560+0000][1][safepoint   ] Safepoint "Cleanup", Time since last: 1000164063 ns, Reaching safepoint: 20749 ns, Cleanup: 19055 ns, At safepoint: 6803 ns, Total: 46607 ns
[2024-03-07T16:54:59.560+0000][1][safepoint   ] Safepoint "Cleanup", Time since last: 1000147973 ns, Reaching safepoint: 22693 ns, Cleanup: 38121 ns, At safepoint: 4919 ns, Total: 65733 ns
[2024-03-07T16:55:00.561+0000][1][safepoint   ] Safepoint "Cleanup", Time since last: 1000139046 ns, Reaching safepoint: 21240 ns, Cleanup: 17984 ns, At safepoint: 6722 ns, Total: 45946 ns
[2024-03-07T16:55:01.561+0000][1][safepoint   ] Safepoint "Cleanup", Time since last: 1000137433 ns, Reaching safepoint: 50886 ns, Cleanup: 15559 ns, At safepoint: 4418 ns, Total: 70863 ns
[2024-03-07T16:55:02.561+0000][1][safepoint   ] Safepoint "Cleanup", Time since last: 1000113138 ns, Reaching safepoint: 13195 ns, Cleanup: 22572 ns, At safepoint: 3687 ns, Total: 39454 ns
[2024-03-07T16:55:04.538+0000][1][safepoint   ] Safepoint "Cleanup", Time since last: 1976490595 ns, Reaching safepoint: 6161 ns, Cleanup: 38062 ns, At safepoint: 2234 ns, Total: 46457 ns
[2024-03-07T16:55:06.538+0000][1][safepoint   ] Safepoint "Cleanup", Time since last: 2000189616 ns, Reaching safepoint: 38272 ns, Cleanup: 17463 ns, At safepoint: 3987 ns, Total: 59722 ns
[2024-03-07T16:55:07.538+0000][1][safepoint   ] Safepoint "Cleanup", Time since last: 1000102197 ns, Reaching safepoint: 16842 ns, Cleanup: 27612 ns, At safepoint: 6662 ns, Total: 51116 ns
[2024-03-07T16:55:09.538+0000][1][safepoint   ] Safepoint "Cleanup", Time since last: 2000392204 ns, Reaching safepoint: 14067 ns, Cleanup: 12353 ns, At safepoint: 3116 ns, Total: 29536 ns
[2024-03-07T16:55:10.539+0000][1][safepoint   ] Safepoint "Cleanup", Time since last: 1000107128 ns, Reaching safepoint: 11822 ns, Cleanup: 30778 ns, At safepoint: 3446 ns, Total: 46046 ns
[2024-03-07T16:55:11.539+0000][1][safepoint   ] Safepoint "Cleanup", Time since last: 1000115030 ns, Reaching safepoint: 56256 ns, Cleanup: 27181 ns, At safepoint: 6081 ns, Total: 89518 ns
[2024-03-07T16:55:13.540+0000][1][safepoint   ] Safepoint "Cleanup", Time since last: 2000941516 ns, Reaching safepoint: 18134 ns, Cleanup: 29465 ns, At safepoint: 6352 ns, Total: 53951 ns
[2024-03-07T16:55:14.540+0000][1][safepoint   ] Safepoint "Cleanup", Time since last: 1000568803 ns, Reaching safepoint: 18395 ns, Cleanup: 14276 ns, At safepoint: 6422 ns, Total: 39093 ns
[2024-03-07T16:55:15.541+0000][1][safepoint   ] Safepoint "Cleanup", Time since last: 1000337077 ns, Reaching safepoint: 17904 ns, Cleanup: 14287 ns, At safepoint: 5750 ns, Total: 37941 ns
[2024-03-07T16:55:16.541+0000][1][safepoint   ] Safepoint "Cleanup", Time since last: 1000147223 ns, Reaching safepoint: 62127 ns, Cleanup: 66324 ns, At safepoint: 18595 ns, Total: 147046 ns
[2024-03-07T16:55:18.542+0000][1][safepoint   ] Safepoint "Cleanup", Time since last: 2000939323 ns, Reaching safepoint: 18154 ns, Cleanup: 19236 ns, At safepoint: 6032 ns, Total: 43422 ns
[2024-03-07T16:55:19.542+0000][1][safepoint   ] Safepoint "Cleanup", Time since last: 1000181583 ns, Reaching safepoint: 17633 ns, Cleanup: 53049 ns, At safepoint: 6543 ns, Total: 77225 ns
[2024-03-07T16:55:21.543+0000][1][safepoint   ] Safepoint "Cleanup", Time since last: 2000266580 ns, Reaching safepoint: 44233 ns, Cleanup: 109465 ns, At safepoint: 18254 ns, Total: 171952 ns
[2024-03-07T16:55:22.543+0000][1][safepoint   ] Safepoint "Cleanup", Time since last: 1000150127 ns, Reaching safepoint: 17112 ns, Cleanup: 16340 ns, At safepoint: 5521 ns, Total: 38973 ns
[2024-03-07T16:55:23.543+0000][1][safepoint   ] Safepoint "Cleanup", Time since last: 1000542133 ns, Reaching safepoint: 18124 ns, Cleanup: 20979 ns, At safepoint: 6161 ns, Total: 45264 ns
[2024-03-07T16:55:24.544+0000][1][safepoint   ] Safepoint "Cleanup", Time since last: 1000576906 ns, Reaching safepoint: 17913 ns, Cleanup: 27362 ns, At safepoint: 6752 ns, Total: 52027 ns
[2024-03-07T16:55:26.545+0000][1][safepoint   ] Safepoint "Cleanup", Time since last: 2000658823 ns, Reaching safepoint: 47549 ns, Cleanup: 33623 ns, At safepoint: 8146 ns, Total: 89318 ns
[2024-03-07T16:55:27.545+0000][1][safepoint   ] Safepoint "Cleanup", Time since last: 1000497627 ns, Reaching safepoint: 18355 ns, Cleanup: 17042 ns, At safepoint: 6081 ns, Total: 41478 ns
[2024-03-07T16:55:28.546+0000][1][safepoint   ] Safepoint "Cleanup", Time since last: 1000159466 ns, Reaching safepoint: 16351 ns, Cleanup: 12954 ns, At safepoint: 5581 ns, Total: 34886 ns
[2024-03-07T16:55:29.546+0000][1][safepoint   ] Safepoint "Cleanup", Time since last: 1000147933 ns, Reaching safepoint: 17482 ns, Cleanup: 31109 ns, At safepoint: 6392 ns, Total: 54983 ns
[2024-03-07T16:55:30.546+0000][1][safepoint   ] Safepoint "Cleanup", Time since last: 1000538755 ns, Reaching safepoint: 17894 ns, Cleanup: 17202 ns, At safepoint: 6382 ns, Total: 41478 ns
[2024-03-07T16:55:31.547+0000][1][safepoint   ] Safepoint "Cleanup", Time since last: 1000142593 ns, Reaching safepoint: 23394 ns, Cleanup: 25788 ns, At safepoint: 8146 ns, Total: 57328 ns
[2024-03-07T16:55:33.547+0000][1][safepoint   ] Safepoint "Cleanup", Time since last: 2000185608 ns, Reaching safepoint: 16581 ns, Cleanup: 13956 ns, At safepoint: 4118 ns, Total: 34655 ns
[2024-03-07T16:55:34.547+0000][1][safepoint   ] Safepoint "Cleanup", Time since last: 1000136501 ns, Reaching safepoint: 20669 ns, Cleanup: 26620 ns, At safepoint: 4609 ns, Total: 51898 ns
[2024-03-07T16:55:36.548+0000][1][safepoint   ] Safepoint "Cleanup", Time since last: 2000564281 ns, Reaching safepoint: 17243 ns, Cleanup: 15098 ns, At safepoint: 6723 ns, Total: 39064 ns
[2024-03-07T16:55:38.548+0000][1][safepoint   ] Safepoint "Cleanup", Time since last: 2000255236 ns, Reaching safepoint: 65142 ns, Cleanup: 45826 ns, At safepoint: 5931 ns, Total: 116899 ns
[2024-03-07T16:55:39.548+0000][1][safepoint   ] Safepoint "Cleanup", Time since last: 1000163552 ns, Reaching safepoint: 55825 ns, Cleanup: 16872 ns, At safepoint: 5650 ns, Total: 78347 ns
[2024-03-07T16:55:40.548+0000][1][safepoint   ] Safepoint "Cleanup", Time since last: 1000120973 ns, Reaching safepoint: 18034 ns, Cleanup: 28033 ns, At safepoint: 5791 ns, Total: 51858 ns
[2024-03-07T16:55:41.549+0000][1][safepoint   ] Safepoint "Cleanup", Time since last: 1000137203 ns, Reaching safepoint: 22061 ns, Cleanup: 17383 ns, At safepoint: 6192 ns, Total: 45636 ns
[2024-03-07T16:55:43.549+0000][1][safepoint   ] Safepoint "Cleanup", Time since last: 2000621927 ns, Reaching safepoint: 18324 ns, Cleanup: 34315 ns, At safepoint: 6331 ns, Total: 58970 ns
[2024-03-07T16:55:45.550+0000][1][safepoint   ] Safepoint "Cleanup", Time since last: 2000626916 ns, Reaching safepoint: 64962 ns, Cleanup: 14387 ns, At safepoint: 6642 ns, Total: 85991 ns
[2024-03-07T16:55:46.550+0000][1][safepoint   ] Safepoint "Cleanup", Time since last: 1000145006 ns, Reaching safepoint: 18104 ns, Cleanup: 19967 ns, At safepoint: 5851 ns, Total: 43922 ns
[2024-03-07T16:55:47.550+0000][1][safepoint   ] Safepoint "Cleanup", Time since last: 1000171970 ns, Reaching safepoint: 17373 ns, Cleanup: 19857 ns, At safepoint: 5460 ns, Total: 42690 ns
[2024-03-07T16:55:48.551+0000][1][safepoint   ] Safepoint "Cleanup", Time since last: 1000138735 ns, Reaching safepoint: 17624 ns, Cleanup: 36809 ns, At safepoint: 6281 ns, Total: 60714 ns
[2024-03-07T16:55:50.551+0000][1][safepoint   ] Safepoint "Cleanup", Time since last: 2000620836 ns, Reaching safepoint: 60022 ns, Cleanup: 14558 ns, At safepoint: 6362 ns, Total: 80942 ns
[2024-03-07T16:55:51.551+0000][1][safepoint   ] Safepoint "Cleanup", Time since last: 1000115632 ns, Reaching safepoint: 18154 ns, Cleanup: 27141 ns, At safepoint: 5450 ns, Total: 50745 ns
[2024-03-07T16:55:53.552+0000][1][safepoint   ] Safepoint "Cleanup", Time since last: 2000206486 ns, Reaching safepoint: 18264 ns, Cleanup: 48220 ns, At safepoint: 6573 ns, Total: 73057 ns
[2024-03-07T16:55:54.552+0000][1][safepoint   ] Safepoint "Cleanup", Time since last: 1000151599 ns, Reaching safepoint: 58900 ns, Cleanup: 14788 ns, At safepoint: 17763 ns, Total: 91451 ns
[2024-03-07T16:55:56.552+0000][1][safepoint   ] Safepoint "Cleanup", Time since last: 2000207821 ns, Reaching safepoint: 18063 ns, Cleanup: 20679 ns, At safepoint: 6122 ns, Total: 44864 ns
[2024-03-07T16:55:57.552+0000][1][safepoint   ] Safepoint "Cleanup", Time since last: 1000140199 ns, Reaching safepoint: 16652 ns, Cleanup: 19957 ns, At safepoint: 3597 ns, Total: 40206 ns
[2024-03-07T16:55:58.553+0000][1][safepoint   ] Safepoint "Cleanup", Time since last: 1000120511 ns, Reaching safepoint: 15069 ns, Cleanup: 30757 ns, At safepoint: 6072 ns, Total: 51898 ns
[2024-03-07T16:55:59.553+0000][1][safepoint   ] Safepoint "Cleanup", Time since last: 1000145597 ns, Reaching safepoint: 90380 ns, Cleanup: 16030 ns, At safepoint: 16541 ns, Total: 122951 ns
[2024-03-07T16:56:02.553+0000][1][safepoint   ] Safepoint "Cleanup", Time since last: 3000276244 ns, Reaching safepoint: 18484 ns, Cleanup: 20258 ns, At safepoint: 6322 ns, Total: 45064 ns
[2024-03-07T16:56:04.553+0000][1][safepoint   ] Safepoint "Cleanup", Time since last: 2000217598 ns, Reaching safepoint: 15740 ns, Cleanup: 24966 ns, At safepoint: 5340 ns, Total: 46046 ns
[2024-03-07T16:56:05.566+0000][1][safepoint   ] Safepoint "Cleanup", Time since last: 1012538976 ns, Reaching safepoint: 17993 ns, Cleanup: 17643 ns, At safepoint: 6072 ns, Total: 41708 ns
[2024-03-07T16:56:07.566+0000][1][safepoint   ] Safepoint "Cleanup", Time since last: 2000270609 ns, Reaching safepoint: 18184 ns, Cleanup: 17142 ns, At safepoint: 6232 ns, Total: 41558 ns
[2024-03-07T16:56:07.990+0000][1][gc,heap,exit] Heap
[2024-03-07T16:56:07.990+0000][1][gc,heap,exit]  garbage-first heap   total 1048576K, used 311910K [0x00000000c0000000, 0x0000000100000000)
[2024-03-07T16:56:07.990+0000][1][gc,heap,exit]   region size 1024K, 285 young (291840K), 12 survivors (12288K)
[2024-03-07T16:56:07.990+0000][1][gc,heap,exit]  Metaspace       used 85735K, committed 87232K, reserved 1179648K
[2024-03-07T16:56:07.990+0000][1][gc,heap,exit]   class space    used 11361K, committed 12032K, reserved 1048576K
