[2024-03-07T03:56:16.737+0000][1][gc,init] CardTable entry size: 512
[2024-03-07T03:56:16.737+0000][1][gc     ] Using G1
[2024-03-07T03:56:16.749+0000][1][gc,init] Version: 21.0.2+13-LTS (release)
[2024-03-07T03:56:16.749+0000][1][gc,init] CPUs: 12 total, 12 available
[2024-03-07T03:56:16.749+0000][1][gc,init] Memory: 7867M
[2024-03-07T03:56:16.749+0000][1][gc,init] Large Page Support: Disabled
[2024-03-07T03:56:16.749+0000][1][gc,init] NUMA Support: Disabled
[2024-03-07T03:56:16.749+0000][1][gc,init] Compressed Oops: Enabled (32-bit)
[2024-03-07T03:56:16.749+0000][1][gc,init] Heap Region Size: 1M
[2024-03-07T03:56:16.749+0000][1][gc,init] Heap Min Capacity: 1G
[2024-03-07T03:56:16.749+0000][1][gc,init] Heap Initial Capacity: 1G
[2024-03-07T03:56:16.749+0000][1][gc,init] Heap Max Capacity: 1G
[2024-03-07T03:56:16.749+0000][1][gc,init] Pre-touch: Disabled
[2024-03-07T03:56:16.749+0000][1][gc,init] Parallel Workers: 10
[2024-03-07T03:56:16.749+0000][1][gc,init] Concurrent Workers: 3
[2024-03-07T03:56:16.749+0000][1][gc,init] Concurrent Refinement Workers: 10
[2024-03-07T03:56:16.749+0000][1][gc,init] Periodic GC: Disabled
[2024-03-07T03:56:16.749+0000][1][gc,metaspace] CDS archive(s) not mapped
[2024-03-07T03:56:16.749+0000][1][gc,metaspace] Compressed class space mapped at: 0x0000000100000000-0x0000000140000000, reserved size: 1073741824
[2024-03-07T03:56:16.749+0000][1][gc,metaspace] Narrow klass base: 0x0000000000000000, Narrow klass shift: 3, Narrow klass range: 0x140000000
[2024-03-07T03:56:17.564+0000][1][safepoint   ] Safepoint "ICBufferFull", Time since last: 798008585 ns, Reaching safepoint: 8556 ns, Cleanup: 153218 ns, At safepoint: 2404 ns, Total: 164178 ns
[2024-03-07T03:56:17.767+0000][1][gc,start    ] GC(0) Pause Young (Concurrent Start) (Metadata GC Threshold)
[2024-03-07T03:56:17.769+0000][1][gc,task     ] GC(0) Using 10 workers of 10 for evacuation
[2024-03-07T03:56:17.769+0000][1][gc,age      ] GC(0) Desired survivor size 3670016 bytes, new threshold 15 (max threshold 15)
[2024-03-07T03:56:17.785+0000][1][gc,phases   ] GC(0)   Pre Evacuate Collection Set: 0.3ms
[2024-03-07T03:56:17.785+0000][1][gc,phases   ] GC(0)   Merge Heap Roots: 0.1ms
[2024-03-07T03:56:17.785+0000][1][gc,phases   ] GC(0)   Evacuate Collection Set: 14.1ms
[2024-03-07T03:56:17.785+0000][1][gc,phases   ] GC(0)   Post Evacuate Collection Set: 0.8ms
[2024-03-07T03:56:17.785+0000][1][gc,phases   ] GC(0)   Other: 2.7ms
[2024-03-07T03:56:17.785+0000][1][gc,age      ] GC(0) Age table with threshold 15 (max threshold 15)
[2024-03-07T03:56:17.785+0000][1][gc,age      ] GC(0) - age   1:    6838232 bytes,    6838232 total
[2024-03-07T03:56:17.785+0000][1][gc,heap     ] GC(0) Eden regions: 40->0(44)
[2024-03-07T03:56:17.785+0000][1][gc,heap     ] GC(0) Survivor regions: 0->7(7)
[2024-03-07T03:56:17.785+0000][1][gc,heap     ] GC(0) Old regions: 0->1
[2024-03-07T03:56:17.785+0000][1][gc,heap     ] GC(0) Humongous regions: 3->3
[2024-03-07T03:56:17.785+0000][1][gc,metaspace] GC(0) Metaspace: 21228K(21504K)->21228K(21504K) NonClass: 18980K(19136K)->18980K(19136K) Class: 2248K(2368K)->2248K(2368K)
[2024-03-07T03:56:17.785+0000][1][gc          ] GC(0) Pause Young (Concurrent Start) (Metadata GC Threshold) 42M->10M(1024M) 18.278ms
[2024-03-07T03:56:17.785+0000][1][gc,cpu      ] GC(0) User=0.02s Sys=0.04s Real=0.02s
[2024-03-07T03:56:17.785+0000][1][safepoint   ] Safepoint "CollectForMetadataAllocation", Time since last: 202649645 ns, Reaching safepoint: 6793 ns, Cleanup: 53160 ns, At safepoint: 18377761 ns, Total: 18437714 ns
[2024-03-07T03:56:17.785+0000][1][gc          ] GC(1) Concurrent Mark Cycle
[2024-03-07T03:56:17.785+0000][1][gc,marking  ] GC(1) Concurrent Scan Root Regions
[2024-03-07T03:56:17.788+0000][1][gc,marking  ] GC(1) Concurrent Scan Root Regions 3.078ms
[2024-03-07T03:56:17.788+0000][1][gc,marking  ] GC(1) Concurrent Mark
[2024-03-07T03:56:17.788+0000][1][gc,marking  ] GC(1) Concurrent Mark From Roots
[2024-03-07T03:56:17.788+0000][1][gc,task     ] GC(1) Using 3 workers of 3 for marking
[2024-03-07T03:56:17.789+0000][1][gc,marking  ] GC(1) Concurrent Mark From Roots 0.448ms
[2024-03-07T03:56:17.789+0000][1][gc,marking  ] GC(1) Concurrent Preclean
[2024-03-07T03:56:17.789+0000][1][gc,marking  ] GC(1) Concurrent Preclean 0.015ms
[2024-03-07T03:56:17.789+0000][1][gc,start    ] GC(1) Pause Remark
[2024-03-07T03:56:17.791+0000][1][gc          ] GC(1) Pause Remark 11M->11M(1024M) 1.563ms
[2024-03-07T03:56:17.791+0000][1][gc,cpu      ] GC(1) User=0.01s Sys=0.00s Real=0.00s
[2024-03-07T03:56:17.791+0000][1][safepoint   ] Safepoint "G1PauseRemark", Time since last: 3751398 ns, Reaching safepoint: 270959 ns, Cleanup: 2444 ns, At safepoint: 1630420 ns, Total: 1903823 ns
[2024-03-07T03:56:17.791+0000][1][gc,marking  ] GC(1) Concurrent Mark 2.512ms
[2024-03-07T03:56:17.791+0000][1][gc,marking  ] GC(1) Concurrent Rebuild Remembered Sets and Scrub Regions
[2024-03-07T03:56:17.792+0000][1][gc,marking  ] GC(1) Concurrent Rebuild Remembered Sets and Scrub Regions 0.906ms
[2024-03-07T03:56:17.792+0000][1][gc,start    ] GC(1) Pause Cleanup
[2024-03-07T03:56:17.792+0000][1][gc          ] GC(1) Pause Cleanup 11M->11M(1024M) 0.197ms
[2024-03-07T03:56:17.792+0000][1][gc,cpu      ] GC(1) User=0.00s Sys=0.00s Real=0.00s
[2024-03-07T03:56:17.792+0000][1][safepoint   ] Safepoint "G1PauseCleanup", Time since last: 1000807 ns, Reaching safepoint: 76344 ns, Cleanup: 4688 ns, At safepoint: 238087 ns, Total: 319119 ns
[2024-03-07T03:56:17.792+0000][1][gc,marking  ] GC(1) Concurrent Clear Claimed Marks
[2024-03-07T03:56:17.792+0000][1][gc,marking  ] GC(1) Concurrent Clear Claimed Marks 0.024ms
[2024-03-07T03:56:17.792+0000][1][gc,marking  ] GC(1) Concurrent Cleanup for Next Mark
[2024-03-07T03:56:17.802+0000][1][gc,marking  ] GC(1) Concurrent Cleanup for Next Mark 10.291ms
[2024-03-07T03:56:17.802+0000][1][gc          ] GC(1) Concurrent Mark Cycle 17.389ms
[2024-03-07T03:56:18.405+0000][1][gc,start    ] GC(2) Pause Young (Normal) (G1 Evacuation Pause)
[2024-03-07T03:56:18.406+0000][1][gc,task     ] GC(2) Using 10 workers of 10 for evacuation
[2024-03-07T03:56:18.406+0000][1][gc,age      ] GC(2) Desired survivor size 3670016 bytes, new threshold 1 (max threshold 15)
[2024-03-07T03:56:18.440+0000][1][gc,phases   ] GC(2)   Pre Evacuate Collection Set: 0.6ms
[2024-03-07T03:56:18.440+0000][1][gc,phases   ] GC(2)   Merge Heap Roots: 0.1ms
[2024-03-07T03:56:18.440+0000][1][gc,phases   ] GC(2)   Evacuate Collection Set: 30.4ms
[2024-03-07T03:56:18.440+0000][1][gc,phases   ] GC(2)   Post Evacuate Collection Set: 2.7ms
[2024-03-07T03:56:18.440+0000][1][gc,phases   ] GC(2)   Other: 0.1ms
[2024-03-07T03:56:18.440+0000][1][gc,age      ] GC(2) Age table with threshold 1 (max threshold 15)
[2024-03-07T03:56:18.440+0000][1][gc,age      ] GC(2) - age   1:    1254160 bytes,    1254160 total
[2024-03-07T03:56:18.440+0000][1][gc,heap     ] GC(2) Eden regions: 44->0(65)
[2024-03-07T03:56:18.440+0000][1][gc,heap     ] GC(2) Survivor regions: 7->2(7)
[2024-03-07T03:56:18.440+0000][1][gc,heap     ] GC(2) Old regions: 1->8
[2024-03-07T03:56:18.440+0000][1][gc,heap     ] GC(2) Humongous regions: 3->3
[2024-03-07T03:56:18.440+0000][1][gc,metaspace] GC(2) Metaspace: 29356K(29696K)->29356K(29696K) NonClass: 26174K(26368K)->26174K(26368K) Class: 3181K(3328K)->3181K(3328K)
[2024-03-07T03:56:18.440+0000][1][gc          ] GC(2) Pause Young (Normal) (G1 Evacuation Pause) 54M->11M(1024M) 34.472ms
[2024-03-07T03:56:18.440+0000][1][gc,cpu      ] GC(2) User=0.07s Sys=0.01s Real=0.03s
[2024-03-07T03:56:18.440+0000][1][safepoint   ] Safepoint "G1CollectForAllocation", Time since last: 613330290 ns, Reaching safepoint: 10229 ns, Cleanup: 146946 ns, At safepoint: 34556107 ns, Total: 34713282 ns
[2024-03-07T03:56:18.973+0000][1][gc,start    ] GC(3) Pause Young (Normal) (G1 Evacuation Pause)
[2024-03-07T03:56:18.973+0000][1][gc,task     ] GC(3) Using 10 workers of 10 for evacuation
[2024-03-07T03:56:18.973+0000][1][gc,age      ] GC(3) Desired survivor size 4718592 bytes, new threshold 15 (max threshold 15)
[2024-03-07T03:56:19.006+0000][1][gc,phases   ] GC(3)   Pre Evacuate Collection Set: 2.2ms
[2024-03-07T03:56:19.006+0000][1][gc,phases   ] GC(3)   Merge Heap Roots: 0.1ms
[2024-03-07T03:56:19.006+0000][1][gc,phases   ] GC(3)   Evacuate Collection Set: 29.0ms
[2024-03-07T03:56:19.006+0000][1][gc,phases   ] GC(3)   Post Evacuate Collection Set: 1.5ms
[2024-03-07T03:56:19.006+0000][1][gc,phases   ] GC(3)   Other: 0.2ms
[2024-03-07T03:56:19.006+0000][1][gc,age      ] GC(3) Age table with threshold 15 (max threshold 15)
[2024-03-07T03:56:19.006+0000][1][gc,age      ] GC(3) - age   1:    2947920 bytes,    2947920 total
[2024-03-07T03:56:19.006+0000][1][gc,age      ] GC(3) - age   2:    1219392 bytes,    4167312 total
[2024-03-07T03:56:19.006+0000][1][gc,heap     ] GC(3) Eden regions: 65->0(444)
[2024-03-07T03:56:19.006+0000][1][gc,heap     ] GC(3) Survivor regions: 2->5(9)
[2024-03-07T03:56:19.006+0000][1][gc,heap     ] GC(3) Old regions: 8->8
[2024-03-07T03:56:19.006+0000][1][gc,heap     ] GC(3) Humongous regions: 3->3
[2024-03-07T03:56:19.006+0000][1][gc,metaspace] GC(3) Metaspace: 32585K(32960K)->32585K(32960K) NonClass: 28960K(29184K)->28960K(29184K) Class: 3624K(3776K)->3624K(3776K)
[2024-03-07T03:56:19.006+0000][1][gc          ] GC(3) Pause Young (Normal) (G1 Evacuation Pause) 76M->14M(1024M) 33.648ms
[2024-03-07T03:56:19.006+0000][1][gc,cpu      ] GC(3) User=0.06s Sys=0.02s Real=0.04s
[2024-03-07T03:56:19.007+0000][1][safepoint   ] Safepoint "G1CollectForAllocation", Time since last: 532570223 ns, Reaching safepoint: 11131 ns, Cleanup: 163316 ns, At safepoint: 33827279 ns, Total: 34001726 ns
[2024-03-07T03:56:19.712+0000][1][gc,start    ] GC(4) Pause Young (Concurrent Start) (Metadata GC Threshold)
[2024-03-07T03:56:19.712+0000][1][gc,task     ] GC(4) Using 10 workers of 10 for evacuation
[2024-03-07T03:56:19.712+0000][1][gc,age      ] GC(4) Desired survivor size 29884416 bytes, new threshold 15 (max threshold 15)
[2024-03-07T03:56:19.737+0000][1][gc,phases   ] GC(4)   Pre Evacuate Collection Set: 1.3ms
[2024-03-07T03:56:19.737+0000][1][gc,phases   ] GC(4)   Merge Heap Roots: 0.1ms
[2024-03-07T03:56:19.738+0000][1][gc,phases   ] GC(4)   Evacuate Collection Set: 19.9ms
[2024-03-07T03:56:19.738+0000][1][gc,phases   ] GC(4)   Post Evacuate Collection Set: 4.3ms
[2024-03-07T03:56:19.738+0000][1][gc,phases   ] GC(4)   Other: 0.2ms
[2024-03-07T03:56:19.738+0000][1][gc,age      ] GC(4) Age table with threshold 15 (max threshold 15)
[2024-03-07T03:56:19.738+0000][1][gc,age      ] GC(4) - age   1:    1677816 bytes,    1677816 total
[2024-03-07T03:56:19.738+0000][1][gc,age      ] GC(4) - age   2:     957144 bytes,    2634960 total
[2024-03-07T03:56:19.738+0000][1][gc,age      ] GC(4) - age   3:    1206632 bytes,    3841592 total
[2024-03-07T03:56:19.738+0000][1][gc,heap     ] GC(4) Eden regions: 111->0(610)
[2024-03-07T03:56:19.738+0000][1][gc,heap     ] GC(4) Survivor regions: 5->4(57)
[2024-03-07T03:56:19.738+0000][1][gc,heap     ] GC(4) Old regions: 8->8
[2024-03-07T03:56:19.738+0000][1][gc,heap     ] GC(4) Humongous regions: 3->3
[2024-03-07T03:56:19.738+0000][1][gc,metaspace] GC(4) Metaspace: 35602K(35968K)->35602K(35968K) NonClass: 31610K(31808K)->31610K(31808K) Class: 3991K(4160K)->3991K(4160K)
[2024-03-07T03:56:19.738+0000][1][gc          ] GC(4) Pause Young (Concurrent Start) (Metadata GC Threshold) 125M->14M(1024M) 26.122ms
[2024-03-07T03:56:19.738+0000][1][gc,cpu      ] GC(4) User=0.05s Sys=0.02s Real=0.03s
[2024-03-07T03:56:19.738+0000][1][safepoint   ] Safepoint "CollectForMetadataAllocation", Time since last: 704841520 ns, Reaching safepoint: 18384 ns, Cleanup: 139712 ns, At safepoint: 26266022 ns, Total: 26424118 ns
[2024-03-07T03:56:19.738+0000][1][gc          ] GC(5) Concurrent Mark Cycle
[2024-03-07T03:56:19.738+0000][1][gc,marking  ] GC(5) Concurrent Scan Root Regions
[2024-03-07T03:56:19.741+0000][1][gc,marking  ] GC(5) Concurrent Scan Root Regions 3.001ms
[2024-03-07T03:56:19.741+0000][1][gc,marking  ] GC(5) Concurrent Mark
[2024-03-07T03:56:19.741+0000][1][gc,marking  ] GC(5) Concurrent Mark From Roots
[2024-03-07T03:56:19.741+0000][1][gc,task     ] GC(5) Using 3 workers of 3 for marking
[2024-03-07T03:56:19.750+0000][1][gc,marking  ] GC(5) Concurrent Mark From Roots 8.588ms
[2024-03-07T03:56:19.750+0000][1][gc,marking  ] GC(5) Concurrent Preclean
[2024-03-07T03:56:19.750+0000][1][gc,marking  ] GC(5) Concurrent Preclean 0.071ms
[2024-03-07T03:56:19.750+0000][1][gc,start    ] GC(5) Pause Remark
[2024-03-07T03:56:19.759+0000][1][gc          ] GC(5) Pause Remark 15M->15M(1024M) 9.335ms
[2024-03-07T03:56:19.760+0000][1][gc,cpu      ] GC(5) User=0.02s Sys=0.01s Real=0.01s
[2024-03-07T03:56:19.760+0000][1][safepoint   ] Safepoint "G1PauseRemark", Time since last: 12002911 ns, Reaching safepoint: 345478 ns, Cleanup: 13886 ns, At safepoint: 9551221 ns, Total: 9910585 ns
[2024-03-07T03:56:19.760+0000][1][gc,marking  ] GC(5) Concurrent Mark 18.811ms
[2024-03-07T03:56:19.760+0000][1][gc,marking  ] GC(5) Concurrent Rebuild Remembered Sets and Scrub Regions
[2024-03-07T03:56:19.763+0000][1][gc,marking  ] GC(5) Concurrent Rebuild Remembered Sets and Scrub Regions 3.578ms
[2024-03-07T03:56:19.773+0000][1][gc,start    ] GC(5) Pause Cleanup
[2024-03-07T03:56:19.775+0000][1][gc          ] GC(5) Pause Cleanup 15M->15M(1024M) 1.800ms
[2024-03-07T03:56:19.775+0000][1][gc,cpu      ] GC(5) User=0.00s Sys=0.00s Real=0.00s
[2024-03-07T03:56:19.775+0000][1][safepoint   ] Safepoint "G1PauseCleanup", Time since last: 3740107 ns, Reaching safepoint: 9538818 ns, Cleanup: 13145 ns, At safepoint: 1900826 ns, Total: 11452789 ns
[2024-03-07T03:56:19.775+0000][1][gc,marking  ] GC(5) Concurrent Clear Claimed Marks
[2024-03-07T03:56:19.775+0000][1][gc,marking  ] GC(5) Concurrent Clear Claimed Marks 0.056ms
[2024-03-07T03:56:19.775+0000][1][gc,marking  ] GC(5) Concurrent Cleanup for Next Mark
[2024-03-07T03:56:19.781+0000][1][gc,marking  ] GC(5) Concurrent Cleanup for Next Mark 5.922ms
[2024-03-07T03:56:19.781+0000][1][gc          ] GC(5) Concurrent Mark Cycle 43.173ms
[2024-03-07T03:56:20.392+0000][1][safepoint   ] Safepoint "ICBufferFull", Time since last: 616880020 ns, Reaching safepoint: 6132 ns, Cleanup: 129653 ns, At safepoint: 4438 ns, Total: 140223 ns
[2024-03-07T03:56:21.099+0000][1][safepoint   ] Safepoint "ICBufferFull", Time since last: 707437170 ns, Reaching safepoint: 7314 ns, Cleanup: 148238 ns, At safepoint: 4849 ns, Total: 160401 ns
[2024-03-07T03:56:21.951+0000][1][gc,start    ] GC(6) Pause Young (Prepare Mixed) (Metadata GC Threshold)
[2024-03-07T03:56:21.951+0000][1][gc,task     ] GC(6) Using 10 workers of 10 for evacuation
[2024-03-07T03:56:21.951+0000][1][gc,age      ] GC(6) Desired survivor size 40370176 bytes, new threshold 15 (max threshold 15)
[2024-03-07T03:56:21.968+0000][1][gc,phases   ] GC(6)   Pre Evacuate Collection Set: 0.3ms
[2024-03-07T03:56:21.968+0000][1][gc,phases   ] GC(6)   Merge Heap Roots: 0.1ms
[2024-03-07T03:56:21.968+0000][1][gc,phases   ] GC(6)   Evacuate Collection Set: 14.2ms
[2024-03-07T03:56:21.968+0000][1][gc,phases   ] GC(6)   Post Evacuate Collection Set: 2.3ms
[2024-03-07T03:56:21.968+0000][1][gc,phases   ] GC(6)   Other: 0.1ms
[2024-03-07T03:56:21.968+0000][1][gc,age      ] GC(6) Age table with threshold 15 (max threshold 15)
[2024-03-07T03:56:21.968+0000][1][gc,age      ] GC(6) - age   1:    6911520 bytes,    6911520 total
[2024-03-07T03:56:21.968+0000][1][gc,age      ] GC(6) - age   2:    1202528 bytes,    8114048 total
[2024-03-07T03:56:21.968+0000][1][gc,age      ] GC(6) - age   3:     905488 bytes,    9019536 total
[2024-03-07T03:56:21.968+0000][1][gc,age      ] GC(6) - age   4:    1162312 bytes,   10181848 total
[2024-03-07T03:56:21.968+0000][1][gc,heap     ] GC(6) Eden regions: 90->0(598)
[2024-03-07T03:56:21.968+0000][1][gc,heap     ] GC(6) Survivor regions: 4->11(77)
[2024-03-07T03:56:21.968+0000][1][gc,heap     ] GC(6) Old regions: 8->8
[2024-03-07T03:56:21.968+0000][1][gc,heap     ] GC(6) Humongous regions: 3->3
[2024-03-07T03:56:21.968+0000][1][gc,metaspace] GC(6) Metaspace: 59584K(60160K)->59584K(60160K) NonClass: 52099K(52416K)->52099K(52416K) Class: 7484K(7744K)->7484K(7744K)
[2024-03-07T03:56:21.968+0000][1][gc          ] GC(6) Pause Young (Prepare Mixed) (Metadata GC Threshold) 103M->21M(1024M) 17.375ms
[2024-03-07T03:56:21.968+0000][1][gc,cpu      ] GC(6) User=0.06s Sys=0.01s Real=0.02s
[2024-03-07T03:56:21.968+0000][1][safepoint   ] Safepoint "CollectForMetadataAllocation", Time since last: 851065485 ns, Reaching safepoint: 9698 ns, Cleanup: 170700 ns, At safepoint: 17529861 ns, Total: 17710259 ns
[2024-03-07T03:56:22.091+0000][1][gc,start    ] GC(7) Pause Young (Mixed) (Metadata GC Threshold)
[2024-03-07T03:56:22.092+0000][1][gc,task     ] GC(7) Using 10 workers of 10 for evacuation
[2024-03-07T03:56:22.092+0000][1][gc,age      ] GC(7) Desired survivor size 40370176 bytes, new threshold 15 (max threshold 15)
[2024-03-07T03:56:22.111+0000][1][gc,phases   ] GC(7)   Pre Evacuate Collection Set: 0.3ms
[2024-03-07T03:56:22.111+0000][1][gc,phases   ] GC(7)   Merge Heap Roots: 0.1ms
[2024-03-07T03:56:22.111+0000][1][gc,phases   ] GC(7)   Evacuate Collection Set: 17.5ms
[2024-03-07T03:56:22.111+0000][1][gc,phases   ] GC(7)   Post Evacuate Collection Set: 1.4ms
[2024-03-07T03:56:22.111+0000][1][gc,phases   ] GC(7)   Other: 0.1ms
[2024-03-07T03:56:22.111+0000][1][gc,age      ] GC(7) Age table with threshold 15 (max threshold 15)
[2024-03-07T03:56:22.111+0000][1][gc,age      ] GC(7) - age   1:    1101856 bytes,    1101856 total
[2024-03-07T03:56:22.111+0000][1][gc,age      ] GC(7) - age   2:    6731776 bytes,    7833632 total
[2024-03-07T03:56:22.111+0000][1][gc,age      ] GC(7) - age   3:    1202432 bytes,    9036064 total
[2024-03-07T03:56:22.111+0000][1][gc,age      ] GC(7) - age   4:     905488 bytes,    9941552 total
[2024-03-07T03:56:22.111+0000][1][gc,age      ] GC(7) - age   5:    1162280 bytes,   11103832 total
[2024-03-07T03:56:22.111+0000][1][gc,heap     ] GC(7) Eden regions: 4->0(573)
[2024-03-07T03:56:22.111+0000][1][gc,heap     ] GC(7) Survivor regions: 11->12(77)
[2024-03-07T03:56:22.111+0000][1][gc,heap     ] GC(7) Old regions: 8->8
[2024-03-07T03:56:22.111+0000][1][gc,heap     ] GC(7) Humongous regions: 3->3
[2024-03-07T03:56:22.111+0000][1][gc,metaspace] GC(7) Metaspace: 59910K(60480K)->59910K(60480K) NonClass: 52421K(52736K)->52421K(52736K) Class: 7489K(7744K)->7489K(7744K)
[2024-03-07T03:56:22.111+0000][1][gc          ] GC(7) Pause Young (Mixed) (Metadata GC Threshold) 24M->22M(1024M) 19.861ms
[2024-03-07T03:56:22.111+0000][1][gc,cpu      ] GC(7) User=0.07s Sys=0.00s Real=0.02s
[2024-03-07T03:56:22.111+0000][1][safepoint   ] Safepoint "CollectForMetadataAllocation", Time since last: 123148519 ns, Reaching safepoint: 13806 ns, Cleanup: 18876 ns, At safepoint: 19988914 ns, Total: 20021596 ns
[2024-03-07T03:56:22.176+0000][1][gc,start    ] GC(8) Pause Young (Concurrent Start) (Metadata GC Threshold)
[2024-03-07T03:56:22.176+0000][1][gc,task     ] GC(8) Using 10 workers of 10 for evacuation
[2024-03-07T03:56:22.176+0000][1][gc,age      ] GC(8) Desired survivor size 38797312 bytes, new threshold 15 (max threshold 15)
[2024-03-07T03:56:22.200+0000][1][gc,phases   ] GC(8)   Pre Evacuate Collection Set: 0.5ms
[2024-03-07T03:56:22.200+0000][1][gc,phases   ] GC(8)   Merge Heap Roots: 0.1ms
[2024-03-07T03:56:22.200+0000][1][gc,phases   ] GC(8)   Evacuate Collection Set: 16.4ms
[2024-03-07T03:56:22.200+0000][1][gc,phases   ] GC(8)   Post Evacuate Collection Set: 6.7ms
[2024-03-07T03:56:22.200+0000][1][gc,phases   ] GC(8)   Other: 0.2ms
[2024-03-07T03:56:22.200+0000][1][gc,age      ] GC(8) Age table with threshold 15 (max threshold 15)
[2024-03-07T03:56:22.200+0000][1][gc,age      ] GC(8) - age   1:     490120 bytes,     490120 total
[2024-03-07T03:56:22.200+0000][1][gc,age      ] GC(8) - age   2:     968192 bytes,    1458312 total
[2024-03-07T03:56:22.200+0000][1][gc,age      ] GC(8) - age   3:    6731744 bytes,    8190056 total
[2024-03-07T03:56:22.200+0000][1][gc,age      ] GC(8) - age   4:    1202432 bytes,    9392488 total
[2024-03-07T03:56:22.200+0000][1][gc,age      ] GC(8) - age   5:     905488 bytes,   10297976 total
[2024-03-07T03:56:22.200+0000][1][gc,age      ] GC(8) - age   6:    1162280 bytes,   11460256 total
[2024-03-07T03:56:22.200+0000][1][gc,heap     ] GC(8) Eden regions: 3->0(602)
[2024-03-07T03:56:22.200+0000][1][gc,heap     ] GC(8) Survivor regions: 12->12(74)
[2024-03-07T03:56:22.200+0000][1][gc,heap     ] GC(8) Old regions: 8->8
[2024-03-07T03:56:22.200+0000][1][gc,heap     ] GC(8) Humongous regions: 3->3
[2024-03-07T03:56:22.200+0000][1][gc,metaspace] GC(8) Metaspace: 60197K(60800K)->60197K(60800K) NonClass: 52685K(52992K)->52685K(52992K) Class: 7511K(7808K)->7511K(7808K)
[2024-03-07T03:56:22.200+0000][1][gc          ] GC(8) Pause Young (Concurrent Start) (Metadata GC Threshold) 24M->22M(1024M) 24.305ms
[2024-03-07T03:56:22.200+0000][1][gc,cpu      ] GC(8) User=0.04s Sys=0.01s Real=0.02s
[2024-03-07T03:56:22.200+0000][1][safepoint   ] Safepoint "CollectForMetadataAllocation", Time since last: 64561915 ns, Reaching safepoint: 7123 ns, Cleanup: 36118 ns, At safepoint: 24433564 ns, Total: 24476805 ns
[2024-03-07T03:56:22.203+0000][1][gc          ] GC(9) Concurrent Mark Cycle
[2024-03-07T03:56:22.203+0000][1][gc,marking  ] GC(9) Concurrent Scan Root Regions
[2024-03-07T03:56:22.208+0000][1][gc,marking  ] GC(9) Concurrent Scan Root Regions 5.240ms
[2024-03-07T03:56:22.208+0000][1][gc,marking  ] GC(9) Concurrent Mark
[2024-03-07T03:56:22.208+0000][1][gc,marking  ] GC(9) Concurrent Mark From Roots
[2024-03-07T03:56:22.208+0000][1][gc,task     ] GC(9) Using 3 workers of 3 for marking
[2024-03-07T03:56:22.212+0000][1][gc,marking  ] GC(9) Concurrent Mark From Roots 3.297ms
[2024-03-07T03:56:22.212+0000][1][gc,marking  ] GC(9) Concurrent Preclean
[2024-03-07T03:56:22.212+0000][1][gc,marking  ] GC(9) Concurrent Preclean 0.058ms
[2024-03-07T03:56:22.212+0000][1][gc,start    ] GC(9) Pause Remark
[2024-03-07T03:56:22.215+0000][1][gc          ] GC(9) Pause Remark 22M->22M(1024M) 2.938ms
[2024-03-07T03:56:22.215+0000][1][gc,cpu      ] GC(9) User=0.02s Sys=0.00s Real=0.01s
[2024-03-07T03:56:22.215+0000][1][safepoint   ] Safepoint "G1PauseRemark", Time since last: 11450825 ns, Reaching safepoint: 9328 ns, Cleanup: 5550 ns, At safepoint: 3017432 ns, Total: 3032310 ns
[2024-03-07T03:56:22.215+0000][1][gc,marking  ] GC(9) Concurrent Mark 6.660ms
[2024-03-07T03:56:22.215+0000][1][gc,marking  ] GC(9) Concurrent Rebuild Remembered Sets and Scrub Regions
[2024-03-07T03:56:22.217+0000][1][gc,marking  ] GC(9) Concurrent Rebuild Remembered Sets and Scrub Regions 1.558ms
[2024-03-07T03:56:22.217+0000][1][gc,start    ] GC(9) Pause Cleanup
[2024-03-07T03:56:22.217+0000][1][gc          ] GC(9) Pause Cleanup 22M->22M(1024M) 0.177ms
[2024-03-07T03:56:22.217+0000][1][gc,cpu      ] GC(9) User=0.00s Sys=0.00s Real=0.00s
[2024-03-07T03:56:22.217+0000][1][safepoint   ] Safepoint "G1PauseCleanup", Time since last: 1687736 ns, Reaching safepoint: 71855 ns, Cleanup: 2605 ns, At safepoint: 208882 ns, Total: 283342 ns
[2024-03-07T03:56:22.217+0000][1][gc,marking  ] GC(9) Concurrent Clear Claimed Marks
[2024-03-07T03:56:22.217+0000][1][gc,marking  ] GC(9) Concurrent Clear Claimed Marks 0.047ms
[2024-03-07T03:56:22.217+0000][1][gc,marking  ] GC(9) Concurrent Cleanup for Next Mark
[2024-03-07T03:56:22.220+0000][1][gc,marking  ] GC(9) Concurrent Cleanup for Next Mark 2.734ms
[2024-03-07T03:56:22.220+0000][1][gc          ] GC(9) Concurrent Mark Cycle 16.914ms
[2024-03-07T03:56:22.727+0000][1][safepoint   ] Safepoint "ICBufferFull", Time since last: 510210851 ns, Reaching safepoint: 8997 ns, Cleanup: 168696 ns, At safepoint: 8947 ns, Total: 186640 ns
[2024-03-07T03:56:23.632+0000][1][safepoint   ] Safepoint "ICBufferFull", Time since last: 904564393 ns, Reaching safepoint: 12653 ns, Cleanup: 199725 ns, At safepoint: 11081 ns, Total: 223459 ns
[2024-03-07T03:56:23.634+0000][1][safepoint   ] Safepoint "ICBufferFull", Time since last: 71504 ns, Reaching safepoint: 76223 ns, Cleanup: 842 ns, At safepoint: 1890407 ns, Total: 1967472 ns
[2024-03-07T03:56:24.342+0000][1][safepoint   ] Safepoint "ICBufferFull", Time since last: 707652594 ns, Reaching safepoint: 12994 ns, Cleanup: 149070 ns, At safepoint: 3186 ns, Total: 165250 ns
[2024-03-07T03:56:24.342+0000][1][safepoint   ] Safepoint "ICBufferFull", Time since last: 67606 ns, Reaching safepoint: 72797 ns, Cleanup: 3757 ns, At safepoint: 3667 ns, Total: 80221 ns
[2024-03-07T03:56:24.342+0000][1][safepoint   ] Safepoint "ICBufferFull", Time since last: 62307 ns, Reaching safepoint: 71805 ns, Cleanup: 1262 ns, At safepoint: 3587 ns, Total: 76654 ns
[2024-03-07T03:56:24.801+0000][1][safepoint   ] Safepoint "ICBufferFull", Time since last: 458545212 ns, Reaching safepoint: 11542 ns, Cleanup: 119985 ns, At safepoint: 1743 ns, Total: 133270 ns
[2024-03-07T03:56:26.057+0000][1][safepoint   ] Safepoint "Cleanup", Time since last: 1255700808 ns, Reaching safepoint: 12293 ns, Cleanup: 113062 ns, At safepoint: 4749 ns, Total: 130104 ns
[2024-03-07T03:56:27.524+0000][1][safepoint   ] Safepoint "Cleanup", Time since last: 1467141316 ns, Reaching safepoint: 5661 ns, Cleanup: 12904 ns, At safepoint: 2976 ns, Total: 21541 ns
[2024-03-07T03:56:28.524+0000][1][safepoint   ] Safepoint "Cleanup", Time since last: 1000114991 ns, Reaching safepoint: 38171 ns, Cleanup: 39124 ns, At safepoint: 3817 ns, Total: 81112 ns
[2024-03-07T03:56:29.524+0000][1][safepoint   ] Safepoint "Cleanup", Time since last: 1000120581 ns, Reaching safepoint: 16321 ns, Cleanup: 24536 ns, At safepoint: 4238 ns, Total: 45095 ns
[2024-03-07T03:56:30.524+0000][1][safepoint   ] Safepoint "Cleanup", Time since last: 1000134187 ns, Reaching safepoint: 14918 ns, Cleanup: 14106 ns, At safepoint: 3948 ns, Total: 32972 ns
[2024-03-07T03:56:32.526+0000][1][safepoint   ] Safepoint "Cleanup", Time since last: 2001921325 ns, Reaching safepoint: 16071 ns, Cleanup: 13896 ns, At safepoint: 4799 ns, Total: 34766 ns
[2024-03-07T03:56:33.527+0000][1][safepoint   ] Safepoint "Cleanup", Time since last: 1000135900 ns, Reaching safepoint: 20468 ns, Cleanup: 32922 ns, At safepoint: 4599 ns, Total: 57989 ns
[2024-03-07T03:56:35.527+0000][1][safepoint   ] Safepoint "Cleanup", Time since last: 2000186279 ns, Reaching safepoint: 11481 ns, Cleanup: 21190 ns, At safepoint: 3086 ns, Total: 35757 ns
[2024-03-07T03:56:36.527+0000][1][safepoint   ] Safepoint "Cleanup", Time since last: 1000186826 ns, Reaching safepoint: 53791 ns, Cleanup: 17302 ns, At safepoint: 5290 ns, Total: 76383 ns
[2024-03-07T03:56:37.527+0000][1][safepoint   ] Safepoint "Cleanup", Time since last: 1000118468 ns, Reaching safepoint: 15479 ns, Cleanup: 13565 ns, At safepoint: 4368 ns, Total: 33412 ns
[2024-03-07T03:56:38.527+0000][1][safepoint   ] Safepoint "Cleanup", Time since last: 1000133155 ns, Reaching safepoint: 16051 ns, Cleanup: 14537 ns, At safepoint: 5270 ns, Total: 35858 ns
[2024-03-07T03:56:38.828+0000][1][gc,heap,exit] Heap
[2024-03-07T03:56:38.828+0000][1][gc,heap,exit]  garbage-first heap   total 1048576K, used 155566K [0x00000000c0000000, 0x0000000100000000)
[2024-03-07T03:56:38.828+0000][1][gc,heap,exit]   region size 1024K, 142 young (145408K), 12 survivors (12288K)
[2024-03-07T03:56:38.828+0000][1][gc,heap,exit]  Metaspace       used 80422K, committed 81856K, reserved 1179648K
[2024-03-07T03:56:38.828+0000][1][gc,heap,exit]   class space    used 10739K, committed 11392K, reserved 1048576K
