[2024-03-07T16:53:25.862+0000][1][gc,init] CardTable entry size: 512
[2024-03-07T16:53:25.862+0000][1][gc     ] Using G1
[2024-03-07T16:53:25.879+0000][1][gc,init] Version: 21.0.2+13-LTS (release)
[2024-03-07T16:53:25.879+0000][1][gc,init] CPUs: 12 total, 12 available
[2024-03-07T16:53:25.879+0000][1][gc,init] Memory: 7867M
[2024-03-07T16:53:25.879+0000][1][gc,init] Large Page Support: Disabled
[2024-03-07T16:53:25.879+0000][1][gc,init] NUMA Support: Disabled
[2024-03-07T16:53:25.879+0000][1][gc,init] Compressed Oops: Enabled (32-bit)
[2024-03-07T16:53:25.879+0000][1][gc,init] Heap Region Size: 1M
[2024-03-07T16:53:25.879+0000][1][gc,init] Heap Min Capacity: 1G
[2024-03-07T16:53:25.879+0000][1][gc,init] Heap Initial Capacity: 1G
[2024-03-07T16:53:25.879+0000][1][gc,init] Heap Max Capacity: 1G
[2024-03-07T16:53:25.879+0000][1][gc,init] Pre-touch: Disabled
[2024-03-07T16:53:25.879+0000][1][gc,init] Parallel Workers: 10
[2024-03-07T16:53:25.879+0000][1][gc,init] Concurrent Workers: 3
[2024-03-07T16:53:25.879+0000][1][gc,init] Concurrent Refinement Workers: 10
[2024-03-07T16:53:25.879+0000][1][gc,init] Periodic GC: Disabled
[2024-03-07T16:53:25.879+0000][1][gc,metaspace] CDS archive(s) not mapped
[2024-03-07T16:53:25.879+0000][1][gc,metaspace] Compressed class space mapped at: 0x0000000100000000-0x0000000140000000, reserved size: 1073741824
[2024-03-07T16:53:25.879+0000][1][gc,metaspace] Narrow klass base: 0x0000000000000000, Narrow klass shift: 3, Narrow klass range: 0x140000000
[2024-03-07T16:53:26.966+0000][1][safepoint   ] Safepoint "Cleanup", Time since last: 1048374391 ns, Reaching safepoint: 5671 ns, Cleanup: 105648 ns, At safepoint: 3547 ns, Total: 114866 ns
[2024-03-07T16:53:27.314+0000][1][gc,start    ] GC(0) Pause Young (Concurrent Start) (Metadata GC Threshold)
[2024-03-07T16:53:27.323+0000][1][gc,task     ] GC(0) Using 10 workers of 10 for evacuation
[2024-03-07T16:53:27.323+0000][1][gc,age      ] GC(0) Desired survivor size 3670016 bytes, new threshold 15 (max threshold 15)
[2024-03-07T16:53:27.347+0000][1][gc,phases   ] GC(0)   Pre Evacuate Collection Set: 1.9ms
[2024-03-07T16:53:27.347+0000][1][gc,phases   ] GC(0)   Merge Heap Roots: 0.1ms
[2024-03-07T16:53:27.347+0000][1][gc,phases   ] GC(0)   Evacuate Collection Set: 20.7ms
[2024-03-07T16:53:27.347+0000][1][gc,phases   ] GC(0)   Post Evacuate Collection Set: 1.2ms
[2024-03-07T16:53:27.347+0000][1][gc,phases   ] GC(0)   Other: 8.8ms
[2024-03-07T16:53:27.347+0000][1][gc,age      ] GC(0) Age table with threshold 15 (max threshold 15)
[2024-03-07T16:53:27.347+0000][1][gc,age      ] GC(0) - age   1:    6582032 bytes,    6582032 total
[2024-03-07T16:53:27.347+0000][1][gc,heap     ] GC(0) Eden regions: 40->0(44)
[2024-03-07T16:53:27.347+0000][1][gc,heap     ] GC(0) Survivor regions: 0->7(7)
[2024-03-07T16:53:27.347+0000][1][gc,heap     ] GC(0) Old regions: 0->1
[2024-03-07T16:53:27.347+0000][1][gc,heap     ] GC(0) Humongous regions: 3->3
[2024-03-07T16:53:27.347+0000][1][gc,metaspace] GC(0) Metaspace: 21288K(21504K)->21288K(21504K) NonClass: 19034K(19136K)->19034K(19136K) Class: 2253K(2368K)->2253K(2368K)
[2024-03-07T16:53:27.347+0000][1][gc          ] GC(0) Pause Young (Concurrent Start) (Metadata GC Threshold) 42M->10M(1024M) 33.007ms
[2024-03-07T16:53:27.347+0000][1][gc,cpu      ] GC(0) User=0.04s Sys=0.03s Real=0.04s
[2024-03-07T16:53:27.347+0000][1][gc          ] GC(1) Concurrent Mark Cycle
[2024-03-07T16:53:27.347+0000][1][safepoint   ] Safepoint "CollectForMetadataAllocation", Time since last: 348643418 ns, Reaching safepoint: 6563 ns, Cleanup: 107040 ns, At safepoint: 33132998 ns, Total: 33246601 ns
[2024-03-07T16:53:27.347+0000][1][gc,marking  ] GC(1) Concurrent Scan Root Regions
[2024-03-07T16:53:27.352+0000][1][gc,marking  ] GC(1) Concurrent Scan Root Regions 4.041ms
[2024-03-07T16:53:27.352+0000][1][gc,marking  ] GC(1) Concurrent Mark
[2024-03-07T16:53:27.352+0000][1][gc,marking  ] GC(1) Concurrent Mark From Roots
[2024-03-07T16:53:27.352+0000][1][gc,task     ] GC(1) Using 3 workers of 3 for marking
[2024-03-07T16:53:27.355+0000][1][gc,marking  ] GC(1) Concurrent Mark From Roots 3.811ms
[2024-03-07T16:53:27.355+0000][1][gc,marking  ] GC(1) Concurrent Preclean
[2024-03-07T16:53:27.356+0000][1][gc,marking  ] GC(1) Concurrent Preclean 0.023ms
[2024-03-07T16:53:27.356+0000][1][gc,start    ] GC(1) Pause Remark
[2024-03-07T16:53:27.360+0000][1][gc          ] GC(1) Pause Remark 11M->11M(1024M) 4.429ms
[2024-03-07T16:53:27.360+0000][1][gc,cpu      ] GC(1) User=0.01s Sys=0.00s Real=0.00s
[2024-03-07T16:53:27.360+0000][1][safepoint   ] Safepoint "G1PauseRemark", Time since last: 8092169 ns, Reaching safepoint: 239980 ns, Cleanup: 17643 ns, At safepoint: 4542851 ns, Total: 4800474 ns
[2024-03-07T16:53:27.360+0000][1][gc,marking  ] GC(1) Concurrent Mark 8.858ms
[2024-03-07T16:53:27.360+0000][1][gc,marking  ] GC(1) Concurrent Rebuild Remembered Sets and Scrub Regions
[2024-03-07T16:53:27.361+0000][1][gc,marking  ] GC(1) Concurrent Rebuild Remembered Sets and Scrub Regions 0.655ms
[2024-03-07T16:53:27.361+0000][1][gc,start    ] GC(1) Pause Cleanup
[2024-03-07T16:53:27.361+0000][1][gc          ] GC(1) Pause Cleanup 11M->11M(1024M) 0.030ms
[2024-03-07T16:53:27.361+0000][1][gc,cpu      ] GC(1) User=0.00s Sys=0.00s Real=0.00s
[2024-03-07T16:53:27.361+0000][1][safepoint   ] Safepoint "G1PauseCleanup", Time since last: 763061 ns, Reaching safepoint: 75953 ns, Cleanup: 3867 ns, At safepoint: 68989 ns, Total: 148809 ns
[2024-03-07T16:53:27.362+0000][1][gc,marking  ] GC(1) Concurrent Clear Claimed Marks
[2024-03-07T16:53:27.362+0000][1][gc,marking  ] GC(1) Concurrent Clear Claimed Marks 0.027ms
[2024-03-07T16:53:27.362+0000][1][gc,marking  ] GC(1) Concurrent Cleanup for Next Mark
[2024-03-07T16:53:27.368+0000][1][gc,marking  ] GC(1) Concurrent Cleanup for Next Mark 5.896ms
[2024-03-07T16:53:27.368+0000][1][gc          ] GC(1) Concurrent Mark Cycle 20.308ms
[2024-03-07T16:53:28.103+0000][1][gc,start    ] GC(2) Pause Young (Normal) (G1 Evacuation Pause)
[2024-03-07T16:53:28.103+0000][1][gc,task     ] GC(2) Using 10 workers of 10 for evacuation
[2024-03-07T16:53:28.103+0000][1][gc,age      ] GC(2) Desired survivor size 3670016 bytes, new threshold 1 (max threshold 15)
[2024-03-07T16:53:28.126+0000][1][gc,phases   ] GC(2)   Pre Evacuate Collection Set: 0.3ms
[2024-03-07T16:53:28.126+0000][1][gc,phases   ] GC(2)   Merge Heap Roots: 0.1ms
[2024-03-07T16:53:28.126+0000][1][gc,phases   ] GC(2)   Evacuate Collection Set: 14.2ms
[2024-03-07T16:53:28.126+0000][1][gc,phases   ] GC(2)   Post Evacuate Collection Set: 8.0ms
[2024-03-07T16:53:28.126+0000][1][gc,phases   ] GC(2)   Other: 0.1ms
[2024-03-07T16:53:28.126+0000][1][gc,age      ] GC(2) Age table with threshold 1 (max threshold 15)
[2024-03-07T16:53:28.126+0000][1][gc,age      ] GC(2) - age   1:    1273648 bytes,    1273648 total
[2024-03-07T16:53:28.126+0000][1][gc,heap     ] GC(2) Eden regions: 44->0(69)
[2024-03-07T16:53:28.126+0000][1][gc,heap     ] GC(2) Survivor regions: 7->2(7)
[2024-03-07T16:53:28.126+0000][1][gc,heap     ] GC(2) Old regions: 1->8
[2024-03-07T16:53:28.126+0000][1][gc,heap     ] GC(2) Humongous regions: 3->3
[2024-03-07T16:53:28.126+0000][1][gc,metaspace] GC(2) Metaspace: 29417K(29824K)->29417K(29824K) NonClass: 26225K(26432K)->26225K(26432K) Class: 3191K(3392K)->3191K(3392K)
[2024-03-07T16:53:28.126+0000][1][gc          ] GC(2) Pause Young (Normal) (G1 Evacuation Pause) 54M->12M(1024M) 23.189ms
[2024-03-07T16:53:28.126+0000][1][gc,cpu      ] GC(2) User=0.05s Sys=0.03s Real=0.03s
[2024-03-07T16:53:28.126+0000][1][safepoint   ] Safepoint "G1CollectForAllocation", Time since last: 741633819 ns, Reaching safepoint: 3416 ns, Cleanup: 79049 ns, At safepoint: 23297619 ns, Total: 23380084 ns
[2024-03-07T16:53:28.612+0000][1][gc,start    ] GC(3) Pause Young (Normal) (G1 Evacuation Pause)
[2024-03-07T16:53:28.612+0000][1][gc,task     ] GC(3) Using 10 workers of 10 for evacuation
[2024-03-07T16:53:28.612+0000][1][gc,age      ] GC(3) Desired survivor size 4718592 bytes, new threshold 15 (max threshold 15)
[2024-03-07T16:53:28.636+0000][1][gc,phases   ] GC(3)   Pre Evacuate Collection Set: 1.1ms
[2024-03-07T16:53:28.636+0000][1][gc,phases   ] GC(3)   Merge Heap Roots: 0.2ms
[2024-03-07T16:53:28.636+0000][1][gc,phases   ] GC(3)   Evacuate Collection Set: 19.8ms
[2024-03-07T16:53:28.636+0000][1][gc,phases   ] GC(3)   Post Evacuate Collection Set: 2.4ms
[2024-03-07T16:53:28.636+0000][1][gc,phases   ] GC(3)   Other: 0.1ms
[2024-03-07T16:53:28.636+0000][1][gc,age      ] GC(3) Age table with threshold 15 (max threshold 15)
[2024-03-07T16:53:28.636+0000][1][gc,age      ] GC(3) - age   1:    4211264 bytes,    4211264 total
[2024-03-07T16:53:28.636+0000][1][gc,age      ] GC(3) - age   2:    1219816 bytes,    5431080 total
[2024-03-07T16:53:28.636+0000][1][gc,heap     ] GC(3) Eden regions: 69->0(424)
[2024-03-07T16:53:28.636+0000][1][gc,heap     ] GC(3) Survivor regions: 2->6(9)
[2024-03-07T16:53:28.636+0000][1][gc,heap     ] GC(3) Old regions: 8->8
[2024-03-07T16:53:28.636+0000][1][gc,heap     ] GC(3) Humongous regions: 3->3
[2024-03-07T16:53:28.636+0000][1][gc,metaspace] GC(3) Metaspace: 32573K(32960K)->32573K(32960K) NonClass: 28950K(29184K)->28950K(29184K) Class: 3623K(3776K)->3623K(3776K)
[2024-03-07T16:53:28.636+0000][1][gc          ] GC(3) Pause Young (Normal) (G1 Evacuation Pause) 81M->16M(1024M) 24.053ms
[2024-03-07T16:53:28.636+0000][1][gc,cpu      ] GC(3) User=0.03s Sys=0.02s Real=0.03s
[2024-03-07T16:53:28.636+0000][1][safepoint   ] Safepoint "G1CollectForAllocation", Time since last: 483984878 ns, Reaching safepoint: 1515182 ns, Cleanup: 157886 ns, At safepoint: 24156080 ns, Total: 25829148 ns
[2024-03-07T16:53:29.510+0000][1][gc,start    ] GC(4) Pause Young (Concurrent Start) (Metadata GC Threshold)
[2024-03-07T16:53:29.510+0000][1][gc,task     ] GC(4) Using 10 workers of 10 for evacuation
[2024-03-07T16:53:29.510+0000][1][gc,age      ] GC(4) Desired survivor size 28311552 bytes, new threshold 15 (max threshold 15)
[2024-03-07T16:53:29.523+0000][1][gc,phases   ] GC(4)   Pre Evacuate Collection Set: 0.4ms
[2024-03-07T16:53:29.523+0000][1][gc,phases   ] GC(4)   Merge Heap Roots: 0.1ms
[2024-03-07T16:53:29.523+0000][1][gc,phases   ] GC(4)   Evacuate Collection Set: 9.5ms
[2024-03-07T16:53:29.523+0000][1][gc,phases   ] GC(4)   Post Evacuate Collection Set: 2.8ms
[2024-03-07T16:53:29.523+0000][1][gc,phases   ] GC(4)   Other: 0.2ms
[2024-03-07T16:53:29.523+0000][1][gc,age      ] GC(4) Age table with threshold 15 (max threshold 15)
[2024-03-07T16:53:29.523+0000][1][gc,age      ] GC(4) - age   1:    1363688 bytes,    1363688 total
[2024-03-07T16:53:29.523+0000][1][gc,age      ] GC(4) - age   2:     953208 bytes,    2316896 total
[2024-03-07T16:53:29.523+0000][1][gc,age      ] GC(4) - age   3:    1207056 bytes,    3523952 total
[2024-03-07T16:53:29.523+0000][1][gc,heap     ] GC(4) Eden regions: 108->0(610)
[2024-03-07T16:53:29.523+0000][1][gc,heap     ] GC(4) Survivor regions: 6->4(54)
[2024-03-07T16:53:29.523+0000][1][gc,heap     ] GC(4) Old regions: 8->8
[2024-03-07T16:53:29.523+0000][1][gc,heap     ] GC(4) Humongous regions: 3->3
[2024-03-07T16:53:29.523+0000][1][gc,metaspace] GC(4) Metaspace: 35817K(36160K)->35817K(36160K) NonClass: 31802K(32000K)->31802K(32000K) Class: 4014K(4160K)->4014K(4160K)
[2024-03-07T16:53:29.523+0000][1][gc          ] GC(4) Pause Young (Concurrent Start) (Metadata GC Threshold) 123M->14M(1024M) 13.214ms
[2024-03-07T16:53:29.523+0000][1][gc,cpu      ] GC(4) User=0.01s Sys=0.01s Real=0.01s
[2024-03-07T16:53:29.523+0000][1][gc          ] GC(5) Concurrent Mark Cycle
[2024-03-07T16:53:29.523+0000][1][gc,marking  ] GC(5) Concurrent Scan Root Regions
[2024-03-07T16:53:29.525+0000][1][safepoint   ] Safepoint "CollectForMetadataAllocation", Time since last: 873450326 ns, Reaching safepoint: 5611 ns, Cleanup: 141435 ns, At safepoint: 15709276 ns, Total: 15856322 ns
[2024-03-07T16:53:29.526+0000][1][gc,marking  ] GC(5) Concurrent Scan Root Regions 3.329ms
[2024-03-07T16:53:29.526+0000][1][gc,marking  ] GC(5) Concurrent Mark
[2024-03-07T16:53:29.526+0000][1][gc,marking  ] GC(5) Concurrent Mark From Roots
[2024-03-07T16:53:29.526+0000][1][gc,task     ] GC(5) Using 3 workers of 3 for marking
[2024-03-07T16:53:29.531+0000][1][gc,marking  ] GC(5) Concurrent Mark From Roots 4.710ms
[2024-03-07T16:53:29.531+0000][1][gc,marking  ] GC(5) Concurrent Preclean
[2024-03-07T16:53:29.531+0000][1][gc,marking  ] GC(5) Concurrent Preclean 0.032ms
[2024-03-07T16:53:29.532+0000][1][gc,start    ] GC(5) Pause Remark
[2024-03-07T16:53:29.538+0000][1][gc          ] GC(5) Pause Remark 15M->15M(1024M) 6.209ms
[2024-03-07T16:53:29.538+0000][1][gc,cpu      ] GC(5) User=0.02s Sys=0.00s Real=0.01s
[2024-03-07T16:53:29.538+0000][1][safepoint   ] Safepoint "G1PauseRemark", Time since last: 5891210 ns, Reaching safepoint: 542438 ns, Cleanup: 12543 ns, At safepoint: 6323040 ns, Total: 6878021 ns
[2024-03-07T16:53:29.538+0000][1][gc,marking  ] GC(5) Concurrent Mark 11.769ms
[2024-03-07T16:53:29.538+0000][1][gc,marking  ] GC(5) Concurrent Rebuild Remembered Sets and Scrub Regions
[2024-03-07T16:53:29.540+0000][1][gc,marking  ] GC(5) Concurrent Rebuild Remembered Sets and Scrub Regions 1.561ms
[2024-03-07T16:53:29.540+0000][1][gc,start    ] GC(5) Pause Cleanup
[2024-03-07T16:53:29.541+0000][1][gc          ] GC(5) Pause Cleanup 15M->15M(1024M) 0.339ms
[2024-03-07T16:53:29.541+0000][1][gc,cpu      ] GC(5) User=0.00s Sys=0.00s Real=0.00s
[2024-03-07T16:53:29.541+0000][1][safepoint   ] Safepoint "G1PauseCleanup", Time since last: 1736788 ns, Reaching safepoint: 481843 ns, Cleanup: 4659 ns, At safepoint: 424376 ns, Total: 910878 ns
[2024-03-07T16:53:29.541+0000][1][gc,marking  ] GC(5) Concurrent Clear Claimed Marks
[2024-03-07T16:53:29.541+0000][1][gc,marking  ] GC(5) Concurrent Clear Claimed Marks 0.057ms
[2024-03-07T16:53:29.541+0000][1][gc,marking  ] GC(5) Concurrent Cleanup for Next Mark
[2024-03-07T16:53:29.545+0000][1][gc,marking  ] GC(5) Concurrent Cleanup for Next Mark 3.647ms
[2024-03-07T16:53:29.545+0000][1][gc          ] GC(5) Concurrent Mark Cycle 21.793ms
[2024-03-07T16:53:30.340+0000][1][safepoint   ] Safepoint "ICBufferFull", Time since last: 798717431 ns, Reaching safepoint: 7584 ns, Cleanup: 152436 ns, At safepoint: 4308 ns, Total: 164328 ns
[2024-03-07T16:53:30.992+0000][1][safepoint   ] Safepoint "ICBufferFull", Time since last: 651841476 ns, Reaching safepoint: 7614 ns, Cleanup: 204133 ns, At safepoint: 4278 ns, Total: 216025 ns
[2024-03-07T16:53:31.940+0000][1][gc,start    ] GC(6) Pause Young (Concurrent Start) (Metadata GC Threshold)
[2024-03-07T16:53:31.940+0000][1][gc,task     ] GC(6) Using 10 workers of 10 for evacuation
[2024-03-07T16:53:31.940+0000][1][gc,age      ] GC(6) Desired survivor size 40370176 bytes, new threshold 15 (max threshold 15)
[2024-03-07T16:53:31.963+0000][1][gc,phases   ] GC(6)   Pre Evacuate Collection Set: 0.9ms
[2024-03-07T16:53:31.963+0000][1][gc,phases   ] GC(6)   Merge Heap Roots: 0.1ms
[2024-03-07T16:53:31.963+0000][1][gc,phases   ] GC(6)   Evacuate Collection Set: 19.0ms
[2024-03-07T16:53:31.963+0000][1][gc,phases   ] GC(6)   Post Evacuate Collection Set: 2.8ms
[2024-03-07T16:53:31.963+0000][1][gc,phases   ] GC(6)   Other: 0.1ms
[2024-03-07T16:53:31.963+0000][1][gc,age      ] GC(6) Age table with threshold 15 (max threshold 15)
[2024-03-07T16:53:31.963+0000][1][gc,age      ] GC(6) - age   1:    7788968 bytes,    7788968 total
[2024-03-07T16:53:31.963+0000][1][gc,age      ] GC(6) - age   2:    1310072 bytes,    9099040 total
[2024-03-07T16:53:31.963+0000][1][gc,age      ] GC(6) - age   3:     903680 bytes,   10002720 total
[2024-03-07T16:53:31.963+0000][1][gc,age      ] GC(6) - age   4:    1163024 bytes,   11165744 total
[2024-03-07T16:53:31.963+0000][1][gc,heap     ] GC(6) Eden regions: 92->0(602)
[2024-03-07T16:53:31.963+0000][1][gc,heap     ] GC(6) Survivor regions: 4->12(77)
[2024-03-07T16:53:31.963+0000][1][gc,heap     ] GC(6) Old regions: 8->8
[2024-03-07T16:53:31.963+0000][1][gc,heap     ] GC(6) Humongous regions: 3->3
[2024-03-07T16:53:31.963+0000][1][gc,metaspace] GC(6) Metaspace: 59973K(60608K)->59973K(60608K) NonClass: 52461K(52800K)->52461K(52800K) Class: 7511K(7808K)->7511K(7808K)
[2024-03-07T16:53:31.963+0000][1][gc          ] GC(6) Pause Young (Concurrent Start) (Metadata GC Threshold) 106M->22M(1024M) 23.213ms
[2024-03-07T16:53:31.963+0000][1][gc,cpu      ] GC(6) User=0.07s Sys=0.00s Real=0.02s
[2024-03-07T16:53:31.963+0000][1][gc          ] GC(7) Concurrent Mark Cycle
[2024-03-07T16:53:31.963+0000][1][gc,marking  ] GC(7) Concurrent Scan Root Regions
[2024-03-07T16:53:31.966+0000][1][safepoint   ] Safepoint "CollectForMetadataAllocation", Time since last: 947977186 ns, Reaching safepoint: 6753 ns, Cleanup: 127369 ns, At safepoint: 26068256 ns, Total: 26202378 ns
[2024-03-07T16:53:31.982+0000][1][gc,marking  ] GC(7) Concurrent Scan Root Regions 18.673ms
[2024-03-07T16:53:31.982+0000][1][gc,marking  ] GC(7) Concurrent Mark
[2024-03-07T16:53:31.982+0000][1][gc,marking  ] GC(7) Concurrent Mark From Roots
[2024-03-07T16:53:31.982+0000][1][gc,task     ] GC(7) Using 3 workers of 3 for marking
[2024-03-07T16:53:31.987+0000][1][gc,marking  ] GC(7) Concurrent Mark From Roots 4.966ms
[2024-03-07T16:53:31.987+0000][1][gc,marking  ] GC(7) Concurrent Preclean
[2024-03-07T16:53:31.987+0000][1][gc,marking  ] GC(7) Concurrent Preclean 0.024ms
[2024-03-07T16:53:31.988+0000][1][gc,start    ] GC(7) Pause Remark
[2024-03-07T16:53:31.994+0000][1][gc          ] GC(7) Pause Remark 23M->23M(1024M) 6.106ms
[2024-03-07T16:53:31.994+0000][1][gc,cpu      ] GC(7) User=0.02s Sys=0.00s Real=0.00s
[2024-03-07T16:53:31.994+0000][1][safepoint   ] Safepoint "G1PauseRemark", Time since last: 21075962 ns, Reaching safepoint: 1040001 ns, Cleanup: 44353 ns, At safepoint: 6313813 ns, Total: 7398167 ns
[2024-03-07T16:53:31.998+0000][1][gc,marking  ] GC(7) Concurrent Mark 15.864ms
[2024-03-07T16:53:31.998+0000][1][gc,marking  ] GC(7) Concurrent Rebuild Remembered Sets and Scrub Regions
[2024-03-07T16:53:32.001+0000][1][gc,marking  ] GC(7) Concurrent Rebuild Remembered Sets and Scrub Regions 3.143ms
[2024-03-07T16:53:32.001+0000][1][gc,start    ] GC(7) Pause Cleanup
[2024-03-07T16:53:32.001+0000][1][gc          ] GC(7) Pause Cleanup 24M->24M(1024M) 0.208ms
[2024-03-07T16:53:32.001+0000][1][gc,cpu      ] GC(7) User=0.00s Sys=0.00s Real=0.00s
[2024-03-07T16:53:32.001+0000][1][safepoint   ] Safepoint "G1PauseCleanup", Time since last: 6690078 ns, Reaching safepoint: 7494 ns, Cleanup: 13105 ns, At safepoint: 284474 ns, Total: 305073 ns
[2024-03-07T16:53:32.004+0000][1][gc,marking  ] GC(7) Concurrent Clear Claimed Marks
[2024-03-07T16:53:32.004+0000][1][gc,marking  ] GC(7) Concurrent Clear Claimed Marks 0.131ms
[2024-03-07T16:53:32.004+0000][1][gc,marking  ] GC(7) Concurrent Cleanup for Next Mark
[2024-03-07T16:53:32.008+0000][1][gc,marking  ] GC(7) Concurrent Cleanup for Next Mark 3.562ms
[2024-03-07T16:53:32.008+0000][1][gc          ] GC(7) Concurrent Mark Cycle 44.677ms
[2024-03-07T16:53:32.632+0000][1][safepoint   ] Safepoint "ICBufferFull", Time since last: 630571940 ns, Reaching safepoint: 80591 ns, Cleanup: 183034 ns, At safepoint: 15609 ns, Total: 279234 ns
[2024-03-07T16:53:33.633+0000][1][safepoint   ] Safepoint "Cleanup", Time since last: 1000153433 ns, Reaching safepoint: 14978 ns, Cleanup: 173235 ns, At safepoint: 9067 ns, Total: 197280 ns
[2024-03-07T16:53:34.633+0000][1][safepoint   ] Safepoint "Cleanup", Time since last: 1000138074 ns, Reaching safepoint: 11402 ns, Cleanup: 48340 ns, At safepoint: 3076 ns, Total: 62818 ns
[2024-03-07T16:53:35.240+0000][1][safepoint   ] Safepoint "ICBufferFull", Time since last: 607145580 ns, Reaching safepoint: 85971 ns, Cleanup: 149040 ns, At safepoint: 213580 ns, Total: 448591 ns
[2024-03-07T16:53:36.241+0000][1][safepoint   ] Safepoint "Cleanup", Time since last: 1000156399 ns, Reaching safepoint: 14097 ns, Cleanup: 158667 ns, At safepoint: 4709 ns, Total: 177473 ns
[2024-03-07T16:53:39.241+0000][1][safepoint   ] Safepoint "Cleanup", Time since last: 3000285101 ns, Reaching safepoint: 47920 ns, Cleanup: 25988 ns, At safepoint: 4358 ns, Total: 78266 ns
[2024-03-07T16:53:40.241+0000][1][safepoint   ] Safepoint "Cleanup", Time since last: 1000115843 ns, Reaching safepoint: 11621 ns, Cleanup: 18335 ns, At safepoint: 4769 ns, Total: 34725 ns
[2024-03-07T16:53:42.242+0000][1][safepoint   ] Safepoint "Cleanup", Time since last: 2000414017 ns, Reaching safepoint: 12874 ns, Cleanup: 22292 ns, At safepoint: 4839 ns, Total: 40005 ns
[2024-03-07T16:53:43.242+0000][1][safepoint   ] Safepoint "Cleanup", Time since last: 1000200572 ns, Reaching safepoint: 12032 ns, Cleanup: 11522 ns, At safepoint: 3697 ns, Total: 27251 ns
[2024-03-07T16:53:49.243+0000][1][safepoint   ] Safepoint "Cleanup", Time since last: 6000942160 ns, Reaching safepoint: 36438 ns, Cleanup: 12925 ns, At safepoint: 2374 ns, Total: 51737 ns
[2024-03-07T16:53:50.243+0000][1][safepoint   ] Safepoint "Cleanup", Time since last: 1000104221 ns, Reaching safepoint: 44733 ns, Cleanup: 14127 ns, At safepoint: 16140 ns, Total: 75000 ns
[2024-03-07T16:53:51.243+0000][1][safepoint   ] Safepoint "Cleanup", Time since last: 1000138966 ns, Reaching safepoint: 10520 ns, Cleanup: 13676 ns, At safepoint: 3877 ns, Total: 28073 ns
[2024-03-07T16:53:53.244+0000][1][safepoint   ] Safepoint "Cleanup", Time since last: 2000265247 ns, Reaching safepoint: 48762 ns, Cleanup: 11381 ns, At safepoint: 4318 ns, Total: 64461 ns
[2024-03-07T16:53:54.244+0000][1][safepoint   ] Safepoint "Cleanup", Time since last: 1000122145 ns, Reaching safepoint: 10690 ns, Cleanup: 11331 ns, At safepoint: 3146 ns, Total: 25167 ns
[2024-03-07T16:53:54.578+0000][1][gc,heap,exit] Heap
[2024-03-07T16:53:54.578+0000][1][gc,heap,exit]  garbage-first heap   total 1048576K, used 138043K [0x00000000c0000000, 0x0000000100000000)
[2024-03-07T16:53:54.578+0000][1][gc,heap,exit]   region size 1024K, 125 young (128000K), 12 survivors (12288K)
[2024-03-07T16:53:54.578+0000][1][gc,heap,exit]  Metaspace       used 78524K, committed 80000K, reserved 1179648K
[2024-03-07T16:53:54.578+0000][1][gc,heap,exit]   class space    used 10441K, committed 11136K, reserved 1048576K
