[2024-03-07T03:25:15.280+0000][1][gc,init] CardTable entry size: 512
[2024-03-07T03:25:15.280+0000][1][gc     ] Using G1
[2024-03-07T03:25:15.286+0000][1][gc,init] Version: 21.0.2+13-LTS (release)
[2024-03-07T03:25:15.286+0000][1][gc,init] CPUs: 12 total, 12 available
[2024-03-07T03:25:15.286+0000][1][gc,init] Memory: 7867M
[2024-03-07T03:25:15.286+0000][1][gc,init] Large Page Support: Disabled
[2024-03-07T03:25:15.286+0000][1][gc,init] NUMA Support: Disabled
[2024-03-07T03:25:15.286+0000][1][gc,init] Compressed Oops: Enabled (32-bit)
[2024-03-07T03:25:15.286+0000][1][gc,init] Heap Region Size: 1M
[2024-03-07T03:25:15.286+0000][1][gc,init] Heap Min Capacity: 512M
[2024-03-07T03:25:15.286+0000][1][gc,init] Heap Initial Capacity: 512M
[2024-03-07T03:25:15.286+0000][1][gc,init] Heap Max Capacity: 512M
[2024-03-07T03:25:15.286+0000][1][gc,init] Pre-touch: Disabled
[2024-03-07T03:25:15.286+0000][1][gc,init] Parallel Workers: 10
[2024-03-07T03:25:15.286+0000][1][gc,init] Concurrent Workers: 3
[2024-03-07T03:25:15.286+0000][1][gc,init] Concurrent Refinement Workers: 10
[2024-03-07T03:25:15.286+0000][1][gc,init] Periodic GC: Disabled
[2024-03-07T03:25:15.286+0000][1][gc,metaspace] CDS archive(s) not mapped
[2024-03-07T03:25:15.286+0000][1][gc,metaspace] Compressed class space mapped at: 0x0000000100000000-0x0000000140000000, reserved size: 1073741824
[2024-03-07T03:25:15.286+0000][1][gc,metaspace] Narrow klass base: 0x0000000000000000, Narrow klass shift: 3, Narrow klass range: 0x140000000
[2024-03-07T03:25:15.945+0000][1][gc,start    ] GC(0) Pause Young (Normal) (G1 Evacuation Pause)
[2024-03-07T03:25:15.946+0000][1][gc,task     ] GC(0) Using 10 workers of 10 for evacuation
[2024-03-07T03:25:15.946+0000][1][gc,age      ] GC(0) Desired survivor size 2097152 bytes, new threshold 15 (max threshold 15)
[2024-03-07T03:25:15.984+0000][1][gc,phases   ] GC(0)   Pre Evacuate Collection Set: 0.2ms
[2024-03-07T03:25:15.984+0000][1][gc,phases   ] GC(0)   Merge Heap Roots: 0.0ms
[2024-03-07T03:25:15.984+0000][1][gc,phases   ] GC(0)   Evacuate Collection Set: 33.4ms
[2024-03-07T03:25:15.984+0000][1][gc,phases   ] GC(0)   Post Evacuate Collection Set: 4.5ms
[2024-03-07T03:25:15.984+0000][1][gc,phases   ] GC(0)   Other: 1.1ms
[2024-03-07T03:25:15.984+0000][1][gc,age      ] GC(0) Age table with threshold 15 (max threshold 15)
[2024-03-07T03:25:15.984+0000][1][gc,age      ] GC(0) - age   1:    3701792 bytes,    3701792 total
[2024-03-07T03:25:15.984+0000][1][gc,heap     ] GC(0) Eden regions: 25->0(27)
[2024-03-07T03:25:15.984+0000][1][gc,heap     ] GC(0) Survivor regions: 0->4(4)
[2024-03-07T03:25:15.984+0000][1][gc,heap     ] GC(0) Old regions: 0->3
[2024-03-07T03:25:15.984+0000][1][gc,heap     ] GC(0) Humongous regions: 3->3
[2024-03-07T03:25:15.984+0000][1][gc,metaspace] GC(0) Metaspace: 16625K(16832K)->16625K(16832K) NonClass: 14992K(15104K)->14992K(15104K) Class: 1632K(1728K)->1632K(1728K)
[2024-03-07T03:25:15.984+0000][1][gc          ] GC(0) Pause Young (Normal) (G1 Evacuation Pause) 28M->9M(512M) 39.768ms
[2024-03-07T03:25:15.984+0000][1][gc,cpu      ] GC(0) User=0.04s Sys=0.15s Real=0.04s
[2024-03-07T03:25:15.985+0000][1][safepoint   ] Safepoint "G1CollectForAllocation", Time since last: 644880077 ns, Reaching safepoint: 3406 ns, Cleanup: 69340 ns, At safepoint: 39839069 ns, Total: 39911815 ns
[2024-03-07T03:25:16.286+0000][1][gc,start    ] GC(1) Pause Young (Concurrent Start) (Metadata GC Threshold)
[2024-03-07T03:25:16.286+0000][1][gc,task     ] GC(1) Using 10 workers of 10 for evacuation
[2024-03-07T03:25:16.286+0000][1][gc,age      ] GC(1) Desired survivor size 2097152 bytes, new threshold 1 (max threshold 15)
[2024-03-07T03:25:16.303+0000][1][gc,phases   ] GC(1)   Pre Evacuate Collection Set: 0.4ms
[2024-03-07T03:25:16.303+0000][1][gc,phases   ] GC(1)   Merge Heap Roots: 0.0ms
[2024-03-07T03:25:16.303+0000][1][gc,phases   ] GC(1)   Evacuate Collection Set: 13.8ms
[2024-03-07T03:25:16.303+0000][1][gc,phases   ] GC(1)   Post Evacuate Collection Set: 2.7ms
[2024-03-07T03:25:16.303+0000][1][gc,phases   ] GC(1)   Other: 0.2ms
[2024-03-07T03:25:16.303+0000][1][gc,age      ] GC(1) Age table with threshold 1 (max threshold 15)
[2024-03-07T03:25:16.303+0000][1][gc,age      ] GC(1) - age   1:    1293208 bytes,    1293208 total
[2024-03-07T03:25:16.303+0000][1][gc,heap     ] GC(1) Eden regions: 15->0(44)
[2024-03-07T03:25:16.303+0000][1][gc,heap     ] GC(1) Survivor regions: 4->2(4)
[2024-03-07T03:25:16.303+0000][1][gc,heap     ] GC(1) Old regions: 3->7
[2024-03-07T03:25:16.304+0000][1][gc,heap     ] GC(1) Humongous regions: 3->3
[2024-03-07T03:25:16.304+0000][1][gc,metaspace] GC(1) Metaspace: 21253K(21504K)->21253K(21504K) NonClass: 19006K(19136K)->19006K(19136K) Class: 2247K(2368K)->2247K(2368K)
[2024-03-07T03:25:16.304+0000][1][gc          ] GC(1) Pause Young (Concurrent Start) (Metadata GC Threshold) 24M->10M(512M) 18.077ms
[2024-03-07T03:25:16.304+0000][1][gc,cpu      ] GC(1) User=0.02s Sys=0.05s Real=0.02s
[2024-03-07T03:25:16.304+0000][1][gc          ] GC(2) Concurrent Mark Cycle
[2024-03-07T03:25:16.304+0000][1][gc,marking  ] GC(2) Concurrent Scan Root Regions
[2024-03-07T03:25:16.304+0000][1][safepoint   ] Safepoint "CollectForMetadataAllocation", Time since last: 300962114 ns, Reaching safepoint: 3297 ns, Cleanup: 88205 ns, At safepoint: 18573759 ns, Total: 18665261 ns
[2024-03-07T03:25:16.308+0000][1][gc,marking  ] GC(2) Concurrent Scan Root Regions 3.553ms
[2024-03-07T03:25:16.308+0000][1][gc,marking  ] GC(2) Concurrent Mark
[2024-03-07T03:25:16.308+0000][1][gc,marking  ] GC(2) Concurrent Mark From Roots
[2024-03-07T03:25:16.308+0000][1][gc,task     ] GC(2) Using 3 workers of 3 for marking
[2024-03-07T03:25:16.309+0000][1][gc,marking  ] GC(2) Concurrent Mark From Roots 1.371ms
[2024-03-07T03:25:16.309+0000][1][gc,marking  ] GC(2) Concurrent Preclean
[2024-03-07T03:25:16.309+0000][1][gc,marking  ] GC(2) Concurrent Preclean 0.013ms
[2024-03-07T03:25:16.309+0000][1][gc,start    ] GC(2) Pause Remark
[2024-03-07T03:25:16.311+0000][1][gc          ] GC(2) Pause Remark 11M->11M(512M) 1.363ms
[2024-03-07T03:25:16.311+0000][1][gc,cpu      ] GC(2) User=0.00s Sys=0.00s Real=0.00s
[2024-03-07T03:25:16.311+0000][1][safepoint   ] Safepoint "G1PauseRemark", Time since last: 4908299 ns, Reaching safepoint: 393188 ns, Cleanup: 8466 ns, At safepoint: 1418301 ns, Total: 1819955 ns
[2024-03-07T03:25:16.311+0000][1][gc,marking  ] GC(2) Concurrent Mark 3.296ms
[2024-03-07T03:25:16.311+0000][1][gc,marking  ] GC(2) Concurrent Rebuild Remembered Sets and Scrub Regions
[2024-03-07T03:25:16.312+0000][1][gc,marking  ] GC(2) Concurrent Rebuild Remembered Sets and Scrub Regions 0.775ms
[2024-03-07T03:25:16.312+0000][1][gc,start    ] GC(2) Pause Cleanup
[2024-03-07T03:25:16.312+0000][1][gc          ] GC(2) Pause Cleanup 11M->11M(512M) 0.151ms
[2024-03-07T03:25:16.312+0000][1][gc,cpu      ] GC(2) User=0.00s Sys=0.00s Real=0.00s
[2024-03-07T03:25:16.312+0000][1][safepoint   ] Safepoint "G1PauseCleanup", Time since last: 857319 ns, Reaching safepoint: 81373 ns, Cleanup: 1993 ns, At safepoint: 203141 ns, Total: 286507 ns
[2024-03-07T03:25:16.312+0000][1][gc,marking  ] GC(2) Concurrent Clear Claimed Marks
[2024-03-07T03:25:16.312+0000][1][gc,marking  ] GC(2) Concurrent Clear Claimed Marks 0.034ms
[2024-03-07T03:25:16.312+0000][1][gc,marking  ] GC(2) Concurrent Cleanup for Next Mark
[2024-03-07T03:25:16.314+0000][1][gc,marking  ] GC(2) Concurrent Cleanup for Next Mark 2.026ms
[2024-03-07T03:25:16.314+0000][1][gc          ] GC(2) Concurrent Mark Cycle 10.386ms
[2024-03-07T03:25:16.818+0000][1][gc,start    ] GC(3) Pause Young (Normal) (G1 Evacuation Pause)
[2024-03-07T03:25:16.818+0000][1][gc,task     ] GC(3) Using 10 workers of 10 for evacuation
[2024-03-07T03:25:16.818+0000][1][gc,age      ] GC(3) Desired survivor size 3145728 bytes, new threshold 15 (max threshold 15)
[2024-03-07T03:25:16.832+0000][1][gc,phases   ] GC(3)   Pre Evacuate Collection Set: 0.3ms
[2024-03-07T03:25:16.832+0000][1][gc,phases   ] GC(3)   Merge Heap Roots: 0.1ms
[2024-03-07T03:25:16.832+0000][1][gc,phases   ] GC(3)   Evacuate Collection Set: 11.9ms
[2024-03-07T03:25:16.832+0000][1][gc,phases   ] GC(3)   Post Evacuate Collection Set: 1.1ms
[2024-03-07T03:25:16.832+0000][1][gc,phases   ] GC(3)   Other: 0.1ms
[2024-03-07T03:25:16.832+0000][1][gc,age      ] GC(3) Age table with threshold 15 (max threshold 15)
[2024-03-07T03:25:16.832+0000][1][gc,age      ] GC(3) - age   1:    1280512 bytes,    1280512 total
[2024-03-07T03:25:16.832+0000][1][gc,age      ] GC(3) - age   2:    1206208 bytes,    2486720 total
[2024-03-07T03:25:16.832+0000][1][gc,heap     ] GC(3) Eden regions: 45->0(88)
[2024-03-07T03:25:16.832+0000][1][gc,heap     ] GC(3) Survivor regions: 2->3(6)
[2024-03-07T03:25:16.832+0000][1][gc,heap     ] GC(3) Old regions: 7->7
[2024-03-07T03:25:16.832+0000][1][gc,heap     ] GC(3) Humongous regions: 3->3
[2024-03-07T03:25:16.832+0000][1][gc,metaspace] GC(3) Metaspace: 29671K(30016K)->29671K(30016K) NonClass: 26455K(26624K)->26455K(26624K) Class: 3216K(3392K)->3216K(3392K)
[2024-03-07T03:25:16.832+0000][1][gc          ] GC(3) Pause Young (Normal) (G1 Evacuation Pause) 55M->11M(512M) 13.900ms
[2024-03-07T03:25:16.832+0000][1][gc,cpu      ] GC(3) User=0.04s Sys=0.02s Real=0.01s
[2024-03-07T03:25:16.832+0000][1][safepoint   ] Safepoint "G1CollectForAllocation", Time since last: 506211688 ns, Reaching safepoint: 9578 ns, Cleanup: 123822 ns, At safepoint: 13982385 ns, Total: 14115785 ns
[2024-03-07T03:25:17.280+0000][1][gc,start    ] GC(4) Pause Young (Normal) (G1 Evacuation Pause)
[2024-03-07T03:25:17.280+0000][1][gc,task     ] GC(4) Using 10 workers of 10 for evacuation
[2024-03-07T03:25:17.280+0000][1][gc,age      ] GC(4) Desired survivor size 6291456 bytes, new threshold 15 (max threshold 15)
[2024-03-07T03:25:17.303+0000][1][gc,phases   ] GC(4)   Pre Evacuate Collection Set: 0.6ms
[2024-03-07T03:25:17.303+0000][1][gc,phases   ] GC(4)   Merge Heap Roots: 0.1ms
[2024-03-07T03:25:17.303+0000][1][gc,phases   ] GC(4)   Evacuate Collection Set: 21.0ms
[2024-03-07T03:25:17.303+0000][1][gc,phases   ] GC(4)   Post Evacuate Collection Set: 1.4ms
[2024-03-07T03:25:17.303+0000][1][gc,phases   ] GC(4)   Other: 0.1ms
[2024-03-07T03:25:17.303+0000][1][gc,age      ] GC(4) Age table with threshold 15 (max threshold 15)
[2024-03-07T03:25:17.303+0000][1][gc,age      ] GC(4) - age   1:    3977232 bytes,    3977232 total
[2024-03-07T03:25:17.303+0000][1][gc,age      ] GC(4) - age   2:    1238936 bytes,    5216168 total
[2024-03-07T03:25:17.303+0000][1][gc,age      ] GC(4) - age   3:    1184000 bytes,    6400168 total
[2024-03-07T03:25:17.303+0000][1][gc,heap     ] GC(4) Eden regions: 90->0(300)
[2024-03-07T03:25:17.303+0000][1][gc,heap     ] GC(4) Survivor regions: 3->7(12)
[2024-03-07T03:25:17.303+0000][1][gc,heap     ] GC(4) Old regions: 7->7
[2024-03-07T03:25:17.303+0000][1][gc,heap     ] GC(4) Humongous regions: 3->3
[2024-03-07T03:25:17.303+0000][1][gc,metaspace] GC(4) Metaspace: 32684K(33088K)->32684K(33088K) NonClass: 29059K(29312K)->29059K(29312K) Class: 3625K(3776K)->3625K(3776K)
[2024-03-07T03:25:17.303+0000][1][gc          ] GC(4) Pause Young (Normal) (G1 Evacuation Pause) 101M->15M(512M) 23.616ms
[2024-03-07T03:25:17.303+0000][1][gc,cpu      ] GC(4) User=0.04s Sys=0.04s Real=0.03s
[2024-03-07T03:25:17.303+0000][1][safepoint   ] Safepoint "G1CollectForAllocation", Time since last: 447281458 ns, Reaching safepoint: 9989 ns, Cleanup: 165070 ns, At safepoint: 23704296 ns, Total: 23879355 ns
[2024-03-07T03:25:17.793+0000][1][gc,start    ] GC(5) Pause Young (Concurrent Start) (Metadata GC Threshold)
[2024-03-07T03:25:17.793+0000][1][gc,task     ] GC(5) Using 10 workers of 10 for evacuation
[2024-03-07T03:25:17.793+0000][1][gc,age      ] GC(5) Desired survivor size 20447232 bytes, new threshold 15 (max threshold 15)
[2024-03-07T03:25:17.797+0000][1][gc,phases   ] GC(5)   Pre Evacuate Collection Set: 0.2ms
[2024-03-07T03:25:17.797+0000][1][gc,phases   ] GC(5)   Merge Heap Roots: 0.1ms
[2024-03-07T03:25:17.797+0000][1][gc,phases   ] GC(5)   Evacuate Collection Set: 3.0ms
[2024-03-07T03:25:17.797+0000][1][gc,phases   ] GC(5)   Post Evacuate Collection Set: 0.5ms
[2024-03-07T03:25:17.797+0000][1][gc,phases   ] GC(5)   Other: 0.1ms
[2024-03-07T03:25:17.797+0000][1][gc,age      ] GC(5) Age table with threshold 15 (max threshold 15)
[2024-03-07T03:25:17.797+0000][1][gc,age      ] GC(5) - age   1:    1642968 bytes,    1642968 total
[2024-03-07T03:25:17.797+0000][1][gc,age      ] GC(5) - age   2:     971160 bytes,    2614128 total
[2024-03-07T03:25:17.797+0000][1][gc,age      ] GC(5) - age   3:    1226080 bytes,    3840208 total
[2024-03-07T03:25:17.797+0000][1][gc,age      ] GC(5) - age   4:    1183968 bytes,    5024176 total
[2024-03-07T03:25:17.797+0000][1][gc,heap     ] GC(5) Eden regions: 86->0(301)
[2024-03-07T03:25:17.797+0000][1][gc,heap     ] GC(5) Survivor regions: 7->6(39)
[2024-03-07T03:25:17.797+0000][1][gc,heap     ] GC(5) Old regions: 7->7
[2024-03-07T03:25:17.797+0000][1][gc,heap     ] GC(5) Humongous regions: 3->3
[2024-03-07T03:25:17.797+0000][1][gc,metaspace] GC(5) Metaspace: 35724K(36096K)->35724K(36096K) NonClass: 31732K(31936K)->31732K(31936K) Class: 3991K(4160K)->3991K(4160K)
[2024-03-07T03:25:17.797+0000][1][gc          ] GC(5) Pause Young (Concurrent Start) (Metadata GC Threshold) 101M->14M(512M) 4.069ms
[2024-03-07T03:25:17.797+0000][1][gc,cpu      ] GC(5) User=0.03s Sys=0.00s Real=0.01s
[2024-03-07T03:25:17.797+0000][1][gc          ] GC(6) Concurrent Mark Cycle
[2024-03-07T03:25:17.797+0000][1][gc,marking  ] GC(6) Concurrent Scan Root Regions
[2024-03-07T03:25:17.797+0000][1][safepoint   ] Safepoint "CollectForMetadataAllocation", Time since last: 489300036 ns, Reaching safepoint: 4849 ns, Cleanup: 59933 ns, At safepoint: 4156499 ns, Total: 4221281 ns
[2024-03-07T03:25:17.799+0000][1][gc,marking  ] GC(6) Concurrent Scan Root Regions 2.014ms
[2024-03-07T03:25:17.799+0000][1][gc,marking  ] GC(6) Concurrent Mark
[2024-03-07T03:25:17.799+0000][1][gc,marking  ] GC(6) Concurrent Mark From Roots
[2024-03-07T03:25:17.799+0000][1][gc,task     ] GC(6) Using 3 workers of 3 for marking
[2024-03-07T03:25:17.801+0000][1][gc,marking  ] GC(6) Concurrent Mark From Roots 2.417ms
[2024-03-07T03:25:17.802+0000][1][gc,marking  ] GC(6) Concurrent Preclean
[2024-03-07T03:25:17.802+0000][1][gc,marking  ] GC(6) Concurrent Preclean 0.023ms
[2024-03-07T03:25:17.802+0000][1][gc,start    ] GC(6) Pause Remark
[2024-03-07T03:25:17.804+0000][1][gc          ] GC(6) Pause Remark 15M->15M(512M) 1.916ms
[2024-03-07T03:25:17.804+0000][1][gc,cpu      ] GC(6) User=0.01s Sys=0.00s Real=0.01s
[2024-03-07T03:25:17.804+0000][1][safepoint   ] Safepoint "G1PauseRemark", Time since last: 4586525 ns, Reaching safepoint: 139351 ns, Cleanup: 10510 ns, At safepoint: 1977801 ns, Total: 2127662 ns
[2024-03-07T03:25:17.804+0000][1][gc,marking  ] GC(6) Concurrent Mark 4.692ms
[2024-03-07T03:25:17.804+0000][1][gc,marking  ] GC(6) Concurrent Rebuild Remembered Sets and Scrub Regions
[2024-03-07T03:25:17.805+0000][1][gc,marking  ] GC(6) Concurrent Rebuild Remembered Sets and Scrub Regions 0.825ms
[2024-03-07T03:25:17.805+0000][1][gc,start    ] GC(6) Pause Cleanup
[2024-03-07T03:25:17.805+0000][1][gc          ] GC(6) Pause Cleanup 15M->15M(512M) 0.106ms
[2024-03-07T03:25:17.805+0000][1][gc,cpu      ] GC(6) User=0.01s Sys=0.00s Real=0.00s
[2024-03-07T03:25:17.805+0000][1][safepoint   ] Safepoint "G1PauseCleanup", Time since last: 917842 ns, Reaching safepoint: 79720 ns, Cleanup: 7464 ns, At safepoint: 139061 ns, Total: 226245 ns
[2024-03-07T03:25:17.805+0000][1][gc,marking  ] GC(6) Concurrent Clear Claimed Marks
[2024-03-07T03:25:17.805+0000][1][gc,marking  ] GC(6) Concurrent Clear Claimed Marks 0.037ms
[2024-03-07T03:25:17.805+0000][1][gc,marking  ] GC(6) Concurrent Cleanup for Next Mark
[2024-03-07T03:25:17.806+0000][1][gc,marking  ] GC(6) Concurrent Cleanup for Next Mark 1.103ms
[2024-03-07T03:25:17.806+0000][1][gc          ] GC(6) Concurrent Mark Cycle 9.193ms
[2024-03-07T03:25:18.124+0000][1][gc,heap,exit] Heap
[2024-03-07T03:25:18.124+0000][1][gc,heap,exit]  garbage-first heap   total 524288K, used 39205K [0x00000000e0000000, 0x0000000100000000)
[2024-03-07T03:25:18.124+0000][1][gc,heap,exit]   region size 1024K, 30 young (30720K), 6 survivors (6144K)
[2024-03-07T03:25:18.124+0000][1][gc,heap,exit]  Metaspace       used 40204K, committed 40640K, reserved 1114112K
[2024-03-07T03:25:18.124+0000][1][gc,heap,exit]   class space    used 4681K, committed 4864K, reserved 1048576K
