[2024-03-06T18:01:35.813+0000][1][gc,init] CardTable entry size: 512
[2024-03-06T18:01:35.813+0000][1][gc     ] Using G1
[2024-03-06T18:01:35.819+0000][1][gc,init] Version: 21.0.2+13-LTS (release)
[2024-03-06T18:01:35.819+0000][1][gc,init] CPUs: 12 total, 12 available
[2024-03-06T18:01:35.819+0000][1][gc,init] Memory: 7867M
[2024-03-06T18:01:35.819+0000][1][gc,init] Large Page Support: Disabled
[2024-03-06T18:01:35.819+0000][1][gc,init] NUMA Support: Disabled
[2024-03-06T18:01:35.819+0000][1][gc,init] Compressed Oops: Enabled (32-bit)
[2024-03-06T18:01:35.819+0000][1][gc,init] Heap Region Size: 1M
[2024-03-06T18:01:35.819+0000][1][gc,init] Heap Min Capacity: 512M
[2024-03-06T18:01:35.819+0000][1][gc,init] Heap Initial Capacity: 512M
[2024-03-06T18:01:35.819+0000][1][gc,init] Heap Max Capacity: 512M
[2024-03-06T18:01:35.819+0000][1][gc,init] Pre-touch: Disabled
[2024-03-06T18:01:35.819+0000][1][gc,init] Parallel Workers: 10
[2024-03-06T18:01:35.819+0000][1][gc,init] Concurrent Workers: 3
[2024-03-06T18:01:35.819+0000][1][gc,init] Concurrent Refinement Workers: 10
[2024-03-06T18:01:35.820+0000][1][gc,init] Periodic GC: Disabled
[2024-03-06T18:01:35.820+0000][1][gc,metaspace] CDS archive(s) not mapped
[2024-03-06T18:01:35.820+0000][1][gc,metaspace] Compressed class space mapped at: 0x0000000100000000-0x0000000140000000, reserved size: 1073741824
[2024-03-06T18:01:35.820+0000][1][gc,metaspace] Narrow klass base: 0x0000000000000000, Narrow klass shift: 3, Narrow klass range: 0x140000000
[2024-03-06T18:01:36.458+0000][1][gc,start    ] GC(0) Pause Young (Normal) (G1 Evacuation Pause)
[2024-03-06T18:01:36.459+0000][1][gc,task     ] GC(0) Using 10 workers of 10 for evacuation
[2024-03-06T18:01:36.459+0000][1][gc,age      ] GC(0) Desired survivor size 2097152 bytes, new threshold 15 (max threshold 15)
[2024-03-06T18:01:36.471+0000][1][gc,phases   ] GC(0)   Pre Evacuate Collection Set: 0.2ms
[2024-03-06T18:01:36.471+0000][1][gc,phases   ] GC(0)   Merge Heap Roots: 0.1ms
[2024-03-06T18:01:36.471+0000][1][gc,phases   ] GC(0)   Evacuate Collection Set: 10.4ms
[2024-03-06T18:01:36.471+0000][1][gc,phases   ] GC(0)   Post Evacuate Collection Set: 0.8ms
[2024-03-06T18:01:36.471+0000][1][gc,phases   ] GC(0)   Other: 1.1ms
[2024-03-06T18:01:36.471+0000][1][gc,age      ] GC(0) Age table with threshold 15 (max threshold 15)
[2024-03-06T18:01:36.471+0000][1][gc,age      ] GC(0) - age   1:    3922176 bytes,    3922176 total
[2024-03-06T18:01:36.471+0000][1][gc,heap     ] GC(0) Eden regions: 25->0(29)
[2024-03-06T18:01:36.471+0000][1][gc,heap     ] GC(0) Survivor regions: 0->4(4)
[2024-03-06T18:01:36.471+0000][1][gc,heap     ] GC(0) Old regions: 0->3
[2024-03-06T18:01:36.471+0000][1][gc,heap     ] GC(0) Humongous regions: 3->3
[2024-03-06T18:01:36.471+0000][1][gc,metaspace] GC(0) Metaspace: 16630K(16832K)->16630K(16832K) NonClass: 14997K(15104K)->14997K(15104K) Class: 1632K(1728K)->1632K(1728K)
[2024-03-06T18:01:36.471+0000][1][gc          ] GC(0) Pause Young (Normal) (G1 Evacuation Pause) 28M->9M(512M) 12.890ms
[2024-03-06T18:01:36.471+0000][1][gc,cpu      ] GC(0) User=0.02s Sys=0.02s Real=0.02s
[2024-03-06T18:01:36.472+0000][1][safepoint   ] Safepoint "G1CollectForAllocation", Time since last: 622854144 ns, Reaching safepoint: 4208 ns, Cleanup: 97312 ns, At safepoint: 13532593 ns, Total: 13634113 ns
[2024-03-06T18:01:36.867+0000][1][gc,start    ] GC(1) Pause Young (Concurrent Start) (Metadata GC Threshold)
[2024-03-06T18:01:36.867+0000][1][gc,task     ] GC(1) Using 10 workers of 10 for evacuation
[2024-03-06T18:01:36.867+0000][1][gc,age      ] GC(1) Desired survivor size 2621440 bytes, new threshold 1 (max threshold 15)
[2024-03-06T18:01:36.875+0000][1][gc,phases   ] GC(1)   Pre Evacuate Collection Set: 0.2ms
[2024-03-06T18:01:36.875+0000][1][gc,phases   ] GC(1)   Merge Heap Roots: 0.0ms
[2024-03-06T18:01:36.875+0000][1][gc,phases   ] GC(1)   Evacuate Collection Set: 7.7ms
[2024-03-06T18:01:36.875+0000][1][gc,phases   ] GC(1)   Post Evacuate Collection Set: 0.5ms
[2024-03-06T18:01:36.875+0000][1][gc,phases   ] GC(1)   Other: 0.1ms
[2024-03-06T18:01:36.875+0000][1][gc,age      ] GC(1) Age table with threshold 1 (max threshold 15)
[2024-03-06T18:01:36.875+0000][1][gc,age      ] GC(1) - age   1:    1293952 bytes,    1293952 total
[2024-03-06T18:01:36.875+0000][1][gc,heap     ] GC(1) Eden regions: 15->0(49)
[2024-03-06T18:01:36.875+0000][1][gc,heap     ] GC(1) Survivor regions: 4->2(5)
[2024-03-06T18:01:36.875+0000][1][gc,heap     ] GC(1) Old regions: 3->7
[2024-03-06T18:01:36.875+0000][1][gc,heap     ] GC(1) Humongous regions: 3->3
[2024-03-06T18:01:36.875+0000][1][gc,metaspace] GC(1) Metaspace: 21252K(21504K)->21252K(21504K) NonClass: 19004K(19136K)->19004K(19136K) Class: 2247K(2368K)->2247K(2368K)
[2024-03-06T18:01:36.876+0000][1][gc          ] GC(1) Pause Young (Concurrent Start) (Metadata GC Threshold) 24M->10M(512M) 8.775ms
[2024-03-06T18:01:36.876+0000][1][gc,cpu      ] GC(1) User=0.02s Sys=0.03s Real=0.01s
[2024-03-06T18:01:36.876+0000][1][gc          ] GC(2) Concurrent Mark Cycle
[2024-03-06T18:01:36.876+0000][1][gc,marking  ] GC(2) Concurrent Scan Root Regions
[2024-03-06T18:01:36.876+0000][1][safepoint   ] Safepoint "CollectForMetadataAllocation", Time since last: 395162214 ns, Reaching safepoint: 4008 ns, Cleanup: 76493 ns, At safepoint: 8873154 ns, Total: 8953655 ns
[2024-03-06T18:01:36.877+0000][1][gc,marking  ] GC(2) Concurrent Scan Root Regions 1.679ms
[2024-03-06T18:01:36.877+0000][1][gc,marking  ] GC(2) Concurrent Mark
[2024-03-06T18:01:36.877+0000][1][gc,marking  ] GC(2) Concurrent Mark From Roots
[2024-03-06T18:01:36.877+0000][1][gc,task     ] GC(2) Using 3 workers of 3 for marking
[2024-03-06T18:01:36.878+0000][1][gc,marking  ] GC(2) Concurrent Mark From Roots 0.977ms
[2024-03-06T18:01:36.878+0000][1][gc,marking  ] GC(2) Concurrent Preclean
[2024-03-06T18:01:36.878+0000][1][gc,marking  ] GC(2) Concurrent Preclean 0.011ms
[2024-03-06T18:01:36.878+0000][1][gc,start    ] GC(2) Pause Remark
[2024-03-06T18:01:36.880+0000][1][gc          ] GC(2) Pause Remark 11M->11M(512M) 1.157ms
[2024-03-06T18:01:36.880+0000][1][gc,cpu      ] GC(2) User=0.00s Sys=0.01s Real=0.00s
[2024-03-06T18:01:36.880+0000][1][safepoint   ] Safepoint "G1PauseRemark", Time since last: 2753023 ns, Reaching safepoint: 71444 ns, Cleanup: 6563 ns, At safepoint: 1195823 ns, Total: 1273830 ns
[2024-03-06T18:01:36.880+0000][1][gc,marking  ] GC(2) Concurrent Mark 2.341ms
[2024-03-06T18:01:36.880+0000][1][gc,marking  ] GC(2) Concurrent Rebuild Remembered Sets and Scrub Regions
[2024-03-06T18:01:36.881+0000][1][gc,marking  ] GC(2) Concurrent Rebuild Remembered Sets and Scrub Regions 0.883ms
[2024-03-06T18:01:36.881+0000][1][gc,start    ] GC(2) Pause Cleanup
[2024-03-06T18:01:36.881+0000][1][gc          ] GC(2) Pause Cleanup 11M->11M(512M) 0.106ms
[2024-03-06T18:01:36.881+0000][1][gc,cpu      ] GC(2) User=0.00s Sys=0.00s Real=0.00s
[2024-03-06T18:01:36.881+0000][1][safepoint   ] Safepoint "G1PauseCleanup", Time since last: 961704 ns, Reaching safepoint: 137157 ns, Cleanup: 2114 ns, At safepoint: 139512 ns, Total: 278783 ns
[2024-03-06T18:01:36.881+0000][1][gc,marking  ] GC(2) Concurrent Clear Claimed Marks
[2024-03-06T18:01:36.881+0000][1][gc,marking  ] GC(2) Concurrent Clear Claimed Marks 0.026ms
[2024-03-06T18:01:36.881+0000][1][gc,marking  ] GC(2) Concurrent Cleanup for Next Mark
[2024-03-06T18:01:36.884+0000][1][gc,marking  ] GC(2) Concurrent Cleanup for Next Mark 2.890ms
[2024-03-06T18:01:36.884+0000][1][gc          ] GC(2) Concurrent Mark Cycle 8.391ms
[2024-03-06T18:01:37.526+0000][1][gc,start    ] GC(3) Pause Young (Prepare Mixed) (G1 Evacuation Pause)
[2024-03-06T18:01:37.526+0000][1][gc,task     ] GC(3) Using 10 workers of 10 for evacuation
[2024-03-06T18:01:37.526+0000][1][gc,age      ] GC(3) Desired survivor size 3670016 bytes, new threshold 15 (max threshold 15)
[2024-03-06T18:01:37.541+0000][1][gc,phases   ] GC(3)   Pre Evacuate Collection Set: 1.7ms
[2024-03-06T18:01:37.541+0000][1][gc,phases   ] GC(3)   Merge Heap Roots: 0.1ms
[2024-03-06T18:01:37.541+0000][1][gc,phases   ] GC(3)   Evacuate Collection Set: 11.5ms
[2024-03-06T18:01:37.541+0000][1][gc,phases   ] GC(3)   Post Evacuate Collection Set: 1.1ms
[2024-03-06T18:01:37.541+0000][1][gc,phases   ] GC(3)   Other: 0.1ms
[2024-03-06T18:01:37.541+0000][1][gc,age      ] GC(3) Age table with threshold 15 (max threshold 15)
[2024-03-06T18:01:37.541+0000][1][gc,age      ] GC(3) - age   1:    2856512 bytes,    2856512 total
[2024-03-06T18:01:37.541+0000][1][gc,age      ] GC(3) - age   2:    1206264 bytes,    4062776 total
[2024-03-06T18:01:37.541+0000][1][gc,heap     ] GC(3) Eden regions: 49->0(92)
[2024-03-06T18:01:37.541+0000][1][gc,heap     ] GC(3) Survivor regions: 2->5(7)
[2024-03-06T18:01:37.541+0000][1][gc,heap     ] GC(3) Old regions: 7->7
[2024-03-06T18:01:37.541+0000][1][gc,heap     ] GC(3) Humongous regions: 3->3
[2024-03-06T18:01:37.541+0000][1][gc,metaspace] GC(3) Metaspace: 29002K(29376K)->29002K(29376K) NonClass: 25839K(26048K)->25839K(26048K) Class: 3162K(3328K)->3162K(3328K)
[2024-03-06T18:01:37.541+0000][1][gc          ] GC(3) Pause Young (Prepare Mixed) (G1 Evacuation Pause) 59M->13M(512M) 14.959ms
[2024-03-06T18:01:37.541+0000][1][gc,cpu      ] GC(3) User=0.02s Sys=0.02s Real=0.02s
[2024-03-06T18:01:37.541+0000][1][safepoint   ] Safepoint "G1CollectForAllocation", Time since last: 641541616 ns, Reaching safepoint: 3159096 ns, Cleanup: 221215 ns, At safepoint: 15073343 ns, Total: 18453654 ns
[2024-03-06T18:01:38.170+0000][1][gc,start    ] GC(4) Pause Young (Mixed) (G1 Evacuation Pause)
[2024-03-06T18:01:38.170+0000][1][gc,task     ] GC(4) Using 10 workers of 10 for evacuation
[2024-03-06T18:01:38.170+0000][1][gc,age      ] GC(4) Desired survivor size 6815744 bytes, new threshold 15 (max threshold 15)
[2024-03-06T18:01:38.204+0000][1][gc,phases   ] GC(4)   Pre Evacuate Collection Set: 0.2ms
[2024-03-06T18:01:38.205+0000][1][gc,phases   ] GC(4)   Merge Heap Roots: 0.2ms
[2024-03-06T18:01:38.205+0000][1][gc,phases   ] GC(4)   Evacuate Collection Set: 31.1ms
[2024-03-06T18:01:38.205+0000][1][gc,phases   ] GC(4)   Post Evacuate Collection Set: 2.9ms
[2024-03-06T18:01:38.205+0000][1][gc,phases   ] GC(4)   Other: 0.1ms
[2024-03-06T18:01:38.205+0000][1][gc,age      ] GC(4) Age table with threshold 15 (max threshold 15)
[2024-03-06T18:01:38.205+0000][1][gc,age      ] GC(4) - age   1:    6173160 bytes,    6173160 total
[2024-03-06T18:01:38.205+0000][1][gc,age      ] GC(4) - age   2:    1317160 bytes,    7490320 total
[2024-03-06T18:01:38.205+0000][1][gc,age      ] GC(4) - age   3:    1206232 bytes,    8696552 total
[2024-03-06T18:01:38.205+0000][1][gc,heap     ] GC(4) Eden regions: 92->0(298)
[2024-03-06T18:01:38.205+0000][1][gc,heap     ] GC(4) Survivor regions: 5->9(13)
[2024-03-06T18:01:38.205+0000][1][gc,heap     ] GC(4) Old regions: 7->7
[2024-03-06T18:01:38.205+0000][1][gc,heap     ] GC(4) Humongous regions: 3->3
[2024-03-06T18:01:38.205+0000][1][gc,metaspace] GC(4) Metaspace: 31526K(31936K)->31526K(31936K) NonClass: 28013K(28224K)->28013K(28224K) Class: 3512K(3712K)->3512K(3712K)
[2024-03-06T18:01:38.205+0000][1][gc          ] GC(4) Pause Young (Mixed) (G1 Evacuation Pause) 105M->18M(512M) 34.886ms
[2024-03-06T18:01:38.205+0000][1][gc,cpu      ] GC(4) User=0.09s Sys=0.01s Real=0.04s
[2024-03-06T18:01:38.205+0000][1][safepoint   ] Safepoint "G1CollectForAllocation", Time since last: 628862504 ns, Reaching safepoint: 10960 ns, Cleanup: 102793 ns, At safepoint: 34978830 ns, Total: 35092583 ns
[2024-03-06T18:01:38.801+0000][1][gc,start    ] GC(5) Pause Young (Concurrent Start) (Metadata GC Threshold)
[2024-03-06T18:01:38.801+0000][1][gc,task     ] GC(5) Using 10 workers of 10 for evacuation
[2024-03-06T18:01:38.801+0000][1][gc,age      ] GC(5) Desired survivor size 20447232 bytes, new threshold 15 (max threshold 15)
[2024-03-06T18:01:38.808+0000][1][gc,phases   ] GC(5)   Pre Evacuate Collection Set: 0.3ms
[2024-03-06T18:01:38.808+0000][1][gc,phases   ] GC(5)   Merge Heap Roots: 0.1ms
[2024-03-06T18:01:38.808+0000][1][gc,phases   ] GC(5)   Evacuate Collection Set: 4.9ms
[2024-03-06T18:01:38.808+0000][1][gc,phases   ] GC(5)   Post Evacuate Collection Set: 1.2ms
[2024-03-06T18:01:38.808+0000][1][gc,phases   ] GC(5)   Other: 0.1ms
[2024-03-06T18:01:38.808+0000][1][gc,age      ] GC(5) Age table with threshold 15 (max threshold 15)
[2024-03-06T18:01:38.808+0000][1][gc,age      ] GC(5) - age   1:    1552008 bytes,    1552008 total
[2024-03-06T18:01:38.808+0000][1][gc,age      ] GC(5) - age   2:     747528 bytes,    2299536 total
[2024-03-06T18:01:38.808+0000][1][gc,age      ] GC(5) - age   3:    1298208 bytes,    3597744 total
[2024-03-06T18:01:38.808+0000][1][gc,age      ] GC(5) - age   4:    1184872 bytes,    4782616 total
[2024-03-06T18:01:38.808+0000][1][gc,heap     ] GC(5) Eden regions: 81->0(301)
[2024-03-06T18:01:38.808+0000][1][gc,heap     ] GC(5) Survivor regions: 9->6(39)
[2024-03-06T18:01:38.808+0000][1][gc,heap     ] GC(5) Old regions: 7->7
[2024-03-06T18:01:38.808+0000][1][gc,heap     ] GC(5) Humongous regions: 3->3
[2024-03-06T18:01:38.808+0000][1][gc,metaspace] GC(5) Metaspace: 35563K(35968K)->35563K(35968K) NonClass: 31551K(31744K)->31551K(31744K) Class: 4011K(4224K)->4011K(4224K)
[2024-03-06T18:01:38.808+0000][1][gc          ] GC(5) Pause Young (Concurrent Start) (Metadata GC Threshold) 99M->14M(512M) 6.931ms
[2024-03-06T18:01:38.808+0000][1][gc,cpu      ] GC(5) User=0.02s Sys=0.00s Real=0.00s
[2024-03-06T18:01:38.808+0000][1][gc          ] GC(6) Concurrent Mark Cycle
[2024-03-06T18:01:38.808+0000][1][gc,marking  ] GC(6) Concurrent Scan Root Regions
[2024-03-06T18:01:38.808+0000][1][safepoint   ] Safepoint "CollectForMetadataAllocation", Time since last: 596267917 ns, Reaching safepoint: 8025 ns, Cleanup: 163457 ns, At safepoint: 7050434 ns, Total: 7221916 ns
[2024-03-06T18:01:38.811+0000][1][gc,marking  ] GC(6) Concurrent Scan Root Regions 2.755ms
[2024-03-06T18:01:38.811+0000][1][gc,marking  ] GC(6) Concurrent Mark
[2024-03-06T18:01:38.811+0000][1][gc,marking  ] GC(6) Concurrent Mark From Roots
[2024-03-06T18:01:38.811+0000][1][gc,task     ] GC(6) Using 3 workers of 3 for marking
[2024-03-06T18:01:38.814+0000][1][gc,marking  ] GC(6) Concurrent Mark From Roots 2.430ms
[2024-03-06T18:01:38.814+0000][1][gc,marking  ] GC(6) Concurrent Preclean
[2024-03-06T18:01:38.814+0000][1][gc,marking  ] GC(6) Concurrent Preclean 0.016ms
[2024-03-06T18:01:38.814+0000][1][gc,start    ] GC(6) Pause Remark
[2024-03-06T18:01:38.817+0000][1][gc          ] GC(6) Pause Remark 15M->15M(512M) 2.950ms
[2024-03-06T18:01:38.817+0000][1][gc,cpu      ] GC(6) User=0.00s Sys=0.00s Real=0.00s
[2024-03-06T18:01:38.817+0000][1][safepoint   ] Safepoint "G1PauseRemark", Time since last: 5350075 ns, Reaching safepoint: 79710 ns, Cleanup: 6873 ns, At safepoint: 3038218 ns, Total: 3124801 ns
[2024-03-06T18:01:38.817+0000][1][gc,marking  ] GC(6) Concurrent Mark 5.722ms
[2024-03-06T18:01:38.817+0000][1][gc,marking  ] GC(6) Concurrent Rebuild Remembered Sets and Scrub Regions
[2024-03-06T18:01:38.818+0000][1][gc,marking  ] GC(6) Concurrent Rebuild Remembered Sets and Scrub Regions 1.109ms
[2024-03-06T18:01:38.818+0000][1][gc,start    ] GC(6) Pause Cleanup
[2024-03-06T18:01:38.818+0000][1][gc          ] GC(6) Pause Cleanup 15M->15M(512M) 0.128ms
[2024-03-06T18:01:38.818+0000][1][gc,cpu      ] GC(6) User=0.00s Sys=0.00s Real=0.00s
[2024-03-06T18:01:38.818+0000][1][safepoint   ] Safepoint "G1PauseCleanup", Time since last: 1225078 ns, Reaching safepoint: 75742 ns, Cleanup: 7554 ns, At safepoint: 172815 ns, Total: 256111 ns
[2024-03-06T18:01:38.818+0000][1][gc,marking  ] GC(6) Concurrent Clear Claimed Marks
[2024-03-06T18:01:38.818+0000][1][gc,marking  ] GC(6) Concurrent Clear Claimed Marks 0.046ms
[2024-03-06T18:01:38.818+0000][1][gc,marking  ] GC(6) Concurrent Cleanup for Next Mark
[2024-03-06T18:01:38.820+0000][1][gc,marking  ] GC(6) Concurrent Cleanup for Next Mark 1.141ms
[2024-03-06T18:01:38.820+0000][1][gc          ] GC(6) Concurrent Mark Cycle 11.345ms
[2024-03-06T18:01:39.166+0000][1][gc,heap,exit] Heap
[2024-03-06T18:01:39.166+0000][1][gc,heap,exit]  garbage-first heap   total 524288K, used 35841K [0x00000000e0000000, 0x0000000100000000)
[2024-03-06T18:01:39.166+0000][1][gc,heap,exit]   region size 1024K, 27 young (27648K), 6 survivors (6144K)
[2024-03-06T18:01:39.166+0000][1][gc,heap,exit]  Metaspace       used 39226K, committed 39680K, reserved 1114112K
[2024-03-06T18:01:39.166+0000][1][gc,heap,exit]   class space    used 4584K, committed 4800K, reserved 1048576K
