[2024-03-06T18:16:15.961+0000][1][gc,init] CardTable entry size: 512
[2024-03-06T18:16:15.961+0000][1][gc     ] Using G1
[2024-03-06T18:16:15.967+0000][1][gc,init] Version: 21.0.2+13-LTS (release)
[2024-03-06T18:16:15.967+0000][1][gc,init] CPUs: 12 total, 12 available
[2024-03-06T18:16:15.967+0000][1][gc,init] Memory: 7867M
[2024-03-06T18:16:15.967+0000][1][gc,init] Large Page Support: Disabled
[2024-03-06T18:16:15.967+0000][1][gc,init] NUMA Support: Disabled
[2024-03-06T18:16:15.967+0000][1][gc,init] Compressed Oops: Enabled (32-bit)
[2024-03-06T18:16:15.967+0000][1][gc,init] Heap Region Size: 1M
[2024-03-06T18:16:15.967+0000][1][gc,init] Heap Min Capacity: 512M
[2024-03-06T18:16:15.967+0000][1][gc,init] Heap Initial Capacity: 512M
[2024-03-06T18:16:15.967+0000][1][gc,init] Heap Max Capacity: 512M
[2024-03-06T18:16:15.967+0000][1][gc,init] Pre-touch: Disabled
[2024-03-06T18:16:15.967+0000][1][gc,init] Parallel Workers: 10
[2024-03-06T18:16:15.967+0000][1][gc,init] Concurrent Workers: 3
[2024-03-06T18:16:15.967+0000][1][gc,init] Concurrent Refinement Workers: 10
[2024-03-06T18:16:15.967+0000][1][gc,init] Periodic GC: Disabled
[2024-03-06T18:16:15.967+0000][1][gc,metaspace] CDS archive(s) not mapped
[2024-03-06T18:16:15.967+0000][1][gc,metaspace] Compressed class space mapped at: 0x0000000100000000-0x0000000140000000, reserved size: 1073741824
[2024-03-06T18:16:15.967+0000][1][gc,metaspace] Narrow klass base: 0x0000000000000000, Narrow klass shift: 3, Narrow klass range: 0x140000000
[2024-03-06T18:16:16.509+0000][1][gc,start    ] GC(0) Pause Young (Normal) (G1 Evacuation Pause)
[2024-03-06T18:16:16.509+0000][1][gc,task     ] GC(0) Using 10 workers of 10 for evacuation
[2024-03-06T18:16:16.509+0000][1][gc,age      ] GC(0) Desired survivor size 2097152 bytes, new threshold 15 (max threshold 15)
[2024-03-06T18:16:16.523+0000][1][gc,phases   ] GC(0)   Pre Evacuate Collection Set: 0.1ms
[2024-03-06T18:16:16.523+0000][1][gc,phases   ] GC(0)   Merge Heap Roots: 0.0ms
[2024-03-06T18:16:16.523+0000][1][gc,phases   ] GC(0)   Evacuate Collection Set: 13.1ms
[2024-03-06T18:16:16.523+0000][1][gc,phases   ] GC(0)   Post Evacuate Collection Set: 0.6ms
[2024-03-06T18:16:16.523+0000][1][gc,phases   ] GC(0)   Other: 0.8ms
[2024-03-06T18:16:16.523+0000][1][gc,age      ] GC(0) Age table with threshold 15 (max threshold 15)
[2024-03-06T18:16:16.523+0000][1][gc,age      ] GC(0) - age   1:    4044584 bytes,    4044584 total
[2024-03-06T18:16:16.523+0000][1][gc,heap     ] GC(0) Eden regions: 25->0(29)
[2024-03-06T18:16:16.523+0000][1][gc,heap     ] GC(0) Survivor regions: 0->4(4)
[2024-03-06T18:16:16.524+0000][1][gc,heap     ] GC(0) Old regions: 0->3
[2024-03-06T18:16:16.524+0000][1][gc,heap     ] GC(0) Humongous regions: 3->3
[2024-03-06T18:16:16.524+0000][1][gc,metaspace] GC(0) Metaspace: 16619K(16832K)->16619K(16832K) NonClass: 14988K(15104K)->14988K(15104K) Class: 1631K(1728K)->1631K(1728K)
[2024-03-06T18:16:16.524+0000][1][gc          ] GC(0) Pause Young (Normal) (G1 Evacuation Pause) 28M->9M(512M) 14.948ms
[2024-03-06T18:16:16.524+0000][1][gc,cpu      ] GC(0) User=0.05s Sys=0.05s Real=0.02s
[2024-03-06T18:16:16.524+0000][1][safepoint   ] Safepoint "G1CollectForAllocation", Time since last: 525833363 ns, Reaching safepoint: 3326 ns, Cleanup: 71945 ns, At safepoint: 15003312 ns, Total: 15078583 ns
[2024-03-06T18:16:16.827+0000][1][gc,start    ] GC(1) Pause Young (Concurrent Start) (Metadata GC Threshold)
[2024-03-06T18:16:16.827+0000][1][gc,task     ] GC(1) Using 10 workers of 10 for evacuation
[2024-03-06T18:16:16.827+0000][1][gc,age      ] GC(1) Desired survivor size 2621440 bytes, new threshold 1 (max threshold 15)
[2024-03-06T18:16:16.837+0000][1][gc,phases   ] GC(1)   Pre Evacuate Collection Set: 0.2ms
[2024-03-06T18:16:16.837+0000][1][gc,phases   ] GC(1)   Merge Heap Roots: 0.1ms
[2024-03-06T18:16:16.837+0000][1][gc,phases   ] GC(1)   Evacuate Collection Set: 9.2ms
[2024-03-06T18:16:16.837+0000][1][gc,phases   ] GC(1)   Post Evacuate Collection Set: 0.6ms
[2024-03-06T18:16:16.837+0000][1][gc,phases   ] GC(1)   Other: 0.1ms
[2024-03-06T18:16:16.837+0000][1][gc,age      ] GC(1) Age table with threshold 1 (max threshold 15)
[2024-03-06T18:16:16.837+0000][1][gc,age      ] GC(1) - age   1:    1293128 bytes,    1293128 total
[2024-03-06T18:16:16.837+0000][1][gc,heap     ] GC(1) Eden regions: 15->0(46)
[2024-03-06T18:16:16.837+0000][1][gc,heap     ] GC(1) Survivor regions: 4->2(5)
[2024-03-06T18:16:16.837+0000][1][gc,heap     ] GC(1) Old regions: 3->7
[2024-03-06T18:16:16.837+0000][1][gc,heap     ] GC(1) Humongous regions: 3->3
[2024-03-06T18:16:16.837+0000][1][gc,metaspace] GC(1) Metaspace: 21250K(21504K)->21250K(21504K) NonClass: 19002K(19136K)->19002K(19136K) Class: 2247K(2368K)->2247K(2368K)
[2024-03-06T18:16:16.838+0000][1][gc          ] GC(1) Pause Young (Concurrent Start) (Metadata GC Threshold) 24M->10M(512M) 10.511ms
[2024-03-06T18:16:16.838+0000][1][gc,cpu      ] GC(1) User=0.04s Sys=0.03s Real=0.01s
[2024-03-06T18:16:16.838+0000][1][gc          ] GC(2) Concurrent Mark Cycle
[2024-03-06T18:16:16.838+0000][1][gc,marking  ] GC(2) Concurrent Scan Root Regions
[2024-03-06T18:16:16.838+0000][1][safepoint   ] Safepoint "CollectForMetadataAllocation", Time since last: 303283417 ns, Reaching safepoint: 3677 ns, Cleanup: 77115 ns, At safepoint: 10617625 ns, Total: 10698417 ns
[2024-03-06T18:16:16.839+0000][1][gc,marking  ] GC(2) Concurrent Scan Root Regions 1.722ms
[2024-03-06T18:16:16.839+0000][1][gc,marking  ] GC(2) Concurrent Mark
[2024-03-06T18:16:16.839+0000][1][gc,marking  ] GC(2) Concurrent Mark From Roots
[2024-03-06T18:16:16.839+0000][1][gc,task     ] GC(2) Using 3 workers of 3 for marking
[2024-03-06T18:16:16.841+0000][1][gc,marking  ] GC(2) Concurrent Mark From Roots 1.690ms
[2024-03-06T18:16:16.841+0000][1][gc,marking  ] GC(2) Concurrent Preclean
[2024-03-06T18:16:16.841+0000][1][gc,marking  ] GC(2) Concurrent Preclean 0.011ms
[2024-03-06T18:16:16.842+0000][1][gc,start    ] GC(2) Pause Remark
[2024-03-06T18:16:16.843+0000][1][gc          ] GC(2) Pause Remark 11M->11M(512M) 1.157ms
[2024-03-06T18:16:16.843+0000][1][gc,cpu      ] GC(2) User=0.01s Sys=0.00s Real=0.00s
[2024-03-06T18:16:16.843+0000][1][safepoint   ] Safepoint "G1PauseRemark", Time since last: 3503812 ns, Reaching safepoint: 404128 ns, Cleanup: 7384 ns, At safepoint: 1213917 ns, Total: 1625429 ns
[2024-03-06T18:16:16.843+0000][1][gc,marking  ] GC(2) Concurrent Mark 3.410ms
[2024-03-06T18:16:16.843+0000][1][gc,marking  ] GC(2) Concurrent Rebuild Remembered Sets and Scrub Regions
[2024-03-06T18:16:16.844+0000][1][gc,marking  ] GC(2) Concurrent Rebuild Remembered Sets and Scrub Regions 0.808ms
[2024-03-06T18:16:16.844+0000][1][gc,start    ] GC(2) Pause Cleanup
[2024-03-06T18:16:16.844+0000][1][gc          ] GC(2) Pause Cleanup 11M->11M(512M) 0.109ms
[2024-03-06T18:16:16.844+0000][1][gc,cpu      ] GC(2) User=0.00s Sys=0.00s Real=0.00s
[2024-03-06T18:16:16.844+0000][1][safepoint   ] Safepoint "G1PauseCleanup", Time since last: 871785 ns, Reaching safepoint: 136466 ns, Cleanup: 2204 ns, At safepoint: 140333 ns, Total: 279003 ns
[2024-03-06T18:16:16.844+0000][1][gc,marking  ] GC(2) Concurrent Clear Claimed Marks
[2024-03-06T18:16:16.844+0000][1][gc,marking  ] GC(2) Concurrent Clear Claimed Marks 0.016ms
[2024-03-06T18:16:16.844+0000][1][gc,marking  ] GC(2) Concurrent Cleanup for Next Mark
[2024-03-06T18:16:16.846+0000][1][gc,marking  ] GC(2) Concurrent Cleanup for Next Mark 2.320ms
[2024-03-06T18:16:16.846+0000][1][gc          ] GC(2) Concurrent Mark Cycle 8.771ms
[2024-03-06T18:16:17.382+0000][1][gc,start    ] GC(3) Pause Young (Normal) (G1 Evacuation Pause)
[2024-03-06T18:16:17.382+0000][1][gc,task     ] GC(3) Using 10 workers of 10 for evacuation
[2024-03-06T18:16:17.382+0000][1][gc,age      ] GC(3) Desired survivor size 3670016 bytes, new threshold 15 (max threshold 15)
[2024-03-06T18:16:17.390+0000][1][gc,phases   ] GC(3)   Pre Evacuate Collection Set: 0.2ms
[2024-03-06T18:16:17.390+0000][1][gc,phases   ] GC(3)   Merge Heap Roots: 0.1ms
[2024-03-06T18:16:17.390+0000][1][gc,phases   ] GC(3)   Evacuate Collection Set: 6.7ms
[2024-03-06T18:16:17.390+0000][1][gc,phases   ] GC(3)   Post Evacuate Collection Set: 0.7ms
[2024-03-06T18:16:17.390+0000][1][gc,phases   ] GC(3)   Other: 0.1ms
[2024-03-06T18:16:17.390+0000][1][gc,age      ] GC(3) Age table with threshold 15 (max threshold 15)
[2024-03-06T18:16:17.390+0000][1][gc,age      ] GC(3) - age   1:    1514184 bytes,    1514184 total
[2024-03-06T18:16:17.390+0000][1][gc,age      ] GC(3) - age   2:    1205776 bytes,    2719960 total
[2024-03-06T18:16:17.390+0000][1][gc,heap     ] GC(3) Eden regions: 48->0(93)
[2024-03-06T18:16:17.390+0000][1][gc,heap     ] GC(3) Survivor regions: 2->3(7)
[2024-03-06T18:16:17.390+0000][1][gc,heap     ] GC(3) Old regions: 7->7
[2024-03-06T18:16:17.390+0000][1][gc,heap     ] GC(3) Humongous regions: 3->3
[2024-03-06T18:16:17.390+0000][1][gc,metaspace] GC(3) Metaspace: 30871K(31232K)->30871K(31232K) NonClass: 27503K(27712K)->27503K(27712K) Class: 3368K(3520K)->3368K(3520K)
[2024-03-06T18:16:17.390+0000][1][gc          ] GC(3) Pause Young (Normal) (G1 Evacuation Pause) 58M->12M(512M) 7.915ms
[2024-03-06T18:16:17.390+0000][1][gc,cpu      ] GC(3) User=0.03s Sys=0.02s Real=0.00s
[2024-03-06T18:16:17.390+0000][1][safepoint   ] Safepoint "G1CollectForAllocation", Time since last: 537975058 ns, Reaching safepoint: 4709 ns, Cleanup: 94527 ns, At safepoint: 7980328 ns, Total: 8079564 ns
[2024-03-06T18:16:17.719+0000][1][gc,start    ] GC(4) Pause Young (Normal) (G1 Evacuation Pause)
[2024-03-06T18:16:17.719+0000][1][gc,task     ] GC(4) Using 10 workers of 10 for evacuation
[2024-03-06T18:16:17.719+0000][1][gc,age      ] GC(4) Desired survivor size 6815744 bytes, new threshold 15 (max threshold 15)
[2024-03-06T18:16:17.745+0000][1][gc,phases   ] GC(4)   Pre Evacuate Collection Set: 0.3ms
[2024-03-06T18:16:17.746+0000][1][gc,phases   ] GC(4)   Merge Heap Roots: 0.1ms
[2024-03-06T18:16:17.746+0000][1][gc,phases   ] GC(4)   Evacuate Collection Set: 24.9ms
[2024-03-06T18:16:17.746+0000][1][gc,phases   ] GC(4)   Post Evacuate Collection Set: 1.1ms
[2024-03-06T18:16:17.746+0000][1][gc,phases   ] GC(4)   Other: 0.2ms
[2024-03-06T18:16:17.746+0000][1][gc,age      ] GC(4) Age table with threshold 15 (max threshold 15)
[2024-03-06T18:16:17.746+0000][1][gc,age      ] GC(4) - age   1:    6369080 bytes,    6369080 total
[2024-03-06T18:16:17.746+0000][1][gc,age      ] GC(4) - age   2:    1472576 bytes,    7841656 total
[2024-03-06T18:16:17.746+0000][1][gc,age      ] GC(4) - age   3:    1184320 bytes,    9025976 total
[2024-03-06T18:16:17.746+0000][1][gc,heap     ] GC(4) Eden regions: 96->0(297)
[2024-03-06T18:16:17.746+0000][1][gc,heap     ] GC(4) Survivor regions: 3->10(13)
[2024-03-06T18:16:17.746+0000][1][gc,heap     ] GC(4) Old regions: 7->7
[2024-03-06T18:16:17.746+0000][1][gc,heap     ] GC(4) Humongous regions: 3->3
[2024-03-06T18:16:17.746+0000][1][gc,metaspace] GC(4) Metaspace: 32665K(33024K)->32665K(33024K) NonClass: 29041K(29248K)->29041K(29248K) Class: 3624K(3776K)->3624K(3776K)
[2024-03-06T18:16:17.746+0000][1][gc          ] GC(4) Pause Young (Normal) (G1 Evacuation Pause) 108M->18M(512M) 26.893ms
[2024-03-06T18:16:17.746+0000][1][gc,cpu      ] GC(4) User=0.08s Sys=0.06s Real=0.03s
[2024-03-06T18:16:17.746+0000][1][safepoint   ] Safepoint "G1CollectForAllocation", Time since last: 328692558 ns, Reaching safepoint: 12052 ns, Cleanup: 116148 ns, At safepoint: 26972272 ns, Total: 27100472 ns
[2024-03-06T18:16:18.186+0000][1][gc,start    ] GC(5) Pause Young (Concurrent Start) (Metadata GC Threshold)
[2024-03-06T18:16:18.186+0000][1][gc,task     ] GC(5) Using 10 workers of 10 for evacuation
[2024-03-06T18:16:18.186+0000][1][gc,age      ] GC(5) Desired survivor size 20447232 bytes, new threshold 15 (max threshold 15)
[2024-03-06T18:16:18.193+0000][1][gc,phases   ] GC(5)   Pre Evacuate Collection Set: 0.2ms
[2024-03-06T18:16:18.193+0000][1][gc,phases   ] GC(5)   Merge Heap Roots: 0.1ms
[2024-03-06T18:16:18.193+0000][1][gc,phases   ] GC(5)   Evacuate Collection Set: 5.4ms
[2024-03-06T18:16:18.193+0000][1][gc,phases   ] GC(5)   Post Evacuate Collection Set: 0.7ms
[2024-03-06T18:16:18.193+0000][1][gc,phases   ] GC(5)   Other: 0.1ms
[2024-03-06T18:16:18.193+0000][1][gc,age      ] GC(5) Age table with threshold 15 (max threshold 15)
[2024-03-06T18:16:18.193+0000][1][gc,age      ] GC(5) - age   1:    1638392 bytes,    1638392 total
[2024-03-06T18:16:18.193+0000][1][gc,age      ] GC(5) - age   2:     736840 bytes,    2375232 total
[2024-03-06T18:16:18.193+0000][1][gc,age      ] GC(5) - age   3:    1459720 bytes,    3834952 total
[2024-03-06T18:16:18.193+0000][1][gc,age      ] GC(5) - age   4:    1184288 bytes,    5019240 total
[2024-03-06T18:16:18.193+0000][1][gc,heap     ] GC(5) Eden regions: 76->0(301)
[2024-03-06T18:16:18.193+0000][1][gc,heap     ] GC(5) Survivor regions: 10->6(39)
[2024-03-06T18:16:18.193+0000][1][gc,heap     ] GC(5) Old regions: 7->7
[2024-03-06T18:16:18.193+0000][1][gc,heap     ] GC(5) Humongous regions: 3->3
[2024-03-06T18:16:18.193+0000][1][gc,metaspace] GC(5) Metaspace: 35577K(35968K)->35577K(35968K) NonClass: 31590K(31808K)->31590K(31808K) Class: 3986K(4160K)->3986K(4160K)
[2024-03-06T18:16:18.193+0000][1][gc          ] GC(5) Pause Young (Concurrent Start) (Metadata GC Threshold) 94M->14M(512M) 6.895ms
[2024-03-06T18:16:18.193+0000][1][gc,cpu      ] GC(5) User=0.02s Sys=0.00s Real=0.01s
[2024-03-06T18:16:18.193+0000][1][gc          ] GC(6) Concurrent Mark Cycle
[2024-03-06T18:16:18.193+0000][1][gc,marking  ] GC(6) Concurrent Scan Root Regions
[2024-03-06T18:16:18.195+0000][1][safepoint   ] Safepoint "CollectForMetadataAllocation", Time since last: 440312472 ns, Reaching safepoint: 6402 ns, Cleanup: 64281 ns, At safepoint: 8764669 ns, Total: 8835352 ns
[2024-03-06T18:16:18.196+0000][1][gc,marking  ] GC(6) Concurrent Scan Root Regions 3.052ms
[2024-03-06T18:16:18.196+0000][1][gc,marking  ] GC(6) Concurrent Mark
[2024-03-06T18:16:18.196+0000][1][gc,marking  ] GC(6) Concurrent Mark From Roots
[2024-03-06T18:16:18.196+0000][1][gc,task     ] GC(6) Using 3 workers of 3 for marking
[2024-03-06T18:16:18.198+0000][1][gc,marking  ] GC(6) Concurrent Mark From Roots 1.874ms
[2024-03-06T18:16:18.198+0000][1][gc,marking  ] GC(6) Concurrent Preclean
[2024-03-06T18:16:18.198+0000][1][gc,marking  ] GC(6) Concurrent Preclean 0.016ms
[2024-03-06T18:16:18.198+0000][1][gc,start    ] GC(6) Pause Remark
[2024-03-06T18:16:18.202+0000][1][gc          ] GC(6) Pause Remark 15M->15M(512M) 3.691ms
[2024-03-06T18:16:18.202+0000][1][gc,cpu      ] GC(6) User=0.02s Sys=0.00s Real=0.01s
[2024-03-06T18:16:18.202+0000][1][safepoint   ] Safepoint "G1PauseRemark", Time since last: 3239577 ns, Reaching safepoint: 4548 ns, Cleanup: 2445 ns, At safepoint: 3765884 ns, Total: 3772877 ns
[2024-03-06T18:16:18.202+0000][1][gc,marking  ] GC(6) Concurrent Mark 5.743ms
[2024-03-06T18:16:18.202+0000][1][gc,marking  ] GC(6) Concurrent Rebuild Remembered Sets and Scrub Regions
[2024-03-06T18:16:18.203+0000][1][gc,marking  ] GC(6) Concurrent Rebuild Remembered Sets and Scrub Regions 0.885ms
[2024-03-06T18:16:18.203+0000][1][gc,start    ] GC(6) Pause Cleanup
[2024-03-06T18:16:18.203+0000][1][gc          ] GC(6) Pause Cleanup 15M->15M(512M) 0.115ms
[2024-03-06T18:16:18.203+0000][1][gc,cpu      ] GC(6) User=0.01s Sys=0.00s Real=0.00s
[2024-03-06T18:16:18.203+0000][1][safepoint   ] Safepoint "G1PauseCleanup", Time since last: 963457 ns, Reaching safepoint: 71865 ns, Cleanup: 3877 ns, At safepoint: 152536 ns, Total: 228278 ns
[2024-03-06T18:16:18.203+0000][1][gc,marking  ] GC(6) Concurrent Clear Claimed Marks
[2024-03-06T18:16:18.203+0000][1][gc,marking  ] GC(6) Concurrent Clear Claimed Marks 0.037ms
[2024-03-06T18:16:18.203+0000][1][gc,marking  ] GC(6) Concurrent Cleanup for Next Mark
[2024-03-06T18:16:18.205+0000][1][gc,marking  ] GC(6) Concurrent Cleanup for Next Mark 1.383ms
[2024-03-06T18:16:18.205+0000][1][gc          ] GC(6) Concurrent Mark Cycle 11.576ms
[2024-03-06T18:16:18.712+0000][1][safepoint   ] Safepoint "ICBufferFull", Time since last: 508747365 ns, Reaching safepoint: 5931 ns, Cleanup: 122450 ns, At safepoint: 3587 ns, Total: 131968 ns
[2024-03-06T18:16:19.164+0000][1][safepoint   ] Safepoint "ICBufferFull", Time since last: 452369176 ns, Reaching safepoint: 5009 ns, Cleanup: 102172 ns, At safepoint: 5120 ns, Total: 112301 ns
[2024-03-06T18:16:19.778+0000][1][gc,start    ] GC(7) Pause Young (Prepare Mixed) (Metadata GC Threshold)
[2024-03-06T18:16:19.778+0000][1][gc,task     ] GC(7) Using 10 workers of 10 for evacuation
[2024-03-06T18:16:19.778+0000][1][gc,age      ] GC(7) Desired survivor size 20447232 bytes, new threshold 15 (max threshold 15)
[2024-03-06T18:16:19.791+0000][1][gc,phases   ] GC(7)   Pre Evacuate Collection Set: 0.3ms
[2024-03-06T18:16:19.791+0000][1][gc,phases   ] GC(7)   Merge Heap Roots: 0.1ms
[2024-03-06T18:16:19.791+0000][1][gc,phases   ] GC(7)   Evacuate Collection Set: 11.7ms
[2024-03-06T18:16:19.791+0000][1][gc,phases   ] GC(7)   Post Evacuate Collection Set: 1.2ms
[2024-03-06T18:16:19.791+0000][1][gc,phases   ] GC(7)   Other: 0.1ms
[2024-03-06T18:16:19.791+0000][1][gc,age      ] GC(7) Age table with threshold 15 (max threshold 15)
[2024-03-06T18:16:19.791+0000][1][gc,age      ] GC(7) - age   1:    6918312 bytes,    6918312 total
[2024-03-06T18:16:19.792+0000][1][gc,age      ] GC(7) - age   2:    1163792 bytes,    8082104 total
[2024-03-06T18:16:19.792+0000][1][gc,age      ] GC(7) - age   3:     688640 bytes,    8770744 total
[2024-03-06T18:16:19.792+0000][1][gc,age      ] GC(7) - age   4:    1410520 bytes,   10181264 total
[2024-03-06T18:16:19.792+0000][1][gc,age      ] GC(7) - age   5:    1166400 bytes,   11347664 total
[2024-03-06T18:16:19.792+0000][1][gc,heap     ] GC(7) Eden regions: 90->0(295)
[2024-03-06T18:16:19.792+0000][1][gc,heap     ] GC(7) Survivor regions: 6->12(39)
[2024-03-06T18:16:19.792+0000][1][gc,heap     ] GC(7) Old regions: 7->7
[2024-03-06T18:16:19.792+0000][1][gc,heap     ] GC(7) Humongous regions: 3->3
[2024-03-06T18:16:19.792+0000][1][gc,metaspace] GC(7) Metaspace: 59570K(60160K)->59570K(60160K) NonClass: 52121K(52416K)->52121K(52416K) Class: 7448K(7744K)->7448K(7744K)
[2024-03-06T18:16:19.792+0000][1][gc          ] GC(7) Pause Young (Prepare Mixed) (Metadata GC Threshold) 104M->20M(512M) 13.663ms
[2024-03-06T18:16:19.792+0000][1][gc,cpu      ] GC(7) User=0.05s Sys=0.00s Real=0.02s
[2024-03-06T18:16:19.792+0000][1][safepoint   ] Safepoint "CollectForMetadataAllocation", Time since last: 613295906 ns, Reaching safepoint: 9257 ns, Cleanup: 167645 ns, At safepoint: 13765660 ns, Total: 13942562 ns
[2024-03-06T18:16:19.864+0000][1][gc,start    ] GC(8) Pause Young (Mixed) (Metadata GC Threshold)
[2024-03-06T18:16:19.864+0000][1][gc,task     ] GC(8) Using 10 workers of 10 for evacuation
[2024-03-06T18:16:19.864+0000][1][gc,age      ] GC(8) Desired survivor size 20447232 bytes, new threshold 15 (max threshold 15)
[2024-03-06T18:16:19.875+0000][1][gc,phases   ] GC(8)   Pre Evacuate Collection Set: 0.2ms
[2024-03-06T18:16:19.875+0000][1][gc,phases   ] GC(8)   Merge Heap Roots: 0.1ms
[2024-03-06T18:16:19.875+0000][1][gc,phases   ] GC(8)   Evacuate Collection Set: 10.0ms
[2024-03-06T18:16:19.875+0000][1][gc,phases   ] GC(8)   Post Evacuate Collection Set: 0.9ms
[2024-03-06T18:16:19.875+0000][1][gc,phases   ] GC(8)   Other: 0.1ms
[2024-03-06T18:16:19.875+0000][1][gc,age      ] GC(8) Age table with threshold 15 (max threshold 15)
[2024-03-06T18:16:19.875+0000][1][gc,age      ] GC(8) - age   1:    1026664 bytes,    1026664 total
[2024-03-06T18:16:19.875+0000][1][gc,age      ] GC(8) - age   2:    6736792 bytes,    7763456 total
[2024-03-06T18:16:19.875+0000][1][gc,age      ] GC(8) - age   3:    1163632 bytes,    8927088 total
[2024-03-06T18:16:19.875+0000][1][gc,age      ] GC(8) - age   4:     688608 bytes,    9615696 total
[2024-03-06T18:16:19.875+0000][1][gc,age      ] GC(8) - age   5:    1410168 bytes,   11025864 total
[2024-03-06T18:16:19.875+0000][1][gc,age      ] GC(8) - age   6:    1165728 bytes,   12191592 total
[2024-03-06T18:16:19.875+0000][1][gc,heap     ] GC(8) Eden regions: 3->0(294)
[2024-03-06T18:16:19.875+0000][1][gc,heap     ] GC(8) Survivor regions: 12->13(39)
[2024-03-06T18:16:19.875+0000][1][gc,heap     ] GC(8) Old regions: 7->7
[2024-03-06T18:16:19.875+0000][1][gc,heap     ] GC(8) Humongous regions: 3->3
[2024-03-06T18:16:19.875+0000][1][gc,metaspace] GC(8) Metaspace: 59887K(60480K)->59887K(60480K) NonClass: 52379K(52672K)->52379K(52672K) Class: 7507K(7808K)->7507K(7808K)
[2024-03-06T18:16:19.875+0000][1][gc          ] GC(8) Pause Young (Mixed) (Metadata GC Threshold) 23M->22M(512M) 11.604ms
[2024-03-06T18:16:19.875+0000][1][gc,cpu      ] GC(8) User=0.06s Sys=0.00s Real=0.01s
[2024-03-06T18:16:19.876+0000][1][safepoint   ] Safepoint "CollectForMetadataAllocation", Time since last: 72119474 ns, Reaching safepoint: 6192 ns, Cleanup: 12373 ns, At safepoint: 11696028 ns, Total: 11714593 ns
[2024-03-06T18:16:19.876+0000][1][safepoint   ] Safepoint "CollectForMetadataAllocation", Time since last: 91432 ns, Reaching safepoint: 78958 ns, Cleanup: 2695 ns, At safepoint: 5901 ns, Total: 87554 ns
[2024-03-06T18:16:19.916+0000][1][gc,start    ] GC(9) Pause Young (Concurrent Start) (Metadata GC Threshold)
[2024-03-06T18:16:19.916+0000][1][gc,task     ] GC(9) Using 10 workers of 10 for evacuation
[2024-03-06T18:16:19.916+0000][1][gc,age      ] GC(9) Desired survivor size 20447232 bytes, new threshold 15 (max threshold 15)
[2024-03-06T18:16:19.926+0000][1][gc,phases   ] GC(9)   Pre Evacuate Collection Set: 0.2ms
[2024-03-06T18:16:19.926+0000][1][gc,phases   ] GC(9)   Merge Heap Roots: 0.0ms
[2024-03-06T18:16:19.926+0000][1][gc,phases   ] GC(9)   Evacuate Collection Set: 8.0ms
[2024-03-06T18:16:19.926+0000][1][gc,phases   ] GC(9)   Post Evacuate Collection Set: 1.0ms
[2024-03-06T18:16:19.926+0000][1][gc,phases   ] GC(9)   Other: 0.1ms
[2024-03-06T18:16:19.926+0000][1][gc,age      ] GC(9) Age table with threshold 15 (max threshold 15)
[2024-03-06T18:16:19.926+0000][1][gc,age      ] GC(9) - age   1:     187960 bytes,     187960 total
[2024-03-06T18:16:19.926+0000][1][gc,age      ] GC(9) - age   2:     867336 bytes,    1055296 total
[2024-03-06T18:16:19.926+0000][1][gc,age      ] GC(9) - age   3:    6736760 bytes,    7792056 total
[2024-03-06T18:16:19.926+0000][1][gc,age      ] GC(9) - age   4:    1163632 bytes,    8955688 total
[2024-03-06T18:16:19.926+0000][1][gc,age      ] GC(9) - age   5:     688608 bytes,    9644296 total
[2024-03-06T18:16:19.926+0000][1][gc,age      ] GC(9) - age   6:    1410168 bytes,   11054464 total
[2024-03-06T18:16:19.926+0000][1][gc,age      ] GC(9) - age   7:    1165728 bytes,   12220192 total
[2024-03-06T18:16:19.926+0000][1][gc,heap     ] GC(9) Eden regions: 2->0(293)
[2024-03-06T18:16:19.926+0000][1][gc,heap     ] GC(9) Survivor regions: 13->14(39)
[2024-03-06T18:16:19.926+0000][1][gc,heap     ] GC(9) Old regions: 7->7
[2024-03-06T18:16:19.926+0000][1][gc,heap     ] GC(9) Humongous regions: 3->3
[2024-03-06T18:16:19.926+0000][1][gc,metaspace] GC(9) Metaspace: 60197K(60800K)->60197K(60800K) NonClass: 52671K(52992K)->52671K(52992K) Class: 7526K(7808K)->7526K(7808K)
[2024-03-06T18:16:19.926+0000][1][gc          ] GC(9) Pause Young (Concurrent Start) (Metadata GC Threshold) 24M->22M(512M) 9.706ms
[2024-03-06T18:16:19.926+0000][1][gc,cpu      ] GC(9) User=0.04s Sys=0.02s Real=0.01s
[2024-03-06T18:16:19.926+0000][1][gc          ] GC(10) Concurrent Mark Cycle
[2024-03-06T18:16:19.926+0000][1][gc,marking  ] GC(10) Concurrent Scan Root Regions
[2024-03-06T18:16:19.926+0000][1][safepoint   ] Safepoint "CollectForMetadataAllocation", Time since last: 40498693 ns, Reaching safepoint: 8456 ns, Cleanup: 44704 ns, At safepoint: 9806965 ns, Total: 9860125 ns
[2024-03-06T18:16:19.931+0000][1][gc,marking  ] GC(10) Concurrent Scan Root Regions 4.999ms
[2024-03-06T18:16:19.931+0000][1][gc,marking  ] GC(10) Concurrent Mark
[2024-03-06T18:16:19.931+0000][1][gc,marking  ] GC(10) Concurrent Mark From Roots
[2024-03-06T18:16:19.931+0000][1][gc,task     ] GC(10) Using 3 workers of 3 for marking
[2024-03-06T18:16:19.933+0000][1][gc,marking  ] GC(10) Concurrent Mark From Roots 2.363ms
[2024-03-06T18:16:19.934+0000][1][gc,marking  ] GC(10) Concurrent Preclean
[2024-03-06T18:16:19.934+0000][1][gc,marking  ] GC(10) Concurrent Preclean 0.025ms
[2024-03-06T18:16:19.937+0000][1][gc,start    ] GC(10) Pause Remark
[2024-03-06T18:16:19.940+0000][1][gc          ] GC(10) Pause Remark 23M->23M(512M) 3.225ms
[2024-03-06T18:16:19.940+0000][1][gc,cpu      ] GC(10) User=0.01s Sys=0.00s Real=0.00s
[2024-03-06T18:16:19.940+0000][1][safepoint   ] Safepoint "G1PauseRemark", Time since last: 7561693 ns, Reaching safepoint: 3129210 ns, Cleanup: 13986 ns, At safepoint: 3341177 ns, Total: 6484373 ns
[2024-03-06T18:16:19.940+0000][1][gc,marking  ] GC(10) Concurrent Mark 9.028ms
[2024-03-06T18:16:19.940+0000][1][gc,marking  ] GC(10) Concurrent Rebuild Remembered Sets and Scrub Regions
[2024-03-06T18:16:19.941+0000][1][gc,marking  ] GC(10) Concurrent Rebuild Remembered Sets and Scrub Regions 0.975ms
[2024-03-06T18:16:19.942+0000][1][gc,start    ] GC(10) Pause Cleanup
[2024-03-06T18:16:19.942+0000][1][gc          ] GC(10) Pause Cleanup 23M->23M(512M) 0.149ms
[2024-03-06T18:16:19.942+0000][1][gc,cpu      ] GC(10) User=0.01s Sys=0.00s Real=0.00s
[2024-03-06T18:16:19.942+0000][1][safepoint   ] Safepoint "G1PauseCleanup", Time since last: 1079464 ns, Reaching safepoint: 794982 ns, Cleanup: 4017 ns, At safepoint: 196459 ns, Total: 995458 ns
[2024-03-06T18:16:19.942+0000][1][gc,marking  ] GC(10) Concurrent Clear Claimed Marks
[2024-03-06T18:16:19.942+0000][1][gc,marking  ] GC(10) Concurrent Clear Claimed Marks 0.060ms
[2024-03-06T18:16:19.942+0000][1][gc,marking  ] GC(10) Concurrent Cleanup for Next Mark
[2024-03-06T18:16:19.943+0000][1][gc,marking  ] GC(10) Concurrent Cleanup for Next Mark 1.102ms
[2024-03-06T18:16:19.943+0000][1][gc          ] GC(10) Concurrent Mark Cycle 17.421ms
[2024-03-06T18:16:20.318+0000][1][safepoint   ] Safepoint "ICBufferFull", Time since last: 375198869 ns, Reaching safepoint: 7864 ns, Cleanup: 155572 ns, At safepoint: 5020 ns, Total: 168456 ns
[2024-03-06T18:16:21.318+0000][1][safepoint   ] Safepoint "Cleanup", Time since last: 1000122886 ns, Reaching safepoint: 26750 ns, Cleanup: 107301 ns, At safepoint: 8566 ns, Total: 142617 ns
[2024-03-06T18:16:23.318+0000][1][safepoint   ] Safepoint "Cleanup", Time since last: 2000172353 ns, Reaching safepoint: 8366 ns, Cleanup: 16030 ns, At safepoint: 3126 ns, Total: 27522 ns
[2024-03-06T18:16:24.318+0000][1][safepoint   ] Safepoint "Cleanup", Time since last: 1000119379 ns, Reaching safepoint: 10510 ns, Cleanup: 20749 ns, At safepoint: 5190 ns, Total: 36449 ns
[2024-03-06T18:16:26.319+0000][1][safepoint   ] Safepoint "Cleanup", Time since last: 2000234319 ns, Reaching safepoint: 60484 ns, Cleanup: 23704 ns, At safepoint: 16581 ns, Total: 100769 ns
[2024-03-06T18:16:29.319+0000][1][safepoint   ] Safepoint "Cleanup", Time since last: 3000637272 ns, Reaching safepoint: 8245 ns, Cleanup: 16501 ns, At safepoint: 4158 ns, Total: 28904 ns
[2024-03-06T18:16:30.319+0000][1][safepoint   ] Safepoint "Cleanup", Time since last: 1000172600 ns, Reaching safepoint: 46828 ns, Cleanup: 16531 ns, At safepoint: 14377 ns, Total: 77736 ns
[2024-03-06T18:16:31.320+0000][1][safepoint   ] Safepoint "Cleanup", Time since last: 1000118446 ns, Reaching safepoint: 8246 ns, Cleanup: 17813 ns, At safepoint: 3637 ns, Total: 29696 ns
[2024-03-06T18:16:36.320+0000][1][safepoint   ] Safepoint "Cleanup", Time since last: 5000393723 ns, Reaching safepoint: 50435 ns, Cleanup: 15208 ns, At safepoint: 4329 ns, Total: 69972 ns
[2024-03-06T18:16:37.320+0000][1][safepoint   ] Safepoint "Cleanup", Time since last: 1000230481 ns, Reaching safepoint: 8746 ns, Cleanup: 14748 ns, At safepoint: 5019 ns, Total: 28513 ns
[2024-03-06T18:16:41.321+0000][1][safepoint   ] Safepoint "Cleanup", Time since last: 4000737944 ns, Reaching safepoint: 58950 ns, Cleanup: 15740 ns, At safepoint: 4568 ns, Total: 79258 ns
[2024-03-06T18:16:43.322+0000][1][safepoint   ] Safepoint "Cleanup", Time since last: 2000607293 ns, Reaching safepoint: 8005 ns, Cleanup: 13535 ns, At safepoint: 4428 ns, Total: 25968 ns
[2024-03-06T18:16:45.322+0000][1][safepoint   ] Safepoint "Cleanup", Time since last: 2000363422 ns, Reaching safepoint: 8215 ns, Cleanup: 13575 ns, At safepoint: 4158 ns, Total: 25948 ns
[2024-03-06T18:17:07.325+0000][1][safepoint   ] Safepoint "Cleanup", Time since last: 22003084383 ns, Reaching safepoint: 47038 ns, Cleanup: 18214 ns, At safepoint: 3577 ns, Total: 68829 ns
[2024-03-06T18:17:29.032+0000][1][safepoint   ] Safepoint "Cleanup", Time since last: 21706467238 ns, Reaching safepoint: 57969 ns, Cleanup: 13445 ns, At safepoint: 3847 ns, Total: 75261 ns
[2024-03-06T18:17:30.032+0000][1][safepoint   ] Safepoint "Cleanup", Time since last: 1000112025 ns, Reaching safepoint: 6332 ns, Cleanup: 10510 ns, At safepoint: 2555 ns, Total: 19397 ns
[2024-03-06T18:17:31.032+0000][1][safepoint   ] Safepoint "Cleanup", Time since last: 1000124047 ns, Reaching safepoint: 9909 ns, Cleanup: 11922 ns, At safepoint: 4519 ns, Total: 26350 ns
[2024-03-06T18:17:32.032+0000][1][safepoint   ] Safepoint "Cleanup", Time since last: 1000131201 ns, Reaching safepoint: 53090 ns, Cleanup: 15168 ns, At safepoint: 4939 ns, Total: 73197 ns
[2024-03-06T18:17:37.033+0000][1][safepoint   ] Safepoint "Cleanup", Time since last: 5000830166 ns, Reaching safepoint: 48391 ns, Cleanup: 18114 ns, At safepoint: 4428 ns, Total: 70933 ns
[2024-03-06T18:17:38.033+0000][1][safepoint   ] Safepoint "Cleanup", Time since last: 1000184050 ns, Reaching safepoint: 58279 ns, Cleanup: 15630 ns, At safepoint: 4518 ns, Total: 78427 ns
[2024-03-06T18:17:39.034+0000][1][safepoint   ] Safepoint "Cleanup", Time since last: 1000188589 ns, Reaching safepoint: 8777 ns, Cleanup: 14316 ns, At safepoint: 3828 ns, Total: 26921 ns
[2024-03-06T18:17:41.034+0000][1][safepoint   ] Safepoint "Cleanup", Time since last: 2000198610 ns, Reaching safepoint: 7103 ns, Cleanup: 11111 ns, At safepoint: 2615 ns, Total: 20829 ns
[2024-03-06T18:17:42.034+0000][1][safepoint   ] Safepoint "Cleanup", Time since last: 1000500723 ns, Reaching safepoint: 9899 ns, Cleanup: 14407 ns, At safepoint: 4248 ns, Total: 28554 ns
[2024-03-06T18:17:43.035+0000][1][safepoint   ] Safepoint "Cleanup", Time since last: 1000186595 ns, Reaching safepoint: 46557 ns, Cleanup: 20459 ns, At safepoint: 93114 ns, Total: 160130 ns
[2024-03-06T18:18:20.043+0000][1][safepoint   ] Safepoint "Cleanup", Time since last: 37008411330 ns, Reaching safepoint: 47669 ns, Cleanup: 13856 ns, At safepoint: 3928 ns, Total: 65453 ns
[2024-03-06T18:18:21.043+0000][1][safepoint   ] Safepoint "Cleanup", Time since last: 1000111834 ns, Reaching safepoint: 7063 ns, Cleanup: 14147 ns, At safepoint: 2795 ns, Total: 24005 ns
[2024-03-06T18:18:28.045+0000][1][safepoint   ] Safepoint "Cleanup", Time since last: 7001333356 ns, Reaching safepoint: 48582 ns, Cleanup: 22572 ns, At safepoint: 3987 ns, Total: 75141 ns
[2024-03-06T18:18:29.045+0000][1][safepoint   ] Safepoint "Cleanup", Time since last: 1000118197 ns, Reaching safepoint: 47168 ns, Cleanup: 14547 ns, At safepoint: 14708 ns, Total: 76423 ns
[2024-03-06T18:18:34.045+0000][1][safepoint   ] Safepoint "Cleanup", Time since last: 5000449476 ns, Reaching safepoint: 6853 ns, Cleanup: 10870 ns, At safepoint: 2585 ns, Total: 20308 ns
[2024-03-06T18:18:38.046+0000][1][safepoint   ] Safepoint "Cleanup", Time since last: 4000382778 ns, Reaching safepoint: 50335 ns, Cleanup: 17212 ns, At safepoint: 4949 ns, Total: 72496 ns
[2024-03-06T18:18:47.047+0000][1][safepoint   ] Safepoint "Cleanup", Time since last: 9000711011 ns, Reaching safepoint: 47890 ns, Cleanup: 23053 ns, At safepoint: 4007 ns, Total: 74950 ns
[2024-03-06T18:18:50.047+0000][1][safepoint   ] Safepoint "Cleanup", Time since last: 3000273270 ns, Reaching safepoint: 7975 ns, Cleanup: 14176 ns, At safepoint: 4208 ns, Total: 26359 ns
[2024-03-06T18:18:51.047+0000][1][safepoint   ] Safepoint "Cleanup", Time since last: 1000139847 ns, Reaching safepoint: 46878 ns, Cleanup: 13074 ns, At safepoint: 4529 ns, Total: 64481 ns
[2024-03-06T18:18:54.048+0000][1][safepoint   ] Safepoint "Cleanup", Time since last: 3000279951 ns, Reaching safepoint: 8385 ns, Cleanup: 13045 ns, At safepoint: 3717 ns, Total: 25147 ns
[2024-03-06T18:19:01.048+0000][1][safepoint   ] Safepoint "Cleanup", Time since last: 7000561450 ns, Reaching safepoint: 50305 ns, Cleanup: 17492 ns, At safepoint: 15740 ns, Total: 83537 ns
[2024-03-06T18:19:02.048+0000][1][safepoint   ] Safepoint "Cleanup", Time since last: 1000144645 ns, Reaching safepoint: 8506 ns, Cleanup: 14918 ns, At safepoint: 3868 ns, Total: 27292 ns
[2024-03-06T18:19:09.049+0000][1][safepoint   ] Safepoint "Cleanup", Time since last: 7000591373 ns, Reaching safepoint: 32952 ns, Cleanup: 10038 ns, At safepoint: 2295 ns, Total: 45285 ns
[2024-03-06T18:19:23.051+0000][1][safepoint   ] Safepoint "Cleanup", Time since last: 14001710699 ns, Reaching safepoint: 42580 ns, Cleanup: 11792 ns, At safepoint: 2715 ns, Total: 57087 ns
[2024-03-06T18:19:33.052+0000][1][safepoint   ] Safepoint "Cleanup", Time since last: 10001173622 ns, Reaching safepoint: 49743 ns, Cleanup: 17403 ns, At safepoint: 5119 ns, Total: 72265 ns
[2024-03-06T18:19:40.053+0000][1][safepoint   ] Safepoint "Cleanup", Time since last: 7001088607 ns, Reaching safepoint: 57017 ns, Cleanup: 19527 ns, At safepoint: 4008 ns, Total: 80552 ns
[2024-03-06T18:19:41.053+0000][1][safepoint   ] Safepoint "Cleanup", Time since last: 1000123947 ns, Reaching safepoint: 8205 ns, Cleanup: 12303 ns, At safepoint: 4419 ns, Total: 24927 ns
[2024-03-06T18:19:51.054+0000][1][safepoint   ] Safepoint "Cleanup", Time since last: 10000887435 ns, Reaching safepoint: 43692 ns, Cleanup: 18906 ns, At safepoint: 3877 ns, Total: 66475 ns
[2024-03-06T18:19:54.055+0000][1][safepoint   ] Safepoint "Cleanup", Time since last: 3000250163 ns, Reaching safepoint: 50084 ns, Cleanup: 13375 ns, At safepoint: 4348 ns, Total: 67807 ns
[2024-03-06T18:19:58.056+0000][1][safepoint   ] Safepoint "Cleanup", Time since last: 4001178144 ns, Reaching safepoint: 8265 ns, Cleanup: 13846 ns, At safepoint: 3577 ns, Total: 25688 ns
[2024-03-06T18:19:59.056+0000][1][safepoint   ] Safepoint "Cleanup", Time since last: 1000160487 ns, Reaching safepoint: 48661 ns, Cleanup: 14006 ns, At safepoint: 15550 ns, Total: 78217 ns
[2024-03-06T18:20:01.056+0000][1][safepoint   ] Safepoint "Cleanup", Time since last: 2000218592 ns, Reaching safepoint: 8587 ns, Cleanup: 15609 ns, At safepoint: 3687 ns, Total: 27883 ns
[2024-03-06T18:20:05.057+0000][1][safepoint   ] Safepoint "Cleanup", Time since last: 4000504263 ns, Reaching safepoint: 41868 ns, Cleanup: 13185 ns, At safepoint: 3747 ns, Total: 58800 ns
[2024-03-06T18:20:13.058+0000][1][safepoint   ] Safepoint "Cleanup", Time since last: 8000735422 ns, Reaching safepoint: 59241 ns, Cleanup: 18816 ns, At safepoint: 4598 ns, Total: 82655 ns
[2024-03-06T18:20:21.058+0000][1][safepoint   ] Safepoint "Cleanup", Time since last: 8000746012 ns, Reaching safepoint: 43772 ns, Cleanup: 12994 ns, At safepoint: 4138 ns, Total: 60904 ns
[2024-03-06T18:20:37.061+0000][1][safepoint   ] Safepoint "Cleanup", Time since last: 16002968519 ns, Reaching safepoint: 49724 ns, Cleanup: 11742 ns, At safepoint: 4308 ns, Total: 65774 ns
[2024-03-06T18:20:41.062+0000][1][safepoint   ] Safepoint "Cleanup", Time since last: 4000789661 ns, Reaching safepoint: 41427 ns, Cleanup: 13115 ns, At safepoint: 3647 ns, Total: 58189 ns
[2024-03-06T18:20:43.063+0000][1][safepoint   ] Safepoint "Cleanup", Time since last: 2000184868 ns, Reaching safepoint: 8836 ns, Cleanup: 17894 ns, At safepoint: 3496 ns, Total: 30226 ns
[2024-03-06T18:20:54.669+0000][1][gc,heap,exit] Heap
[2024-03-06T18:20:54.669+0000][1][gc,heap,exit]  garbage-first heap   total 524288K, used 103845K [0x00000000e0000000, 0x0000000100000000)
[2024-03-06T18:20:54.669+0000][1][gc,heap,exit]   region size 1024K, 93 young (95232K), 14 survivors (14336K)
[2024-03-06T18:20:54.669+0000][1][gc,heap,exit]  Metaspace       used 72418K, committed 73600K, reserved 1114112K
[2024-03-06T18:20:54.669+0000][1][gc,heap,exit]   class space    used 9539K, committed 10048K, reserved 1048576K
