[2024-03-06T18:13:49.754+0000][1][gc,init] CardTable entry size: 512
[2024-03-06T18:13:49.754+0000][1][gc     ] Using G1
[2024-03-06T18:13:49.760+0000][1][gc,init] Version: 21.0.2+13-LTS (release)
[2024-03-06T18:13:49.760+0000][1][gc,init] CPUs: 12 total, 12 available
[2024-03-06T18:13:49.760+0000][1][gc,init] Memory: 7867M
[2024-03-06T18:13:49.760+0000][1][gc,init] Large Page Support: Disabled
[2024-03-06T18:13:49.760+0000][1][gc,init] NUMA Support: Disabled
[2024-03-06T18:13:49.760+0000][1][gc,init] Compressed Oops: Enabled (32-bit)
[2024-03-06T18:13:49.760+0000][1][gc,init] Heap Region Size: 1M
[2024-03-06T18:13:49.760+0000][1][gc,init] Heap Min Capacity: 512M
[2024-03-06T18:13:49.760+0000][1][gc,init] Heap Initial Capacity: 512M
[2024-03-06T18:13:49.760+0000][1][gc,init] Heap Max Capacity: 512M
[2024-03-06T18:13:49.760+0000][1][gc,init] Pre-touch: Disabled
[2024-03-06T18:13:49.760+0000][1][gc,init] Parallel Workers: 10
[2024-03-06T18:13:49.760+0000][1][gc,init] Concurrent Workers: 3
[2024-03-06T18:13:49.760+0000][1][gc,init] Concurrent Refinement Workers: 10
[2024-03-06T18:13:49.760+0000][1][gc,init] Periodic GC: Disabled
[2024-03-06T18:13:49.760+0000][1][gc,metaspace] CDS archive(s) not mapped
[2024-03-06T18:13:49.760+0000][1][gc,metaspace] Compressed class space mapped at: 0x0000000100000000-0x0000000140000000, reserved size: 1073741824
[2024-03-06T18:13:49.760+0000][1][gc,metaspace] Narrow klass base: 0x0000000000000000, Narrow klass shift: 3, Narrow klass range: 0x140000000
[2024-03-06T18:13:50.366+0000][1][gc,start    ] GC(0) Pause Young (Normal) (G1 Evacuation Pause)
[2024-03-06T18:13:50.367+0000][1][gc,task     ] GC(0) Using 10 workers of 10 for evacuation
[2024-03-06T18:13:50.367+0000][1][gc,age      ] GC(0) Desired survivor size 2097152 bytes, new threshold 15 (max threshold 15)
[2024-03-06T18:13:50.381+0000][1][gc,phases   ] GC(0)   Pre Evacuate Collection Set: 0.2ms
[2024-03-06T18:13:50.381+0000][1][gc,phases   ] GC(0)   Merge Heap Roots: 0.1ms
[2024-03-06T18:13:50.381+0000][1][gc,phases   ] GC(0)   Evacuate Collection Set: 12.8ms
[2024-03-06T18:13:50.381+0000][1][gc,phases   ] GC(0)   Post Evacuate Collection Set: 0.6ms
[2024-03-06T18:13:50.381+0000][1][gc,phases   ] GC(0)   Other: 1.2ms
[2024-03-06T18:13:50.381+0000][1][gc,age      ] GC(0) Age table with threshold 15 (max threshold 15)
[2024-03-06T18:13:50.381+0000][1][gc,age      ] GC(0) - age   1:    3947880 bytes,    3947880 total
[2024-03-06T18:13:50.381+0000][1][gc,heap     ] GC(0) Eden regions: 25->0(29)
[2024-03-06T18:13:50.381+0000][1][gc,heap     ] GC(0) Survivor regions: 0->4(4)
[2024-03-06T18:13:50.381+0000][1][gc,heap     ] GC(0) Old regions: 0->3
[2024-03-06T18:13:50.381+0000][1][gc,heap     ] GC(0) Humongous regions: 3->3
[2024-03-06T18:13:50.381+0000][1][gc,metaspace] GC(0) Metaspace: 16635K(16832K)->16635K(16832K) NonClass: 15003K(15104K)->15003K(15104K) Class: 1631K(1728K)->1631K(1728K)
[2024-03-06T18:13:50.381+0000][1][gc          ] GC(0) Pause Young (Normal) (G1 Evacuation Pause) 28M->9M(512M) 15.181ms
[2024-03-06T18:13:50.381+0000][1][gc,cpu      ] GC(0) User=0.03s Sys=0.05s Real=0.02s
[2024-03-06T18:13:50.381+0000][1][safepoint   ] Safepoint "G1CollectForAllocation", Time since last: 592039555 ns, Reaching safepoint: 5200 ns, Cleanup: 105458 ns, At safepoint: 15233022 ns, Total: 15343680 ns
[2024-03-06T18:13:50.720+0000][1][gc,start    ] GC(1) Pause Young (Concurrent Start) (Metadata GC Threshold)
[2024-03-06T18:13:50.721+0000][1][gc,task     ] GC(1) Using 10 workers of 10 for evacuation
[2024-03-06T18:13:50.721+0000][1][gc,age      ] GC(1) Desired survivor size 2621440 bytes, new threshold 1 (max threshold 15)
[2024-03-06T18:13:50.730+0000][1][gc,phases   ] GC(1)   Pre Evacuate Collection Set: 0.2ms
[2024-03-06T18:13:50.730+0000][1][gc,phases   ] GC(1)   Merge Heap Roots: 0.1ms
[2024-03-06T18:13:50.730+0000][1][gc,phases   ] GC(1)   Evacuate Collection Set: 9.0ms
[2024-03-06T18:13:50.730+0000][1][gc,phases   ] GC(1)   Post Evacuate Collection Set: 0.5ms
[2024-03-06T18:13:50.730+0000][1][gc,phases   ] GC(1)   Other: 0.1ms
[2024-03-06T18:13:50.731+0000][1][gc,age      ] GC(1) Age table with threshold 1 (max threshold 15)
[2024-03-06T18:13:50.731+0000][1][gc,age      ] GC(1) - age   1:    1292520 bytes,    1292520 total
[2024-03-06T18:13:50.731+0000][1][gc,heap     ] GC(1) Eden regions: 15->0(46)
[2024-03-06T18:13:50.731+0000][1][gc,heap     ] GC(1) Survivor regions: 4->2(5)
[2024-03-06T18:13:50.731+0000][1][gc,heap     ] GC(1) Old regions: 3->7
[2024-03-06T18:13:50.731+0000][1][gc,heap     ] GC(1) Humongous regions: 3->3
[2024-03-06T18:13:50.731+0000][1][gc,metaspace] GC(1) Metaspace: 21266K(21504K)->21266K(21504K) NonClass: 19018K(19136K)->19018K(19136K) Class: 2247K(2368K)->2247K(2368K)
[2024-03-06T18:13:50.731+0000][1][gc          ] GC(1) Pause Young (Concurrent Start) (Metadata GC Threshold) 24M->10M(512M) 10.159ms
[2024-03-06T18:13:50.731+0000][1][gc,cpu      ] GC(1) User=0.02s Sys=0.05s Real=0.01s
[2024-03-06T18:13:50.731+0000][1][gc          ] GC(2) Concurrent Mark Cycle
[2024-03-06T18:13:50.731+0000][1][gc,marking  ] GC(2) Concurrent Scan Root Regions
[2024-03-06T18:13:50.731+0000][1][safepoint   ] Safepoint "CollectForMetadataAllocation", Time since last: 338977579 ns, Reaching safepoint: 3687 ns, Cleanup: 84689 ns, At safepoint: 10261217 ns, Total: 10349593 ns
[2024-03-06T18:13:50.732+0000][1][gc,marking  ] GC(2) Concurrent Scan Root Regions 1.465ms
[2024-03-06T18:13:50.732+0000][1][gc,marking  ] GC(2) Concurrent Mark
[2024-03-06T18:13:50.732+0000][1][gc,marking  ] GC(2) Concurrent Mark From Roots
[2024-03-06T18:13:50.732+0000][1][gc,task     ] GC(2) Using 3 workers of 3 for marking
[2024-03-06T18:13:50.733+0000][1][gc,marking  ] GC(2) Concurrent Mark From Roots 0.836ms
[2024-03-06T18:13:50.733+0000][1][gc,marking  ] GC(2) Concurrent Preclean
[2024-03-06T18:13:50.733+0000][1][gc,marking  ] GC(2) Concurrent Preclean 0.009ms
[2024-03-06T18:13:50.733+0000][1][gc,start    ] GC(2) Pause Remark
[2024-03-06T18:13:50.734+0000][1][gc          ] GC(2) Pause Remark 11M->11M(512M) 1.022ms
[2024-03-06T18:13:50.734+0000][1][gc,cpu      ] GC(2) User=0.01s Sys=0.00s Real=0.00s
[2024-03-06T18:13:50.734+0000][1][safepoint   ] Safepoint "G1PauseRemark", Time since last: 2381216 ns, Reaching safepoint: 138179 ns, Cleanup: 9739 ns, At safepoint: 1090575 ns, Total: 1238493 ns
[2024-03-06T18:13:50.734+0000][1][gc,marking  ] GC(2) Concurrent Mark 2.157ms
[2024-03-06T18:13:50.734+0000][1][gc,marking  ] GC(2) Concurrent Rebuild Remembered Sets and Scrub Regions
[2024-03-06T18:13:50.735+0000][1][gc,marking  ] GC(2) Concurrent Rebuild Remembered Sets and Scrub Regions 0.622ms
[2024-03-06T18:13:50.735+0000][1][gc,start    ] GC(2) Pause Cleanup
[2024-03-06T18:13:50.735+0000][1][gc          ] GC(2) Pause Cleanup 11M->11M(512M) 0.112ms
[2024-03-06T18:13:50.735+0000][1][gc,cpu      ] GC(2) User=0.00s Sys=0.00s Real=0.00s
[2024-03-06T18:13:50.735+0000][1][safepoint   ] Safepoint "G1PauseCleanup", Time since last: 680406 ns, Reaching safepoint: 69902 ns, Cleanup: 2324 ns, At safepoint: 139782 ns, Total: 212008 ns
[2024-03-06T18:13:50.735+0000][1][gc,marking  ] GC(2) Concurrent Clear Claimed Marks
[2024-03-06T18:13:50.735+0000][1][gc,marking  ] GC(2) Concurrent Clear Claimed Marks 0.023ms
[2024-03-06T18:13:50.735+0000][1][gc,marking  ] GC(2) Concurrent Cleanup for Next Mark
[2024-03-06T18:13:50.736+0000][1][gc,marking  ] GC(2) Concurrent Cleanup for Next Mark 1.087ms
[2024-03-06T18:13:50.736+0000][1][gc          ] GC(2) Concurrent Mark Cycle 5.739ms
[2024-03-06T18:13:51.247+0000][1][gc,start    ] GC(3) Pause Young (Prepare Mixed) (G1 Evacuation Pause)
[2024-03-06T18:13:51.247+0000][1][gc,task     ] GC(3) Using 10 workers of 10 for evacuation
[2024-03-06T18:13:51.247+0000][1][gc,age      ] GC(3) Desired survivor size 3145728 bytes, new threshold 15 (max threshold 15)
[2024-03-06T18:13:51.256+0000][1][gc,phases   ] GC(3)   Pre Evacuate Collection Set: 0.1ms
[2024-03-06T18:13:51.256+0000][1][gc,phases   ] GC(3)   Merge Heap Roots: 0.1ms
[2024-03-06T18:13:51.256+0000][1][gc,phases   ] GC(3)   Evacuate Collection Set: 8.3ms
[2024-03-06T18:13:51.256+0000][1][gc,phases   ] GC(3)   Post Evacuate Collection Set: 0.8ms
[2024-03-06T18:13:51.256+0000][1][gc,phases   ] GC(3)   Other: 0.1ms
[2024-03-06T18:13:51.256+0000][1][gc,age      ] GC(3) Age table with threshold 15 (max threshold 15)
[2024-03-06T18:13:51.256+0000][1][gc,age      ] GC(3) - age   1:    1339824 bytes,    1339824 total
[2024-03-06T18:13:51.256+0000][1][gc,age      ] GC(3) - age   2:    1206544 bytes,    2546368 total
[2024-03-06T18:13:51.256+0000][1][gc,heap     ] GC(3) Eden regions: 46->0(87)
[2024-03-06T18:13:51.256+0000][1][gc,heap     ] GC(3) Survivor regions: 2->3(6)
[2024-03-06T18:13:51.256+0000][1][gc,heap     ] GC(3) Old regions: 7->7
[2024-03-06T18:13:51.256+0000][1][gc,heap     ] GC(3) Humongous regions: 3->3
[2024-03-06T18:13:51.256+0000][1][gc,metaspace] GC(3) Metaspace: 30047K(30400K)->30047K(30400K) NonClass: 26794K(27008K)->26794K(27008K) Class: 3253K(3392K)->3253K(3392K)
[2024-03-06T18:13:51.256+0000][1][gc          ] GC(3) Pause Young (Prepare Mixed) (G1 Evacuation Pause) 56M->12M(512M) 9.588ms
[2024-03-06T18:13:51.256+0000][1][gc,cpu      ] GC(3) User=0.03s Sys=0.03s Real=0.01s
[2024-03-06T18:13:51.256+0000][1][safepoint   ] Safepoint "G1CollectForAllocation", Time since last: 511271289 ns, Reaching safepoint: 3697 ns, Cleanup: 69771 ns, At safepoint: 9638539 ns, Total: 9712007 ns
[2024-03-06T18:13:51.701+0000][1][gc,start    ] GC(4) Pause Young (Mixed) (G1 Evacuation Pause)
[2024-03-06T18:13:51.701+0000][1][gc,task     ] GC(4) Using 10 workers of 10 for evacuation
[2024-03-06T18:13:51.701+0000][1][gc,age      ] GC(4) Desired survivor size 6291456 bytes, new threshold 15 (max threshold 15)
[2024-03-06T18:13:51.716+0000][1][gc,phases   ] GC(4)   Pre Evacuate Collection Set: 0.2ms
[2024-03-06T18:13:51.716+0000][1][gc,phases   ] GC(4)   Merge Heap Roots: 0.1ms
[2024-03-06T18:13:51.716+0000][1][gc,phases   ] GC(4)   Evacuate Collection Set: 13.1ms
[2024-03-06T18:13:51.716+0000][1][gc,phases   ] GC(4)   Post Evacuate Collection Set: 1.0ms
[2024-03-06T18:13:51.716+0000][1][gc,phases   ] GC(4)   Other: 0.1ms
[2024-03-06T18:13:51.716+0000][1][gc,age      ] GC(4) Age table with threshold 15 (max threshold 15)
[2024-03-06T18:13:51.716+0000][1][gc,age      ] GC(4) - age   1:    3273976 bytes,    3273976 total
[2024-03-06T18:13:51.716+0000][1][gc,age      ] GC(4) - age   2:    1301208 bytes,    4575184 total
[2024-03-06T18:13:51.716+0000][1][gc,age      ] GC(4) - age   3:    1184368 bytes,    5759552 total
[2024-03-06T18:13:51.716+0000][1][gc,heap     ] GC(4) Eden regions: 87->0(301)
[2024-03-06T18:13:51.716+0000][1][gc,heap     ] GC(4) Survivor regions: 3->6(12)
[2024-03-06T18:13:51.716+0000][1][gc,heap     ] GC(4) Old regions: 7->7
[2024-03-06T18:13:51.716+0000][1][gc,heap     ] GC(4) Humongous regions: 3->3
[2024-03-06T18:13:51.716+0000][1][gc,metaspace] GC(4) Metaspace: 32672K(33088K)->32672K(33088K) NonClass: 29048K(29312K)->29048K(29312K) Class: 3624K(3776K)->3624K(3776K)
[2024-03-06T18:13:51.716+0000][1][gc          ] GC(4) Pause Young (Mixed) (G1 Evacuation Pause) 99M->15M(512M) 14.886ms
[2024-03-06T18:13:51.716+0000][1][gc,cpu      ] GC(4) User=0.05s Sys=0.02s Real=0.01s
[2024-03-06T18:13:51.716+0000][1][safepoint   ] Safepoint "G1CollectForAllocation", Time since last: 444913832 ns, Reaching safepoint: 9859 ns, Cleanup: 141025 ns, At safepoint: 14971441 ns, Total: 15122325 ns
[2024-03-06T18:13:52.093+0000][1][gc,start    ] GC(5) Pause Young (Concurrent Start) (Metadata GC Threshold)
[2024-03-06T18:13:52.093+0000][1][gc,task     ] GC(5) Using 10 workers of 10 for evacuation
[2024-03-06T18:13:52.093+0000][1][gc,age      ] GC(5) Desired survivor size 20447232 bytes, new threshold 15 (max threshold 15)
[2024-03-06T18:13:52.104+0000][1][gc,phases   ] GC(5)   Pre Evacuate Collection Set: 0.2ms
[2024-03-06T18:13:52.104+0000][1][gc,phases   ] GC(5)   Merge Heap Roots: 0.1ms
[2024-03-06T18:13:52.104+0000][1][gc,phases   ] GC(5)   Evacuate Collection Set: 9.0ms
[2024-03-06T18:13:52.104+0000][1][gc,phases   ] GC(5)   Post Evacuate Collection Set: 1.8ms
[2024-03-06T18:13:52.104+0000][1][gc,phases   ] GC(5)   Other: 0.1ms
[2024-03-06T18:13:52.104+0000][1][gc,age      ] GC(5) Age table with threshold 15 (max threshold 15)
[2024-03-06T18:13:52.104+0000][1][gc,age      ] GC(5) - age   1:    1639088 bytes,    1639088 total
[2024-03-06T18:13:52.104+0000][1][gc,age      ] GC(5) - age   2:     907952 bytes,    2547040 total
[2024-03-06T18:13:52.104+0000][1][gc,age      ] GC(5) - age   3:    1288384 bytes,    3835424 total
[2024-03-06T18:13:52.104+0000][1][gc,age      ] GC(5) - age   4:    1184336 bytes,    5019760 total
[2024-03-06T18:13:52.105+0000][1][gc,heap     ] GC(5) Eden regions: 88->0(301)
[2024-03-06T18:13:52.105+0000][1][gc,heap     ] GC(5) Survivor regions: 6->6(39)
[2024-03-06T18:13:52.105+0000][1][gc,heap     ] GC(5) Old regions: 7->7
[2024-03-06T18:13:52.105+0000][1][gc,heap     ] GC(5) Humongous regions: 3->3
[2024-03-06T18:13:52.105+0000][1][gc,metaspace] GC(5) Metaspace: 35579K(35968K)->35579K(35968K) NonClass: 31596K(31808K)->31596K(31808K) Class: 3983K(4160K)->3983K(4160K)
[2024-03-06T18:13:52.105+0000][1][gc          ] GC(5) Pause Young (Concurrent Start) (Metadata GC Threshold) 103M->14M(512M) 11.492ms
[2024-03-06T18:13:52.105+0000][1][gc,cpu      ] GC(5) User=0.04s Sys=0.02s Real=0.01s
[2024-03-06T18:13:52.105+0000][1][gc          ] GC(6) Concurrent Mark Cycle
[2024-03-06T18:13:52.105+0000][1][gc,marking  ] GC(6) Concurrent Scan Root Regions
[2024-03-06T18:13:52.105+0000][1][safepoint   ] Safepoint "CollectForMetadataAllocation", Time since last: 376734550 ns, Reaching safepoint: 4738 ns, Cleanup: 77436 ns, At safepoint: 11594728 ns, Total: 11676902 ns
[2024-03-06T18:13:52.107+0000][1][gc,marking  ] GC(6) Concurrent Scan Root Regions 2.058ms
[2024-03-06T18:13:52.107+0000][1][gc,marking  ] GC(6) Concurrent Mark
[2024-03-06T18:13:52.107+0000][1][gc,marking  ] GC(6) Concurrent Mark From Roots
[2024-03-06T18:13:52.107+0000][1][gc,task     ] GC(6) Using 3 workers of 3 for marking
[2024-03-06T18:13:52.111+0000][1][gc,marking  ] GC(6) Concurrent Mark From Roots 4.016ms
[2024-03-06T18:13:52.111+0000][1][gc,marking  ] GC(6) Concurrent Preclean
[2024-03-06T18:13:52.111+0000][1][gc,marking  ] GC(6) Concurrent Preclean 0.043ms
[2024-03-06T18:13:52.111+0000][1][gc,start    ] GC(6) Pause Remark
[2024-03-06T18:13:52.115+0000][1][gc          ] GC(6) Pause Remark 15M->15M(512M) 3.506ms
[2024-03-06T18:13:52.115+0000][1][gc,cpu      ] GC(6) User=0.01s Sys=0.00s Real=0.00s
[2024-03-06T18:13:52.115+0000][1][safepoint   ] Safepoint "G1PauseRemark", Time since last: 6324934 ns, Reaching safepoint: 15048 ns, Cleanup: 15990 ns, At safepoint: 3567962 ns, Total: 3599000 ns
[2024-03-06T18:13:52.115+0000][1][gc,marking  ] GC(6) Concurrent Mark 7.877ms
[2024-03-06T18:13:52.115+0000][1][gc,marking  ] GC(6) Concurrent Rebuild Remembered Sets and Scrub Regions
[2024-03-06T18:13:52.117+0000][1][gc,marking  ] GC(6) Concurrent Rebuild Remembered Sets and Scrub Regions 2.219ms
[2024-03-06T18:13:52.117+0000][1][gc,start    ] GC(6) Pause Cleanup
[2024-03-06T18:13:52.117+0000][1][gc          ] GC(6) Pause Cleanup 15M->15M(512M) 0.192ms
[2024-03-06T18:13:52.117+0000][1][gc,cpu      ] GC(6) User=0.00s Sys=0.00s Real=0.00s
[2024-03-06T18:13:52.117+0000][1][safepoint   ] Safepoint "G1PauseCleanup", Time since last: 2388440 ns, Reaching safepoint: 7394 ns, Cleanup: 5220 ns, At safepoint: 244118 ns, Total: 256732 ns
[2024-03-06T18:13:52.118+0000][1][gc,marking  ] GC(6) Concurrent Clear Claimed Marks
[2024-03-06T18:13:52.118+0000][1][gc,marking  ] GC(6) Concurrent Clear Claimed Marks 0.121ms
[2024-03-06T18:13:52.118+0000][1][gc,marking  ] GC(6) Concurrent Cleanup for Next Mark
[2024-03-06T18:13:52.119+0000][1][gc,marking  ] GC(6) Concurrent Cleanup for Next Mark 1.461ms
[2024-03-06T18:13:52.119+0000][1][gc          ] GC(6) Concurrent Mark Cycle 14.781ms
[2024-03-06T18:13:52.646+0000][1][safepoint   ] Safepoint "ICBufferFull", Time since last: 528891038 ns, Reaching safepoint: 4950 ns, Cleanup: 108764 ns, At safepoint: 1603 ns, Total: 115317 ns
[2024-03-06T18:13:53.094+0000][1][safepoint   ] Safepoint "ICBufferFull", Time since last: 447867543 ns, Reaching safepoint: 5740 ns, Cleanup: 151054 ns, At safepoint: 5851 ns, Total: 162645 ns
[2024-03-06T18:13:53.703+0000][1][gc,start    ] GC(7) Pause Young (Prepare Mixed) (Metadata GC Threshold)
[2024-03-06T18:13:53.703+0000][1][gc,task     ] GC(7) Using 10 workers of 10 for evacuation
[2024-03-06T18:13:53.703+0000][1][gc,age      ] GC(7) Desired survivor size 20447232 bytes, new threshold 15 (max threshold 15)
[2024-03-06T18:13:53.724+0000][1][gc,phases   ] GC(7)   Pre Evacuate Collection Set: 0.1ms
[2024-03-06T18:13:53.724+0000][1][gc,phases   ] GC(7)   Merge Heap Roots: 0.1ms
[2024-03-06T18:13:53.724+0000][1][gc,phases   ] GC(7)   Evacuate Collection Set: 19.0ms
[2024-03-06T18:13:53.724+0000][1][gc,phases   ] GC(7)   Post Evacuate Collection Set: 1.6ms
[2024-03-06T18:13:53.724+0000][1][gc,phases   ] GC(7)   Other: 0.1ms
[2024-03-06T18:13:53.724+0000][1][gc,age      ] GC(7) Age table with threshold 15 (max threshold 15)
[2024-03-06T18:13:53.724+0000][1][gc,age      ] GC(7) - age   1:    6913288 bytes,    6913288 total
[2024-03-06T18:13:53.724+0000][1][gc,age      ] GC(7) - age   2:    1164744 bytes,    8078032 total
[2024-03-06T18:13:53.724+0000][1][gc,age      ] GC(7) - age   3:     856792 bytes,    8934824 total
[2024-03-06T18:13:53.724+0000][1][gc,age      ] GC(7) - age   4:    1242240 bytes,   10177064 total
[2024-03-06T18:13:53.724+0000][1][gc,age      ] GC(7) - age   5:    1166032 bytes,   11343096 total
[2024-03-06T18:13:53.724+0000][1][gc,heap     ] GC(7) Eden regions: 89->0(236)
[2024-03-06T18:13:53.724+0000][1][gc,heap     ] GC(7) Survivor regions: 6->12(39)
[2024-03-06T18:13:53.724+0000][1][gc,heap     ] GC(7) Old regions: 7->7
[2024-03-06T18:13:53.724+0000][1][gc,heap     ] GC(7) Humongous regions: 3->3
[2024-03-06T18:13:53.724+0000][1][gc,metaspace] GC(7) Metaspace: 59572K(60160K)->59572K(60160K) NonClass: 52130K(52480K)->52130K(52480K) Class: 7441K(7680K)->7441K(7680K)
[2024-03-06T18:13:53.724+0000][1][gc          ] GC(7) Pause Young (Prepare Mixed) (Metadata GC Threshold) 103M->20M(512M) 21.212ms
[2024-03-06T18:13:53.724+0000][1][gc,cpu      ] GC(7) User=0.07s Sys=0.07s Real=0.02s
[2024-03-06T18:13:53.724+0000][1][safepoint   ] Safepoint "CollectForMetadataAllocation", Time since last: 608417946 ns, Reaching safepoint: 5851 ns, Cleanup: 84238 ns, At safepoint: 21308839 ns, Total: 21398928 ns
[2024-03-06T18:13:53.757+0000][1][gc,start    ] GC(8) Pause Young (Mixed) (Metadata GC Threshold)
[2024-03-06T18:13:53.758+0000][1][gc,task     ] GC(8) Using 10 workers of 10 for evacuation
[2024-03-06T18:13:53.758+0000][1][gc,age      ] GC(8) Desired survivor size 16252928 bytes, new threshold 15 (max threshold 15)
[2024-03-06T18:13:53.767+0000][1][gc,phases   ] GC(8)   Pre Evacuate Collection Set: 0.2ms
[2024-03-06T18:13:53.767+0000][1][gc,phases   ] GC(8)   Merge Heap Roots: 0.1ms
[2024-03-06T18:13:53.767+0000][1][gc,phases   ] GC(8)   Evacuate Collection Set: 7.7ms
[2024-03-06T18:13:53.767+0000][1][gc,phases   ] GC(8)   Post Evacuate Collection Set: 1.6ms
[2024-03-06T18:13:53.767+0000][1][gc,phases   ] GC(8)   Other: 0.1ms
[2024-03-06T18:13:53.767+0000][1][gc,age      ] GC(8) Age table with threshold 15 (max threshold 15)
[2024-03-06T18:13:53.767+0000][1][gc,age      ] GC(8) - age   1:     120448 bytes,     120448 total
[2024-03-06T18:13:53.767+0000][1][gc,age      ] GC(8) - age   2:    6734888 bytes,    6855336 total
[2024-03-06T18:13:53.767+0000][1][gc,age      ] GC(8) - age   3:    1164680 bytes,    8020016 total
[2024-03-06T18:13:53.767+0000][1][gc,age      ] GC(8) - age   4:     856504 bytes,    8876520 total
[2024-03-06T18:13:53.767+0000][1][gc,age      ] GC(8) - age   5:    1241280 bytes,   10117800 total
[2024-03-06T18:13:53.767+0000][1][gc,age      ] GC(8) - age   6:    1165456 bytes,   11283256 total
[2024-03-06T18:13:53.767+0000][1][gc,heap     ] GC(8) Eden regions: 2->0(214)
[2024-03-06T18:13:53.767+0000][1][gc,heap     ] GC(8) Survivor regions: 12->12(31)
[2024-03-06T18:13:53.767+0000][1][gc,heap     ] GC(8) Old regions: 7->7
[2024-03-06T18:13:53.767+0000][1][gc,heap     ] GC(8) Humongous regions: 3->3
[2024-03-06T18:13:53.767+0000][1][gc,metaspace] GC(8) Metaspace: 59872K(60480K)->59872K(60480K) NonClass: 52364K(52672K)->52364K(52672K) Class: 7507K(7808K)->7507K(7808K)
[2024-03-06T18:13:53.767+0000][1][gc          ] GC(8) Pause Young (Mixed) (Metadata GC Threshold) 22M->21M(512M) 9.946ms
[2024-03-06T18:13:53.767+0000][1][gc,cpu      ] GC(8) User=0.04s Sys=0.00s Real=0.01s
[2024-03-06T18:13:53.768+0000][1][safepoint   ] Safepoint "CollectForMetadataAllocation", Time since last: 33374550 ns, Reaching safepoint: 5651 ns, Cleanup: 2865 ns, At safepoint: 10038119 ns, Total: 10046635 ns
[2024-03-06T18:13:53.855+0000][1][gc,start    ] GC(9) Pause Young (Concurrent Start) (Metadata GC Threshold)
[2024-03-06T18:13:53.855+0000][1][gc,task     ] GC(9) Using 10 workers of 10 for evacuation
[2024-03-06T18:13:53.855+0000][1][gc,age      ] GC(9) Desired survivor size 15204352 bytes, new threshold 15 (max threshold 15)
[2024-03-06T18:13:53.864+0000][1][gc,phases   ] GC(9)   Pre Evacuate Collection Set: 0.2ms
[2024-03-06T18:13:53.864+0000][1][gc,phases   ] GC(9)   Merge Heap Roots: 0.1ms
[2024-03-06T18:13:53.864+0000][1][gc,phases   ] GC(9)   Evacuate Collection Set: 7.5ms
[2024-03-06T18:13:53.864+0000][1][gc,phases   ] GC(9)   Post Evacuate Collection Set: 1.5ms
[2024-03-06T18:13:53.864+0000][1][gc,phases   ] GC(9)   Other: 0.1ms
[2024-03-06T18:13:53.864+0000][1][gc,age      ] GC(9) Age table with threshold 15 (max threshold 15)
[2024-03-06T18:13:53.864+0000][1][gc,age      ] GC(9) - age   1:     945280 bytes,     945280 total
[2024-03-06T18:13:53.864+0000][1][gc,age      ] GC(9) - age   2:     113280 bytes,    1058560 total
[2024-03-06T18:13:53.864+0000][1][gc,age      ] GC(9) - age   3:    6734856 bytes,    7793416 total
[2024-03-06T18:13:53.864+0000][1][gc,age      ] GC(9) - age   4:    1164680 bytes,    8958096 total
[2024-03-06T18:13:53.864+0000][1][gc,age      ] GC(9) - age   5:     856504 bytes,    9814600 total
[2024-03-06T18:13:53.864+0000][1][gc,age      ] GC(9) - age   6:    1241280 bytes,   11055880 total
[2024-03-06T18:13:53.864+0000][1][gc,age      ] GC(9) - age   7:    1165456 bytes,   12221336 total
[2024-03-06T18:13:53.864+0000][1][gc,heap     ] GC(9) Eden regions: 4->0(231)
[2024-03-06T18:13:53.864+0000][1][gc,heap     ] GC(9) Survivor regions: 12->13(29)
[2024-03-06T18:13:53.864+0000][1][gc,heap     ] GC(9) Old regions: 7->7
[2024-03-06T18:13:53.864+0000][1][gc,heap     ] GC(9) Humongous regions: 3->3
[2024-03-06T18:13:53.864+0000][1][gc,metaspace] GC(9) Metaspace: 60201K(60800K)->60201K(60800K) NonClass: 52675K(52992K)->52675K(52992K) Class: 7526K(7808K)->7526K(7808K)
[2024-03-06T18:13:53.864+0000][1][gc          ] GC(9) Pause Young (Concurrent Start) (Metadata GC Threshold) 24M->21M(512M) 9.681ms
[2024-03-06T18:13:53.864+0000][1][gc,cpu      ] GC(9) User=0.05s Sys=0.00s Real=0.01s
[2024-03-06T18:13:53.865+0000][1][safepoint   ] Safepoint "CollectForMetadataAllocation", Time since last: 87118187 ns, Reaching safepoint: 73628 ns, Cleanup: 38422 ns, At safepoint: 9785785 ns, Total: 9897835 ns
[2024-03-06T18:13:53.865+0000][1][gc          ] GC(10) Concurrent Mark Cycle
[2024-03-06T18:13:53.865+0000][1][gc,marking  ] GC(10) Concurrent Scan Root Regions
[2024-03-06T18:13:53.869+0000][1][gc,marking  ] GC(10) Concurrent Scan Root Regions 4.102ms
[2024-03-06T18:13:53.869+0000][1][gc,marking  ] GC(10) Concurrent Mark
[2024-03-06T18:13:53.869+0000][1][gc,marking  ] GC(10) Concurrent Mark From Roots
[2024-03-06T18:13:53.869+0000][1][gc,task     ] GC(10) Using 3 workers of 3 for marking
[2024-03-06T18:13:53.871+0000][1][gc,marking  ] GC(10) Concurrent Mark From Roots 2.245ms
[2024-03-06T18:13:53.871+0000][1][gc,marking  ] GC(10) Concurrent Preclean
[2024-03-06T18:13:53.871+0000][1][gc,marking  ] GC(10) Concurrent Preclean 0.032ms
[2024-03-06T18:13:53.873+0000][1][gc,start    ] GC(10) Pause Remark
[2024-03-06T18:13:53.875+0000][1][gc          ] GC(10) Pause Remark 22M->22M(512M) 2.234ms
[2024-03-06T18:13:53.875+0000][1][gc,cpu      ] GC(10) User=0.02s Sys=0.00s Real=0.00s
[2024-03-06T18:13:53.875+0000][1][safepoint   ] Safepoint "G1PauseRemark", Time since last: 6535659 ns, Reaching safepoint: 2098166 ns, Cleanup: 15048 ns, At safepoint: 2301898 ns, Total: 4415112 ns
[2024-03-06T18:13:53.876+0000][1][gc,marking  ] GC(10) Concurrent Mark 6.805ms
[2024-03-06T18:13:53.876+0000][1][gc,marking  ] GC(10) Concurrent Rebuild Remembered Sets and Scrub Regions
[2024-03-06T18:13:53.877+0000][1][gc,marking  ] GC(10) Concurrent Rebuild Remembered Sets and Scrub Regions 0.985ms
[2024-03-06T18:13:53.877+0000][1][gc,start    ] GC(10) Pause Cleanup
[2024-03-06T18:13:53.877+0000][1][gc          ] GC(10) Pause Cleanup 22M->22M(512M) 0.127ms
[2024-03-06T18:13:53.877+0000][1][gc,cpu      ] GC(10) User=0.01s Sys=0.00s Real=0.00s
[2024-03-06T18:13:53.877+0000][1][safepoint   ] Safepoint "G1PauseCleanup", Time since last: 1090475 ns, Reaching safepoint: 392737 ns, Cleanup: 2795 ns, At safepoint: 160601 ns, Total: 556133 ns
[2024-03-06T18:13:53.877+0000][1][gc,marking  ] GC(10) Concurrent Clear Claimed Marks
[2024-03-06T18:13:53.877+0000][1][gc,marking  ] GC(10) Concurrent Clear Claimed Marks 0.054ms
[2024-03-06T18:13:53.877+0000][1][gc,marking  ] GC(10) Concurrent Cleanup for Next Mark
[2024-03-06T18:13:53.878+0000][1][gc,marking  ] GC(10) Concurrent Cleanup for Next Mark 1.048ms
[2024-03-06T18:13:53.878+0000][1][gc          ] GC(10) Concurrent Mark Cycle 13.797ms
[2024-03-06T18:13:54.261+0000][1][safepoint   ] Safepoint "ICBufferFull", Time since last: 383868541 ns, Reaching safepoint: 13886 ns, Cleanup: 183294 ns, At safepoint: 8015 ns, Total: 205195 ns
[2024-03-06T18:13:55.262+0000][1][safepoint   ] Safepoint "Cleanup", Time since last: 1000181826 ns, Reaching safepoint: 53029 ns, Cleanup: 158227 ns, At safepoint: 14417 ns, Total: 225673 ns
[2024-03-06T18:13:57.262+0000][1][safepoint   ] Safepoint "Cleanup", Time since last: 2000252868 ns, Reaching safepoint: 9488 ns, Cleanup: 18325 ns, At safepoint: 4849 ns, Total: 32662 ns
[2024-03-06T18:13:58.262+0000][1][safepoint   ] Safepoint "Cleanup", Time since last: 1000495778 ns, Reaching safepoint: 8536 ns, Cleanup: 15449 ns, At safepoint: 4238 ns, Total: 28223 ns
[2024-03-06T18:14:00.263+0000][1][safepoint   ] Safepoint "Cleanup", Time since last: 2000576493 ns, Reaching safepoint: 7834 ns, Cleanup: 17683 ns, At safepoint: 3287 ns, Total: 28804 ns
[2024-03-06T18:14:02.264+0000][1][safepoint   ] Safepoint "Cleanup", Time since last: 2000608941 ns, Reaching safepoint: 9298 ns, Cleanup: 14988 ns, At safepoint: 4007 ns, Total: 28293 ns
[2024-03-06T18:14:04.264+0000][1][safepoint   ] Safepoint "Cleanup", Time since last: 2000731661 ns, Reaching safepoint: 9317 ns, Cleanup: 17934 ns, At safepoint: 4037 ns, Total: 31288 ns
[2024-03-06T18:14:05.265+0000][1][safepoint   ] Safepoint "Cleanup", Time since last: 1000201102 ns, Reaching safepoint: 8986 ns, Cleanup: 15019 ns, At safepoint: 3837 ns, Total: 27842 ns
[2024-03-06T18:14:07.266+0000][1][safepoint   ] Safepoint "Cleanup", Time since last: 2001006030 ns, Reaching safepoint: 9157 ns, Cleanup: 17292 ns, At safepoint: 4258 ns, Total: 30707 ns
[2024-03-06T18:14:10.266+0000][1][safepoint   ] Safepoint "Cleanup", Time since last: 3000326807 ns, Reaching safepoint: 30938 ns, Cleanup: 42360 ns, At safepoint: 8726 ns, Total: 82024 ns
[2024-03-06T18:14:11.266+0000][1][safepoint   ] Safepoint "Cleanup", Time since last: 1000225468 ns, Reaching safepoint: 9318 ns, Cleanup: 13425 ns, At safepoint: 3396 ns, Total: 26139 ns
[2024-03-06T18:14:15.267+0000][1][safepoint   ] Safepoint "Cleanup", Time since last: 4001085428 ns, Reaching safepoint: 31770 ns, Cleanup: 14006 ns, At safepoint: 13696 ns, Total: 59472 ns
[2024-03-06T18:14:41.272+0000][1][safepoint   ] Safepoint "Cleanup", Time since last: 26004462417 ns, Reaching safepoint: 7494 ns, Cleanup: 14788 ns, At safepoint: 3336 ns, Total: 25618 ns
[2024-03-06T18:15:02.831+0000][1][safepoint   ] Safepoint "Cleanup", Time since last: 21559254962 ns, Reaching safepoint: 8015 ns, Cleanup: 10219 ns, At safepoint: 3797 ns, Total: 22031 ns
[2024-03-06T18:15:03.831+0000][1][safepoint   ] Safepoint "Cleanup", Time since last: 1000139347 ns, Reaching safepoint: 9447 ns, Cleanup: 14608 ns, At safepoint: 4518 ns, Total: 28573 ns
[2024-03-06T18:15:04.832+0000][1][safepoint   ] Safepoint "Cleanup", Time since last: 1000197568 ns, Reaching safepoint: 7555 ns, Cleanup: 10680 ns, At safepoint: 3937 ns, Total: 22172 ns
[2024-03-06T18:15:05.832+0000][1][safepoint   ] Safepoint "Cleanup", Time since last: 1000134788 ns, Reaching safepoint: 7895 ns, Cleanup: 11251 ns, At safepoint: 4078 ns, Total: 23224 ns
[2024-03-06T18:15:10.832+0000][1][safepoint   ] Safepoint "Cleanup", Time since last: 5000413486 ns, Reaching safepoint: 7223 ns, Cleanup: 14898 ns, At safepoint: 4048 ns, Total: 26169 ns
[2024-03-06T18:15:11.832+0000][1][safepoint   ] Safepoint "Cleanup", Time since last: 1000130679 ns, Reaching safepoint: 8065 ns, Cleanup: 13295 ns, At safepoint: 3867 ns, Total: 25227 ns
[2024-03-06T18:15:12.833+0000][1][safepoint   ] Safepoint "Cleanup", Time since last: 1000134137 ns, Reaching safepoint: 7454 ns, Cleanup: 10229 ns, At safepoint: 4458 ns, Total: 22141 ns
[2024-03-06T18:15:14.833+0000][1][safepoint   ] Safepoint "Cleanup", Time since last: 2000206148 ns, Reaching safepoint: 9037 ns, Cleanup: 14607 ns, At safepoint: 3677 ns, Total: 27321 ns
[2024-03-06T18:15:15.833+0000][1][safepoint   ] Safepoint "Cleanup", Time since last: 1000130790 ns, Reaching safepoint: 9398 ns, Cleanup: 11882 ns, At safepoint: 3397 ns, Total: 24677 ns
[2024-03-06T18:15:16.833+0000][1][safepoint   ] Safepoint "Cleanup", Time since last: 1000134627 ns, Reaching safepoint: 36549 ns, Cleanup: 15669 ns, At safepoint: 12003 ns, Total: 64221 ns
[2024-03-06T18:15:19.192+0000][1][gc,heap,exit] Heap
[2024-03-06T18:15:19.192+0000][1][gc,heap,exit]  garbage-first heap   total 524288K, used 98226K [0x00000000e0000000, 0x0000000100000000)
[2024-03-06T18:15:19.192+0000][1][gc,heap,exit]   region size 1024K, 87 young (89088K), 13 survivors (13312K)
[2024-03-06T18:15:19.192+0000][1][gc,heap,exit]  Metaspace       used 72234K, committed 73408K, reserved 1114112K
[2024-03-06T18:15:19.192+0000][1][gc,heap,exit]   class space    used 9534K, committed 10048K, reserved 1048576K
