[2024-03-06T18:12:48.597+0000][1][gc,init] CardTable entry size: 512
[2024-03-06T18:12:48.597+0000][1][gc     ] Using G1
[2024-03-06T18:12:48.603+0000][1][gc,init] Version: 21.0.2+13-LTS (release)
[2024-03-06T18:12:48.603+0000][1][gc,init] CPUs: 12 total, 12 available
[2024-03-06T18:12:48.603+0000][1][gc,init] Memory: 7867M
[2024-03-06T18:12:48.603+0000][1][gc,init] Large Page Support: Disabled
[2024-03-06T18:12:48.603+0000][1][gc,init] NUMA Support: Disabled
[2024-03-06T18:12:48.603+0000][1][gc,init] Compressed Oops: Enabled (32-bit)
[2024-03-06T18:12:48.603+0000][1][gc,init] Heap Region Size: 1M
[2024-03-06T18:12:48.603+0000][1][gc,init] Heap Min Capacity: 512M
[2024-03-06T18:12:48.603+0000][1][gc,init] Heap Initial Capacity: 512M
[2024-03-06T18:12:48.603+0000][1][gc,init] Heap Max Capacity: 512M
[2024-03-06T18:12:48.603+0000][1][gc,init] Pre-touch: Disabled
[2024-03-06T18:12:48.603+0000][1][gc,init] Parallel Workers: 10
[2024-03-06T18:12:48.603+0000][1][gc,init] Concurrent Workers: 3
[2024-03-06T18:12:48.603+0000][1][gc,init] Concurrent Refinement Workers: 10
[2024-03-06T18:12:48.603+0000][1][gc,init] Periodic GC: Disabled
[2024-03-06T18:12:48.603+0000][1][gc,metaspace] CDS archive(s) not mapped
[2024-03-06T18:12:48.604+0000][1][gc,metaspace] Compressed class space mapped at: 0x0000000100000000-0x0000000140000000, reserved size: 1073741824
[2024-03-06T18:12:48.604+0000][1][gc,metaspace] Narrow klass base: 0x0000000000000000, Narrow klass shift: 3, Narrow klass range: 0x140000000
[2024-03-06T18:12:49.181+0000][1][gc,start    ] GC(0) Pause Young (Normal) (G1 Evacuation Pause)
[2024-03-06T18:12:49.182+0000][1][gc,task     ] GC(0) Using 10 workers of 10 for evacuation
[2024-03-06T18:12:49.182+0000][1][gc,age      ] GC(0) Desired survivor size 2097152 bytes, new threshold 15 (max threshold 15)
[2024-03-06T18:12:49.197+0000][1][gc,phases   ] GC(0)   Pre Evacuate Collection Set: 0.1ms
[2024-03-06T18:12:49.197+0000][1][gc,phases   ] GC(0)   Merge Heap Roots: 0.0ms
[2024-03-06T18:12:49.197+0000][1][gc,phases   ] GC(0)   Evacuate Collection Set: 13.5ms
[2024-03-06T18:12:49.197+0000][1][gc,phases   ] GC(0)   Post Evacuate Collection Set: 0.5ms
[2024-03-06T18:12:49.197+0000][1][gc,phases   ] GC(0)   Other: 0.9ms
[2024-03-06T18:12:49.197+0000][1][gc,age      ] GC(0) Age table with threshold 15 (max threshold 15)
[2024-03-06T18:12:49.197+0000][1][gc,age      ] GC(0) - age   1:    3687664 bytes,    3687664 total
[2024-03-06T18:12:49.197+0000][1][gc,heap     ] GC(0) Eden regions: 25->0(29)
[2024-03-06T18:12:49.197+0000][1][gc,heap     ] GC(0) Survivor regions: 0->4(4)
[2024-03-06T18:12:49.197+0000][1][gc,heap     ] GC(0) Old regions: 0->3
[2024-03-06T18:12:49.197+0000][1][gc,heap     ] GC(0) Humongous regions: 3->3
[2024-03-06T18:12:49.197+0000][1][gc,metaspace] GC(0) Metaspace: 16631K(16832K)->16631K(16832K) NonClass: 14998K(15104K)->14998K(15104K) Class: 1632K(1728K)->1632K(1728K)
[2024-03-06T18:12:49.197+0000][1][gc          ] GC(0) Pause Young (Normal) (G1 Evacuation Pause) 28M->9M(512M) 15.275ms
[2024-03-06T18:12:49.197+0000][1][gc,cpu      ] GC(0) User=0.03s Sys=0.07s Real=0.01s
[2024-03-06T18:12:49.197+0000][1][safepoint   ] Safepoint "G1CollectForAllocation", Time since last: 562410430 ns, Reaching safepoint: 4539 ns, Cleanup: 85139 ns, At safepoint: 15320778 ns, Total: 15410456 ns
[2024-03-06T18:12:49.504+0000][1][gc,start    ] GC(1) Pause Young (Concurrent Start) (Metadata GC Threshold)
[2024-03-06T18:12:49.504+0000][1][gc,task     ] GC(1) Using 10 workers of 10 for evacuation
[2024-03-06T18:12:49.504+0000][1][gc,age      ] GC(1) Desired survivor size 2621440 bytes, new threshold 1 (max threshold 15)
[2024-03-06T18:12:49.514+0000][1][gc,phases   ] GC(1)   Pre Evacuate Collection Set: 0.4ms
[2024-03-06T18:12:49.514+0000][1][gc,phases   ] GC(1)   Merge Heap Roots: 0.1ms
[2024-03-06T18:12:49.514+0000][1][gc,phases   ] GC(1)   Evacuate Collection Set: 8.9ms
[2024-03-06T18:12:49.514+0000][1][gc,phases   ] GC(1)   Post Evacuate Collection Set: 0.6ms
[2024-03-06T18:12:49.514+0000][1][gc,phases   ] GC(1)   Other: 0.1ms
[2024-03-06T18:12:49.514+0000][1][gc,age      ] GC(1) Age table with threshold 1 (max threshold 15)
[2024-03-06T18:12:49.514+0000][1][gc,age      ] GC(1) - age   1:    1292584 bytes,    1292584 total
[2024-03-06T18:12:49.514+0000][1][gc,heap     ] GC(1) Eden regions: 15->0(46)
[2024-03-06T18:12:49.514+0000][1][gc,heap     ] GC(1) Survivor regions: 4->2(5)
[2024-03-06T18:12:49.514+0000][1][gc,heap     ] GC(1) Old regions: 3->7
[2024-03-06T18:12:49.514+0000][1][gc,heap     ] GC(1) Humongous regions: 3->3
[2024-03-06T18:12:49.514+0000][1][gc,metaspace] GC(1) Metaspace: 21280K(21504K)->21280K(21504K) NonClass: 19032K(19136K)->19032K(19136K) Class: 2247K(2368K)->2247K(2368K)
[2024-03-06T18:12:49.514+0000][1][gc          ] GC(1) Pause Young (Concurrent Start) (Metadata GC Threshold) 24M->10M(512M) 10.333ms
[2024-03-06T18:12:49.514+0000][1][gc,cpu      ] GC(1) User=0.02s Sys=0.04s Real=0.01s
[2024-03-06T18:12:49.514+0000][1][gc          ] GC(2) Concurrent Mark Cycle
[2024-03-06T18:12:49.514+0000][1][gc,marking  ] GC(2) Concurrent Scan Root Regions
[2024-03-06T18:12:49.514+0000][1][safepoint   ] Safepoint "CollectForMetadataAllocation", Time since last: 306718640 ns, Reaching safepoint: 131567 ns, Cleanup: 96812 ns, At safepoint: 10423641 ns, Total: 10652020 ns
[2024-03-06T18:12:49.516+0000][1][gc,marking  ] GC(2) Concurrent Scan Root Regions 1.689ms
[2024-03-06T18:12:49.516+0000][1][gc,marking  ] GC(2) Concurrent Mark
[2024-03-06T18:12:49.516+0000][1][gc,marking  ] GC(2) Concurrent Mark From Roots
[2024-03-06T18:12:49.516+0000][1][gc,task     ] GC(2) Using 3 workers of 3 for marking
[2024-03-06T18:12:49.517+0000][1][gc,marking  ] GC(2) Concurrent Mark From Roots 1.061ms
[2024-03-06T18:12:49.517+0000][1][gc,marking  ] GC(2) Concurrent Preclean
[2024-03-06T18:12:49.517+0000][1][gc,marking  ] GC(2) Concurrent Preclean 0.018ms
[2024-03-06T18:12:49.517+0000][1][gc,start    ] GC(2) Pause Remark
[2024-03-06T18:12:49.518+0000][1][gc          ] GC(2) Pause Remark 11M->11M(512M) 1.163ms
[2024-03-06T18:12:49.518+0000][1][gc,cpu      ] GC(2) User=0.00s Sys=0.00s Real=0.00s
[2024-03-06T18:12:49.518+0000][1][safepoint   ] Safepoint "G1PauseRemark", Time since last: 2881725 ns, Reaching safepoint: 72286 ns, Cleanup: 2595 ns, At safepoint: 1204609 ns, Total: 1279490 ns
[2024-03-06T18:12:49.518+0000][1][gc,marking  ] GC(2) Concurrent Mark 2.431ms
[2024-03-06T18:12:49.518+0000][1][gc,marking  ] GC(2) Concurrent Rebuild Remembered Sets and Scrub Regions
[2024-03-06T18:12:49.519+0000][1][gc,marking  ] GC(2) Concurrent Rebuild Remembered Sets and Scrub Regions 0.662ms
[2024-03-06T18:12:49.519+0000][1][gc,start    ] GC(2) Pause Cleanup
[2024-03-06T18:12:49.519+0000][1][gc          ] GC(2) Pause Cleanup 11M->11M(512M) 0.098ms
[2024-03-06T18:12:49.519+0000][1][gc,cpu      ] GC(2) User=0.00s Sys=0.00s Real=0.00s
[2024-03-06T18:12:49.519+0000][1][safepoint   ] Safepoint "G1PauseCleanup", Time since last: 729308 ns, Reaching safepoint: 68649 ns, Cleanup: 1443 ns, At safepoint: 126968 ns, Total: 197060 ns
[2024-03-06T18:12:49.519+0000][1][gc,marking  ] GC(2) Concurrent Clear Claimed Marks
[2024-03-06T18:12:49.519+0000][1][gc,marking  ] GC(2) Concurrent Clear Claimed Marks 0.024ms
[2024-03-06T18:12:49.519+0000][1][gc,marking  ] GC(2) Concurrent Cleanup for Next Mark
[2024-03-06T18:12:49.521+0000][1][gc,marking  ] GC(2) Concurrent Cleanup for Next Mark 2.076ms
[2024-03-06T18:12:49.521+0000][1][gc          ] GC(2) Concurrent Mark Cycle 7.312ms
[2024-03-06T18:12:49.983+0000][1][gc,start    ] GC(3) Pause Young (Normal) (G1 Evacuation Pause)
[2024-03-06T18:12:49.983+0000][1][gc,task     ] GC(3) Using 10 workers of 10 for evacuation
[2024-03-06T18:12:49.983+0000][1][gc,age      ] GC(3) Desired survivor size 3670016 bytes, new threshold 15 (max threshold 15)
[2024-03-06T18:12:49.993+0000][1][gc,phases   ] GC(3)   Pre Evacuate Collection Set: 0.2ms
[2024-03-06T18:12:49.994+0000][1][gc,phases   ] GC(3)   Merge Heap Roots: 0.1ms
[2024-03-06T18:12:49.994+0000][1][gc,phases   ] GC(3)   Evacuate Collection Set: 9.0ms
[2024-03-06T18:12:49.994+0000][1][gc,phases   ] GC(3)   Post Evacuate Collection Set: 0.8ms
[2024-03-06T18:12:49.994+0000][1][gc,phases   ] GC(3)   Other: 0.1ms
[2024-03-06T18:12:49.994+0000][1][gc,age      ] GC(3) Age table with threshold 15 (max threshold 15)
[2024-03-06T18:12:49.994+0000][1][gc,age      ] GC(3) - age   1:    2444776 bytes,    2444776 total
[2024-03-06T18:12:49.994+0000][1][gc,age      ] GC(3) - age   2:    1205672 bytes,    3650448 total
[2024-03-06T18:12:49.994+0000][1][gc,heap     ] GC(3) Eden regions: 47->0(88)
[2024-03-06T18:12:49.994+0000][1][gc,heap     ] GC(3) Survivor regions: 2->4(7)
[2024-03-06T18:12:49.994+0000][1][gc,heap     ] GC(3) Old regions: 7->7
[2024-03-06T18:12:49.994+0000][1][gc,heap     ] GC(3) Humongous regions: 3->3
[2024-03-06T18:12:49.994+0000][1][gc,metaspace] GC(3) Metaspace: 29024K(29440K)->29024K(29440K) NonClass: 25865K(26112K)->25865K(26112K) Class: 3159K(3328K)->3159K(3328K)
[2024-03-06T18:12:49.994+0000][1][gc          ] GC(3) Pause Young (Normal) (G1 Evacuation Pause) 57M->13M(512M) 10.612ms
[2024-03-06T18:12:49.994+0000][1][gc,cpu      ] GC(3) User=0.03s Sys=0.04s Real=0.01s
[2024-03-06T18:12:49.994+0000][1][safepoint   ] Safepoint "G1CollectForAllocation", Time since last: 463757848 ns, Reaching safepoint: 6843 ns, Cleanup: 113453 ns, At safepoint: 10695702 ns, Total: 10815998 ns
[2024-03-06T18:12:50.477+0000][1][gc,start    ] GC(4) Pause Young (Normal) (G1 Evacuation Pause)
[2024-03-06T18:12:50.478+0000][1][gc,task     ] GC(4) Using 10 workers of 10 for evacuation
[2024-03-06T18:12:50.478+0000][1][gc,age      ] GC(4) Desired survivor size 6291456 bytes, new threshold 15 (max threshold 15)
[2024-03-06T18:12:50.503+0000][1][gc,phases   ] GC(4)   Pre Evacuate Collection Set: 0.4ms
[2024-03-06T18:12:50.503+0000][1][gc,phases   ] GC(4)   Merge Heap Roots: 0.2ms
[2024-03-06T18:12:50.503+0000][1][gc,phases   ] GC(4)   Evacuate Collection Set: 23.4ms
[2024-03-06T18:12:50.503+0000][1][gc,phases   ] GC(4)   Post Evacuate Collection Set: 0.9ms
[2024-03-06T18:12:50.503+0000][1][gc,phases   ] GC(4)   Other: 0.2ms
[2024-03-06T18:12:50.503+0000][1][gc,age      ] GC(4) Age table with threshold 15 (max threshold 15)
[2024-03-06T18:12:50.503+0000][1][gc,age      ] GC(4) - age   1:    5382208 bytes,    5382208 total
[2024-03-06T18:12:50.503+0000][1][gc,age      ] GC(4) - age   2:    1315872 bytes,    6698080 total
[2024-03-06T18:12:50.503+0000][1][gc,age      ] GC(4) - age   3:    1205640 bytes,    7903720 total
[2024-03-06T18:12:50.503+0000][1][gc,heap     ] GC(4) Eden regions: 90->0(298)
[2024-03-06T18:12:50.503+0000][1][gc,heap     ] GC(4) Survivor regions: 4->9(12)
[2024-03-06T18:12:50.503+0000][1][gc,heap     ] GC(4) Old regions: 7->7
[2024-03-06T18:12:50.503+0000][1][gc,heap     ] GC(4) Humongous regions: 3->3
[2024-03-06T18:12:50.503+0000][1][gc,metaspace] GC(4) Metaspace: 31545K(32000K)->31545K(32000K) NonClass: 28037K(28288K)->28037K(28288K) Class: 3508K(3712K)->3508K(3712K)
[2024-03-06T18:12:50.503+0000][1][gc          ] GC(4) Pause Young (Normal) (G1 Evacuation Pause) 103M->17M(512M) 25.612ms
[2024-03-06T18:12:50.503+0000][1][gc,cpu      ] GC(4) User=0.06s Sys=0.08s Real=0.03s
[2024-03-06T18:12:50.503+0000][1][safepoint   ] Safepoint "G1CollectForAllocation", Time since last: 483111951 ns, Reaching safepoint: 30888 ns, Cleanup: 257232 ns, At safepoint: 25727517 ns, Total: 26015637 ns
[2024-03-06T18:12:50.986+0000][1][gc,start    ] GC(5) Pause Young (Concurrent Start) (Metadata GC Threshold)
[2024-03-06T18:12:50.986+0000][1][gc,task     ] GC(5) Using 10 workers of 10 for evacuation
[2024-03-06T18:12:50.986+0000][1][gc,age      ] GC(5) Desired survivor size 20447232 bytes, new threshold 15 (max threshold 15)
[2024-03-06T18:12:50.990+0000][1][gc,phases   ] GC(5)   Pre Evacuate Collection Set: 0.2ms
[2024-03-06T18:12:50.990+0000][1][gc,phases   ] GC(5)   Merge Heap Roots: 0.1ms
[2024-03-06T18:12:50.990+0000][1][gc,phases   ] GC(5)   Evacuate Collection Set: 3.0ms
[2024-03-06T18:12:50.990+0000][1][gc,phases   ] GC(5)   Post Evacuate Collection Set: 0.5ms
[2024-03-06T18:12:50.990+0000][1][gc,phases   ] GC(5)   Other: 0.1ms
[2024-03-06T18:12:50.990+0000][1][gc,age      ] GC(5) Age table with threshold 15 (max threshold 15)
[2024-03-06T18:12:50.990+0000][1][gc,age      ] GC(5) - age   1:    1603096 bytes,    1603096 total
[2024-03-06T18:12:50.990+0000][1][gc,age      ] GC(5) - age   2:     747984 bytes,    2351080 total
[2024-03-06T18:12:50.990+0000][1][gc,age      ] GC(5) - age   3:    1295896 bytes,    3646976 total
[2024-03-06T18:12:50.990+0000][1][gc,age      ] GC(5) - age   4:    1182808 bytes,    4829784 total
[2024-03-06T18:12:50.990+0000][1][gc,heap     ] GC(5) Eden regions: 84->0(301)
[2024-03-06T18:12:50.990+0000][1][gc,heap     ] GC(5) Survivor regions: 9->6(39)
[2024-03-06T18:12:50.990+0000][1][gc,heap     ] GC(5) Old regions: 7->7
[2024-03-06T18:12:50.990+0000][1][gc,heap     ] GC(5) Humongous regions: 3->3
[2024-03-06T18:12:50.990+0000][1][gc,metaspace] GC(5) Metaspace: 35668K(36096K)->35668K(36096K) NonClass: 31643K(31872K)->31643K(31872K) Class: 4024K(4224K)->4024K(4224K)
[2024-03-06T18:12:50.990+0000][1][gc          ] GC(5) Pause Young (Concurrent Start) (Metadata GC Threshold) 101M->14M(512M) 4.022ms
[2024-03-06T18:12:50.990+0000][1][gc,cpu      ] GC(5) User=0.03s Sys=0.00s Real=0.00s
[2024-03-06T18:12:50.990+0000][1][gc          ] GC(6) Concurrent Mark Cycle
[2024-03-06T18:12:50.990+0000][1][safepoint   ] Safepoint "CollectForMetadataAllocation", Time since last: 482621711 ns, Reaching safepoint: 6072 ns, Cleanup: 94687 ns, At safepoint: 4106463 ns, Total: 4207222 ns
[2024-03-06T18:12:50.990+0000][1][gc,marking  ] GC(6) Concurrent Scan Root Regions
[2024-03-06T18:12:50.992+0000][1][gc,marking  ] GC(6) Concurrent Scan Root Regions 1.750ms
[2024-03-06T18:12:50.992+0000][1][gc,marking  ] GC(6) Concurrent Mark
[2024-03-06T18:12:50.992+0000][1][gc,marking  ] GC(6) Concurrent Mark From Roots
[2024-03-06T18:12:50.992+0000][1][gc,task     ] GC(6) Using 3 workers of 3 for marking
[2024-03-06T18:12:50.994+0000][1][gc,marking  ] GC(6) Concurrent Mark From Roots 2.436ms
[2024-03-06T18:12:50.994+0000][1][gc,marking  ] GC(6) Concurrent Preclean
[2024-03-06T18:12:50.994+0000][1][gc,marking  ] GC(6) Concurrent Preclean 0.049ms
[2024-03-06T18:12:50.994+0000][1][gc,start    ] GC(6) Pause Remark
[2024-03-06T18:12:50.996+0000][1][gc          ] GC(6) Pause Remark 16M->16M(512M) 1.962ms
[2024-03-06T18:12:50.996+0000][1][gc,cpu      ] GC(6) User=0.01s Sys=0.00s Real=0.00s
[2024-03-06T18:12:50.996+0000][1][safepoint   ] Safepoint "G1PauseRemark", Time since last: 4380065 ns, Reaching safepoint: 136456 ns, Cleanup: 13005 ns, At safepoint: 2018015 ns, Total: 2167476 ns
[2024-03-06T18:12:50.996+0000][1][gc,marking  ] GC(6) Concurrent Mark 4.768ms
[2024-03-06T18:12:50.996+0000][1][gc,marking  ] GC(6) Concurrent Rebuild Remembered Sets and Scrub Regions
[2024-03-06T18:12:50.997+0000][1][gc,marking  ] GC(6) Concurrent Rebuild Remembered Sets and Scrub Regions 0.982ms
[2024-03-06T18:12:50.998+0000][1][gc,start    ] GC(6) Pause Cleanup
[2024-03-06T18:12:50.998+0000][1][gc          ] GC(6) Pause Cleanup 16M->16M(512M) 0.080ms
[2024-03-06T18:12:50.998+0000][1][gc,cpu      ] GC(6) User=0.00s Sys=0.00s Real=0.00s
[2024-03-06T18:12:50.998+0000][1][safepoint   ] Safepoint "G1PauseCleanup", Time since last: 1095335 ns, Reaching safepoint: 133660 ns, Cleanup: 3116 ns, At safepoint: 108694 ns, Total: 245470 ns
[2024-03-06T18:12:50.998+0000][1][gc,marking  ] GC(6) Concurrent Clear Claimed Marks
[2024-03-06T18:12:50.998+0000][1][gc,marking  ] GC(6) Concurrent Clear Claimed Marks 0.044ms
[2024-03-06T18:12:50.998+0000][1][gc,marking  ] GC(6) Concurrent Cleanup for Next Mark
[2024-03-06T18:12:50.999+0000][1][gc,marking  ] GC(6) Concurrent Cleanup for Next Mark 0.863ms
[2024-03-06T18:12:50.999+0000][1][gc          ] GC(6) Concurrent Mark Cycle 8.915ms
[2024-03-06T18:12:51.553+0000][1][safepoint   ] Safepoint "ICBufferFull", Time since last: 554885786 ns, Reaching safepoint: 10630 ns, Cleanup: 138260 ns, At safepoint: 6432 ns, Total: 155322 ns
[2024-03-06T18:12:52.017+0000][1][safepoint   ] Safepoint "ICBufferFull", Time since last: 463624728 ns, Reaching safepoint: 9598 ns, Cleanup: 175229 ns, At safepoint: 3406 ns, Total: 188233 ns
[2024-03-06T18:12:52.663+0000][1][gc,start    ] GC(7) Pause Young (Concurrent Start) (Metadata GC Threshold)
[2024-03-06T18:12:52.663+0000][1][gc,task     ] GC(7) Using 10 workers of 10 for evacuation
[2024-03-06T18:12:52.663+0000][1][gc,age      ] GC(7) Desired survivor size 20447232 bytes, new threshold 15 (max threshold 15)
[2024-03-06T18:12:52.680+0000][1][gc,phases   ] GC(7)   Pre Evacuate Collection Set: 0.3ms
[2024-03-06T18:12:52.680+0000][1][gc,phases   ] GC(7)   Merge Heap Roots: 0.1ms
[2024-03-06T18:12:52.680+0000][1][gc,phases   ] GC(7)   Evacuate Collection Set: 15.6ms
[2024-03-06T18:12:52.680+0000][1][gc,phases   ] GC(7)   Post Evacuate Collection Set: 1.1ms
[2024-03-06T18:12:52.680+0000][1][gc,phases   ] GC(7)   Other: 0.1ms
[2024-03-06T18:12:52.680+0000][1][gc,age      ] GC(7) Age table with threshold 15 (max threshold 15)
[2024-03-06T18:12:52.680+0000][1][gc,age      ] GC(7) - age   1:    7685432 bytes,    7685432 total
[2024-03-06T18:12:52.680+0000][1][gc,age      ] GC(7) - age   2:    1488368 bytes,    9173800 total
[2024-03-06T18:12:52.680+0000][1][gc,age      ] GC(7) - age   3:     736408 bytes,    9910208 total
[2024-03-06T18:12:52.680+0000][1][gc,age      ] GC(7) - age   4:    1251280 bytes,   11161488 total
[2024-03-06T18:12:52.680+0000][1][gc,age      ] GC(7) - age   5:    1164952 bytes,   12326440 total
[2024-03-06T18:12:52.680+0000][1][gc,heap     ] GC(7) Eden regions: 91->0(294)
[2024-03-06T18:12:52.680+0000][1][gc,heap     ] GC(7) Survivor regions: 6->13(39)
[2024-03-06T18:12:52.680+0000][1][gc,heap     ] GC(7) Old regions: 7->7
[2024-03-06T18:12:52.680+0000][1][gc,heap     ] GC(7) Humongous regions: 3->3
[2024-03-06T18:12:52.680+0000][1][gc,metaspace] GC(7) Metaspace: 59664K(60288K)->59664K(60288K) NonClass: 52209K(52544K)->52209K(52544K) Class: 7455K(7744K)->7455K(7744K)
[2024-03-06T18:12:52.681+0000][1][gc          ] GC(7) Pause Young (Concurrent Start) (Metadata GC Threshold) 105M->21M(512M) 17.449ms
[2024-03-06T18:12:52.681+0000][1][gc,cpu      ] GC(7) User=0.07s Sys=0.03s Real=0.02s
[2024-03-06T18:12:52.681+0000][1][gc          ] GC(8) Concurrent Mark Cycle
[2024-03-06T18:12:52.681+0000][1][gc,marking  ] GC(8) Concurrent Scan Root Regions
[2024-03-06T18:12:52.681+0000][1][safepoint   ] Safepoint "CollectForMetadataAllocation", Time since last: 646383078 ns, Reaching safepoint: 6082 ns, Cleanup: 129032 ns, At safepoint: 17566289 ns, Total: 17701403 ns
[2024-03-06T18:12:52.686+0000][1][gc,marking  ] GC(8) Concurrent Scan Root Regions 5.570ms
[2024-03-06T18:12:52.686+0000][1][gc,marking  ] GC(8) Concurrent Mark
[2024-03-06T18:12:52.686+0000][1][gc,marking  ] GC(8) Concurrent Mark From Roots
[2024-03-06T18:12:52.686+0000][1][gc,task     ] GC(8) Using 3 workers of 3 for marking
[2024-03-06T18:12:52.690+0000][1][gc,marking  ] GC(8) Concurrent Mark From Roots 3.379ms
[2024-03-06T18:12:52.690+0000][1][gc,marking  ] GC(8) Concurrent Preclean
[2024-03-06T18:12:52.690+0000][1][gc,marking  ] GC(8) Concurrent Preclean 0.045ms
[2024-03-06T18:12:52.690+0000][1][gc,start    ] GC(8) Pause Remark
[2024-03-06T18:12:52.693+0000][1][gc          ] GC(8) Pause Remark 22M->22M(512M) 2.862ms
[2024-03-06T18:12:52.693+0000][1][gc,cpu      ] GC(8) User=0.01s Sys=0.00s Real=0.01s
[2024-03-06T18:12:52.693+0000][1][safepoint   ] Safepoint "G1PauseRemark", Time since last: 9067107 ns, Reaching safepoint: 74289 ns, Cleanup: 14848 ns, At safepoint: 2948721 ns, Total: 3037858 ns
[2024-03-06T18:12:52.693+0000][1][gc,marking  ] GC(8) Concurrent Mark 6.567ms
[2024-03-06T18:12:52.693+0000][1][gc,marking  ] GC(8) Concurrent Rebuild Remembered Sets and Scrub Regions
[2024-03-06T18:12:52.694+0000][1][gc,marking  ] GC(8) Concurrent Rebuild Remembered Sets and Scrub Regions 1.172ms
[2024-03-06T18:12:52.694+0000][1][gc,start    ] GC(8) Pause Cleanup
[2024-03-06T18:12:52.694+0000][1][gc          ] GC(8) Pause Cleanup 22M->22M(512M) 0.125ms
[2024-03-06T18:12:52.694+0000][1][gc,cpu      ] GC(8) User=0.00s Sys=0.00s Real=0.00s
[2024-03-06T18:12:52.694+0000][1][safepoint   ] Safepoint "G1PauseCleanup", Time since last: 1257078 ns, Reaching safepoint: 72386 ns, Cleanup: 7223 ns, At safepoint: 191519 ns, Total: 271128 ns
[2024-03-06T18:12:52.694+0000][1][gc,marking  ] GC(8) Concurrent Clear Claimed Marks
[2024-03-06T18:12:52.694+0000][1][gc,marking  ] GC(8) Concurrent Clear Claimed Marks 0.049ms
[2024-03-06T18:12:52.694+0000][1][gc,marking  ] GC(8) Concurrent Cleanup for Next Mark
[2024-03-06T18:12:52.695+0000][1][gc,marking  ] GC(8) Concurrent Cleanup for Next Mark 0.996ms
[2024-03-06T18:12:52.695+0000][1][gc          ] GC(8) Concurrent Mark Cycle 14.876ms
[2024-03-06T18:12:53.054+0000][1][safepoint   ] Safepoint "ICBufferFull", Time since last: 359244804 ns, Reaching safepoint: 10510 ns, Cleanup: 194314 ns, At safepoint: 8747 ns, Total: 213571 ns
[2024-03-06T18:12:53.588+0000][1][gc,heap,exit] Heap
[2024-03-06T18:12:53.588+0000][1][gc,heap,exit]  garbage-first heap   total 524288K, used 94492K [0x00000000e0000000, 0x0000000100000000)
[2024-03-06T18:12:53.588+0000][1][gc,heap,exit]   region size 1024K, 84 young (86016K), 13 survivors (13312K)
[2024-03-06T18:12:53.588+0000][1][gc,heap,exit]  Metaspace       used 71479K, committed 72768K, reserved 1114112K
[2024-03-06T18:12:53.588+0000][1][gc,heap,exit]   class space    used 9454K, committed 10048K, reserved 1048576K
