[2024-03-07T03:25:46.228+0000][1][gc,init] CardTable entry size: 512
[2024-03-07T03:25:46.228+0000][1][gc     ] Using G1
[2024-03-07T03:25:46.234+0000][1][gc,init] Version: 21.0.2+13-LTS (release)
[2024-03-07T03:25:46.234+0000][1][gc,init] CPUs: 12 total, 12 available
[2024-03-07T03:25:46.234+0000][1][gc,init] Memory: 7867M
[2024-03-07T03:25:46.234+0000][1][gc,init] Large Page Support: Disabled
[2024-03-07T03:25:46.234+0000][1][gc,init] NUMA Support: Disabled
[2024-03-07T03:25:46.234+0000][1][gc,init] Compressed Oops: Enabled (32-bit)
[2024-03-07T03:25:46.234+0000][1][gc,init] Heap Region Size: 1M
[2024-03-07T03:25:46.234+0000][1][gc,init] Heap Min Capacity: 512M
[2024-03-07T03:25:46.234+0000][1][gc,init] Heap Initial Capacity: 512M
[2024-03-07T03:25:46.234+0000][1][gc,init] Heap Max Capacity: 512M
[2024-03-07T03:25:46.234+0000][1][gc,init] Pre-touch: Disabled
[2024-03-07T03:25:46.234+0000][1][gc,init] Parallel Workers: 10
[2024-03-07T03:25:46.234+0000][1][gc,init] Concurrent Workers: 3
[2024-03-07T03:25:46.234+0000][1][gc,init] Concurrent Refinement Workers: 10
[2024-03-07T03:25:46.234+0000][1][gc,init] Periodic GC: Disabled
[2024-03-07T03:25:46.234+0000][1][gc,metaspace] CDS archive(s) not mapped
[2024-03-07T03:25:46.234+0000][1][gc,metaspace] Compressed class space mapped at: 0x0000000100000000-0x0000000140000000, reserved size: 1073741824
[2024-03-07T03:25:46.234+0000][1][gc,metaspace] Narrow klass base: 0x0000000000000000, Narrow klass shift: 3, Narrow klass range: 0x140000000
[2024-03-07T03:25:46.803+0000][1][gc,start    ] GC(0) Pause Young (Normal) (G1 Evacuation Pause)
[2024-03-07T03:25:46.804+0000][1][gc,task     ] GC(0) Using 10 workers of 10 for evacuation
[2024-03-07T03:25:46.804+0000][1][gc,age      ] GC(0) Desired survivor size 2097152 bytes, new threshold 15 (max threshold 15)
[2024-03-07T03:25:46.816+0000][1][gc,phases   ] GC(0)   Pre Evacuate Collection Set: 0.2ms
[2024-03-07T03:25:46.816+0000][1][gc,phases   ] GC(0)   Merge Heap Roots: 0.1ms
[2024-03-07T03:25:46.816+0000][1][gc,phases   ] GC(0)   Evacuate Collection Set: 11.2ms
[2024-03-07T03:25:46.816+0000][1][gc,phases   ] GC(0)   Post Evacuate Collection Set: 0.5ms
[2024-03-07T03:25:46.816+0000][1][gc,phases   ] GC(0)   Other: 0.9ms
[2024-03-07T03:25:46.816+0000][1][gc,age      ] GC(0) Age table with threshold 15 (max threshold 15)
[2024-03-07T03:25:46.816+0000][1][gc,age      ] GC(0) - age   1:    3794032 bytes,    3794032 total
[2024-03-07T03:25:46.816+0000][1][gc,heap     ] GC(0) Eden regions: 25->0(29)
[2024-03-07T03:25:46.816+0000][1][gc,heap     ] GC(0) Survivor regions: 0->4(4)
[2024-03-07T03:25:46.817+0000][1][gc,heap     ] GC(0) Old regions: 0->3
[2024-03-07T03:25:46.817+0000][1][gc,heap     ] GC(0) Humongous regions: 3->3
[2024-03-07T03:25:46.817+0000][1][gc,metaspace] GC(0) Metaspace: 16613K(16832K)->16613K(16832K) NonClass: 14981K(15104K)->14981K(15104K) Class: 1631K(1728K)->1631K(1728K)
[2024-03-07T03:25:46.817+0000][1][gc          ] GC(0) Pause Young (Normal) (G1 Evacuation Pause) 28M->9M(512M) 13.130ms
[2024-03-07T03:25:46.817+0000][1][gc,cpu      ] GC(0) User=0.03s Sys=0.06s Real=0.01s
[2024-03-07T03:25:46.817+0000][1][safepoint   ] Safepoint "G1CollectForAllocation", Time since last: 553895224 ns, Reaching safepoint: 2986 ns, Cleanup: 71534 ns, At safepoint: 13173016 ns, Total: 13247536 ns
[2024-03-07T03:25:47.114+0000][1][gc,start    ] GC(1) Pause Young (Concurrent Start) (Metadata GC Threshold)
[2024-03-07T03:25:47.114+0000][1][gc,task     ] GC(1) Using 10 workers of 10 for evacuation
[2024-03-07T03:25:47.114+0000][1][gc,age      ] GC(1) Desired survivor size 2621440 bytes, new threshold 1 (max threshold 15)
[2024-03-07T03:25:47.125+0000][1][gc,phases   ] GC(1)   Pre Evacuate Collection Set: 0.2ms
[2024-03-07T03:25:47.125+0000][1][gc,phases   ] GC(1)   Merge Heap Roots: 0.1ms
[2024-03-07T03:25:47.125+0000][1][gc,phases   ] GC(1)   Evacuate Collection Set: 10.0ms
[2024-03-07T03:25:47.125+0000][1][gc,phases   ] GC(1)   Post Evacuate Collection Set: 0.5ms
[2024-03-07T03:25:47.125+0000][1][gc,phases   ] GC(1)   Other: 0.1ms
[2024-03-07T03:25:47.125+0000][1][gc,age      ] GC(1) Age table with threshold 1 (max threshold 15)
[2024-03-07T03:25:47.125+0000][1][gc,age      ] GC(1) - age   1:    1228888 bytes,    1228888 total
[2024-03-07T03:25:47.125+0000][1][gc,heap     ] GC(1) Eden regions: 15->0(47)
[2024-03-07T03:25:47.125+0000][1][gc,heap     ] GC(1) Survivor regions: 4->2(5)
[2024-03-07T03:25:47.125+0000][1][gc,heap     ] GC(1) Old regions: 3->7
[2024-03-07T03:25:47.125+0000][1][gc,heap     ] GC(1) Humongous regions: 3->3
[2024-03-07T03:25:47.125+0000][1][gc,metaspace] GC(1) Metaspace: 21220K(21504K)->21220K(21504K) NonClass: 18975K(19136K)->18975K(19136K) Class: 2245K(2368K)->2245K(2368K)
[2024-03-07T03:25:47.125+0000][1][gc          ] GC(1) Pause Young (Concurrent Start) (Metadata GC Threshold) 24M->10M(512M) 11.124ms
[2024-03-07T03:25:47.125+0000][1][gc,cpu      ] GC(1) User=0.02s Sys=0.06s Real=0.01s
[2024-03-07T03:25:47.125+0000][1][gc          ] GC(2) Concurrent Mark Cycle
[2024-03-07T03:25:47.125+0000][1][safepoint   ] Safepoint "CollectForMetadataAllocation", Time since last: 297111470 ns, Reaching safepoint: 4047 ns, Cleanup: 73749 ns, At safepoint: 11204242 ns, Total: 11282038 ns
[2024-03-07T03:25:47.125+0000][1][gc,marking  ] GC(2) Concurrent Scan Root Regions
[2024-03-07T03:25:47.127+0000][1][gc,marking  ] GC(2) Concurrent Scan Root Regions 1.630ms
[2024-03-07T03:25:47.127+0000][1][gc,marking  ] GC(2) Concurrent Mark
[2024-03-07T03:25:47.127+0000][1][gc,marking  ] GC(2) Concurrent Mark From Roots
[2024-03-07T03:25:47.127+0000][1][gc,task     ] GC(2) Using 3 workers of 3 for marking
[2024-03-07T03:25:47.128+0000][1][gc,marking  ] GC(2) Concurrent Mark From Roots 1.434ms
[2024-03-07T03:25:47.128+0000][1][gc,marking  ] GC(2) Concurrent Preclean
[2024-03-07T03:25:47.128+0000][1][gc,marking  ] GC(2) Concurrent Preclean 0.011ms
[2024-03-07T03:25:47.129+0000][1][gc,start    ] GC(2) Pause Remark
[2024-03-07T03:25:47.130+0000][1][gc          ] GC(2) Pause Remark 11M->11M(512M) 1.220ms
[2024-03-07T03:25:47.130+0000][1][gc,cpu      ] GC(2) User=0.00s Sys=0.00s Real=0.00s
[2024-03-07T03:25:47.130+0000][1][safepoint   ] Safepoint "G1PauseRemark", Time since last: 3204643 ns, Reaching safepoint: 780394 ns, Cleanup: 8947 ns, At safepoint: 1273690 ns, Total: 2063031 ns
[2024-03-07T03:25:47.130+0000][1][gc,marking  ] GC(2) Concurrent Mark 3.601ms
[2024-03-07T03:25:47.130+0000][1][gc,marking  ] GC(2) Concurrent Rebuild Remembered Sets and Scrub Regions
[2024-03-07T03:25:47.131+0000][1][gc,marking  ] GC(2) Concurrent Rebuild Remembered Sets and Scrub Regions 0.767ms
[2024-03-07T03:25:47.131+0000][1][gc,start    ] GC(2) Pause Cleanup
[2024-03-07T03:25:47.131+0000][1][gc          ] GC(2) Pause Cleanup 11M->11M(512M) 0.130ms
[2024-03-07T03:25:47.131+0000][1][gc,cpu      ] GC(2) User=0.01s Sys=0.00s Real=0.00s
[2024-03-07T03:25:47.131+0000][1][safepoint   ] Safepoint "G1PauseCleanup", Time since last: 849904 ns, Reaching safepoint: 72536 ns, Cleanup: 1974 ns, At safepoint: 168777 ns, Total: 243287 ns
[2024-03-07T03:25:47.131+0000][1][gc,marking  ] GC(2) Concurrent Clear Claimed Marks
[2024-03-07T03:25:47.131+0000][1][gc,marking  ] GC(2) Concurrent Clear Claimed Marks 0.028ms
[2024-03-07T03:25:47.131+0000][1][gc,marking  ] GC(2) Concurrent Cleanup for Next Mark
[2024-03-07T03:25:47.134+0000][1][gc,marking  ] GC(2) Concurrent Cleanup for Next Mark 2.328ms
[2024-03-07T03:25:47.134+0000][1][gc          ] GC(2) Concurrent Mark Cycle 8.868ms
[2024-03-07T03:25:47.641+0000][1][gc,start    ] GC(3) Pause Young (Normal) (G1 Evacuation Pause)
[2024-03-07T03:25:47.641+0000][1][gc,task     ] GC(3) Using 10 workers of 10 for evacuation
[2024-03-07T03:25:47.641+0000][1][gc,age      ] GC(3) Desired survivor size 3670016 bytes, new threshold 15 (max threshold 15)
[2024-03-07T03:25:47.646+0000][1][gc,phases   ] GC(3)   Pre Evacuate Collection Set: 0.2ms
[2024-03-07T03:25:47.646+0000][1][gc,phases   ] GC(3)   Merge Heap Roots: 0.1ms
[2024-03-07T03:25:47.646+0000][1][gc,phases   ] GC(3)   Evacuate Collection Set: 4.8ms
[2024-03-07T03:25:47.646+0000][1][gc,phases   ] GC(3)   Post Evacuate Collection Set: 0.6ms
[2024-03-07T03:25:47.647+0000][1][gc,phases   ] GC(3)   Other: 0.1ms
[2024-03-07T03:25:47.647+0000][1][gc,age      ] GC(3) Age table with threshold 15 (max threshold 15)
[2024-03-07T03:25:47.647+0000][1][gc,age      ] GC(3) - age   1:    1511600 bytes,    1511600 total
[2024-03-07T03:25:47.647+0000][1][gc,age      ] GC(3) - age   2:    1192592 bytes,    2704192 total
[2024-03-07T03:25:47.647+0000][1][gc,heap     ] GC(3) Eden regions: 48->0(101)
[2024-03-07T03:25:47.647+0000][1][gc,heap     ] GC(3) Survivor regions: 2->3(7)
[2024-03-07T03:25:47.647+0000][1][gc,heap     ] GC(3) Old regions: 7->7
[2024-03-07T03:25:47.647+0000][1][gc,heap     ] GC(3) Humongous regions: 3->3
[2024-03-07T03:25:47.647+0000][1][gc,metaspace] GC(3) Metaspace: 30683K(31040K)->30683K(31040K) NonClass: 27345K(27520K)->27345K(27520K) Class: 3338K(3520K)->3338K(3520K)
[2024-03-07T03:25:47.647+0000][1][gc          ] GC(3) Pause Young (Normal) (G1 Evacuation Pause) 58M->12M(512M) 6.018ms
[2024-03-07T03:25:47.647+0000][1][gc,cpu      ] GC(3) User=0.03s Sys=0.01s Real=0.01s
[2024-03-07T03:25:47.647+0000][1][safepoint   ] Safepoint "G1CollectForAllocation", Time since last: 509198090 ns, Reaching safepoint: 6082 ns, Cleanup: 90469 ns, At safepoint: 6085739 ns, Total: 6182290 ns
[2024-03-07T03:25:48.011+0000][1][gc,start    ] GC(4) Pause Young (Normal) (G1 Evacuation Pause)
[2024-03-07T03:25:48.011+0000][1][gc,task     ] GC(4) Using 10 workers of 10 for evacuation
[2024-03-07T03:25:48.011+0000][1][gc,age      ] GC(4) Desired survivor size 7340032 bytes, new threshold 15 (max threshold 15)
[2024-03-07T03:25:48.024+0000][1][gc,phases   ] GC(4)   Pre Evacuate Collection Set: 0.3ms
[2024-03-07T03:25:48.024+0000][1][gc,phases   ] GC(4)   Merge Heap Roots: 0.1ms
[2024-03-07T03:25:48.024+0000][1][gc,phases   ] GC(4)   Evacuate Collection Set: 12.1ms
[2024-03-07T03:25:48.024+0000][1][gc,phases   ] GC(4)   Post Evacuate Collection Set: 1.0ms
[2024-03-07T03:25:48.024+0000][1][gc,phases   ] GC(4)   Other: 0.1ms
[2024-03-07T03:25:48.024+0000][1][gc,age      ] GC(4) Age table with threshold 15 (max threshold 15)
[2024-03-07T03:25:48.024+0000][1][gc,age      ] GC(4) - age   1:    2070544 bytes,    2070544 total
[2024-03-07T03:25:48.024+0000][1][gc,age      ] GC(4) - age   2:    1427568 bytes,    3498112 total
[2024-03-07T03:25:48.024+0000][1][gc,age      ] GC(4) - age   3:    1170416 bytes,    4668528 total
[2024-03-07T03:25:48.024+0000][1][gc,heap     ] GC(4) Eden regions: 103->0(302)
[2024-03-07T03:25:48.024+0000][1][gc,heap     ] GC(4) Survivor regions: 3->5(14)
[2024-03-07T03:25:48.024+0000][1][gc,heap     ] GC(4) Old regions: 7->7
[2024-03-07T03:25:48.024+0000][1][gc,heap     ] GC(4) Humongous regions: 3->3
[2024-03-07T03:25:48.024+0000][1][gc,metaspace] GC(4) Metaspace: 32673K(33024K)->32673K(33024K) NonClass: 29047K(29248K)->29047K(29248K) Class: 3626K(3776K)->3626K(3776K)
[2024-03-07T03:25:48.025+0000][1][gc          ] GC(4) Pause Young (Normal) (G1 Evacuation Pause) 115M->14M(512M) 13.975ms
[2024-03-07T03:25:48.025+0000][1][gc,cpu      ] GC(4) User=0.03s Sys=0.03s Real=0.02s
[2024-03-07T03:25:48.025+0000][1][safepoint   ] Safepoint "G1CollectForAllocation", Time since last: 363646507 ns, Reaching safepoint: 12083 ns, Cleanup: 157145 ns, At safepoint: 14062074 ns, Total: 14231302 ns
[2024-03-07T03:25:48.381+0000][1][gc,start    ] GC(5) Pause Young (Concurrent Start) (Metadata GC Threshold)
[2024-03-07T03:25:48.381+0000][1][gc,task     ] GC(5) Using 10 workers of 10 for evacuation
[2024-03-07T03:25:48.381+0000][1][gc,age      ] GC(5) Desired survivor size 20447232 bytes, new threshold 15 (max threshold 15)
[2024-03-07T03:25:48.390+0000][1][gc,phases   ] GC(5)   Pre Evacuate Collection Set: 0.4ms
[2024-03-07T03:25:48.390+0000][1][gc,phases   ] GC(5)   Merge Heap Roots: 0.1ms
[2024-03-07T03:25:48.390+0000][1][gc,phases   ] GC(5)   Evacuate Collection Set: 7.6ms
[2024-03-07T03:25:48.390+0000][1][gc,phases   ] GC(5)   Post Evacuate Collection Set: 0.8ms
[2024-03-07T03:25:48.390+0000][1][gc,phases   ] GC(5)   Other: 0.1ms
[2024-03-07T03:25:48.390+0000][1][gc,age      ] GC(5) Age table with threshold 15 (max threshold 15)
[2024-03-07T03:25:48.390+0000][1][gc,age      ] GC(5) - age   1:    1605416 bytes,    1605416 total
[2024-03-07T03:25:48.390+0000][1][gc,age      ] GC(5) - age   2:     832424 bytes,    2437840 total
[2024-03-07T03:25:48.390+0000][1][gc,age      ] GC(5) - age   3:    1414680 bytes,    3852520 total
[2024-03-07T03:25:48.390+0000][1][gc,age      ] GC(5) - age   4:    1170416 bytes,    5022936 total
[2024-03-07T03:25:48.390+0000][1][gc,heap     ] GC(5) Eden regions: 70->0(301)
[2024-03-07T03:25:48.390+0000][1][gc,heap     ] GC(5) Survivor regions: 5->6(39)
[2024-03-07T03:25:48.390+0000][1][gc,heap     ] GC(5) Old regions: 7->7
[2024-03-07T03:25:48.390+0000][1][gc,heap     ] GC(5) Humongous regions: 3->3
[2024-03-07T03:25:48.390+0000][1][gc,metaspace] GC(5) Metaspace: 35616K(35968K)->35616K(35968K) NonClass: 31626K(31808K)->31626K(31808K) Class: 3989K(4160K)->3989K(4160K)
[2024-03-07T03:25:48.390+0000][1][gc          ] GC(5) Pause Young (Concurrent Start) (Metadata GC Threshold) 84M->14M(512M) 9.392ms
[2024-03-07T03:25:48.390+0000][1][gc,cpu      ] GC(5) User=0.04s Sys=0.00s Real=0.01s
[2024-03-07T03:25:48.390+0000][1][safepoint   ] Safepoint "CollectForMetadataAllocation", Time since last: 355968031 ns, Reaching safepoint: 8275 ns, Cleanup: 103594 ns, At safepoint: 9505175 ns, Total: 9617044 ns
[2024-03-07T03:25:48.390+0000][1][gc          ] GC(6) Concurrent Mark Cycle
[2024-03-07T03:25:48.390+0000][1][gc,marking  ] GC(6) Concurrent Scan Root Regions
[2024-03-07T03:25:48.394+0000][1][gc,marking  ] GC(6) Concurrent Scan Root Regions 3.788ms
[2024-03-07T03:25:48.394+0000][1][gc,marking  ] GC(6) Concurrent Mark
[2024-03-07T03:25:48.394+0000][1][gc,marking  ] GC(6) Concurrent Mark From Roots
[2024-03-07T03:25:48.394+0000][1][gc,task     ] GC(6) Using 3 workers of 3 for marking
[2024-03-07T03:25:48.401+0000][1][gc,marking  ] GC(6) Concurrent Mark From Roots 6.658ms
[2024-03-07T03:25:48.401+0000][1][gc,marking  ] GC(6) Concurrent Preclean
[2024-03-07T03:25:48.401+0000][1][gc,marking  ] GC(6) Concurrent Preclean 0.044ms
[2024-03-07T03:25:48.401+0000][1][gc,start    ] GC(6) Pause Remark
[2024-03-07T03:25:48.407+0000][1][gc          ] GC(6) Pause Remark 15M->15M(512M) 6.065ms
[2024-03-07T03:25:48.407+0000][1][gc,cpu      ] GC(6) User=0.02s Sys=0.00s Real=0.01s
[2024-03-07T03:25:48.407+0000][1][safepoint   ] Safepoint "G1PauseRemark", Time since last: 10972126 ns, Reaching safepoint: 87755 ns, Cleanup: 18895 ns, At safepoint: 6172031 ns, Total: 6278681 ns
[2024-03-07T03:25:48.413+0000][1][gc,marking  ] GC(6) Concurrent Mark 18.785ms
[2024-03-07T03:25:48.413+0000][1][gc,marking  ] GC(6) Concurrent Rebuild Remembered Sets and Scrub Regions
[2024-03-07T03:25:48.415+0000][1][gc,marking  ] GC(6) Concurrent Rebuild Remembered Sets and Scrub Regions 1.486ms
[2024-03-07T03:25:48.416+0000][1][gc,start    ] GC(6) Pause Cleanup
[2024-03-07T03:25:48.416+0000][1][gc          ] GC(6) Pause Cleanup 15M->15M(512M) 0.281ms
[2024-03-07T03:25:48.416+0000][1][gc,cpu      ] GC(6) User=0.00s Sys=0.00s Real=0.00s
[2024-03-07T03:25:48.416+0000][1][safepoint   ] Safepoint "G1PauseCleanup", Time since last: 7342476 ns, Reaching safepoint: 918313 ns, Cleanup: 9258 ns, At safepoint: 340869 ns, Total: 1268440 ns
[2024-03-07T03:25:48.416+0000][1][gc,marking  ] GC(6) Concurrent Clear Claimed Marks
[2024-03-07T03:25:48.416+0000][1][gc,marking  ] GC(6) Concurrent Clear Claimed Marks 0.066ms
[2024-03-07T03:25:48.416+0000][1][gc,marking  ] GC(6) Concurrent Cleanup for Next Mark
[2024-03-07T03:25:48.421+0000][1][gc,marking  ] GC(6) Concurrent Cleanup for Next Mark 4.911ms
[2024-03-07T03:25:48.421+0000][1][gc          ] GC(6) Concurrent Mark Cycle 30.708ms
[2024-03-07T03:25:48.953+0000][1][safepoint   ] Safepoint "ICBufferFull", Time since last: 536851125 ns, Reaching safepoint: 4228 ns, Cleanup: 103204 ns, At safepoint: 2705 ns, Total: 110137 ns
[2024-03-07T03:25:49.466+0000][1][safepoint   ] Safepoint "ICBufferFull", Time since last: 512434363 ns, Reaching safepoint: 78006 ns, Cleanup: 150783 ns, At safepoint: 6232 ns, Total: 235021 ns
[2024-03-07T03:25:50.156+0000][1][gc,start    ] GC(7) Pause Young (Concurrent Start) (Metadata GC Threshold)
[2024-03-07T03:25:50.156+0000][1][gc,task     ] GC(7) Using 10 workers of 10 for evacuation
[2024-03-07T03:25:50.156+0000][1][gc,age      ] GC(7) Desired survivor size 20447232 bytes, new threshold 15 (max threshold 15)
[2024-03-07T03:25:50.167+0000][1][gc,phases   ] GC(7)   Pre Evacuate Collection Set: 0.6ms
[2024-03-07T03:25:50.167+0000][1][gc,phases   ] GC(7)   Merge Heap Roots: 0.2ms
[2024-03-07T03:25:50.167+0000][1][gc,phases   ] GC(7)   Evacuate Collection Set: 9.2ms
[2024-03-07T03:25:50.167+0000][1][gc,phases   ] GC(7)   Post Evacuate Collection Set: 0.9ms
[2024-03-07T03:25:50.167+0000][1][gc,phases   ] GC(7)   Other: 0.1ms
[2024-03-07T03:25:50.167+0000][1][gc,age      ] GC(7) Age table with threshold 15 (max threshold 15)
[2024-03-07T03:25:50.167+0000][1][gc,age      ] GC(7) - age   1:    6908064 bytes,    6908064 total
[2024-03-07T03:25:50.167+0000][1][gc,age      ] GC(7) - age   2:    1129848 bytes,    8037912 total
[2024-03-07T03:25:50.167+0000][1][gc,age      ] GC(7) - age   3:     782816 bytes,    8820728 total
[2024-03-07T03:25:50.167+0000][1][gc,age      ] GC(7) - age   4:    1366744 bytes,   10187472 total
[2024-03-07T03:25:50.167+0000][1][gc,age      ] GC(7) - age   5:    1152624 bytes,   11340096 total
[2024-03-07T03:25:50.167+0000][1][gc,heap     ] GC(7) Eden regions: 89->0(295)
[2024-03-07T03:25:50.167+0000][1][gc,heap     ] GC(7) Survivor regions: 6->12(39)
[2024-03-07T03:25:50.167+0000][1][gc,heap     ] GC(7) Old regions: 7->7
[2024-03-07T03:25:50.167+0000][1][gc,heap     ] GC(7) Humongous regions: 3->3
[2024-03-07T03:25:50.167+0000][1][gc,metaspace] GC(7) Metaspace: 59526K(60160K)->59526K(60160K) NonClass: 52092K(52416K)->52092K(52416K) Class: 7433K(7744K)->7433K(7744K)
[2024-03-07T03:25:50.167+0000][1][gc          ] GC(7) Pause Young (Concurrent Start) (Metadata GC Threshold) 103M->21M(512M) 11.280ms
[2024-03-07T03:25:50.167+0000][1][gc,cpu      ] GC(7) User=0.06s Sys=0.00s Real=0.01s
[2024-03-07T03:25:50.167+0000][1][gc          ] GC(8) Concurrent Mark Cycle
[2024-03-07T03:25:50.167+0000][1][gc,marking  ] GC(8) Concurrent Scan Root Regions
[2024-03-07T03:25:50.167+0000][1][safepoint   ] Safepoint "CollectForMetadataAllocation", Time since last: 690121250 ns, Reaching safepoint: 10259 ns, Cleanup: 170370 ns, At safepoint: 11385022 ns, Total: 11565651 ns
[2024-03-07T03:25:50.171+0000][1][gc,marking  ] GC(8) Concurrent Scan Root Regions 3.846ms
[2024-03-07T03:25:50.171+0000][1][gc,marking  ] GC(8) Concurrent Mark
[2024-03-07T03:25:50.171+0000][1][gc,marking  ] GC(8) Concurrent Mark From Roots
[2024-03-07T03:25:50.171+0000][1][gc,task     ] GC(8) Using 3 workers of 3 for marking
[2024-03-07T03:25:50.174+0000][1][gc,marking  ] GC(8) Concurrent Mark From Roots 2.360ms
[2024-03-07T03:25:50.174+0000][1][gc,marking  ] GC(8) Concurrent Preclean
[2024-03-07T03:25:50.174+0000][1][gc,marking  ] GC(8) Concurrent Preclean 0.026ms
[2024-03-07T03:25:50.174+0000][1][gc,start    ] GC(8) Pause Remark
[2024-03-07T03:25:50.176+0000][1][gc          ] GC(8) Pause Remark 22M->22M(512M) 2.260ms
[2024-03-07T03:25:50.176+0000][1][gc,cpu      ] GC(8) User=0.01s Sys=0.00s Real=0.00s
[2024-03-07T03:25:50.176+0000][1][safepoint   ] Safepoint "G1PauseRemark", Time since last: 6345345 ns, Reaching safepoint: 70983 ns, Cleanup: 2495 ns, At safepoint: 2326966 ns, Total: 2400444 ns
[2024-03-07T03:25:50.176+0000][1][gc,marking  ] GC(8) Concurrent Mark 4.877ms
[2024-03-07T03:25:50.176+0000][1][gc,marking  ] GC(8) Concurrent Rebuild Remembered Sets and Scrub Regions
[2024-03-07T03:25:50.177+0000][1][gc,marking  ] GC(8) Concurrent Rebuild Remembered Sets and Scrub Regions 0.911ms
[2024-03-07T03:25:50.177+0000][1][gc,start    ] GC(8) Pause Cleanup
[2024-03-07T03:25:50.177+0000][1][gc          ] GC(8) Pause Cleanup 22M->22M(512M) 0.093ms
[2024-03-07T03:25:50.177+0000][1][gc,cpu      ] GC(8) User=0.00s Sys=0.00s Real=0.00s
[2024-03-07T03:25:50.177+0000][1][safepoint   ] Safepoint "G1PauseCleanup", Time since last: 994045 ns, Reaching safepoint: 4408 ns, Cleanup: 2735 ns, At safepoint: 121799 ns, Total: 128942 ns
[2024-03-07T03:25:50.177+0000][1][gc,marking  ] GC(8) Concurrent Clear Claimed Marks
[2024-03-07T03:25:50.177+0000][1][gc,marking  ] GC(8) Concurrent Clear Claimed Marks 0.054ms
[2024-03-07T03:25:50.177+0000][1][gc,marking  ] GC(8) Concurrent Cleanup for Next Mark
[2024-03-07T03:25:50.178+0000][1][gc,marking  ] GC(8) Concurrent Cleanup for Next Mark 0.882ms
[2024-03-07T03:25:50.178+0000][1][gc          ] GC(8) Concurrent Mark Cycle 10.922ms
[2024-03-07T03:25:50.643+0000][1][safepoint   ] Safepoint "ICBufferFull", Time since last: 465662436 ns, Reaching safepoint: 84649 ns, Cleanup: 167444 ns, At safepoint: 4519 ns, Total: 256612 ns
[2024-03-07T03:25:51.644+0000][1][safepoint   ] Safepoint "Cleanup", Time since last: 1000143484 ns, Reaching safepoint: 49683 ns, Cleanup: 173806 ns, At safepoint: 16872 ns, Total: 240361 ns
[2024-03-07T03:25:53.644+0000][1][safepoint   ] Safepoint "Cleanup", Time since last: 2000188704 ns, Reaching safepoint: 9889 ns, Cleanup: 18565 ns, At safepoint: 2915 ns, Total: 31369 ns
[2024-03-07T03:25:54.644+0000][1][safepoint   ] Safepoint "Cleanup", Time since last: 1000110002 ns, Reaching safepoint: 7765 ns, Cleanup: 13635 ns, At safepoint: 3337 ns, Total: 24737 ns
[2024-03-07T03:25:55.837+0000][1][safepoint   ] Safepoint "Cleanup", Time since last: 1193255784 ns, Reaching safepoint: 2465 ns, Cleanup: 9117 ns, At safepoint: 2124 ns, Total: 13706 ns
[2024-03-07T03:25:56.837+0000][1][safepoint   ] Safepoint "Cleanup", Time since last: 1000135049 ns, Reaching safepoint: 46807 ns, Cleanup: 18355 ns, At safepoint: 15028 ns, Total: 80190 ns
[2024-03-07T03:25:58.838+0000][1][safepoint   ] Safepoint "Cleanup", Time since last: 2000926947 ns, Reaching safepoint: 95309 ns, Cleanup: 17323 ns, At safepoint: 15729 ns, Total: 128361 ns
[2024-03-07T03:25:59.839+0000][1][safepoint   ] Safepoint "Cleanup", Time since last: 1000129980 ns, Reaching safepoint: 11421 ns, Cleanup: 17844 ns, At safepoint: 4348 ns, Total: 33613 ns
[2024-03-07T03:26:00.839+0000][1][safepoint   ] Safepoint "Cleanup", Time since last: 1000146390 ns, Reaching safepoint: 10751 ns, Cleanup: 19276 ns, At safepoint: 4268 ns, Total: 34295 ns
[2024-03-07T03:26:01.839+0000][1][safepoint   ] Safepoint "Cleanup", Time since last: 1000134306 ns, Reaching safepoint: 9898 ns, Cleanup: 14868 ns, At safepoint: 3968 ns, Total: 28734 ns
[2024-03-07T03:26:02.839+0000][1][safepoint   ] Safepoint "Cleanup", Time since last: 1000135770 ns, Reaching safepoint: 83576 ns, Cleanup: 42630 ns, At safepoint: 14688 ns, Total: 140894 ns
[2024-03-07T03:26:02.971+0000][1][safepoint   ] Safepoint "ICBufferFull", Time since last: 131611458 ns, Reaching safepoint: 9117 ns, Cleanup: 106490 ns, At safepoint: 4077 ns, Total: 119684 ns
[2024-03-07T03:26:03.148+0000][1][safepoint   ] Safepoint "ICBufferFull", Time since last: 177023333 ns, Reaching safepoint: 9428 ns, Cleanup: 93806 ns, At safepoint: 2214 ns, Total: 105448 ns
[2024-03-07T03:26:04.148+0000][1][safepoint   ] Safepoint "Cleanup", Time since last: 1000115151 ns, Reaching safepoint: 53861 ns, Cleanup: 36138 ns, At safepoint: 4899 ns, Total: 94898 ns
[2024-03-07T03:26:05.148+0000][1][safepoint   ] Safepoint "Cleanup", Time since last: 1000126863 ns, Reaching safepoint: 13455 ns, Cleanup: 13987 ns, At safepoint: 4668 ns, Total: 32110 ns
[2024-03-07T03:26:08.149+0000][1][safepoint   ] Safepoint "Cleanup", Time since last: 3000691064 ns, Reaching safepoint: 13215 ns, Cleanup: 14367 ns, At safepoint: 3867 ns, Total: 31449 ns
[2024-03-07T03:26:15.151+0000][1][safepoint   ] Safepoint "Cleanup", Time since last: 7001678722 ns, Reaching safepoint: 53310 ns, Cleanup: 11301 ns, At safepoint: 4359 ns, Total: 68970 ns
[2024-03-07T03:26:22.152+0000][1][safepoint   ] Safepoint "Cleanup", Time since last: 7000944266 ns, Reaching safepoint: 14487 ns, Cleanup: 18234 ns, At safepoint: 5601 ns, Total: 38322 ns
[2024-03-07T03:26:29.153+0000][1][safepoint   ] Safepoint "Cleanup", Time since last: 7000628541 ns, Reaching safepoint: 55354 ns, Cleanup: 13104 ns, At safepoint: 4599 ns, Total: 73057 ns
[2024-03-07T03:26:32.153+0000][1][safepoint   ] Safepoint "Cleanup", Time since last: 3000350991 ns, Reaching safepoint: 63198 ns, Cleanup: 15269 ns, At safepoint: 5260 ns, Total: 83727 ns
[2024-03-07T03:26:33.153+0000][1][safepoint   ] Safepoint "Cleanup", Time since last: 1000227059 ns, Reaching safepoint: 15159 ns, Cleanup: 17703 ns, At safepoint: 4408 ns, Total: 37270 ns
[2024-03-07T03:26:34.153+0000][1][safepoint   ] Safepoint "Cleanup", Time since last: 1000130841 ns, Reaching safepoint: 13896 ns, Cleanup: 11722 ns, At safepoint: 3747 ns, Total: 29365 ns
[2024-03-07T03:26:50.295+0000][1][safepoint   ] Safepoint "Cleanup", Time since last: 16140996702 ns, Reaching safepoint: 44534 ns, Cleanup: 10409 ns, At safepoint: 15610 ns, Total: 70553 ns
[2024-03-07T03:26:59.295+0000][1][safepoint   ] Safepoint "Cleanup", Time since last: 9000745300 ns, Reaching safepoint: 50895 ns, Cleanup: 12684 ns, At safepoint: 4438 ns, Total: 68017 ns
[2024-03-07T03:27:00.296+0000][1][safepoint   ] Safepoint "Cleanup", Time since last: 1000125060 ns, Reaching safepoint: 47129 ns, Cleanup: 14166 ns, At safepoint: 156103 ns, Total: 217398 ns
[2024-03-07T03:27:05.296+0000][1][safepoint   ] Safepoint "Cleanup", Time since last: 5000383434 ns, Reaching safepoint: 46507 ns, Cleanup: 11842 ns, At safepoint: 4799 ns, Total: 63148 ns
[2024-03-07T03:27:06.296+0000][1][safepoint   ] Safepoint "Cleanup", Time since last: 1000114079 ns, Reaching safepoint: 41889 ns, Cleanup: 16972 ns, At safepoint: 3937 ns, Total: 62798 ns
[2024-03-07T03:27:07.296+0000][1][safepoint   ] Safepoint "Cleanup", Time since last: 1000130101 ns, Reaching safepoint: 13685 ns, Cleanup: 18004 ns, At safepoint: 4639 ns, Total: 36328 ns
[2024-03-07T03:27:08.297+0000][1][safepoint   ] Safepoint "Cleanup", Time since last: 1000131552 ns, Reaching safepoint: 13045 ns, Cleanup: 14377 ns, At safepoint: 4518 ns, Total: 31940 ns
[2024-03-07T03:27:10.297+0000][1][safepoint   ] Safepoint "Cleanup", Time since last: 2000198081 ns, Reaching safepoint: 13396 ns, Cleanup: 11902 ns, At safepoint: 3677 ns, Total: 28975 ns
[2024-03-07T03:27:14.297+0000][1][safepoint   ] Safepoint "Cleanup", Time since last: 4000349692 ns, Reaching safepoint: 53851 ns, Cleanup: 12263 ns, At safepoint: 4990 ns, Total: 71104 ns
[2024-03-07T03:27:39.299+0000][1][safepoint   ] Safepoint "Cleanup", Time since last: 25001915913 ns, Reaching safepoint: 55424 ns, Cleanup: 17522 ns, At safepoint: 5020 ns, Total: 77966 ns
[2024-03-07T03:27:43.300+0000][1][safepoint   ] Safepoint "Cleanup", Time since last: 4000627958 ns, Reaching safepoint: 62387 ns, Cleanup: 15560 ns, At safepoint: 5159 ns, Total: 83106 ns
[2024-03-07T03:27:51.301+0000][1][safepoint   ] Safepoint "Cleanup", Time since last: 8001169907 ns, Reaching safepoint: 65302 ns, Cleanup: 16040 ns, At safepoint: 4969 ns, Total: 86311 ns
[2024-03-07T03:27:55.302+0000][1][safepoint   ] Safepoint "Cleanup", Time since last: 4000601174 ns, Reaching safepoint: 58821 ns, Cleanup: 17653 ns, At safepoint: 5210 ns, Total: 81684 ns
[2024-03-07T03:27:57.302+0000][1][safepoint   ] Safepoint "Cleanup", Time since last: 2000492545 ns, Reaching safepoint: 33884 ns, Cleanup: 13175 ns, At safepoint: 14837 ns, Total: 61896 ns
[2024-03-07T03:27:59.303+0000][1][safepoint   ] Safepoint "Cleanup", Time since last: 2000395361 ns, Reaching safepoint: 13214 ns, Cleanup: 14117 ns, At safepoint: 3937 ns, Total: 31268 ns
[2024-03-07T03:28:03.303+0000][1][safepoint   ] Safepoint "Cleanup", Time since last: 4000512040 ns, Reaching safepoint: 40476 ns, Cleanup: 11442 ns, At safepoint: 3867 ns, Total: 55785 ns
[2024-03-07T03:28:07.304+0000][1][safepoint   ] Safepoint "Cleanup", Time since last: 4000350519 ns, Reaching safepoint: 12413 ns, Cleanup: 13956 ns, At safepoint: 3377 ns, Total: 29746 ns
[2024-03-07T03:28:08.304+0000][1][safepoint   ] Safepoint "Cleanup", Time since last: 1000132473 ns, Reaching safepoint: 52188 ns, Cleanup: 14518 ns, At safepoint: 16340 ns, Total: 83046 ns
[2024-03-07T03:28:16.305+0000][1][safepoint   ] Safepoint "Cleanup", Time since last: 8000890695 ns, Reaching safepoint: 63519 ns, Cleanup: 25288 ns, At safepoint: 5149 ns, Total: 93956 ns
[2024-03-07T03:28:32.309+0000][1][safepoint   ] Safepoint "Cleanup", Time since last: 16003435210 ns, Reaching safepoint: 65814 ns, Cleanup: 16982 ns, At safepoint: 5200 ns, Total: 87996 ns
[2024-03-07T03:28:40.310+0000][1][safepoint   ] Safepoint "Cleanup", Time since last: 8001326753 ns, Reaching safepoint: 59912 ns, Cleanup: 18224 ns, At safepoint: 5350 ns, Total: 83486 ns
[2024-03-07T03:28:43.310+0000][1][safepoint   ] Safepoint "Cleanup", Time since last: 3000301392 ns, Reaching safepoint: 13536 ns, Cleanup: 14567 ns, At safepoint: 4268 ns, Total: 32371 ns
[2024-03-07T03:28:55.361+0000][1][safepoint   ] Safepoint "Cleanup", Time since last: 12050585754 ns, Reaching safepoint: 51616 ns, Cleanup: 14758 ns, At safepoint: 16481 ns, Total: 82855 ns
[2024-03-07T03:29:00.362+0000][1][safepoint   ] Safepoint "Cleanup", Time since last: 5001127490 ns, Reaching safepoint: 62287 ns, Cleanup: 15138 ns, At safepoint: 17323 ns, Total: 94748 ns
[2024-03-07T03:29:01.362+0000][1][safepoint   ] Safepoint "Cleanup", Time since last: 1000147962 ns, Reaching safepoint: 13125 ns, Cleanup: 9347 ns, At safepoint: 4449 ns, Total: 26921 ns
[2024-03-07T03:29:03.363+0000][1][safepoint   ] Safepoint "Cleanup", Time since last: 2000967225 ns, Reaching safepoint: 14587 ns, Cleanup: 14648 ns, At safepoint: 4698 ns, Total: 33933 ns
[2024-03-07T03:29:14.366+0000][1][safepoint   ] Safepoint "Cleanup", Time since last: 11002499485 ns, Reaching safepoint: 62468 ns, Cleanup: 22001 ns, At safepoint: 4859 ns, Total: 89328 ns
[2024-03-07T03:29:17.812+0000][1][gc,heap,exit] Heap
[2024-03-07T03:29:17.812+0000][1][gc,heap,exit]  garbage-first heap   total 524288K, used 217662K [0x00000000e0000000, 0x0000000100000000)
[2024-03-07T03:29:17.812+0000][1][gc,heap,exit]   region size 1024K, 194 young (198656K), 12 survivors (12288K)
[2024-03-07T03:29:17.812+0000][1][gc,heap,exit]  Metaspace       used 77334K, committed 78720K, reserved 1179648K
[2024-03-07T03:29:17.812+0000][1][gc,heap,exit]   class space    used 10331K, committed 10944K, reserved 1048576K
