[2024-03-07T03:56:16.556+0000][1][gc,init] CardTable entry size: 512
[2024-03-07T03:56:16.556+0000][1][gc     ] Using G1
[2024-03-07T03:56:16.565+0000][1][gc,init] Version: 21.0.2+13-LTS (release)
[2024-03-07T03:56:16.565+0000][1][gc,init] CPUs: 12 total, 12 available
[2024-03-07T03:56:16.565+0000][1][gc,init] Memory: 7867M
[2024-03-07T03:56:16.565+0000][1][gc,init] Large Page Support: Disabled
[2024-03-07T03:56:16.565+0000][1][gc,init] NUMA Support: Disabled
[2024-03-07T03:56:16.565+0000][1][gc,init] Compressed Oops: Enabled (32-bit)
[2024-03-07T03:56:16.565+0000][1][gc,init] Heap Region Size: 1M
[2024-03-07T03:56:16.565+0000][1][gc,init] Heap Min Capacity: 1G
[2024-03-07T03:56:16.565+0000][1][gc,init] Heap Initial Capacity: 1G
[2024-03-07T03:56:16.565+0000][1][gc,init] Heap Max Capacity: 1G
[2024-03-07T03:56:16.565+0000][1][gc,init] Pre-touch: Disabled
[2024-03-07T03:56:16.565+0000][1][gc,init] Parallel Workers: 10
[2024-03-07T03:56:16.565+0000][1][gc,init] Concurrent Workers: 3
[2024-03-07T03:56:16.565+0000][1][gc,init] Concurrent Refinement Workers: 10
[2024-03-07T03:56:16.565+0000][1][gc,init] Periodic GC: Disabled
[2024-03-07T03:56:16.565+0000][1][gc,metaspace] CDS archive(s) not mapped
[2024-03-07T03:56:16.565+0000][1][gc,metaspace] Compressed class space mapped at: 0x0000000100000000-0x0000000140000000, reserved size: 1073741824
[2024-03-07T03:56:16.565+0000][1][gc,metaspace] Narrow klass base: 0x0000000000000000, Narrow klass shift: 3, Narrow klass range: 0x140000000
[2024-03-07T03:56:17.498+0000][1][safepoint   ] Safepoint "ICBufferFull", Time since last: 907359928 ns, Reaching safepoint: 7614 ns, Cleanup: 173917 ns, At safepoint: 3166 ns, Total: 184697 ns
[2024-03-07T03:56:17.702+0000][1][gc,start    ] GC(0) Pause Young (Concurrent Start) (Metadata GC Threshold)
[2024-03-07T03:56:17.703+0000][1][gc,task     ] GC(0) Using 10 workers of 10 for evacuation
[2024-03-07T03:56:17.703+0000][1][gc,age      ] GC(0) Desired survivor size 3670016 bytes, new threshold 15 (max threshold 15)
[2024-03-07T03:56:17.720+0000][1][gc,phases   ] GC(0)   Pre Evacuate Collection Set: 0.3ms
[2024-03-07T03:56:17.720+0000][1][gc,phases   ] GC(0)   Merge Heap Roots: 0.1ms
[2024-03-07T03:56:17.720+0000][1][gc,phases   ] GC(0)   Evacuate Collection Set: 14.1ms
[2024-03-07T03:56:17.720+0000][1][gc,phases   ] GC(0)   Post Evacuate Collection Set: 1.8ms
[2024-03-07T03:56:17.720+0000][1][gc,phases   ] GC(0)   Other: 1.3ms
[2024-03-07T03:56:17.720+0000][1][gc,age      ] GC(0) Age table with threshold 15 (max threshold 15)
[2024-03-07T03:56:17.720+0000][1][gc,age      ] GC(0) - age   1:    6863872 bytes,    6863872 total
[2024-03-07T03:56:17.720+0000][1][gc,heap     ] GC(0) Eden regions: 40->0(44)
[2024-03-07T03:56:17.720+0000][1][gc,heap     ] GC(0) Survivor regions: 0->7(7)
[2024-03-07T03:56:17.720+0000][1][gc,heap     ] GC(0) Old regions: 0->1
[2024-03-07T03:56:17.720+0000][1][gc,heap     ] GC(0) Humongous regions: 3->3
[2024-03-07T03:56:17.720+0000][1][gc,metaspace] GC(0) Metaspace: 21272K(21504K)->21272K(21504K) NonClass: 19023K(19136K)->19023K(19136K) Class: 2248K(2368K)->2248K(2368K)
[2024-03-07T03:56:17.720+0000][1][gc          ] GC(0) Pause Young (Concurrent Start) (Metadata GC Threshold) 42M->10M(1024M) 18.192ms
[2024-03-07T03:56:17.720+0000][1][gc,cpu      ] GC(0) User=0.03s Sys=0.04s Real=0.02s
[2024-03-07T03:56:17.720+0000][1][gc          ] GC(1) Concurrent Mark Cycle
[2024-03-07T03:56:17.720+0000][1][gc,marking  ] GC(1) Concurrent Scan Root Regions
[2024-03-07T03:56:17.720+0000][1][safepoint   ] Safepoint "CollectForMetadataAllocation", Time since last: 203851018 ns, Reaching safepoint: 4489 ns, Cleanup: 64260 ns, At safepoint: 18384344 ns, Total: 18453093 ns
[2024-03-07T03:56:17.727+0000][1][gc,marking  ] GC(1) Concurrent Scan Root Regions 6.743ms
[2024-03-07T03:56:17.727+0000][1][gc,marking  ] GC(1) Concurrent Mark
[2024-03-07T03:56:17.727+0000][1][gc,marking  ] GC(1) Concurrent Mark From Roots
[2024-03-07T03:56:17.727+0000][1][gc,task     ] GC(1) Using 3 workers of 3 for marking
[2024-03-07T03:56:17.728+0000][1][gc,marking  ] GC(1) Concurrent Mark From Roots 1.236ms
[2024-03-07T03:56:17.728+0000][1][gc,marking  ] GC(1) Concurrent Preclean
[2024-03-07T03:56:17.728+0000][1][gc,marking  ] GC(1) Concurrent Preclean 0.025ms
[2024-03-07T03:56:17.728+0000][1][gc,start    ] GC(1) Pause Remark
[2024-03-07T03:56:17.733+0000][1][gc          ] GC(1) Pause Remark 11M->11M(1024M) 4.086ms
[2024-03-07T03:56:17.733+0000][1][gc,cpu      ] GC(1) User=0.01s Sys=0.00s Real=0.00s
[2024-03-07T03:56:17.733+0000][1][safepoint   ] Safepoint "G1PauseRemark", Time since last: 8296036 ns, Reaching safepoint: 122319 ns, Cleanup: 8115 ns, At safepoint: 4203838 ns, Total: 4334272 ns
[2024-03-07T03:56:17.733+0000][1][gc,marking  ] GC(1) Concurrent Mark 5.819ms
[2024-03-07T03:56:17.733+0000][1][gc,marking  ] GC(1) Concurrent Rebuild Remembered Sets and Scrub Regions
[2024-03-07T03:56:17.734+0000][1][gc,marking  ] GC(1) Concurrent Rebuild Remembered Sets and Scrub Regions 0.846ms
[2024-03-07T03:56:17.735+0000][1][gc,start    ] GC(1) Pause Cleanup
[2024-03-07T03:56:17.735+0000][1][gc          ] GC(1) Pause Cleanup 11M->11M(1024M) 0.401ms
[2024-03-07T03:56:17.735+0000][1][gc,cpu      ] GC(1) User=0.00s Sys=0.00s Real=0.00s
[2024-03-07T03:56:17.735+0000][1][safepoint   ] Safepoint "G1PauseCleanup", Time since last: 983936 ns, Reaching safepoint: 1268981 ns, Cleanup: 8857 ns, At safepoint: 473117 ns, Total: 1750955 ns
[2024-03-07T03:56:17.735+0000][1][gc,marking  ] GC(1) Concurrent Clear Claimed Marks
[2024-03-07T03:56:17.735+0000][1][gc,marking  ] GC(1) Concurrent Clear Claimed Marks 0.047ms
[2024-03-07T03:56:17.735+0000][1][gc,marking  ] GC(1) Concurrent Cleanup for Next Mark
[2024-03-07T03:56:17.744+0000][1][gc,marking  ] GC(1) Concurrent Cleanup for Next Mark 8.992ms
[2024-03-07T03:56:17.745+0000][1][gc          ] GC(1) Concurrent Mark Cycle 24.644ms
[2024-03-07T03:56:18.408+0000][1][gc,start    ] GC(2) Pause Young (Normal) (G1 Evacuation Pause)
[2024-03-07T03:56:18.408+0000][1][gc,task     ] GC(2) Using 10 workers of 10 for evacuation
[2024-03-07T03:56:18.408+0000][1][gc,age      ] GC(2) Desired survivor size 3670016 bytes, new threshold 1 (max threshold 15)
[2024-03-07T03:56:18.452+0000][1][gc,phases   ] GC(2)   Pre Evacuate Collection Set: 0.3ms
[2024-03-07T03:56:18.452+0000][1][gc,phases   ] GC(2)   Merge Heap Roots: 0.2ms
[2024-03-07T03:56:18.452+0000][1][gc,phases   ] GC(2)   Evacuate Collection Set: 40.8ms
[2024-03-07T03:56:18.452+0000][1][gc,phases   ] GC(2)   Post Evacuate Collection Set: 2.4ms
[2024-03-07T03:56:18.452+0000][1][gc,phases   ] GC(2)   Other: 0.1ms
[2024-03-07T03:56:18.452+0000][1][gc,age      ] GC(2) Age table with threshold 1 (max threshold 15)
[2024-03-07T03:56:18.452+0000][1][gc,age      ] GC(2) - age   1:    1301976 bytes,    1301976 total
[2024-03-07T03:56:18.452+0000][1][gc,heap     ] GC(2) Eden regions: 44->0(64)
[2024-03-07T03:56:18.452+0000][1][gc,heap     ] GC(2) Survivor regions: 7->2(7)
[2024-03-07T03:56:18.452+0000][1][gc,heap     ] GC(2) Old regions: 1->8
[2024-03-07T03:56:18.452+0000][1][gc,heap     ] GC(2) Humongous regions: 3->3
[2024-03-07T03:56:18.452+0000][1][gc,metaspace] GC(2) Metaspace: 29387K(29696K)->29387K(29696K) NonClass: 26202K(26368K)->26202K(26368K) Class: 3185K(3328K)->3185K(3328K)
[2024-03-07T03:56:18.452+0000][1][gc          ] GC(2) Pause Young (Normal) (G1 Evacuation Pause) 54M->12M(1024M) 44.155ms
[2024-03-07T03:56:18.452+0000][1][gc,cpu      ] GC(2) User=0.12s Sys=0.04s Real=0.04s
[2024-03-07T03:56:18.452+0000][1][safepoint   ] Safepoint "G1CollectForAllocation", Time since last: 672372880 ns, Reaching safepoint: 18795 ns, Cleanup: 266941 ns, At safepoint: 44246378 ns, Total: 44532114 ns
[2024-03-07T03:56:18.990+0000][1][gc,start    ] GC(3) Pause Young (Normal) (G1 Evacuation Pause)
[2024-03-07T03:56:18.990+0000][1][gc,task     ] GC(3) Using 10 workers of 10 for evacuation
[2024-03-07T03:56:18.990+0000][1][gc,age      ] GC(3) Desired survivor size 4718592 bytes, new threshold 15 (max threshold 15)
[2024-03-07T03:56:19.017+0000][1][gc,phases   ] GC(3)   Pre Evacuate Collection Set: 3.2ms
[2024-03-07T03:56:19.017+0000][1][gc,phases   ] GC(3)   Merge Heap Roots: 0.1ms
[2024-03-07T03:56:19.017+0000][1][gc,phases   ] GC(3)   Evacuate Collection Set: 22.4ms
[2024-03-07T03:56:19.017+0000][1][gc,phases   ] GC(3)   Post Evacuate Collection Set: 1.2ms
[2024-03-07T03:56:19.017+0000][1][gc,phases   ] GC(3)   Other: 0.2ms
[2024-03-07T03:56:19.017+0000][1][gc,age      ] GC(3) Age table with threshold 15 (max threshold 15)
[2024-03-07T03:56:19.017+0000][1][gc,age      ] GC(3) - age   1:    2737872 bytes,    2737872 total
[2024-03-07T03:56:19.017+0000][1][gc,age      ] GC(3) - age   2:    1220912 bytes,    3958784 total
[2024-03-07T03:56:19.017+0000][1][gc,heap     ] GC(3) Eden regions: 64->0(553)
[2024-03-07T03:56:19.017+0000][1][gc,heap     ] GC(3) Survivor regions: 2->4(9)
[2024-03-07T03:56:19.017+0000][1][gc,heap     ] GC(3) Old regions: 8->8
[2024-03-07T03:56:19.017+0000][1][gc,heap     ] GC(3) Humongous regions: 3->3
[2024-03-07T03:56:19.017+0000][1][gc,metaspace] GC(3) Metaspace: 32584K(32960K)->32584K(32960K) NonClass: 28961K(29184K)->28961K(29184K) Class: 3622K(3776K)->3622K(3776K)
[2024-03-07T03:56:19.017+0000][1][gc          ] GC(3) Pause Young (Normal) (G1 Evacuation Pause) 76M->14M(1024M) 27.621ms
[2024-03-07T03:56:19.018+0000][1][gc,cpu      ] GC(3) User=0.08s Sys=0.01s Real=0.03s
[2024-03-07T03:56:19.018+0000][1][safepoint   ] Safepoint "G1CollectForAllocation", Time since last: 536503984 ns, Reaching safepoint: 788199 ns, Cleanup: 225112 ns, At safepoint: 27727324 ns, Total: 28740635 ns
[2024-03-07T03:56:19.700+0000][1][gc,start    ] GC(4) Pause Young (Concurrent Start) (Metadata GC Threshold)
[2024-03-07T03:56:19.700+0000][1][gc,task     ] GC(4) Using 10 workers of 10 for evacuation
[2024-03-07T03:56:19.701+0000][1][gc,age      ] GC(4) Desired survivor size 36700160 bytes, new threshold 15 (max threshold 15)
[2024-03-07T03:56:19.720+0000][1][gc,phases   ] GC(4)   Pre Evacuate Collection Set: 0.5ms
[2024-03-07T03:56:19.720+0000][1][gc,phases   ] GC(4)   Merge Heap Roots: 0.1ms
[2024-03-07T03:56:19.720+0000][1][gc,phases   ] GC(4)   Evacuate Collection Set: 13.2ms
[2024-03-07T03:56:19.720+0000][1][gc,phases   ] GC(4)   Post Evacuate Collection Set: 5.7ms
[2024-03-07T03:56:19.720+0000][1][gc,phases   ] GC(4)   Other: 0.2ms
[2024-03-07T03:56:19.720+0000][1][gc,age      ] GC(4) Age table with threshold 15 (max threshold 15)
[2024-03-07T03:56:19.720+0000][1][gc,age      ] GC(4) - age   1:    1676528 bytes,    1676528 total
[2024-03-07T03:56:19.720+0000][1][gc,age      ] GC(4) - age   2:     954032 bytes,    2630560 total
[2024-03-07T03:56:19.720+0000][1][gc,age      ] GC(4) - age   3:    1208184 bytes,    3838744 total
[2024-03-07T03:56:19.720+0000][1][gc,heap     ] GC(4) Eden regions: 113->0(610)
[2024-03-07T03:56:19.720+0000][1][gc,heap     ] GC(4) Survivor regions: 4->4(70)
[2024-03-07T03:56:19.720+0000][1][gc,heap     ] GC(4) Old regions: 8->8
[2024-03-07T03:56:19.720+0000][1][gc,heap     ] GC(4) Humongous regions: 3->3
[2024-03-07T03:56:19.721+0000][1][gc,metaspace] GC(4) Metaspace: 35568K(35968K)->35568K(35968K) NonClass: 31579K(31808K)->31579K(31808K) Class: 3988K(4160K)->3988K(4160K)
[2024-03-07T03:56:19.721+0000][1][gc          ] GC(4) Pause Young (Concurrent Start) (Metadata GC Threshold) 127M->14M(1024M) 20.170ms
[2024-03-07T03:56:19.721+0000][1][gc,cpu      ] GC(4) User=0.05s Sys=0.01s Real=0.02s
[2024-03-07T03:56:19.721+0000][1][safepoint   ] Safepoint "CollectForMetadataAllocation", Time since last: 682715325 ns, Reaching safepoint: 7063 ns, Cleanup: 106470 ns, At safepoint: 20357446 ns, Total: 20470979 ns
[2024-03-07T03:56:19.721+0000][1][gc          ] GC(5) Concurrent Mark Cycle
[2024-03-07T03:56:19.721+0000][1][gc,marking  ] GC(5) Concurrent Scan Root Regions
[2024-03-07T03:56:19.724+0000][1][gc,marking  ] GC(5) Concurrent Scan Root Regions 3.036ms
[2024-03-07T03:56:19.724+0000][1][gc,marking  ] GC(5) Concurrent Mark
[2024-03-07T03:56:19.724+0000][1][gc,marking  ] GC(5) Concurrent Mark From Roots
[2024-03-07T03:56:19.724+0000][1][gc,task     ] GC(5) Using 3 workers of 3 for marking
[2024-03-07T03:56:19.734+0000][1][gc,marking  ] GC(5) Concurrent Mark From Roots 10.115ms
[2024-03-07T03:56:19.734+0000][1][gc,marking  ] GC(5) Concurrent Preclean
[2024-03-07T03:56:19.734+0000][1][gc,marking  ] GC(5) Concurrent Preclean 0.037ms
[2024-03-07T03:56:19.735+0000][1][gc,start    ] GC(5) Pause Remark
[2024-03-07T03:56:19.741+0000][1][gc          ] GC(5) Pause Remark 15M->15M(1024M) 6.648ms
[2024-03-07T03:56:19.741+0000][1][gc,cpu      ] GC(5) User=0.01s Sys=0.00s Real=0.00s
[2024-03-07T03:56:19.741+0000][1][safepoint   ] Safepoint "G1PauseRemark", Time since last: 13707910 ns, Reaching safepoint: 167334 ns, Cleanup: 12974 ns, At safepoint: 6750816 ns, Total: 6931124 ns
[2024-03-07T03:56:19.741+0000][1][gc,marking  ] GC(5) Concurrent Mark 17.506ms
[2024-03-07T03:56:19.741+0000][1][gc,marking  ] GC(5) Concurrent Rebuild Remembered Sets and Scrub Regions
[2024-03-07T03:56:19.744+0000][1][gc,marking  ] GC(5) Concurrent Rebuild Remembered Sets and Scrub Regions 2.548ms
[2024-03-07T03:56:19.744+0000][1][gc,start    ] GC(5) Pause Cleanup
[2024-03-07T03:56:19.745+0000][1][gc          ] GC(5) Pause Cleanup 15M->15M(1024M) 0.286ms
[2024-03-07T03:56:19.745+0000][1][gc,cpu      ] GC(5) User=0.00s Sys=0.00s Real=0.00s
[2024-03-07T03:56:19.745+0000][1][safepoint   ] Safepoint "G1PauseCleanup", Time since last: 2680850 ns, Reaching safepoint: 372880 ns, Cleanup: 4318 ns, At safepoint: 340659 ns, Total: 717857 ns
[2024-03-07T03:56:19.746+0000][1][gc,marking  ] GC(5) Concurrent Clear Claimed Marks
[2024-03-07T03:56:19.746+0000][1][gc,marking  ] GC(5) Concurrent Clear Claimed Marks 0.077ms
[2024-03-07T03:56:19.746+0000][1][gc,marking  ] GC(5) Concurrent Cleanup for Next Mark
[2024-03-07T03:56:19.749+0000][1][gc,marking  ] GC(5) Concurrent Cleanup for Next Mark 3.163ms
[2024-03-07T03:56:19.749+0000][1][gc          ] GC(5) Concurrent Mark Cycle 28.681ms
[2024-03-07T03:56:20.612+0000][1][safepoint   ] Safepoint "ICBufferFull", Time since last: 867281861 ns, Reaching safepoint: 78778 ns, Cleanup: 144771 ns, At safepoint: 6292 ns, Total: 229841 ns
[2024-03-07T03:56:21.414+0000][1][safepoint   ] Safepoint "ICBufferFull", Time since last: 800988657 ns, Reaching safepoint: 86002 ns, Cleanup: 203562 ns, At safepoint: 5029 ns, Total: 294593 ns
[2024-03-07T03:56:21.925+0000][1][gc,start    ] GC(6) Pause Young (Prepare Mixed) (Metadata GC Threshold)
[2024-03-07T03:56:21.925+0000][1][gc,task     ] GC(6) Using 10 workers of 10 for evacuation
[2024-03-07T03:56:21.925+0000][1][gc,age      ] GC(6) Desired survivor size 40370176 bytes, new threshold 15 (max threshold 15)
[2024-03-07T03:56:21.940+0000][1][gc,phases   ] GC(6)   Pre Evacuate Collection Set: 0.4ms
[2024-03-07T03:56:21.940+0000][1][gc,phases   ] GC(6)   Merge Heap Roots: 0.2ms
[2024-03-07T03:56:21.940+0000][1][gc,phases   ] GC(6)   Evacuate Collection Set: 12.6ms
[2024-03-07T03:56:21.940+0000][1][gc,phases   ] GC(6)   Post Evacuate Collection Set: 1.4ms
[2024-03-07T03:56:21.940+0000][1][gc,phases   ] GC(6)   Other: 0.1ms
[2024-03-07T03:56:21.940+0000][1][gc,age      ] GC(6) Age table with threshold 15 (max threshold 15)
[2024-03-07T03:56:21.940+0000][1][gc,age      ] GC(6) - age   1:    6907704 bytes,    6907704 total
[2024-03-07T03:56:21.940+0000][1][gc,age      ] GC(6) - age   2:    1202256 bytes,    8109960 total
[2024-03-07T03:56:21.940+0000][1][gc,age      ] GC(6) - age   3:     902664 bytes,    9012624 total
[2024-03-07T03:56:21.940+0000][1][gc,age      ] GC(6) - age   4:    1164248 bytes,   10176872 total
[2024-03-07T03:56:21.940+0000][1][gc,heap     ] GC(6) Eden regions: 90->0(591)
[2024-03-07T03:56:21.940+0000][1][gc,heap     ] GC(6) Survivor regions: 4->11(77)
[2024-03-07T03:56:21.940+0000][1][gc,heap     ] GC(6) Old regions: 8->8
[2024-03-07T03:56:21.940+0000][1][gc,heap     ] GC(6) Humongous regions: 3->3
[2024-03-07T03:56:21.940+0000][1][gc,metaspace] GC(6) Metaspace: 59590K(60160K)->59590K(60160K) NonClass: 52104K(52416K)->52104K(52416K) Class: 7486K(7744K)->7486K(7744K)
[2024-03-07T03:56:21.940+0000][1][gc          ] GC(6) Pause Young (Prepare Mixed) (Metadata GC Threshold) 104M->20M(1024M) 15.102ms
[2024-03-07T03:56:21.940+0000][1][gc,cpu      ] GC(6) User=0.06s Sys=0.01s Real=0.01s
[2024-03-07T03:56:21.940+0000][1][safepoint   ] Safepoint "CollectForMetadataAllocation", Time since last: 511322277 ns, Reaching safepoint: 8566 ns, Cleanup: 114845 ns, At safepoint: 15250795 ns, Total: 15374206 ns
[2024-03-07T03:56:22.073+0000][1][gc,start    ] GC(7) Pause Young (Mixed) (Metadata GC Threshold)
[2024-03-07T03:56:22.073+0000][1][gc,task     ] GC(7) Using 10 workers of 10 for evacuation
[2024-03-07T03:56:22.073+0000][1][gc,age      ] GC(7) Desired survivor size 39845888 bytes, new threshold 15 (max threshold 15)
[2024-03-07T03:56:22.094+0000][1][gc,phases   ] GC(7)   Pre Evacuate Collection Set: 0.4ms
[2024-03-07T03:56:22.094+0000][1][gc,phases   ] GC(7)   Merge Heap Roots: 0.1ms
[2024-03-07T03:56:22.094+0000][1][gc,phases   ] GC(7)   Evacuate Collection Set: 18.5ms
[2024-03-07T03:56:22.094+0000][1][gc,phases   ] GC(7)   Post Evacuate Collection Set: 1.3ms
[2024-03-07T03:56:22.094+0000][1][gc,phases   ] GC(7)   Other: 0.1ms
[2024-03-07T03:56:22.094+0000][1][gc,age      ] GC(7) Age table with threshold 15 (max threshold 15)
[2024-03-07T03:56:22.094+0000][1][gc,age      ] GC(7) - age   1:    1100808 bytes,    1100808 total
[2024-03-07T03:56:22.094+0000][1][gc,age      ] GC(7) - age   2:    6734536 bytes,    7835344 total
[2024-03-07T03:56:22.094+0000][1][gc,age      ] GC(7) - age   3:    1202128 bytes,    9037472 total
[2024-03-07T03:56:22.094+0000][1][gc,age      ] GC(7) - age   4:     902664 bytes,    9940136 total
[2024-03-07T03:56:22.094+0000][1][gc,age      ] GC(7) - age   5:    1164248 bytes,   11104384 total
[2024-03-07T03:56:22.094+0000][1][gc,heap     ] GC(7) Eden regions: 4->0(569)
[2024-03-07T03:56:22.094+0000][1][gc,heap     ] GC(7) Survivor regions: 11->12(76)
[2024-03-07T03:56:22.094+0000][1][gc,heap     ] GC(7) Old regions: 8->8
[2024-03-07T03:56:22.094+0000][1][gc,heap     ] GC(7) Humongous regions: 3->3
[2024-03-07T03:56:22.094+0000][1][gc,metaspace] GC(7) Metaspace: 59925K(60480K)->59925K(60480K) NonClass: 52437K(52736K)->52437K(52736K) Class: 7488K(7744K)->7488K(7744K)
[2024-03-07T03:56:22.094+0000][1][gc          ] GC(7) Pause Young (Mixed) (Metadata GC Threshold) 24M->22M(1024M) 20.768ms
[2024-03-07T03:56:22.094+0000][1][gc,cpu      ] GC(7) User=0.07s Sys=0.00s Real=0.02s
[2024-03-07T03:56:22.094+0000][1][safepoint   ] Safepoint "CollectForMetadataAllocation", Time since last: 132724115 ns, Reaching safepoint: 14207 ns, Cleanup: 23474 ns, At safepoint: 20936733 ns, Total: 20974414 ns
[2024-03-07T03:56:22.138+0000][1][gc,start    ] GC(8) Pause Young (Concurrent Start) (Metadata GC Threshold)
[2024-03-07T03:56:22.138+0000][1][gc,task     ] GC(8) Using 10 workers of 10 for evacuation
[2024-03-07T03:56:22.138+0000][1][gc,age      ] GC(8) Desired survivor size 38273024 bytes, new threshold 15 (max threshold 15)
[2024-03-07T03:56:22.165+0000][1][gc,phases   ] GC(8)   Pre Evacuate Collection Set: 1.6ms
[2024-03-07T03:56:22.165+0000][1][gc,phases   ] GC(8)   Merge Heap Roots: 0.2ms
[2024-03-07T03:56:22.165+0000][1][gc,phases   ] GC(8)   Evacuate Collection Set: 20.1ms
[2024-03-07T03:56:22.165+0000][1][gc,phases   ] GC(8)   Post Evacuate Collection Set: 4.8ms
[2024-03-07T03:56:22.165+0000][1][gc,phases   ] GC(8)   Other: 0.2ms
[2024-03-07T03:56:22.165+0000][1][gc,age      ] GC(8) Age table with threshold 15 (max threshold 15)
[2024-03-07T03:56:22.165+0000][1][gc,age      ] GC(8) - age   1:     284936 bytes,     284936 total
[2024-03-07T03:56:22.165+0000][1][gc,age      ] GC(8) - age   2:     967144 bytes,    1252080 total
[2024-03-07T03:56:22.165+0000][1][gc,age      ] GC(8) - age   3:    6734504 bytes,    7986584 total
[2024-03-07T03:56:22.165+0000][1][gc,age      ] GC(8) - age   4:    1202128 bytes,    9188712 total
[2024-03-07T03:56:22.165+0000][1][gc,age      ] GC(8) - age   5:     902664 bytes,   10091376 total
[2024-03-07T03:56:22.165+0000][1][gc,age      ] GC(8) - age   6:    1164248 bytes,   11255624 total
[2024-03-07T03:56:22.165+0000][1][gc,heap     ] GC(8) Eden regions: 2->0(602)
[2024-03-07T03:56:22.166+0000][1][gc,heap     ] GC(8) Survivor regions: 12->12(73)
[2024-03-07T03:56:22.166+0000][1][gc,heap     ] GC(8) Old regions: 8->8
[2024-03-07T03:56:22.166+0000][1][gc,heap     ] GC(8) Humongous regions: 3->3
[2024-03-07T03:56:22.166+0000][1][gc,metaspace] GC(8) Metaspace: 60147K(60800K)->60147K(60800K) NonClass: 52635K(52992K)->52635K(52992K) Class: 7512K(7808K)->7512K(7808K)
[2024-03-07T03:56:22.166+0000][1][gc          ] GC(8) Pause Young (Concurrent Start) (Metadata GC Threshold) 24M->22M(1024M) 27.234ms
[2024-03-07T03:56:22.166+0000][1][gc,cpu      ] GC(8) User=0.05s Sys=0.00s Real=0.03s
[2024-03-07T03:56:22.166+0000][1][safepoint   ] Safepoint "CollectForMetadataAllocation", Time since last: 44360392 ns, Reaching safepoint: 7714 ns, Cleanup: 44925 ns, At safepoint: 27488525 ns, Total: 27541164 ns
[2024-03-07T03:56:22.166+0000][1][gc          ] GC(9) Concurrent Mark Cycle
[2024-03-07T03:56:22.166+0000][1][gc,marking  ] GC(9) Concurrent Scan Root Regions
[2024-03-07T03:56:22.173+0000][1][gc,marking  ] GC(9) Concurrent Scan Root Regions 7.283ms
[2024-03-07T03:56:22.173+0000][1][gc,marking  ] GC(9) Concurrent Mark
[2024-03-07T03:56:22.173+0000][1][gc,marking  ] GC(9) Concurrent Mark From Roots
[2024-03-07T03:56:22.173+0000][1][gc,task     ] GC(9) Using 3 workers of 3 for marking
[2024-03-07T03:56:22.178+0000][1][gc,marking  ] GC(9) Concurrent Mark From Roots 5.144ms
[2024-03-07T03:56:22.178+0000][1][gc,marking  ] GC(9) Concurrent Preclean
[2024-03-07T03:56:22.179+0000][1][gc,marking  ] GC(9) Concurrent Preclean 0.054ms
[2024-03-07T03:56:22.182+0000][1][gc,start    ] GC(9) Pause Remark
[2024-03-07T03:56:22.190+0000][1][gc          ] GC(9) Pause Remark 22M->22M(1024M) 8.212ms
[2024-03-07T03:56:22.190+0000][1][gc,cpu      ] GC(9) User=0.01s Sys=0.00s Real=0.01s
[2024-03-07T03:56:22.190+0000][1][safepoint   ] Safepoint "G1PauseRemark", Time since last: 12721208 ns, Reaching safepoint: 3058960 ns, Cleanup: 15980 ns, At safepoint: 8344006 ns, Total: 11418946 ns
[2024-03-07T03:56:22.190+0000][1][gc,marking  ] GC(9) Concurrent Mark 16.755ms
[2024-03-07T03:56:22.190+0000][1][gc,marking  ] GC(9) Concurrent Rebuild Remembered Sets and Scrub Regions
[2024-03-07T03:56:22.193+0000][1][gc,marking  ] GC(9) Concurrent Rebuild Remembered Sets and Scrub Regions 3.366ms
[2024-03-07T03:56:22.194+0000][1][gc,start    ] GC(9) Pause Cleanup
[2024-03-07T03:56:22.194+0000][1][gc          ] GC(9) Pause Cleanup 22M->22M(1024M) 0.225ms
[2024-03-07T03:56:22.194+0000][1][gc,cpu      ] GC(9) User=0.00s Sys=0.00s Real=0.00s
[2024-03-07T03:56:22.194+0000][1][safepoint   ] Safepoint "G1PauseCleanup", Time since last: 3488936 ns, Reaching safepoint: 72886 ns, Cleanup: 4809 ns, At safepoint: 268715 ns, Total: 346410 ns
[2024-03-07T03:56:22.194+0000][1][gc,marking  ] GC(9) Concurrent Clear Claimed Marks
[2024-03-07T03:56:22.194+0000][1][gc,marking  ] GC(9) Concurrent Clear Claimed Marks 0.561ms
[2024-03-07T03:56:22.194+0000][1][gc,marking  ] GC(9) Concurrent Cleanup for Next Mark
[2024-03-07T03:56:22.198+0000][1][gc,marking  ] GC(9) Concurrent Cleanup for Next Mark 3.104ms
[2024-03-07T03:56:22.198+0000][1][gc          ] GC(9) Concurrent Mark Cycle 31.814ms
[2024-03-07T03:56:22.840+0000][1][safepoint   ] Safepoint "ICBufferFull", Time since last: 646002632 ns, Reaching safepoint: 9358 ns, Cleanup: 202359 ns, At safepoint: 10520 ns, Total: 222237 ns
[2024-03-07T03:56:23.778+0000][1][safepoint   ] Safepoint "ICBufferFull", Time since last: 935311543 ns, Reaching safepoint: 89698 ns, Cleanup: 161303 ns, At safepoint: 1941853 ns, Total: 2192854 ns
[2024-03-07T03:56:24.402+0000][1][safepoint   ] Safepoint "ICBufferFull", Time since last: 622032959 ns, Reaching safepoint: 1079305 ns, Cleanup: 1397902 ns, At safepoint: 37411 ns, Total: 2514618 ns
[2024-03-07T03:56:24.801+0000][1][safepoint   ] Safepoint "ICBufferFull", Time since last: 398410023 ns, Reaching safepoint: 9848 ns, Cleanup: 97994 ns, At safepoint: 1904 ns, Total: 109746 ns
[2024-03-07T03:56:26.057+0000][1][safepoint   ] Safepoint "Cleanup", Time since last: 1256216304 ns, Reaching safepoint: 10420 ns, Cleanup: 70262 ns, At safepoint: 2905 ns, Total: 83587 ns
[2024-03-07T03:56:27.057+0000][1][safepoint   ] Safepoint "Cleanup", Time since last: 1000131101 ns, Reaching safepoint: 9458 ns, Cleanup: 8616 ns, At safepoint: 2605 ns, Total: 20679 ns
[2024-03-07T03:56:27.308+0000][1][safepoint   ] Safepoint "ICBufferFull", Time since last: 250877503 ns, Reaching safepoint: 97613 ns, Cleanup: 104175 ns, At safepoint: 8406 ns, Total: 210194 ns
[2024-03-07T03:56:27.308+0000][1][safepoint   ] Safepoint "ICBufferFull", Time since last: 86953 ns, Reaching safepoint: 72616 ns, Cleanup: 4098 ns, At safepoint: 7905 ns, Total: 84619 ns
[2024-03-07T03:56:27.483+0000][1][safepoint   ] Safepoint "ICBufferFull", Time since last: 174739979 ns, Reaching safepoint: 143780 ns, Cleanup: 116097 ns, At safepoint: 5651 ns, Total: 265528 ns
[2024-03-07T03:56:28.484+0000][1][safepoint   ] Safepoint "Cleanup", Time since last: 1000132133 ns, Reaching safepoint: 50314 ns, Cleanup: 65684 ns, At safepoint: 5340 ns, Total: 121338 ns
[2024-03-07T03:56:29.484+0000][1][safepoint   ] Safepoint "Cleanup", Time since last: 1000134728 ns, Reaching safepoint: 19787 ns, Cleanup: 36759 ns, At safepoint: 4639 ns, Total: 61185 ns
[2024-03-07T03:56:30.484+0000][1][safepoint   ] Safepoint "Cleanup", Time since last: 1000134768 ns, Reaching safepoint: 17993 ns, Cleanup: 13816 ns, At safepoint: 3908 ns, Total: 35717 ns
[2024-03-07T03:56:32.484+0000][1][safepoint   ] Safepoint "Cleanup", Time since last: 2000179597 ns, Reaching safepoint: 22071 ns, Cleanup: 33793 ns, At safepoint: 5511 ns, Total: 61375 ns
[2024-03-07T03:56:33.484+0000][1][safepoint   ] Safepoint "Cleanup", Time since last: 1000130290 ns, Reaching safepoint: 17423 ns, Cleanup: 76644 ns, At safepoint: 6091 ns, Total: 100158 ns
[2024-03-07T03:56:35.485+0000][1][safepoint   ] Safepoint "Cleanup", Time since last: 2000184807 ns, Reaching safepoint: 14637 ns, Cleanup: 31409 ns, At safepoint: 4819 ns, Total: 50865 ns
[2024-03-07T03:56:36.485+0000][1][safepoint   ] Safepoint "Cleanup", Time since last: 1000158212 ns, Reaching safepoint: 48191 ns, Cleanup: 15148 ns, At safepoint: 4018 ns, Total: 67357 ns
[2024-03-07T03:56:37.485+0000][1][safepoint   ] Safepoint "Cleanup", Time since last: 1000114640 ns, Reaching safepoint: 17563 ns, Cleanup: 21521 ns, At safepoint: 4177 ns, Total: 43261 ns
[2024-03-07T03:56:38.485+0000][1][safepoint   ] Safepoint "Cleanup", Time since last: 1000133917 ns, Reaching safepoint: 18034 ns, Cleanup: 13836 ns, At safepoint: 4258 ns, Total: 36128 ns
[2024-03-07T03:56:38.834+0000][1][gc,heap,exit] Heap
[2024-03-07T03:56:38.834+0000][1][gc,heap,exit]  garbage-first heap   total 1048576K, used 245416K [0x00000000c0000000, 0x0000000100000000)
[2024-03-07T03:56:38.834+0000][1][gc,heap,exit]   region size 1024K, 230 young (235520K), 12 survivors (12288K)
[2024-03-07T03:56:38.835+0000][1][gc,heap,exit]  Metaspace       used 83308K, committed 84736K, reserved 1179648K
[2024-03-07T03:56:38.835+0000][1][gc,heap,exit]   class space    used 11136K, committed 11776K, reserved 1048576K
