[2024-03-07T03:25:46.218+0000][1][gc,init] CardTable entry size: 512
[2024-03-07T03:25:46.218+0000][1][gc     ] Using G1
[2024-03-07T03:25:46.224+0000][1][gc,init] Version: 21.0.2+13-LTS (release)
[2024-03-07T03:25:46.224+0000][1][gc,init] CPUs: 12 total, 12 available
[2024-03-07T03:25:46.224+0000][1][gc,init] Memory: 7867M
[2024-03-07T03:25:46.224+0000][1][gc,init] Large Page Support: Disabled
[2024-03-07T03:25:46.224+0000][1][gc,init] NUMA Support: Disabled
[2024-03-07T03:25:46.224+0000][1][gc,init] Compressed Oops: Enabled (32-bit)
[2024-03-07T03:25:46.224+0000][1][gc,init] Heap Region Size: 1M
[2024-03-07T03:25:46.224+0000][1][gc,init] Heap Min Capacity: 512M
[2024-03-07T03:25:46.224+0000][1][gc,init] Heap Initial Capacity: 512M
[2024-03-07T03:25:46.224+0000][1][gc,init] Heap Max Capacity: 512M
[2024-03-07T03:25:46.224+0000][1][gc,init] Pre-touch: Disabled
[2024-03-07T03:25:46.224+0000][1][gc,init] Parallel Workers: 10
[2024-03-07T03:25:46.224+0000][1][gc,init] Concurrent Workers: 3
[2024-03-07T03:25:46.224+0000][1][gc,init] Concurrent Refinement Workers: 10
[2024-03-07T03:25:46.224+0000][1][gc,init] Periodic GC: Disabled
[2024-03-07T03:25:46.224+0000][1][gc,metaspace] CDS archive(s) not mapped
[2024-03-07T03:25:46.224+0000][1][gc,metaspace] Compressed class space mapped at: 0x0000000100000000-0x0000000140000000, reserved size: 1073741824
[2024-03-07T03:25:46.224+0000][1][gc,metaspace] Narrow klass base: 0x0000000000000000, Narrow klass shift: 3, Narrow klass range: 0x140000000
[2024-03-07T03:25:46.744+0000][1][gc,start    ] GC(0) Pause Young (Normal) (G1 Evacuation Pause)
[2024-03-07T03:25:46.745+0000][1][gc,task     ] GC(0) Using 10 workers of 10 for evacuation
[2024-03-07T03:25:46.745+0000][1][gc,age      ] GC(0) Desired survivor size 2097152 bytes, new threshold 15 (max threshold 15)
[2024-03-07T03:25:46.756+0000][1][gc,phases   ] GC(0)   Pre Evacuate Collection Set: 0.1ms
[2024-03-07T03:25:46.756+0000][1][gc,phases   ] GC(0)   Merge Heap Roots: 0.0ms
[2024-03-07T03:25:46.756+0000][1][gc,phases   ] GC(0)   Evacuate Collection Set: 10.5ms
[2024-03-07T03:25:46.757+0000][1][gc,phases   ] GC(0)   Post Evacuate Collection Set: 0.6ms
[2024-03-07T03:25:46.757+0000][1][gc,phases   ] GC(0)   Other: 0.7ms
[2024-03-07T03:25:46.757+0000][1][gc,age      ] GC(0) Age table with threshold 15 (max threshold 15)
[2024-03-07T03:25:46.757+0000][1][gc,age      ] GC(0) - age   1:    3907040 bytes,    3907040 total
[2024-03-07T03:25:46.757+0000][1][gc,heap     ] GC(0) Eden regions: 25->0(29)
[2024-03-07T03:25:46.757+0000][1][gc,heap     ] GC(0) Survivor regions: 0->4(4)
[2024-03-07T03:25:46.757+0000][1][gc,heap     ] GC(0) Old regions: 0->3
[2024-03-07T03:25:46.757+0000][1][gc,heap     ] GC(0) Humongous regions: 3->3
[2024-03-07T03:25:46.757+0000][1][gc,metaspace] GC(0) Metaspace: 16626K(16832K)->16626K(16832K) NonClass: 14994K(15104K)->14994K(15104K) Class: 1631K(1728K)->1631K(1728K)
[2024-03-07T03:25:46.757+0000][1][gc          ] GC(0) Pause Young (Normal) (G1 Evacuation Pause) 28M->9M(512M) 12.114ms
[2024-03-07T03:25:46.757+0000][1][gc,cpu      ] GC(0) User=0.00s Sys=0.05s Real=0.01s
[2024-03-07T03:25:46.757+0000][1][safepoint   ] Safepoint "G1CollectForAllocation", Time since last: 506605897 ns, Reaching safepoint: 2845 ns, Cleanup: 69982 ns, At safepoint: 12155046 ns, Total: 12227873 ns
[2024-03-07T03:25:47.043+0000][1][gc,start    ] GC(1) Pause Young (Concurrent Start) (Metadata GC Threshold)
[2024-03-07T03:25:47.043+0000][1][gc,task     ] GC(1) Using 10 workers of 10 for evacuation
[2024-03-07T03:25:47.043+0000][1][gc,age      ] GC(1) Desired survivor size 2621440 bytes, new threshold 1 (max threshold 15)
[2024-03-07T03:25:47.053+0000][1][gc,phases   ] GC(1)   Pre Evacuate Collection Set: 0.2ms
[2024-03-07T03:25:47.053+0000][1][gc,phases   ] GC(1)   Merge Heap Roots: 0.0ms
[2024-03-07T03:25:47.053+0000][1][gc,phases   ] GC(1)   Evacuate Collection Set: 8.8ms
[2024-03-07T03:25:47.053+0000][1][gc,phases   ] GC(1)   Post Evacuate Collection Set: 0.7ms
[2024-03-07T03:25:47.053+0000][1][gc,phases   ] GC(1)   Other: 0.1ms
[2024-03-07T03:25:47.053+0000][1][gc,age      ] GC(1) Age table with threshold 1 (max threshold 15)
[2024-03-07T03:25:47.053+0000][1][gc,age      ] GC(1) - age   1:    1291888 bytes,    1291888 total
[2024-03-07T03:25:47.053+0000][1][gc,heap     ] GC(1) Eden regions: 15->0(48)
[2024-03-07T03:25:47.053+0000][1][gc,heap     ] GC(1) Survivor regions: 4->2(5)
[2024-03-07T03:25:47.053+0000][1][gc,heap     ] GC(1) Old regions: 3->7
[2024-03-07T03:25:47.053+0000][1][gc,heap     ] GC(1) Humongous regions: 3->3
[2024-03-07T03:25:47.053+0000][1][gc,metaspace] GC(1) Metaspace: 21260K(21504K)->21260K(21504K) NonClass: 19012K(19136K)->19012K(19136K) Class: 2247K(2368K)->2247K(2368K)
[2024-03-07T03:25:47.053+0000][1][gc          ] GC(1) Pause Young (Concurrent Start) (Metadata GC Threshold) 24M->10M(512M) 10.183ms
[2024-03-07T03:25:47.053+0000][1][gc,cpu      ] GC(1) User=0.04s Sys=0.02s Real=0.02s
[2024-03-07T03:25:47.053+0000][1][gc          ] GC(2) Concurrent Mark Cycle
[2024-03-07T03:25:47.053+0000][1][safepoint   ] Safepoint "CollectForMetadataAllocation", Time since last: 286153089 ns, Reaching safepoint: 6862 ns, Cleanup: 129042 ns, At safepoint: 10286812 ns, Total: 10422716 ns
[2024-03-07T03:25:47.053+0000][1][gc,marking  ] GC(2) Concurrent Scan Root Regions
[2024-03-07T03:25:47.055+0000][1][gc,marking  ] GC(2) Concurrent Scan Root Regions 1.805ms
[2024-03-07T03:25:47.055+0000][1][gc,marking  ] GC(2) Concurrent Mark
[2024-03-07T03:25:47.055+0000][1][gc,marking  ] GC(2) Concurrent Mark From Roots
[2024-03-07T03:25:47.055+0000][1][gc,task     ] GC(2) Using 3 workers of 3 for marking
[2024-03-07T03:25:47.056+0000][1][gc,marking  ] GC(2) Concurrent Mark From Roots 0.970ms
[2024-03-07T03:25:47.056+0000][1][gc,marking  ] GC(2) Concurrent Preclean
[2024-03-07T03:25:47.056+0000][1][gc,marking  ] GC(2) Concurrent Preclean 0.031ms
[2024-03-07T03:25:47.056+0000][1][gc,start    ] GC(2) Pause Remark
[2024-03-07T03:25:47.058+0000][1][gc          ] GC(2) Pause Remark 11M->11M(512M) 1.802ms
[2024-03-07T03:25:47.058+0000][1][gc,cpu      ] GC(2) User=0.00s Sys=0.00s Real=0.00s
[2024-03-07T03:25:47.058+0000][1][safepoint   ] Safepoint "G1PauseRemark", Time since last: 3015207 ns, Reaching safepoint: 71173 ns, Cleanup: 7274 ns, At safepoint: 1858908 ns, Total: 1937355 ns
[2024-03-07T03:25:47.058+0000][1][gc,marking  ] GC(2) Concurrent Mark 3.094ms
[2024-03-07T03:25:47.058+0000][1][gc,marking  ] GC(2) Concurrent Rebuild Remembered Sets and Scrub Regions
[2024-03-07T03:25:47.059+0000][1][gc,marking  ] GC(2) Concurrent Rebuild Remembered Sets and Scrub Regions 0.777ms
[2024-03-07T03:25:47.059+0000][1][gc,start    ] GC(2) Pause Cleanup
[2024-03-07T03:25:47.059+0000][1][gc          ] GC(2) Pause Cleanup 11M->11M(512M) 0.123ms
[2024-03-07T03:25:47.059+0000][1][gc,cpu      ] GC(2) User=0.00s Sys=0.00s Real=0.00s
[2024-03-07T03:25:47.059+0000][1][safepoint   ] Safepoint "G1PauseCleanup", Time since last: 861707 ns, Reaching safepoint: 199694 ns, Cleanup: 2585 ns, At safepoint: 156704 ns, Total: 358983 ns
[2024-03-07T03:25:47.059+0000][1][gc,marking  ] GC(2) Concurrent Clear Claimed Marks
[2024-03-07T03:25:47.059+0000][1][gc,marking  ] GC(2) Concurrent Clear Claimed Marks 0.024ms
[2024-03-07T03:25:47.059+0000][1][gc,marking  ] GC(2) Concurrent Cleanup for Next Mark
[2024-03-07T03:25:47.062+0000][1][gc,marking  ] GC(2) Concurrent Cleanup for Next Mark 2.158ms
[2024-03-07T03:25:47.062+0000][1][gc          ] GC(2) Concurrent Mark Cycle 8.524ms
[2024-03-07T03:25:47.631+0000][1][gc,start    ] GC(3) Pause Young (Normal) (G1 Evacuation Pause)
[2024-03-07T03:25:47.632+0000][1][gc,task     ] GC(3) Using 10 workers of 10 for evacuation
[2024-03-07T03:25:47.632+0000][1][gc,age      ] GC(3) Desired survivor size 3670016 bytes, new threshold 15 (max threshold 15)
[2024-03-07T03:25:47.638+0000][1][gc,phases   ] GC(3)   Pre Evacuate Collection Set: 0.1ms
[2024-03-07T03:25:47.638+0000][1][gc,phases   ] GC(3)   Merge Heap Roots: 0.1ms
[2024-03-07T03:25:47.638+0000][1][gc,phases   ] GC(3)   Evacuate Collection Set: 5.4ms
[2024-03-07T03:25:47.638+0000][1][gc,phases   ] GC(3)   Post Evacuate Collection Set: 0.7ms
[2024-03-07T03:25:47.638+0000][1][gc,phases   ] GC(3)   Other: 0.1ms
[2024-03-07T03:25:47.638+0000][1][gc,age      ] GC(3) Age table with threshold 15 (max threshold 15)
[2024-03-07T03:25:47.638+0000][1][gc,age      ] GC(3) - age   1:    1470632 bytes,    1470632 total
[2024-03-07T03:25:47.638+0000][1][gc,age      ] GC(3) - age   2:    1205720 bytes,    2676352 total
[2024-03-07T03:25:47.638+0000][1][gc,heap     ] GC(3) Eden regions: 48->0(96)
[2024-03-07T03:25:47.638+0000][1][gc,heap     ] GC(3) Survivor regions: 2->3(7)
[2024-03-07T03:25:47.638+0000][1][gc,heap     ] GC(3) Old regions: 7->7
[2024-03-07T03:25:47.638+0000][1][gc,heap     ] GC(3) Humongous regions: 3->3
[2024-03-07T03:25:47.638+0000][1][gc,metaspace] GC(3) Metaspace: 30737K(31104K)->30737K(31104K) NonClass: 27391K(27584K)->27391K(27584K) Class: 3345K(3520K)->3345K(3520K)
[2024-03-07T03:25:47.638+0000][1][gc          ] GC(3) Pause Young (Normal) (G1 Evacuation Pause) 58M->12M(512M) 6.585ms
[2024-03-07T03:25:47.638+0000][1][gc,cpu      ] GC(3) User=0.02s Sys=0.01s Real=0.01s
[2024-03-07T03:25:47.638+0000][1][safepoint   ] Safepoint "G1CollectForAllocation", Time since last: 571969176 ns, Reaching safepoint: 5370 ns, Cleanup: 88386 ns, At safepoint: 6636502 ns, Total: 6730258 ns
[2024-03-07T03:25:48.037+0000][1][gc,start    ] GC(4) Pause Young (Normal) (G1 Evacuation Pause)
[2024-03-07T03:25:48.037+0000][1][gc,task     ] GC(4) Using 10 workers of 10 for evacuation
[2024-03-07T03:25:48.037+0000][1][gc,age      ] GC(4) Desired survivor size 6815744 bytes, new threshold 15 (max threshold 15)
[2024-03-07T03:25:48.059+0000][1][gc,phases   ] GC(4)   Pre Evacuate Collection Set: 0.3ms
[2024-03-07T03:25:48.059+0000][1][gc,phases   ] GC(4)   Merge Heap Roots: 0.1ms
[2024-03-07T03:25:48.059+0000][1][gc,phases   ] GC(4)   Evacuate Collection Set: 19.2ms
[2024-03-07T03:25:48.059+0000][1][gc,phases   ] GC(4)   Post Evacuate Collection Set: 1.8ms
[2024-03-07T03:25:48.059+0000][1][gc,phases   ] GC(4)   Other: 0.2ms
[2024-03-07T03:25:48.059+0000][1][gc,age      ] GC(4) Age table with threshold 15 (max threshold 15)
[2024-03-07T03:25:48.059+0000][1][gc,age      ] GC(4) - age   1:    6302992 bytes,    6302992 total
[2024-03-07T03:25:48.059+0000][1][gc,age      ] GC(4) - age   2:    1418784 bytes,    7721776 total
[2024-03-07T03:25:48.059+0000][1][gc,age      ] GC(4) - age   3:    1183544 bytes,    8905320 total
[2024-03-07T03:25:48.059+0000][1][gc,heap     ] GC(4) Eden regions: 96->0(297)
[2024-03-07T03:25:48.059+0000][1][gc,heap     ] GC(4) Survivor regions: 3->10(13)
[2024-03-07T03:25:48.059+0000][1][gc,heap     ] GC(4) Old regions: 7->7
[2024-03-07T03:25:48.059+0000][1][gc,heap     ] GC(4) Humongous regions: 3->3
[2024-03-07T03:25:48.059+0000][1][gc,metaspace] GC(4) Metaspace: 32683K(33088K)->32683K(33088K) NonClass: 29058K(29312K)->29058K(29312K) Class: 3624K(3776K)->3624K(3776K)
[2024-03-07T03:25:48.059+0000][1][gc          ] GC(4) Pause Young (Normal) (G1 Evacuation Pause) 108M->18M(512M) 21.930ms
[2024-03-07T03:25:48.059+0000][1][gc,cpu      ] GC(4) User=0.07s Sys=0.03s Real=0.02s
[2024-03-07T03:25:48.059+0000][1][safepoint   ] Safepoint "G1CollectForAllocation", Time since last: 398846191 ns, Reaching safepoint: 9959 ns, Cleanup: 163837 ns, At safepoint: 22008504 ns, Total: 22182300 ns
[2024-03-07T03:25:48.397+0000][1][gc,start    ] GC(5) Pause Young (Concurrent Start) (Metadata GC Threshold)
[2024-03-07T03:25:48.397+0000][1][gc,task     ] GC(5) Using 10 workers of 10 for evacuation
[2024-03-07T03:25:48.397+0000][1][gc,age      ] GC(5) Desired survivor size 20447232 bytes, new threshold 15 (max threshold 15)
[2024-03-07T03:25:48.410+0000][1][gc,phases   ] GC(5)   Pre Evacuate Collection Set: 0.3ms
[2024-03-07T03:25:48.410+0000][1][gc,phases   ] GC(5)   Merge Heap Roots: 0.6ms
[2024-03-07T03:25:48.410+0000][1][gc,phases   ] GC(5)   Evacuate Collection Set: 9.5ms
[2024-03-07T03:25:48.410+0000][1][gc,phases   ] GC(5)   Post Evacuate Collection Set: 2.9ms
[2024-03-07T03:25:48.410+0000][1][gc,phases   ] GC(5)   Other: 0.1ms
[2024-03-07T03:25:48.410+0000][1][gc,age      ] GC(5) Age table with threshold 15 (max threshold 15)
[2024-03-07T03:25:48.410+0000][1][gc,age      ] GC(5) - age   1:    1638336 bytes,    1638336 total
[2024-03-07T03:25:48.410+0000][1][gc,age      ] GC(5) - age   2:     793728 bytes,    2432064 total
[2024-03-07T03:25:48.410+0000][1][gc,age      ] GC(5) - age   3:    1405928 bytes,    3837992 total
[2024-03-07T03:25:48.410+0000][1][gc,age      ] GC(5) - age   4:    1183512 bytes,    5021504 total
[2024-03-07T03:25:48.410+0000][1][gc,heap     ] GC(5) Eden regions: 77->0(301)
[2024-03-07T03:25:48.410+0000][1][gc,heap     ] GC(5) Survivor regions: 10->6(39)
[2024-03-07T03:25:48.410+0000][1][gc,heap     ] GC(5) Old regions: 7->7
[2024-03-07T03:25:48.410+0000][1][gc,heap     ] GC(5) Humongous regions: 3->3
[2024-03-07T03:25:48.410+0000][1][gc,metaspace] GC(5) Metaspace: 35582K(35968K)->35582K(35968K) NonClass: 31596K(31808K)->31596K(31808K) Class: 3986K(4160K)->3986K(4160K)
[2024-03-07T03:25:48.411+0000][1][gc          ] GC(5) Pause Young (Concurrent Start) (Metadata GC Threshold) 95M->15M(512M) 13.847ms
[2024-03-07T03:25:48.411+0000][1][gc,cpu      ] GC(5) User=0.05s Sys=0.00s Real=0.01s
[2024-03-07T03:25:48.411+0000][1][gc          ] GC(6) Concurrent Mark Cycle
[2024-03-07T03:25:48.411+0000][1][gc,marking  ] GC(6) Concurrent Scan Root Regions
[2024-03-07T03:25:48.411+0000][1][safepoint   ] Safepoint "CollectForMetadataAllocation", Time since last: 337429107 ns, Reaching safepoint: 9758 ns, Cleanup: 105237 ns, At safepoint: 14013864 ns, Total: 14128859 ns
[2024-03-07T03:25:48.416+0000][1][gc,marking  ] GC(6) Concurrent Scan Root Regions 5.335ms
[2024-03-07T03:25:48.416+0000][1][gc,marking  ] GC(6) Concurrent Mark
[2024-03-07T03:25:48.416+0000][1][gc,marking  ] GC(6) Concurrent Mark From Roots
[2024-03-07T03:25:48.416+0000][1][gc,task     ] GC(6) Using 3 workers of 3 for marking
[2024-03-07T03:25:48.428+0000][1][gc,marking  ] GC(6) Concurrent Mark From Roots 11.636ms
[2024-03-07T03:25:48.428+0000][1][gc,marking  ] GC(6) Concurrent Preclean
[2024-03-07T03:25:48.428+0000][1][gc,marking  ] GC(6) Concurrent Preclean 0.032ms
[2024-03-07T03:25:48.428+0000][1][gc,start    ] GC(6) Pause Remark
[2024-03-07T03:25:48.431+0000][1][gc          ] GC(6) Pause Remark 16M->16M(512M) 3.591ms
[2024-03-07T03:25:48.432+0000][1][gc,cpu      ] GC(6) User=0.02s Sys=0.00s Real=0.00s
[2024-03-07T03:25:48.432+0000][1][safepoint   ] Safepoint "G1PauseRemark", Time since last: 17155668 ns, Reaching safepoint: 9328 ns, Cleanup: 12974 ns, At safepoint: 3693761 ns, Total: 3716063 ns
[2024-03-07T03:25:48.432+0000][1][gc,marking  ] GC(6) Concurrent Mark 15.560ms
[2024-03-07T03:25:48.432+0000][1][gc,marking  ] GC(6) Concurrent Rebuild Remembered Sets and Scrub Regions
[2024-03-07T03:25:48.433+0000][1][gc,marking  ] GC(6) Concurrent Rebuild Remembered Sets and Scrub Regions 1.354ms
[2024-03-07T03:25:48.433+0000][1][gc,start    ] GC(6) Pause Cleanup
[2024-03-07T03:25:48.433+0000][1][gc          ] GC(6) Pause Cleanup 16M->16M(512M) 0.228ms
[2024-03-07T03:25:48.433+0000][1][gc,cpu      ] GC(6) User=0.00s Sys=0.00s Real=0.01s
[2024-03-07T03:25:48.433+0000][1][safepoint   ] Safepoint "G1PauseCleanup", Time since last: 1502899 ns, Reaching safepoint: 8757 ns, Cleanup: 7233 ns, At safepoint: 297068 ns, Total: 313058 ns
[2024-03-07T03:25:48.433+0000][1][gc,marking  ] GC(6) Concurrent Clear Claimed Marks
[2024-03-07T03:25:48.433+0000][1][gc,marking  ] GC(6) Concurrent Clear Claimed Marks 0.054ms
[2024-03-07T03:25:48.433+0000][1][gc,marking  ] GC(6) Concurrent Cleanup for Next Mark
[2024-03-07T03:25:48.435+0000][1][gc,marking  ] GC(6) Concurrent Cleanup for Next Mark 1.071ms
[2024-03-07T03:25:48.435+0000][1][gc          ] GC(6) Concurrent Mark Cycle 23.996ms
[2024-03-07T03:25:49.097+0000][1][safepoint   ] Safepoint "ICBufferFull", Time since last: 663447694 ns, Reaching safepoint: 9027 ns, Cleanup: 131136 ns, At safepoint: 4599 ns, Total: 144762 ns
[2024-03-07T03:25:49.610+0000][1][safepoint   ] Safepoint "ICBufferFull", Time since last: 512620402 ns, Reaching safepoint: 8736 ns, Cleanup: 211136 ns, At safepoint: 6953 ns, Total: 226825 ns
[2024-03-07T03:25:50.133+0000][1][gc,start    ] GC(7) Pause Young (Concurrent Start) (Metadata GC Threshold)
[2024-03-07T03:25:50.133+0000][1][gc,task     ] GC(7) Using 10 workers of 10 for evacuation
[2024-03-07T03:25:50.133+0000][1][gc,age      ] GC(7) Desired survivor size 20447232 bytes, new threshold 15 (max threshold 15)
[2024-03-07T03:25:50.144+0000][1][gc,phases   ] GC(7)   Pre Evacuate Collection Set: 0.3ms
[2024-03-07T03:25:50.144+0000][1][gc,phases   ] GC(7)   Merge Heap Roots: 0.1ms
[2024-03-07T03:25:50.144+0000][1][gc,phases   ] GC(7)   Evacuate Collection Set: 9.6ms
[2024-03-07T03:25:50.144+0000][1][gc,phases   ] GC(7)   Post Evacuate Collection Set: 1.0ms
[2024-03-07T03:25:50.144+0000][1][gc,phases   ] GC(7)   Other: 0.1ms
[2024-03-07T03:25:50.144+0000][1][gc,age      ] GC(7) Age table with threshold 15 (max threshold 15)
[2024-03-07T03:25:50.144+0000][1][gc,age      ] GC(7) - age   1:    6916520 bytes,    6916520 total
[2024-03-07T03:25:50.144+0000][1][gc,age      ] GC(7) - age   2:    1163736 bytes,    8080256 total
[2024-03-07T03:25:50.145+0000][1][gc,age      ] GC(7) - age   3:     744296 bytes,    8824552 total
[2024-03-07T03:25:50.145+0000][1][gc,age      ] GC(7) - age   4:    1358024 bytes,   10182576 total
[2024-03-07T03:25:50.145+0000][1][gc,age      ] GC(7) - age   5:    1165528 bytes,   11348104 total
[2024-03-07T03:25:50.145+0000][1][gc,heap     ] GC(7) Eden regions: 90->0(295)
[2024-03-07T03:25:50.145+0000][1][gc,heap     ] GC(7) Survivor regions: 6->12(39)
[2024-03-07T03:25:50.145+0000][1][gc,heap     ] GC(7) Old regions: 7->7
[2024-03-07T03:25:50.145+0000][1][gc,heap     ] GC(7) Humongous regions: 3->3
[2024-03-07T03:25:50.145+0000][1][gc,metaspace] GC(7) Metaspace: 59578K(60160K)->59578K(60160K) NonClass: 52125K(52416K)->52125K(52416K) Class: 7452K(7744K)->7452K(7744K)
[2024-03-07T03:25:50.145+0000][1][gc          ] GC(7) Pause Young (Concurrent Start) (Metadata GC Threshold) 104M->20M(512M) 11.319ms
[2024-03-07T03:25:50.145+0000][1][gc,cpu      ] GC(7) User=0.06s Sys=0.00s Real=0.01s
[2024-03-07T03:25:50.145+0000][1][gc          ] GC(8) Concurrent Mark Cycle
[2024-03-07T03:25:50.145+0000][1][gc,marking  ] GC(8) Concurrent Scan Root Regions
[2024-03-07T03:25:50.145+0000][1][safepoint   ] Safepoint "CollectForMetadataAllocation", Time since last: 523279361 ns, Reaching safepoint: 58790 ns, Cleanup: 112691 ns, At safepoint: 11427872 ns, Total: 11599353 ns
[2024-03-07T03:25:50.150+0000][1][gc,marking  ] GC(8) Concurrent Scan Root Regions 4.919ms
[2024-03-07T03:25:50.150+0000][1][gc,marking  ] GC(8) Concurrent Mark
[2024-03-07T03:25:50.150+0000][1][gc,marking  ] GC(8) Concurrent Mark From Roots
[2024-03-07T03:25:50.150+0000][1][gc,task     ] GC(8) Using 3 workers of 3 for marking
[2024-03-07T03:25:50.152+0000][1][gc,marking  ] GC(8) Concurrent Mark From Roots 2.101ms
[2024-03-07T03:25:50.152+0000][1][gc,marking  ] GC(8) Concurrent Preclean
[2024-03-07T03:25:50.152+0000][1][gc,marking  ] GC(8) Concurrent Preclean 0.023ms
[2024-03-07T03:25:50.152+0000][1][gc,start    ] GC(8) Pause Remark
[2024-03-07T03:25:50.154+0000][1][gc          ] GC(8) Pause Remark 21M->21M(512M) 2.467ms
[2024-03-07T03:25:50.154+0000][1][gc,cpu      ] GC(8) User=0.02s Sys=0.00s Real=0.01s
[2024-03-07T03:25:50.154+0000][1][safepoint   ] Safepoint "G1PauseRemark", Time since last: 7178208 ns, Reaching safepoint: 75452 ns, Cleanup: 2394 ns, At safepoint: 2537331 ns, Total: 2615177 ns
[2024-03-07T03:25:50.154+0000][1][gc,marking  ] GC(8) Concurrent Mark 4.859ms
[2024-03-07T03:25:50.154+0000][1][gc,marking  ] GC(8) Concurrent Rebuild Remembered Sets and Scrub Regions
[2024-03-07T03:25:50.155+0000][1][gc,marking  ] GC(8) Concurrent Rebuild Remembered Sets and Scrub Regions 0.876ms
[2024-03-07T03:25:50.155+0000][1][gc,start    ] GC(8) Pause Cleanup
[2024-03-07T03:25:50.156+0000][1][gc          ] GC(8) Pause Cleanup 21M->21M(512M) 0.105ms
[2024-03-07T03:25:50.156+0000][1][gc,cpu      ] GC(8) User=0.00s Sys=0.00s Real=0.00s
[2024-03-07T03:25:50.156+0000][1][safepoint   ] Safepoint "G1PauseCleanup", Time since last: 941527 ns, Reaching safepoint: 71173 ns, Cleanup: 3677 ns, At safepoint: 133841 ns, Total: 208691 ns
[2024-03-07T03:25:50.156+0000][1][gc,marking  ] GC(8) Concurrent Clear Claimed Marks
[2024-03-07T03:25:50.156+0000][1][gc,marking  ] GC(8) Concurrent Clear Claimed Marks 0.041ms
[2024-03-07T03:25:50.156+0000][1][gc,marking  ] GC(8) Concurrent Cleanup for Next Mark
[2024-03-07T03:25:50.157+0000][1][gc,marking  ] GC(8) Concurrent Cleanup for Next Mark 1.034ms
[2024-03-07T03:25:50.157+0000][1][gc          ] GC(8) Concurrent Mark Cycle 12.193ms
[2024-03-07T03:25:50.629+0000][1][safepoint   ] Safepoint "ICBufferFull", Time since last: 473680611 ns, Reaching safepoint: 9668 ns, Cleanup: 158728 ns, At safepoint: 2365 ns, Total: 170761 ns
[2024-03-07T03:25:51.415+0000][1][safepoint   ] Safepoint "ICBufferFull", Time since last: 785346979 ns, Reaching safepoint: 9167 ns, Cleanup: 152727 ns, At safepoint: 5570 ns, Total: 167464 ns
[2024-03-07T03:25:52.415+0000][1][safepoint   ] Safepoint "Cleanup", Time since last: 1000111464 ns, Reaching safepoint: 9218 ns, Cleanup: 16350 ns, At safepoint: 2485 ns, Total: 28053 ns
[2024-03-07T03:25:53.415+0000][1][safepoint   ] Safepoint "Cleanup", Time since last: 1000185734 ns, Reaching safepoint: 16030 ns, Cleanup: 33282 ns, At safepoint: 6142 ns, Total: 55454 ns
[2024-03-07T03:25:56.416+0000][1][safepoint   ] Safepoint "Cleanup", Time since last: 3000306941 ns, Reaching safepoint: 11823 ns, Cleanup: 30547 ns, At safepoint: 5390 ns, Total: 47760 ns
[2024-03-07T03:25:59.416+0000][1][safepoint   ] Safepoint "Cleanup", Time since last: 3000652689 ns, Reaching safepoint: 87535 ns, Cleanup: 19416 ns, At safepoint: 19697 ns, Total: 126648 ns
[2024-03-07T03:26:04.417+0000][1][safepoint   ] Safepoint "Cleanup", Time since last: 5000404433 ns, Reaching safepoint: 54983 ns, Cleanup: 19888 ns, At safepoint: 3907 ns, Total: 78778 ns
[2024-03-07T03:26:09.418+0000][1][safepoint   ] Safepoint "Cleanup", Time since last: 5000839443 ns, Reaching safepoint: 82485 ns, Cleanup: 13335 ns, At safepoint: 3847 ns, Total: 99667 ns
[2024-03-07T03:26:10.520+0000][1][safepoint   ] Safepoint "ICBufferFull", Time since last: 1101950513 ns, Reaching safepoint: 144331 ns, Cleanup: 119755 ns, At safepoint: 7203 ns, Total: 271289 ns
[2024-03-07T03:26:10.520+0000][1][safepoint   ] Safepoint "ICBufferFull", Time since last: 59902 ns, Reaching safepoint: 70583 ns, Cleanup: 851 ns, At safepoint: 5330 ns, Total: 76764 ns
[2024-03-07T03:26:10.697+0000][1][safepoint   ] Safepoint "ICBufferFull", Time since last: 176532843 ns, Reaching safepoint: 13575 ns, Cleanup: 123843 ns, At safepoint: 5680 ns, Total: 143098 ns
[2024-03-07T03:26:11.697+0000][1][safepoint   ] Safepoint "Cleanup", Time since last: 1000152372 ns, Reaching safepoint: 13936 ns, Cleanup: 53200 ns, At safepoint: 4608 ns, Total: 71744 ns
[2024-03-07T03:26:15.698+0000][1][safepoint   ] Safepoint "Cleanup", Time since last: 4001126457 ns, Reaching safepoint: 55925 ns, Cleanup: 15339 ns, At safepoint: 4458 ns, Total: 75722 ns
[2024-03-07T03:26:20.699+0000][1][safepoint   ] Safepoint "Cleanup", Time since last: 5000501498 ns, Reaching safepoint: 59442 ns, Cleanup: 17583 ns, At safepoint: 5029 ns, Total: 82054 ns
[2024-03-07T03:26:21.699+0000][1][safepoint   ] Safepoint "Cleanup", Time since last: 1000362387 ns, Reaching safepoint: 14898 ns, Cleanup: 16361 ns, At safepoint: 4859 ns, Total: 36118 ns
[2024-03-07T03:26:23.700+0000][1][safepoint   ] Safepoint "Cleanup", Time since last: 2000230872 ns, Reaching safepoint: 14116 ns, Cleanup: 54903 ns, At safepoint: 4689 ns, Total: 73708 ns
[2024-03-07T03:26:38.702+0000][1][safepoint   ] Safepoint "Cleanup", Time since last: 15002809287 ns, Reaching safepoint: 10190 ns, Cleanup: 11321 ns, At safepoint: 2765 ns, Total: 24276 ns
[2024-03-07T03:26:45.704+0000][1][safepoint   ] Safepoint "Cleanup", Time since last: 7001125699 ns, Reaching safepoint: 51517 ns, Cleanup: 19877 ns, At safepoint: 4880 ns, Total: 76274 ns
[2024-03-07T03:26:47.285+0000][1][safepoint   ] Safepoint "Cleanup", Time since last: 1581455821 ns, Reaching safepoint: 17373 ns, Cleanup: 15519 ns, At safepoint: 5229 ns, Total: 38121 ns
[2024-03-07T03:26:49.285+0000][1][safepoint   ] Safepoint "Cleanup", Time since last: 2000242646 ns, Reaching safepoint: 14477 ns, Cleanup: 14387 ns, At safepoint: 4669 ns, Total: 33533 ns
[2024-03-07T03:26:50.286+0000][1][safepoint   ] Safepoint "Cleanup", Time since last: 1000157791 ns, Reaching safepoint: 13746 ns, Cleanup: 23744 ns, At safepoint: 4779 ns, Total: 42269 ns
[2024-03-07T03:26:56.286+0000][1][safepoint   ] Safepoint "Cleanup", Time since last: 6000534549 ns, Reaching safepoint: 52409 ns, Cleanup: 14196 ns, At safepoint: 4599 ns, Total: 71204 ns
[2024-03-07T03:27:01.287+0000][1][safepoint   ] Safepoint "Cleanup", Time since last: 5000605012 ns, Reaching safepoint: 51657 ns, Cleanup: 15228 ns, At safepoint: 4759 ns, Total: 71644 ns
[2024-03-07T03:27:05.287+0000][1][safepoint   ] Safepoint "Cleanup", Time since last: 4000339827 ns, Reaching safepoint: 57688 ns, Cleanup: 16622 ns, At safepoint: 5229 ns, Total: 79539 ns
[2024-03-07T03:27:06.288+0000][1][safepoint   ] Safepoint "Cleanup", Time since last: 1000122345 ns, Reaching safepoint: 52077 ns, Cleanup: 18856 ns, At safepoint: 15970 ns, Total: 86903 ns
[2024-03-07T03:27:10.288+0000][1][safepoint   ] Safepoint "Cleanup", Time since last: 4000365778 ns, Reaching safepoint: 13785 ns, Cleanup: 26861 ns, At safepoint: 4248 ns, Total: 44894 ns
[2024-03-07T03:27:11.288+0000][1][safepoint   ] Safepoint "Cleanup", Time since last: 1000141488 ns, Reaching safepoint: 119885 ns, Cleanup: 41538 ns, At safepoint: 17323 ns, Total: 178746 ns
[2024-03-07T03:27:16.289+0000][1][safepoint   ] Safepoint "Cleanup", Time since last: 5000488443 ns, Reaching safepoint: 14066 ns, Cleanup: 19256 ns, At safepoint: 4809 ns, Total: 38131 ns
[2024-03-07T03:27:21.289+0000][1][safepoint   ] Safepoint "Cleanup", Time since last: 5000432465 ns, Reaching safepoint: 13475 ns, Cleanup: 13656 ns, At safepoint: 4559 ns, Total: 31690 ns
[2024-03-07T03:27:22.289+0000][1][safepoint   ] Safepoint "Cleanup", Time since last: 1000128484 ns, Reaching safepoint: 40215 ns, Cleanup: 10941 ns, At safepoint: 3005 ns, Total: 54161 ns
[2024-03-07T03:27:26.290+0000][1][safepoint   ] Safepoint "Cleanup", Time since last: 4000359945 ns, Reaching safepoint: 13785 ns, Cleanup: 20739 ns, At safepoint: 4479 ns, Total: 39003 ns
[2024-03-07T03:27:31.290+0000][1][safepoint   ] Safepoint "Cleanup", Time since last: 5000435733 ns, Reaching safepoint: 55234 ns, Cleanup: 13806 ns, At safepoint: 4709 ns, Total: 73749 ns
[2024-03-07T03:27:51.295+0000][1][safepoint   ] Safepoint "Cleanup", Time since last: 20004238697 ns, Reaching safepoint: 98605 ns, Cleanup: 15960 ns, At safepoint: 4879 ns, Total: 119444 ns
[2024-03-07T03:27:56.296+0000][1][safepoint   ] Safepoint "Cleanup", Time since last: 5001081020 ns, Reaching safepoint: 62768 ns, Cleanup: 14908 ns, At safepoint: 4739 ns, Total: 82415 ns
[2024-03-07T03:27:57.296+0000][1][safepoint   ] Safepoint "Cleanup", Time since last: 1000133576 ns, Reaching safepoint: 28233 ns, Cleanup: 12263 ns, At safepoint: 10340 ns, Total: 50836 ns
[2024-03-07T03:28:02.297+0000][1][safepoint   ] Safepoint "Cleanup", Time since last: 5000967510 ns, Reaching safepoint: 11451 ns, Cleanup: 12634 ns, At safepoint: 3246 ns, Total: 27331 ns
[2024-03-07T03:28:03.297+0000][1][safepoint   ] Safepoint "Cleanup", Time since last: 1000248079 ns, Reaching safepoint: 41087 ns, Cleanup: 10289 ns, At safepoint: 8426 ns, Total: 59802 ns
[2024-03-07T03:28:06.298+0000][1][safepoint   ] Safepoint "Cleanup", Time since last: 3000265203 ns, Reaching safepoint: 9959 ns, Cleanup: 13686 ns, At safepoint: 2544 ns, Total: 26189 ns
[2024-03-07T03:28:11.298+0000][1][safepoint   ] Safepoint "Cleanup", Time since last: 5000372207 ns, Reaching safepoint: 38302 ns, Cleanup: 25758 ns, At safepoint: 3036 ns, Total: 67096 ns
[2024-03-07T03:28:16.299+0000][1][safepoint   ] Safepoint "Cleanup", Time since last: 5001121210 ns, Reaching safepoint: 61836 ns, Cleanup: 24416 ns, At safepoint: 4969 ns, Total: 91221 ns
[2024-03-07T03:28:17.300+0000][1][safepoint   ] Safepoint "Cleanup", Time since last: 1000126513 ns, Reaching safepoint: 13805 ns, Cleanup: 14468 ns, At safepoint: 4598 ns, Total: 32871 ns
[2024-03-07T03:28:22.300+0000][1][safepoint   ] Safepoint "Cleanup", Time since last: 5000578427 ns, Reaching safepoint: 56736 ns, Cleanup: 14968 ns, At safepoint: 5030 ns, Total: 76734 ns
[2024-03-07T03:28:27.301+0000][1][safepoint   ] Safepoint "Cleanup", Time since last: 5001214131 ns, Reaching safepoint: 60734 ns, Cleanup: 13605 ns, At safepoint: 5090 ns, Total: 79429 ns
[2024-03-07T03:28:30.303+0000][1][safepoint   ] Safepoint "Cleanup", Time since last: 3001031982 ns, Reaching safepoint: 62166 ns, Cleanup: 19146 ns, At safepoint: 4930 ns, Total: 86242 ns
[2024-03-07T03:28:31.303+0000][1][safepoint   ] Safepoint "Cleanup", Time since last: 1000559425 ns, Reaching safepoint: 15079 ns, Cleanup: 18645 ns, At safepoint: 4678 ns, Total: 38402 ns
[2024-03-07T03:28:32.304+0000][1][safepoint   ] Safepoint "Cleanup", Time since last: 1000539075 ns, Reaching safepoint: 15059 ns, Cleanup: 15819 ns, At safepoint: 5150 ns, Total: 36028 ns
[2024-03-07T03:28:38.305+0000][1][safepoint   ] Safepoint "Cleanup", Time since last: 6001081521 ns, Reaching safepoint: 38532 ns, Cleanup: 9408 ns, At safepoint: 3497 ns, Total: 51437 ns
[2024-03-07T03:28:42.305+0000][1][safepoint   ] Safepoint "Cleanup", Time since last: 4000320773 ns, Reaching safepoint: 56777 ns, Cleanup: 17934 ns, At safepoint: 4929 ns, Total: 79640 ns
[2024-03-07T03:28:44.306+0000][1][safepoint   ] Safepoint "Cleanup", Time since last: 2000375857 ns, Reaching safepoint: 44654 ns, Cleanup: 13485 ns, At safepoint: 17122 ns, Total: 75261 ns
[2024-03-07T03:28:52.308+0000][1][safepoint   ] Safepoint "Cleanup", Time since last: 8002268178 ns, Reaching safepoint: 62437 ns, Cleanup: 14367 ns, At safepoint: 4849 ns, Total: 81653 ns
[2024-03-07T03:28:55.309+0000][1][safepoint   ] Safepoint "Cleanup", Time since last: 3000538073 ns, Reaching safepoint: 53571 ns, Cleanup: 14487 ns, At safepoint: 4679 ns, Total: 72737 ns
[2024-03-07T03:28:57.309+0000][1][safepoint   ] Safepoint "Cleanup", Time since last: 2000243045 ns, Reaching safepoint: 14838 ns, Cleanup: 13435 ns, At safepoint: 4669 ns, Total: 32942 ns
[2024-03-07T03:28:58.309+0000][1][safepoint   ] Safepoint "Cleanup", Time since last: 1000134006 ns, Reaching safepoint: 16692 ns, Cleanup: 14847 ns, At safepoint: 5280 ns, Total: 36819 ns
[2024-03-07T03:28:59.309+0000][1][safepoint   ] Safepoint "Cleanup", Time since last: 1000167407 ns, Reaching safepoint: 14828 ns, Cleanup: 14036 ns, At safepoint: 4649 ns, Total: 33513 ns
[2024-03-07T03:29:01.310+0000][1][safepoint   ] Safepoint "Cleanup", Time since last: 2000633742 ns, Reaching safepoint: 70682 ns, Cleanup: 17423 ns, At safepoint: 18745 ns, Total: 106850 ns
[2024-03-07T03:29:02.311+0000][1][safepoint   ] Safepoint "Cleanup", Time since last: 1000493713 ns, Reaching safepoint: 11472 ns, Cleanup: 11722 ns, At safepoint: 2935 ns, Total: 26129 ns
[2024-03-07T03:29:07.313+0000][1][safepoint   ] Safepoint "Cleanup", Time since last: 5001844257 ns, Reaching safepoint: 47319 ns, Cleanup: 16140 ns, At safepoint: 3166 ns, Total: 66625 ns
[2024-03-07T03:29:11.314+0000][1][safepoint   ] Safepoint "Cleanup", Time since last: 4000960627 ns, Reaching safepoint: 51988 ns, Cleanup: 33463 ns, At safepoint: 4608 ns, Total: 90059 ns
[2024-03-07T03:29:13.314+0000][1][safepoint   ] Safepoint "Cleanup", Time since last: 2000556025 ns, Reaching safepoint: 16892 ns, Cleanup: 26249 ns, At safepoint: 3677 ns, Total: 46818 ns
[2024-03-07T03:29:17.819+0000][1][gc,heap,exit] Heap
[2024-03-07T03:29:17.819+0000][1][gc,heap,exit]  garbage-first heap   total 524288K, used 229678K [0x00000000e0000000, 0x0000000100000000)
[2024-03-07T03:29:17.819+0000][1][gc,heap,exit]   region size 1024K, 206 young (210944K), 12 survivors (12288K)
[2024-03-07T03:29:17.819+0000][1][gc,heap,exit]  Metaspace       used 78615K, committed 80000K, reserved 1179648K
[2024-03-07T03:29:17.819+0000][1][gc,heap,exit]   class space    used 10504K, committed 11136K, reserved 1048576K
