[2024-03-06T18:13:49.761+0000][1][gc,init] CardTable entry size: 512
[2024-03-06T18:13:49.761+0000][1][gc     ] Using G1
[2024-03-06T18:13:49.766+0000][1][gc,init] Version: 21.0.2+13-LTS (release)
[2024-03-06T18:13:49.766+0000][1][gc,init] CPUs: 12 total, 12 available
[2024-03-06T18:13:49.766+0000][1][gc,init] Memory: 7867M
[2024-03-06T18:13:49.766+0000][1][gc,init] Large Page Support: Disabled
[2024-03-06T18:13:49.766+0000][1][gc,init] NUMA Support: Disabled
[2024-03-06T18:13:49.766+0000][1][gc,init] Compressed Oops: Enabled (32-bit)
[2024-03-06T18:13:49.766+0000][1][gc,init] Heap Region Size: 1M
[2024-03-06T18:13:49.766+0000][1][gc,init] Heap Min Capacity: 512M
[2024-03-06T18:13:49.766+0000][1][gc,init] Heap Initial Capacity: 512M
[2024-03-06T18:13:49.766+0000][1][gc,init] Heap Max Capacity: 512M
[2024-03-06T18:13:49.766+0000][1][gc,init] Pre-touch: Disabled
[2024-03-06T18:13:49.766+0000][1][gc,init] Parallel Workers: 10
[2024-03-06T18:13:49.766+0000][1][gc,init] Concurrent Workers: 3
[2024-03-06T18:13:49.766+0000][1][gc,init] Concurrent Refinement Workers: 10
[2024-03-06T18:13:49.766+0000][1][gc,init] Periodic GC: Disabled
[2024-03-06T18:13:49.766+0000][1][gc,metaspace] CDS archive(s) not mapped
[2024-03-06T18:13:49.766+0000][1][gc,metaspace] Compressed class space mapped at: 0x0000000100000000-0x0000000140000000, reserved size: 1073741824
[2024-03-06T18:13:49.766+0000][1][gc,metaspace] Narrow klass base: 0x0000000000000000, Narrow klass shift: 3, Narrow klass range: 0x140000000
[2024-03-06T18:13:50.284+0000][1][gc,start    ] GC(0) Pause Young (Normal) (G1 Evacuation Pause)
[2024-03-06T18:13:50.285+0000][1][gc,task     ] GC(0) Using 10 workers of 10 for evacuation
[2024-03-06T18:13:50.285+0000][1][gc,age      ] GC(0) Desired survivor size 2097152 bytes, new threshold 15 (max threshold 15)
[2024-03-06T18:13:50.298+0000][1][gc,phases   ] GC(0)   Pre Evacuate Collection Set: 0.1ms
[2024-03-06T18:13:50.298+0000][1][gc,phases   ] GC(0)   Merge Heap Roots: 0.1ms
[2024-03-06T18:13:50.298+0000][1][gc,phases   ] GC(0)   Evacuate Collection Set: 12.0ms
[2024-03-06T18:13:50.298+0000][1][gc,phases   ] GC(0)   Post Evacuate Collection Set: 0.6ms
[2024-03-06T18:13:50.298+0000][1][gc,phases   ] GC(0)   Other: 0.8ms
[2024-03-06T18:13:50.298+0000][1][gc,age      ] GC(0) Age table with threshold 15 (max threshold 15)
[2024-03-06T18:13:50.298+0000][1][gc,age      ] GC(0) - age   1:    4059472 bytes,    4059472 total
[2024-03-06T18:13:50.298+0000][1][gc,heap     ] GC(0) Eden regions: 25->0(29)
[2024-03-06T18:13:50.298+0000][1][gc,heap     ] GC(0) Survivor regions: 0->4(4)
[2024-03-06T18:13:50.298+0000][1][gc,heap     ] GC(0) Old regions: 0->3
[2024-03-06T18:13:50.298+0000][1][gc,heap     ] GC(0) Humongous regions: 3->3
[2024-03-06T18:13:50.298+0000][1][gc,metaspace] GC(0) Metaspace: 16615K(16832K)->16615K(16832K) NonClass: 14983K(15104K)->14983K(15104K) Class: 1631K(1728K)->1631K(1728K)
[2024-03-06T18:13:50.298+0000][1][gc          ] GC(0) Pause Young (Normal) (G1 Evacuation Pause) 28M->9M(512M) 13.785ms
[2024-03-06T18:13:50.298+0000][1][gc,cpu      ] GC(0) User=0.03s Sys=0.05s Real=0.01s
[2024-03-06T18:13:50.298+0000][1][safepoint   ] Safepoint "G1CollectForAllocation", Time since last: 503382061 ns, Reaching safepoint: 3687 ns, Cleanup: 81583 ns, At safepoint: 13829490 ns, Total: 13914760 ns
[2024-03-06T18:13:50.577+0000][1][gc,start    ] GC(1) Pause Young (Concurrent Start) (Metadata GC Threshold)
[2024-03-06T18:13:50.577+0000][1][gc,task     ] GC(1) Using 10 workers of 10 for evacuation
[2024-03-06T18:13:50.577+0000][1][gc,age      ] GC(1) Desired survivor size 2621440 bytes, new threshold 1 (max threshold 15)
[2024-03-06T18:13:50.589+0000][1][gc,phases   ] GC(1)   Pre Evacuate Collection Set: 0.2ms
[2024-03-06T18:13:50.589+0000][1][gc,phases   ] GC(1)   Merge Heap Roots: 0.1ms
[2024-03-06T18:13:50.589+0000][1][gc,phases   ] GC(1)   Evacuate Collection Set: 10.9ms
[2024-03-06T18:13:50.589+0000][1][gc,phases   ] GC(1)   Post Evacuate Collection Set: 0.5ms
[2024-03-06T18:13:50.589+0000][1][gc,phases   ] GC(1)   Other: 0.1ms
[2024-03-06T18:13:50.589+0000][1][gc,age      ] GC(1) Age table with threshold 1 (max threshold 15)
[2024-03-06T18:13:50.589+0000][1][gc,age      ] GC(1) - age   1:    1293544 bytes,    1293544 total
[2024-03-06T18:13:50.589+0000][1][gc,heap     ] GC(1) Eden regions: 15->0(47)
[2024-03-06T18:13:50.589+0000][1][gc,heap     ] GC(1) Survivor regions: 4->2(5)
[2024-03-06T18:13:50.589+0000][1][gc,heap     ] GC(1) Old regions: 3->7
[2024-03-06T18:13:50.589+0000][1][gc,heap     ] GC(1) Humongous regions: 3->3
[2024-03-06T18:13:50.589+0000][1][gc,metaspace] GC(1) Metaspace: 21249K(21504K)->21249K(21504K) NonClass: 19001K(19136K)->19001K(19136K) Class: 2248K(2368K)->2248K(2368K)
[2024-03-06T18:13:50.589+0000][1][gc          ] GC(1) Pause Young (Concurrent Start) (Metadata GC Threshold) 24M->11M(512M) 11.932ms
[2024-03-06T18:13:50.589+0000][1][gc,cpu      ] GC(1) User=0.03s Sys=0.05s Real=0.01s
[2024-03-06T18:13:50.589+0000][1][gc          ] GC(2) Concurrent Mark Cycle
[2024-03-06T18:13:50.589+0000][1][gc,marking  ] GC(2) Concurrent Scan Root Regions
[2024-03-06T18:13:50.589+0000][1][safepoint   ] Safepoint "CollectForMetadataAllocation", Time since last: 278874483 ns, Reaching safepoint: 3357 ns, Cleanup: 68328 ns, At safepoint: 12003585 ns, Total: 12075270 ns
[2024-03-06T18:13:50.591+0000][1][gc,marking  ] GC(2) Concurrent Scan Root Regions 1.544ms
[2024-03-06T18:13:50.591+0000][1][gc,marking  ] GC(2) Concurrent Mark
[2024-03-06T18:13:50.591+0000][1][gc,marking  ] GC(2) Concurrent Mark From Roots
[2024-03-06T18:13:50.591+0000][1][gc,task     ] GC(2) Using 3 workers of 3 for marking
[2024-03-06T18:13:50.592+0000][1][gc,marking  ] GC(2) Concurrent Mark From Roots 0.857ms
[2024-03-06T18:13:50.592+0000][1][gc,marking  ] GC(2) Concurrent Preclean
[2024-03-06T18:13:50.592+0000][1][gc,marking  ] GC(2) Concurrent Preclean 0.013ms
[2024-03-06T18:13:50.592+0000][1][gc,start    ] GC(2) Pause Remark
[2024-03-06T18:13:50.593+0000][1][gc          ] GC(2) Pause Remark 11M->11M(512M) 0.888ms
[2024-03-06T18:13:50.593+0000][1][gc,cpu      ] GC(2) User=0.00s Sys=0.00s Real=0.00s
[2024-03-06T18:13:50.593+0000][1][safepoint   ] Safepoint "G1PauseRemark", Time since last: 2489880 ns, Reaching safepoint: 68939 ns, Cleanup: 6132 ns, At safepoint: 923793 ns, Total: 998864 ns
[2024-03-06T18:13:50.593+0000][1][gc,marking  ] GC(2) Concurrent Mark 1.934ms
[2024-03-06T18:13:50.593+0000][1][gc,marking  ] GC(2) Concurrent Rebuild Remembered Sets and Scrub Regions
[2024-03-06T18:13:50.593+0000][1][gc,marking  ] GC(2) Concurrent Rebuild Remembered Sets and Scrub Regions 0.634ms
[2024-03-06T18:13:50.593+0000][1][gc,start    ] GC(2) Pause Cleanup
[2024-03-06T18:13:50.593+0000][1][gc          ] GC(2) Pause Cleanup 11M->11M(512M) 0.087ms
[2024-03-06T18:13:50.593+0000][1][gc,cpu      ] GC(2) User=0.00s Sys=0.00s Real=0.00s
[2024-03-06T18:13:50.593+0000][1][safepoint   ] Safepoint "G1PauseCleanup", Time since last: 694102 ns, Reaching safepoint: 68118 ns, Cleanup: 1693 ns, At safepoint: 114985 ns, Total: 184796 ns
[2024-03-06T18:13:50.594+0000][1][gc,marking  ] GC(2) Concurrent Clear Claimed Marks
[2024-03-06T18:13:50.594+0000][1][gc,marking  ] GC(2) Concurrent Clear Claimed Marks 0.018ms
[2024-03-06T18:13:50.594+0000][1][gc,marking  ] GC(2) Concurrent Cleanup for Next Mark
[2024-03-06T18:13:50.596+0000][1][gc,marking  ] GC(2) Concurrent Cleanup for Next Mark 2.499ms
[2024-03-06T18:13:50.596+0000][1][gc          ] GC(2) Concurrent Mark Cycle 7.022ms
[2024-03-06T18:13:51.107+0000][1][gc,start    ] GC(3) Pause Young (Prepare Mixed) (G1 Evacuation Pause)
[2024-03-06T18:13:51.107+0000][1][gc,task     ] GC(3) Using 10 workers of 10 for evacuation
[2024-03-06T18:13:51.107+0000][1][gc,age      ] GC(3) Desired survivor size 3670016 bytes, new threshold 15 (max threshold 15)
[2024-03-06T18:13:51.113+0000][1][gc,phases   ] GC(3)   Pre Evacuate Collection Set: 0.2ms
[2024-03-06T18:13:51.113+0000][1][gc,phases   ] GC(3)   Merge Heap Roots: 0.1ms
[2024-03-06T18:13:51.113+0000][1][gc,phases   ] GC(3)   Evacuate Collection Set: 5.1ms
[2024-03-06T18:13:51.113+0000][1][gc,phases   ] GC(3)   Post Evacuate Collection Set: 0.6ms
[2024-03-06T18:13:51.113+0000][1][gc,phases   ] GC(3)   Other: 0.1ms
[2024-03-06T18:13:51.113+0000][1][gc,age      ] GC(3) Age table with threshold 15 (max threshold 15)
[2024-03-06T18:13:51.113+0000][1][gc,age      ] GC(3) - age   1:    1405168 bytes,    1405168 total
[2024-03-06T18:13:51.113+0000][1][gc,age      ] GC(3) - age   2:    1206640 bytes,    2611808 total
[2024-03-06T18:13:51.113+0000][1][gc,heap     ] GC(3) Eden regions: 47->0(92)
[2024-03-06T18:13:51.113+0000][1][gc,heap     ] GC(3) Survivor regions: 2->3(7)
[2024-03-06T18:13:51.113+0000][1][gc,heap     ] GC(3) Old regions: 7->7
[2024-03-06T18:13:51.113+0000][1][gc,heap     ] GC(3) Humongous regions: 3->3
[2024-03-06T18:13:51.113+0000][1][gc,metaspace] GC(3) Metaspace: 30371K(30784K)->30371K(30784K) NonClass: 27080K(27328K)->27080K(27328K) Class: 3291K(3456K)->3291K(3456K)
[2024-03-06T18:13:51.113+0000][1][gc          ] GC(3) Pause Young (Prepare Mixed) (G1 Evacuation Pause) 58M->12M(512M) 6.338ms
[2024-03-06T18:13:51.113+0000][1][gc,cpu      ] GC(3) User=0.02s Sys=0.00s Real=0.01s
[2024-03-06T18:13:51.113+0000][1][safepoint   ] Safepoint "G1CollectForAllocation", Time since last: 513154873 ns, Reaching safepoint: 5630 ns, Cleanup: 97824 ns, At safepoint: 6399183 ns, Total: 6502637 ns
[2024-03-06T18:13:51.473+0000][1][gc,start    ] GC(4) Pause Young (Mixed) (G1 Evacuation Pause)
[2024-03-06T18:13:51.473+0000][1][gc,task     ] GC(4) Using 10 workers of 10 for evacuation
[2024-03-06T18:13:51.473+0000][1][gc,age      ] GC(4) Desired survivor size 6291456 bytes, new threshold 15 (max threshold 15)
[2024-03-06T18:13:51.497+0000][1][gc,phases   ] GC(4)   Pre Evacuate Collection Set: 3.3ms
[2024-03-06T18:13:51.497+0000][1][gc,phases   ] GC(4)   Merge Heap Roots: 0.1ms
[2024-03-06T18:13:51.497+0000][1][gc,phases   ] GC(4)   Evacuate Collection Set: 19.0ms
[2024-03-06T18:13:51.497+0000][1][gc,phases   ] GC(4)   Post Evacuate Collection Set: 1.2ms
[2024-03-06T18:13:51.497+0000][1][gc,phases   ] GC(4)   Other: 0.2ms
[2024-03-06T18:13:51.497+0000][1][gc,age      ] GC(4) Age table with threshold 15 (max threshold 15)
[2024-03-06T18:13:51.497+0000][1][gc,age      ] GC(4) - age   1:    5003232 bytes,    5003232 total
[2024-03-06T18:13:51.497+0000][1][gc,age      ] GC(4) - age   2:    1351184 bytes,    6354416 total
[2024-03-06T18:13:51.497+0000][1][gc,age      ] GC(4) - age   3:    1184464 bytes,    7538880 total
[2024-03-06T18:13:51.497+0000][1][gc,heap     ] GC(4) Eden regions: 92->0(266)
[2024-03-06T18:13:51.497+0000][1][gc,heap     ] GC(4) Survivor regions: 3->8(12)
[2024-03-06T18:13:51.497+0000][1][gc,heap     ] GC(4) Old regions: 7->7
[2024-03-06T18:13:51.497+0000][1][gc,heap     ] GC(4) Humongous regions: 3->3
[2024-03-06T18:13:51.497+0000][1][gc,metaspace] GC(4) Metaspace: 32673K(33088K)->32673K(33088K) NonClass: 29051K(29312K)->29051K(29312K) Class: 3622K(3776K)->3622K(3776K)
[2024-03-06T18:13:51.497+0000][1][gc          ] GC(4) Pause Young (Mixed) (G1 Evacuation Pause) 104M->17M(512M) 24.130ms
[2024-03-06T18:13:51.497+0000][1][gc,cpu      ] GC(4) User=0.09s Sys=0.03s Real=0.02s
[2024-03-06T18:13:51.497+0000][1][safepoint   ] Safepoint "G1CollectForAllocation", Time since last: 359981475 ns, Reaching safepoint: 6532 ns, Cleanup: 120446 ns, At safepoint: 24197798 ns, Total: 24324776 ns
[2024-03-06T18:13:51.918+0000][1][gc,start    ] GC(5) Pause Young (Concurrent Start) (Metadata GC Threshold)
[2024-03-06T18:13:51.918+0000][1][gc,task     ] GC(5) Using 10 workers of 10 for evacuation
[2024-03-06T18:13:51.918+0000][1][gc,age      ] GC(5) Desired survivor size 18350080 bytes, new threshold 15 (max threshold 15)
[2024-03-06T18:13:51.925+0000][1][gc,phases   ] GC(5)   Pre Evacuate Collection Set: 0.2ms
[2024-03-06T18:13:51.925+0000][1][gc,phases   ] GC(5)   Merge Heap Roots: 0.1ms
[2024-03-06T18:13:51.925+0000][1][gc,phases   ] GC(5)   Evacuate Collection Set: 5.2ms
[2024-03-06T18:13:51.925+0000][1][gc,phases   ] GC(5)   Post Evacuate Collection Set: 0.7ms
[2024-03-06T18:13:51.925+0000][1][gc,phases   ] GC(5)   Other: 0.1ms
[2024-03-06T18:13:51.925+0000][1][gc,age      ] GC(5) Age table with threshold 15 (max threshold 15)
[2024-03-06T18:13:51.925+0000][1][gc,age      ] GC(5) - age   1:    1637328 bytes,    1637328 total
[2024-03-06T18:13:51.925+0000][1][gc,age      ] GC(5) - age   2:     858640 bytes,    2495968 total
[2024-03-06T18:13:51.925+0000][1][gc,age      ] GC(5) - age   3:    1338360 bytes,    3834328 total
[2024-03-06T18:13:51.925+0000][1][gc,age      ] GC(5) - age   4:    1184432 bytes,    5018760 total
[2024-03-06T18:13:51.925+0000][1][gc,heap     ] GC(5) Eden regions: 82->0(301)
[2024-03-06T18:13:51.925+0000][1][gc,heap     ] GC(5) Survivor regions: 8->6(35)
[2024-03-06T18:13:51.925+0000][1][gc,heap     ] GC(5) Old regions: 7->7
[2024-03-06T18:13:51.925+0000][1][gc,heap     ] GC(5) Humongous regions: 3->3
[2024-03-06T18:13:51.925+0000][1][gc,metaspace] GC(5) Metaspace: 35576K(35968K)->35576K(35968K) NonClass: 31593K(31808K)->31593K(31808K) Class: 3983K(4160K)->3983K(4160K)
[2024-03-06T18:13:51.925+0000][1][gc          ] GC(5) Pause Young (Concurrent Start) (Metadata GC Threshold) 99M->14M(512M) 6.686ms
[2024-03-06T18:13:51.925+0000][1][gc,cpu      ] GC(5) User=0.02s Sys=0.00s Real=0.01s
[2024-03-06T18:13:51.925+0000][1][gc          ] GC(6) Concurrent Mark Cycle
[2024-03-06T18:13:51.925+0000][1][gc,marking  ] GC(6) Concurrent Scan Root Regions
[2024-03-06T18:13:51.925+0000][1][safepoint   ] Safepoint "CollectForMetadataAllocation", Time since last: 420651995 ns, Reaching safepoint: 4799 ns, Cleanup: 69190 ns, At safepoint: 6793562 ns, Total: 6867551 ns
[2024-03-06T18:13:51.927+0000][1][gc,marking  ] GC(6) Concurrent Scan Root Regions 2.109ms
[2024-03-06T18:13:51.927+0000][1][gc,marking  ] GC(6) Concurrent Mark
[2024-03-06T18:13:51.927+0000][1][gc,marking  ] GC(6) Concurrent Mark From Roots
[2024-03-06T18:13:51.927+0000][1][gc,task     ] GC(6) Using 3 workers of 3 for marking
[2024-03-06T18:13:51.929+0000][1][gc,marking  ] GC(6) Concurrent Mark From Roots 2.354ms
[2024-03-06T18:13:51.930+0000][1][gc,marking  ] GC(6) Concurrent Preclean
[2024-03-06T18:13:51.930+0000][1][gc,marking  ] GC(6) Concurrent Preclean 0.031ms
[2024-03-06T18:13:51.930+0000][1][gc,start    ] GC(6) Pause Remark
[2024-03-06T18:13:51.932+0000][1][gc          ] GC(6) Pause Remark 15M->15M(512M) 2.849ms
[2024-03-06T18:13:51.933+0000][1][gc,cpu      ] GC(6) User=0.01s Sys=0.00s Real=0.01s
[2024-03-06T18:13:51.933+0000][1][safepoint   ] Safepoint "G1PauseRemark", Time since last: 4619696 ns, Reaching safepoint: 5891 ns, Cleanup: 4618 ns, At safepoint: 2980511 ns, Total: 2991020 ns
[2024-03-06T18:13:51.933+0000][1][gc,marking  ] GC(6) Concurrent Mark 5.834ms
[2024-03-06T18:13:51.933+0000][1][gc,marking  ] GC(6) Concurrent Rebuild Remembered Sets and Scrub Regions
[2024-03-06T18:13:51.935+0000][1][gc,marking  ] GC(6) Concurrent Rebuild Remembered Sets and Scrub Regions 1.577ms
[2024-03-06T18:13:51.935+0000][1][gc,start    ] GC(6) Pause Cleanup
[2024-03-06T18:13:51.936+0000][1][gc          ] GC(6) Pause Cleanup 15M->15M(512M) 1.695ms
[2024-03-06T18:13:51.937+0000][1][gc,cpu      ] GC(6) User=0.00s Sys=0.00s Real=0.00s
[2024-03-06T18:13:51.937+0000][1][safepoint   ] Safepoint "G1PauseCleanup", Time since last: 2077997 ns, Reaching safepoint: 82395 ns, Cleanup: 7364 ns, At safepoint: 1852595 ns, Total: 1942354 ns
[2024-03-06T18:13:51.937+0000][1][gc,marking  ] GC(6) Concurrent Clear Claimed Marks
[2024-03-06T18:13:51.937+0000][1][gc,marking  ] GC(6) Concurrent Clear Claimed Marks 0.057ms
[2024-03-06T18:13:51.937+0000][1][gc,marking  ] GC(6) Concurrent Cleanup for Next Mark
[2024-03-06T18:13:51.939+0000][1][gc,marking  ] GC(6) Concurrent Cleanup for Next Mark 2.084ms
[2024-03-06T18:13:51.939+0000][1][gc          ] GC(6) Concurrent Mark Cycle 14.088ms
[2024-03-06T18:13:52.498+0000][1][safepoint   ] Safepoint "ICBufferFull", Time since last: 561045670 ns, Reaching safepoint: 9688 ns, Cleanup: 122901 ns, At safepoint: 3166 ns, Total: 135755 ns
[2024-03-06T18:13:52.970+0000][1][safepoint   ] Safepoint "ICBufferFull", Time since last: 472331831 ns, Reaching safepoint: 79048 ns, Cleanup: 167695 ns, At safepoint: 6622 ns, Total: 253365 ns
[2024-03-06T18:13:53.652+0000][1][gc,start    ] GC(7) Pause Young (Prepare Mixed) (Metadata GC Threshold)
[2024-03-06T18:13:53.652+0000][1][gc,task     ] GC(7) Using 10 workers of 10 for evacuation
[2024-03-06T18:13:53.652+0000][1][gc,age      ] GC(7) Desired survivor size 20447232 bytes, new threshold 15 (max threshold 15)
[2024-03-06T18:13:53.664+0000][1][gc,phases   ] GC(7)   Pre Evacuate Collection Set: 0.2ms
[2024-03-06T18:13:53.664+0000][1][gc,phases   ] GC(7)   Merge Heap Roots: 0.1ms
[2024-03-06T18:13:53.664+0000][1][gc,phases   ] GC(7)   Evacuate Collection Set: 10.5ms
[2024-03-06T18:13:53.664+0000][1][gc,phases   ] GC(7)   Post Evacuate Collection Set: 1.2ms
[2024-03-06T18:13:53.664+0000][1][gc,phases   ] GC(7)   Other: 0.1ms
[2024-03-06T18:13:53.664+0000][1][gc,age      ] GC(7) Age table with threshold 15 (max threshold 15)
[2024-03-06T18:13:53.664+0000][1][gc,age      ] GC(7) - age   1:    6922808 bytes,    6922808 total
[2024-03-06T18:13:53.664+0000][1][gc,age      ] GC(7) - age   2:    1163304 bytes,    8086112 total
[2024-03-06T18:13:53.664+0000][1][gc,age      ] GC(7) - age   3:     808216 bytes,    8894328 total
[2024-03-06T18:13:53.664+0000][1][gc,age      ] GC(7) - age   4:    1291544 bytes,   10185872 total
[2024-03-06T18:13:53.664+0000][1][gc,age      ] GC(7) - age   5:    1165744 bytes,   11351616 total
[2024-03-06T18:13:53.664+0000][1][gc,heap     ] GC(7) Eden regions: 89->0(295)
[2024-03-06T18:13:53.664+0000][1][gc,heap     ] GC(7) Survivor regions: 6->12(39)
[2024-03-06T18:13:53.664+0000][1][gc,heap     ] GC(7) Old regions: 7->7
[2024-03-06T18:13:53.664+0000][1][gc,heap     ] GC(7) Humongous regions: 3->3
[2024-03-06T18:13:53.664+0000][1][gc,metaspace] GC(7) Metaspace: 59547K(60160K)->59547K(60160K) NonClass: 52106K(52480K)->52106K(52480K) Class: 7441K(7680K)->7441K(7680K)
[2024-03-06T18:13:53.664+0000][1][gc          ] GC(7) Pause Young (Prepare Mixed) (Metadata GC Threshold) 103M->21M(512M) 12.348ms
[2024-03-06T18:13:53.664+0000][1][gc,cpu      ] GC(7) User=0.07s Sys=0.01s Real=0.01s
[2024-03-06T18:13:53.664+0000][1][safepoint   ] Safepoint "CollectForMetadataAllocation", Time since last: 681005038 ns, Reaching safepoint: 8836 ns, Cleanup: 107352 ns, At safepoint: 12441807 ns, Total: 12557995 ns
[2024-03-06T18:13:53.696+0000][1][gc,start    ] GC(8) Pause Young (Mixed) (Metadata GC Threshold)
[2024-03-06T18:13:53.696+0000][1][gc,task     ] GC(8) Using 10 workers of 10 for evacuation
[2024-03-06T18:13:53.696+0000][1][gc,age      ] GC(8) Desired survivor size 20447232 bytes, new threshold 15 (max threshold 15)
[2024-03-06T18:13:53.703+0000][1][gc,phases   ] GC(8)   Pre Evacuate Collection Set: 0.1ms
[2024-03-06T18:13:53.703+0000][1][gc,phases   ] GC(8)   Merge Heap Roots: 0.0ms
[2024-03-06T18:13:53.703+0000][1][gc,phases   ] GC(8)   Evacuate Collection Set: 6.1ms
[2024-03-06T18:13:53.703+0000][1][gc,phases   ] GC(8)   Post Evacuate Collection Set: 0.9ms
[2024-03-06T18:13:53.703+0000][1][gc,phases   ] GC(8)   Other: 0.1ms
[2024-03-06T18:13:53.703+0000][1][gc,age      ] GC(8) Age table with threshold 15 (max threshold 15)
[2024-03-06T18:13:53.703+0000][1][gc,age      ] GC(8) - age   1:     629696 bytes,     629696 total
[2024-03-06T18:13:53.703+0000][1][gc,age      ] GC(8) - age   2:    6738792 bytes,    7368488 total
[2024-03-06T18:13:53.703+0000][1][gc,age      ] GC(8) - age   3:    1163176 bytes,    8531664 total
[2024-03-06T18:13:53.703+0000][1][gc,age      ] GC(8) - age   4:     808056 bytes,    9339720 total
[2024-03-06T18:13:53.703+0000][1][gc,age      ] GC(8) - age   5:    1290584 bytes,   10630304 total
[2024-03-06T18:13:53.703+0000][1][gc,age      ] GC(8) - age   6:    1165296 bytes,   11795600 total
[2024-03-06T18:13:53.703+0000][1][gc,heap     ] GC(8) Eden regions: 3->0(294)
[2024-03-06T18:13:53.703+0000][1][gc,heap     ] GC(8) Survivor regions: 12->13(39)
[2024-03-06T18:13:53.703+0000][1][gc,heap     ] GC(8) Old regions: 7->7
[2024-03-06T18:13:53.703+0000][1][gc,heap     ] GC(8) Humongous regions: 3->3
[2024-03-06T18:13:53.703+0000][1][gc,metaspace] GC(8) Metaspace: 59860K(60480K)->59860K(60480K) NonClass: 52353K(52672K)->52353K(52672K) Class: 7506K(7808K)->7506K(7808K)
[2024-03-06T18:13:53.703+0000][1][gc          ] GC(8) Pause Young (Mixed) (Metadata GC Threshold) 23M->21M(512M) 7.524ms
[2024-03-06T18:13:53.703+0000][1][gc,cpu      ] GC(8) User=0.04s Sys=0.02s Real=0.01s
[2024-03-06T18:13:53.703+0000][1][safepoint   ] Safepoint "CollectForMetadataAllocation", Time since last: 31648102 ns, Reaching safepoint: 70672 ns, Cleanup: 2405 ns, At safepoint: 7632075 ns, Total: 7705152 ns
[2024-03-06T18:13:53.798+0000][1][gc,start    ] GC(9) Pause Young (Concurrent Start) (Metadata GC Threshold)
[2024-03-06T18:13:53.798+0000][1][gc,task     ] GC(9) Using 10 workers of 10 for evacuation
[2024-03-06T18:13:53.798+0000][1][gc,age      ] GC(9) Desired survivor size 20447232 bytes, new threshold 15 (max threshold 15)
[2024-03-06T18:13:53.806+0000][1][gc,phases   ] GC(9)   Pre Evacuate Collection Set: 0.2ms
[2024-03-06T18:13:53.806+0000][1][gc,phases   ] GC(9)   Merge Heap Roots: 0.0ms
[2024-03-06T18:13:53.806+0000][1][gc,phases   ] GC(9)   Evacuate Collection Set: 6.4ms
[2024-03-06T18:13:53.806+0000][1][gc,phases   ] GC(9)   Post Evacuate Collection Set: 0.9ms
[2024-03-06T18:13:53.806+0000][1][gc,phases   ] GC(9)   Other: 0.1ms
[2024-03-06T18:13:53.806+0000][1][gc,age      ] GC(9) Age table with threshold 15 (max threshold 15)
[2024-03-06T18:13:53.806+0000][1][gc,age      ] GC(9) - age   1:     792064 bytes,     792064 total
[2024-03-06T18:13:53.806+0000][1][gc,age      ] GC(9) - age   2:     476792 bytes,    1268856 total
[2024-03-06T18:13:53.806+0000][1][gc,age      ] GC(9) - age   3:    6738792 bytes,    8007648 total
[2024-03-06T18:13:53.806+0000][1][gc,age      ] GC(9) - age   4:    1163176 bytes,    9170824 total
[2024-03-06T18:13:53.806+0000][1][gc,age      ] GC(9) - age   5:     808056 bytes,    9978880 total
[2024-03-06T18:13:53.806+0000][1][gc,age      ] GC(9) - age   6:    1290584 bytes,   11269464 total
[2024-03-06T18:13:53.806+0000][1][gc,age      ] GC(9) - age   7:    1165296 bytes,   12434760 total
[2024-03-06T18:13:53.806+0000][1][gc,heap     ] GC(9) Eden regions: 4->0(294)
[2024-03-06T18:13:53.806+0000][1][gc,heap     ] GC(9) Survivor regions: 13->13(39)
[2024-03-06T18:13:53.806+0000][1][gc,heap     ] GC(9) Old regions: 7->7
[2024-03-06T18:13:53.806+0000][1][gc,heap     ] GC(9) Humongous regions: 3->3
[2024-03-06T18:13:53.806+0000][1][gc,metaspace] GC(9) Metaspace: 60194K(60800K)->60194K(60800K) NonClass: 52669K(52992K)->52669K(52992K) Class: 7525K(7808K)->7525K(7808K)
[2024-03-06T18:13:53.806+0000][1][gc          ] GC(9) Pause Young (Concurrent Start) (Metadata GC Threshold) 24M->22M(512M) 7.839ms
[2024-03-06T18:13:53.806+0000][1][gc,cpu      ] GC(9) User=0.05s Sys=0.01s Real=0.01s
[2024-03-06T18:13:53.806+0000][1][gc          ] GC(10) Concurrent Mark Cycle
[2024-03-06T18:13:53.806+0000][1][gc,marking  ] GC(10) Concurrent Scan Root Regions
[2024-03-06T18:13:53.806+0000][1][safepoint   ] Safepoint "CollectForMetadataAllocation", Time since last: 94911966 ns, Reaching safepoint: 6532 ns, Cleanup: 41699 ns, At safepoint: 7933711 ns, Total: 7981942 ns
[2024-03-06T18:13:53.810+0000][1][gc,marking  ] GC(10) Concurrent Scan Root Regions 4.160ms
[2024-03-06T18:13:53.810+0000][1][gc,marking  ] GC(10) Concurrent Mark
[2024-03-06T18:13:53.810+0000][1][gc,marking  ] GC(10) Concurrent Mark From Roots
[2024-03-06T18:13:53.810+0000][1][gc,task     ] GC(10) Using 3 workers of 3 for marking
[2024-03-06T18:13:53.813+0000][1][gc,marking  ] GC(10) Concurrent Mark From Roots 2.434ms
[2024-03-06T18:13:53.813+0000][1][gc,marking  ] GC(10) Concurrent Preclean
[2024-03-06T18:13:53.813+0000][1][gc,marking  ] GC(10) Concurrent Preclean 0.026ms
[2024-03-06T18:13:53.813+0000][1][gc,start    ] GC(10) Pause Remark
[2024-03-06T18:13:53.815+0000][1][gc          ] GC(10) Pause Remark 22M->22M(512M) 2.061ms
[2024-03-06T18:13:53.815+0000][1][gc,cpu      ] GC(10) User=0.01s Sys=0.00s Real=0.00s
[2024-03-06T18:13:53.815+0000][1][safepoint   ] Safepoint "G1PauseRemark", Time since last: 6705688 ns, Reaching safepoint: 333174 ns, Cleanup: 2345 ns, At safepoint: 2120397 ns, Total: 2455916 ns
[2024-03-06T18:13:53.815+0000][1][gc,marking  ] GC(10) Concurrent Mark 5.034ms
[2024-03-06T18:13:53.815+0000][1][gc,marking  ] GC(10) Concurrent Rebuild Remembered Sets and Scrub Regions
[2024-03-06T18:13:53.816+0000][1][gc,marking  ] GC(10) Concurrent Rebuild Remembered Sets and Scrub Regions 0.653ms
[2024-03-06T18:13:53.817+0000][1][gc,start    ] GC(10) Pause Cleanup
[2024-03-06T18:13:53.817+0000][1][gc          ] GC(10) Pause Cleanup 22M->22M(512M) 0.112ms
[2024-03-06T18:13:53.817+0000][1][gc,cpu      ] GC(10) User=0.00s Sys=0.00s Real=0.00s
[2024-03-06T18:13:53.817+0000][1][safepoint   ] Safepoint "G1PauseCleanup", Time since last: 744637 ns, Reaching safepoint: 865413 ns, Cleanup: 4038 ns, At safepoint: 143549 ns, Total: 1013000 ns
[2024-03-06T18:13:53.817+0000][1][gc,marking  ] GC(10) Concurrent Clear Claimed Marks
[2024-03-06T18:13:53.817+0000][1][gc,marking  ] GC(10) Concurrent Clear Claimed Marks 0.040ms
[2024-03-06T18:13:53.817+0000][1][gc,marking  ] GC(10) Concurrent Cleanup for Next Mark
[2024-03-06T18:13:53.818+0000][1][gc,marking  ] GC(10) Concurrent Cleanup for Next Mark 0.893ms
[2024-03-06T18:13:53.818+0000][1][gc          ] GC(10) Concurrent Mark Cycle 11.965ms
[2024-03-06T18:13:54.206+0000][1][safepoint   ] Safepoint "ICBufferFull", Time since last: 388174587 ns, Reaching safepoint: 77886 ns, Cleanup: 143920 ns, At safepoint: 9799 ns, Total: 231605 ns
[2024-03-06T18:13:55.206+0000][1][safepoint   ] Safepoint "Cleanup", Time since last: 1000331117 ns, Reaching safepoint: 95279 ns, Cleanup: 176751 ns, At safepoint: 15319 ns, Total: 287349 ns
[2024-03-06T18:13:57.207+0000][1][safepoint   ] Safepoint "Cleanup", Time since last: 2000585251 ns, Reaching safepoint: 8947 ns, Cleanup: 17523 ns, At safepoint: 4628 ns, Total: 31098 ns
[2024-03-06T18:13:58.207+0000][1][safepoint   ] Safepoint "Cleanup", Time since last: 1000350927 ns, Reaching safepoint: 6803 ns, Cleanup: 58570 ns, At safepoint: 3256 ns, Total: 68629 ns
[2024-03-06T18:14:00.208+0000][1][safepoint   ] Safepoint "Cleanup", Time since last: 2000385634 ns, Reaching safepoint: 48862 ns, Cleanup: 24866 ns, At safepoint: 15780 ns, Total: 89508 ns
[2024-03-06T18:14:03.208+0000][1][safepoint   ] Safepoint "Cleanup", Time since last: 3000694334 ns, Reaching safepoint: 9428 ns, Cleanup: 21680 ns, At safepoint: 4168 ns, Total: 35276 ns
[2024-03-06T18:14:14.210+0000][1][safepoint   ] Safepoint "Cleanup", Time since last: 11001442325 ns, Reaching safepoint: 94988 ns, Cleanup: 15058 ns, At safepoint: 4328 ns, Total: 114374 ns
[2024-03-06T18:14:41.214+0000][1][safepoint   ] Safepoint "Cleanup", Time since last: 27003871463 ns, Reaching safepoint: 49473 ns, Cleanup: 20228 ns, At safepoint: 17012 ns, Total: 86713 ns
[2024-03-06T18:14:58.834+0000][1][safepoint   ] Safepoint "Cleanup", Time since last: 17620145382 ns, Reaching safepoint: 11492 ns, Cleanup: 15369 ns, At safepoint: 4518 ns, Total: 31379 ns
[2024-03-06T18:15:07.835+0000][1][safepoint   ] Safepoint "Cleanup", Time since last: 9000706304 ns, Reaching safepoint: 52919 ns, Cleanup: 14087 ns, At safepoint: 4027 ns, Total: 71033 ns
[2024-03-06T18:15:16.836+0000][1][safepoint   ] Safepoint "Cleanup", Time since last: 9000684365 ns, Reaching safepoint: 37119 ns, Cleanup: 14868 ns, At safepoint: 2756 ns, Total: 54743 ns
[2024-03-06T18:15:19.192+0000][1][gc,heap,exit] Heap
[2024-03-06T18:15:19.192+0000][1][gc,heap,exit]  garbage-first heap   total 524288K, used 103979K [0x00000000e0000000, 0x0000000100000000)
[2024-03-06T18:15:19.192+0000][1][gc,heap,exit]   region size 1024K, 93 young (95232K), 13 survivors (13312K)
[2024-03-06T18:15:19.192+0000][1][gc,heap,exit]  Metaspace       used 73940K, committed 75136K, reserved 1114112K
[2024-03-06T18:15:19.192+0000][1][gc,heap,exit]   class space    used 9807K, committed 10368K, reserved 1048576K
