[2024-03-06T18:01:35.784+0000][1][gc,init] CardTable entry size: 512
[2024-03-06T18:01:35.785+0000][1][gc     ] Using G1
[2024-03-06T18:01:35.791+0000][1][gc,init] Version: 21.0.2+13-LTS (release)
[2024-03-06T18:01:35.791+0000][1][gc,init] CPUs: 12 total, 12 available
[2024-03-06T18:01:35.791+0000][1][gc,init] Memory: 7867M
[2024-03-06T18:01:35.791+0000][1][gc,init] Large Page Support: Disabled
[2024-03-06T18:01:35.791+0000][1][gc,init] NUMA Support: Disabled
[2024-03-06T18:01:35.791+0000][1][gc,init] Compressed Oops: Enabled (32-bit)
[2024-03-06T18:01:35.791+0000][1][gc,init] Heap Region Size: 1M
[2024-03-06T18:01:35.791+0000][1][gc,init] Heap Min Capacity: 512M
[2024-03-06T18:01:35.791+0000][1][gc,init] Heap Initial Capacity: 512M
[2024-03-06T18:01:35.791+0000][1][gc,init] Heap Max Capacity: 512M
[2024-03-06T18:01:35.791+0000][1][gc,init] Pre-touch: Disabled
[2024-03-06T18:01:35.791+0000][1][gc,init] Parallel Workers: 10
[2024-03-06T18:01:35.791+0000][1][gc,init] Concurrent Workers: 3
[2024-03-06T18:01:35.791+0000][1][gc,init] Concurrent Refinement Workers: 10
[2024-03-06T18:01:35.791+0000][1][gc,init] Periodic GC: Disabled
[2024-03-06T18:01:35.791+0000][1][gc,metaspace] CDS archive(s) not mapped
[2024-03-06T18:01:35.791+0000][1][gc,metaspace] Compressed class space mapped at: 0x0000000100000000-0x0000000140000000, reserved size: 1073741824
[2024-03-06T18:01:35.791+0000][1][gc,metaspace] Narrow klass base: 0x0000000000000000, Narrow klass shift: 3, Narrow klass range: 0x140000000
[2024-03-06T18:01:36.417+0000][1][gc,start    ] GC(0) Pause Young (Normal) (G1 Evacuation Pause)
[2024-03-06T18:01:36.418+0000][1][gc,task     ] GC(0) Using 10 workers of 10 for evacuation
[2024-03-06T18:01:36.418+0000][1][gc,age      ] GC(0) Desired survivor size 2097152 bytes, new threshold 15 (max threshold 15)
[2024-03-06T18:01:36.429+0000][1][gc,phases   ] GC(0)   Pre Evacuate Collection Set: 0.2ms
[2024-03-06T18:01:36.430+0000][1][gc,phases   ] GC(0)   Merge Heap Roots: 0.1ms
[2024-03-06T18:01:36.430+0000][1][gc,phases   ] GC(0)   Evacuate Collection Set: 9.3ms
[2024-03-06T18:01:36.430+0000][1][gc,phases   ] GC(0)   Post Evacuate Collection Set: 1.4ms
[2024-03-06T18:01:36.430+0000][1][gc,phases   ] GC(0)   Other: 1.0ms
[2024-03-06T18:01:36.430+0000][1][gc,age      ] GC(0) Age table with threshold 15 (max threshold 15)
[2024-03-06T18:01:36.430+0000][1][gc,age      ] GC(0) - age   1:    4103168 bytes,    4103168 total
[2024-03-06T18:01:36.430+0000][1][gc,heap     ] GC(0) Eden regions: 25->0(29)
[2024-03-06T18:01:36.430+0000][1][gc,heap     ] GC(0) Survivor regions: 0->4(4)
[2024-03-06T18:01:36.430+0000][1][gc,heap     ] GC(0) Old regions: 0->3
[2024-03-06T18:01:36.430+0000][1][gc,heap     ] GC(0) Humongous regions: 3->3
[2024-03-06T18:01:36.430+0000][1][gc,metaspace] GC(0) Metaspace: 16629K(16832K)->16629K(16832K) NonClass: 14998K(15104K)->14998K(15104K) Class: 1631K(1728K)->1631K(1728K)
[2024-03-06T18:01:36.430+0000][1][gc          ] GC(0) Pause Young (Normal) (G1 Evacuation Pause) 28M->9M(512M) 12.192ms
[2024-03-06T18:01:36.430+0000][1][gc,cpu      ] GC(0) User=0.02s Sys=0.02s Real=0.01s
[2024-03-06T18:01:36.430+0000][1][safepoint   ] Safepoint "G1CollectForAllocation", Time since last: 611091631 ns, Reaching safepoint: 3888 ns, Cleanup: 85460 ns, At safepoint: 12251921 ns, Total: 12341269 ns
[2024-03-06T18:01:36.819+0000][1][gc,start    ] GC(1) Pause Young (Concurrent Start) (Metadata GC Threshold)
[2024-03-06T18:01:36.819+0000][1][gc,task     ] GC(1) Using 10 workers of 10 for evacuation
[2024-03-06T18:01:36.819+0000][1][gc,age      ] GC(1) Desired survivor size 2621440 bytes, new threshold 1 (max threshold 15)
[2024-03-06T18:01:36.828+0000][1][gc,phases   ] GC(1)   Pre Evacuate Collection Set: 0.5ms
[2024-03-06T18:01:36.828+0000][1][gc,phases   ] GC(1)   Merge Heap Roots: 0.1ms
[2024-03-06T18:01:36.828+0000][1][gc,phases   ] GC(1)   Evacuate Collection Set: 7.8ms
[2024-03-06T18:01:36.828+0000][1][gc,phases   ] GC(1)   Post Evacuate Collection Set: 0.7ms
[2024-03-06T18:01:36.828+0000][1][gc,phases   ] GC(1)   Other: 0.1ms
[2024-03-06T18:01:36.828+0000][1][gc,age      ] GC(1) Age table with threshold 1 (max threshold 15)
[2024-03-06T18:01:36.828+0000][1][gc,age      ] GC(1) - age   1:    1294976 bytes,    1294976 total
[2024-03-06T18:01:36.828+0000][1][gc,heap     ] GC(1) Eden regions: 15->0(51)
[2024-03-06T18:01:36.828+0000][1][gc,heap     ] GC(1) Survivor regions: 4->2(5)
[2024-03-06T18:01:36.828+0000][1][gc,heap     ] GC(1) Old regions: 3->7
[2024-03-06T18:01:36.828+0000][1][gc,heap     ] GC(1) Humongous regions: 3->3
[2024-03-06T18:01:36.828+0000][1][gc,metaspace] GC(1) Metaspace: 21250K(21504K)->21250K(21504K) NonClass: 19002K(19136K)->19002K(19136K) Class: 2248K(2368K)->2248K(2368K)
[2024-03-06T18:01:36.828+0000][1][gc          ] GC(1) Pause Young (Concurrent Start) (Metadata GC Threshold) 23M->11M(512M) 9.439ms
[2024-03-06T18:01:36.829+0000][1][gc,cpu      ] GC(1) User=0.03s Sys=0.02s Real=0.01s
[2024-03-06T18:01:36.829+0000][1][gc          ] GC(2) Concurrent Mark Cycle
[2024-03-06T18:01:36.829+0000][1][gc,marking  ] GC(2) Concurrent Scan Root Regions
[2024-03-06T18:01:36.829+0000][1][safepoint   ] Safepoint "CollectForMetadataAllocation", Time since last: 389225017 ns, Reaching safepoint: 5080 ns, Cleanup: 90480 ns, At safepoint: 9544031 ns, Total: 9639591 ns
[2024-03-06T18:01:36.831+0000][1][gc,marking  ] GC(2) Concurrent Scan Root Regions 2.777ms
[2024-03-06T18:01:36.831+0000][1][gc,marking  ] GC(2) Concurrent Mark
[2024-03-06T18:01:36.831+0000][1][gc,marking  ] GC(2) Concurrent Mark From Roots
[2024-03-06T18:01:36.831+0000][1][gc,task     ] GC(2) Using 3 workers of 3 for marking
[2024-03-06T18:01:36.833+0000][1][gc,marking  ] GC(2) Concurrent Mark From Roots 1.954ms
[2024-03-06T18:01:36.833+0000][1][gc,marking  ] GC(2) Concurrent Preclean
[2024-03-06T18:01:36.833+0000][1][gc,marking  ] GC(2) Concurrent Preclean 0.014ms
[2024-03-06T18:01:36.834+0000][1][gc,start    ] GC(2) Pause Remark
[2024-03-06T18:01:36.838+0000][1][gc          ] GC(2) Pause Remark 11M->11M(512M) 4.364ms
[2024-03-06T18:01:36.838+0000][1][gc,cpu      ] GC(2) User=0.01s Sys=0.00s Real=0.00s
[2024-03-06T18:01:36.838+0000][1][safepoint   ] Safepoint "G1PauseRemark", Time since last: 4864234 ns, Reaching safepoint: 381716 ns, Cleanup: 12844 ns, At safepoint: 4454686 ns, Total: 4849246 ns
[2024-03-06T18:01:36.838+0000][1][gc,marking  ] GC(2) Concurrent Mark 6.931ms
[2024-03-06T18:01:36.838+0000][1][gc,marking  ] GC(2) Concurrent Rebuild Remembered Sets and Scrub Regions
[2024-03-06T18:01:36.839+0000][1][gc,marking  ] GC(2) Concurrent Rebuild Remembered Sets and Scrub Regions 0.867ms
[2024-03-06T18:01:36.839+0000][1][gc,start    ] GC(2) Pause Cleanup
[2024-03-06T18:01:36.840+0000][1][gc          ] GC(2) Pause Cleanup 11M->11M(512M) 0.174ms
[2024-03-06T18:01:36.840+0000][1][gc,cpu      ] GC(2) User=0.00s Sys=0.00s Real=0.00s
[2024-03-06T18:01:36.840+0000][1][safepoint   ] Safepoint "G1PauseCleanup", Time since last: 997611 ns, Reaching safepoint: 75121 ns, Cleanup: 3056 ns, At safepoint: 216476 ns, Total: 294653 ns
[2024-03-06T18:01:36.840+0000][1][gc,marking  ] GC(2) Concurrent Clear Claimed Marks
[2024-03-06T18:01:36.840+0000][1][gc,marking  ] GC(2) Concurrent Clear Claimed Marks 0.037ms
[2024-03-06T18:01:36.840+0000][1][gc,marking  ] GC(2) Concurrent Cleanup for Next Mark
[2024-03-06T18:01:36.843+0000][1][gc,marking  ] GC(2) Concurrent Cleanup for Next Mark 3.698ms
[2024-03-06T18:01:36.843+0000][1][gc          ] GC(2) Concurrent Mark Cycle 14.950ms
[2024-03-06T18:01:37.501+0000][1][gc,start    ] GC(3) Pause Young (Normal) (G1 Evacuation Pause)
[2024-03-06T18:01:37.501+0000][1][gc,task     ] GC(3) Using 10 workers of 10 for evacuation
[2024-03-06T18:01:37.501+0000][1][gc,age      ] GC(3) Desired survivor size 3670016 bytes, new threshold 15 (max threshold 15)
[2024-03-06T18:01:37.521+0000][1][gc,phases   ] GC(3)   Pre Evacuate Collection Set: 0.3ms
[2024-03-06T18:01:37.521+0000][1][gc,phases   ] GC(3)   Merge Heap Roots: 0.1ms
[2024-03-06T18:01:37.521+0000][1][gc,phases   ] GC(3)   Evacuate Collection Set: 15.2ms
[2024-03-06T18:01:37.521+0000][1][gc,phases   ] GC(3)   Post Evacuate Collection Set: 4.0ms
[2024-03-06T18:01:37.521+0000][1][gc,phases   ] GC(3)   Other: 0.2ms
[2024-03-06T18:01:37.521+0000][1][gc,age      ] GC(3) Age table with threshold 15 (max threshold 15)
[2024-03-06T18:01:37.521+0000][1][gc,age      ] GC(3) - age   1:    3321824 bytes,    3321824 total
[2024-03-06T18:01:37.521+0000][1][gc,age      ] GC(3) - age   2:    1207496 bytes,    4529320 total
[2024-03-06T18:01:37.521+0000][1][gc,heap     ] GC(3) Eden regions: 51->0(95)
[2024-03-06T18:01:37.521+0000][1][gc,heap     ] GC(3) Survivor regions: 2->5(7)
[2024-03-06T18:01:37.521+0000][1][gc,heap     ] GC(3) Old regions: 7->7
[2024-03-06T18:01:37.521+0000][1][gc,heap     ] GC(3) Humongous regions: 3->3
[2024-03-06T18:01:37.521+0000][1][gc,metaspace] GC(3) Metaspace: 29059K(29440K)->29059K(29440K) NonClass: 25895K(26112K)->25895K(26112K) Class: 3164K(3328K)->3164K(3328K)
[2024-03-06T18:01:37.521+0000][1][gc          ] GC(3) Pause Young (Normal) (G1 Evacuation Pause) 62M->14M(512M) 20.420ms
[2024-03-06T18:01:37.521+0000][1][gc,cpu      ] GC(3) User=0.01s Sys=0.01s Real=0.02s
[2024-03-06T18:01:37.521+0000][1][safepoint   ] Safepoint "G1CollectForAllocation", Time since last: 660910727 ns, Reaching safepoint: 8486 ns, Cleanup: 135734 ns, At safepoint: 20564783 ns, Total: 20709003 ns
[2024-03-06T18:01:38.050+0000][1][gc,start    ] GC(4) Pause Young (Normal) (G1 Evacuation Pause)
[2024-03-06T18:01:38.050+0000][1][gc,task     ] GC(4) Using 10 workers of 10 for evacuation
[2024-03-06T18:01:38.050+0000][1][gc,age      ] GC(4) Desired survivor size 6815744 bytes, new threshold 15 (max threshold 15)
[2024-03-06T18:01:38.069+0000][1][gc,phases   ] GC(4)   Pre Evacuate Collection Set: 0.3ms
[2024-03-06T18:01:38.069+0000][1][gc,phases   ] GC(4)   Merge Heap Roots: 0.2ms
[2024-03-06T18:01:38.069+0000][1][gc,phases   ] GC(4)   Evacuate Collection Set: 12.4ms
[2024-03-06T18:01:38.069+0000][1][gc,phases   ] GC(4)   Post Evacuate Collection Set: 6.2ms
[2024-03-06T18:01:38.069+0000][1][gc,phases   ] GC(4)   Other: 0.2ms
[2024-03-06T18:01:38.069+0000][1][gc,age      ] GC(4) Age table with threshold 15 (max threshold 15)
[2024-03-06T18:01:38.069+0000][1][gc,age      ] GC(4) - age   1:    1795912 bytes,    1795912 total
[2024-03-06T18:01:38.069+0000][1][gc,age      ] GC(4) - age   2:    1318688 bytes,    3114600 total
[2024-03-06T18:01:38.069+0000][1][gc,age      ] GC(4) - age   3:    1207464 bytes,    4322064 total
[2024-03-06T18:01:38.069+0000][1][gc,heap     ] GC(4) Eden regions: 96->0(302)
[2024-03-06T18:01:38.069+0000][1][gc,heap     ] GC(4) Survivor regions: 5->5(13)
[2024-03-06T18:01:38.069+0000][1][gc,heap     ] GC(4) Old regions: 7->7
[2024-03-06T18:01:38.069+0000][1][gc,heap     ] GC(4) Humongous regions: 3->3
[2024-03-06T18:01:38.070+0000][1][gc,metaspace] GC(4) Metaspace: 31575K(32000K)->31575K(32000K) NonClass: 28060K(28288K)->28060K(28288K) Class: 3515K(3712K)->3515K(3712K)
[2024-03-06T18:01:38.070+0000][1][gc          ] GC(4) Pause Young (Normal) (G1 Evacuation Pause) 110M->14M(512M) 19.712ms
[2024-03-06T18:01:38.070+0000][1][gc,cpu      ] GC(4) User=0.07s Sys=0.01s Real=0.02s
[2024-03-06T18:01:38.070+0000][1][safepoint   ] Safepoint "G1CollectForAllocation", Time since last: 528503442 ns, Reaching safepoint: 7464 ns, Cleanup: 105437 ns, At safepoint: 19807604 ns, Total: 19920505 ns
[2024-03-06T18:01:38.683+0000][1][gc,start    ] GC(5) Pause Young (Concurrent Start) (Metadata GC Threshold)
[2024-03-06T18:01:38.683+0000][1][gc,task     ] GC(5) Using 10 workers of 10 for evacuation
[2024-03-06T18:01:38.683+0000][1][gc,age      ] GC(5) Desired survivor size 20447232 bytes, new threshold 15 (max threshold 15)
[2024-03-06T18:01:38.689+0000][1][gc,phases   ] GC(5)   Pre Evacuate Collection Set: 0.3ms
[2024-03-06T18:01:38.689+0000][1][gc,phases   ] GC(5)   Merge Heap Roots: 0.1ms
[2024-03-06T18:01:38.689+0000][1][gc,phases   ] GC(5)   Evacuate Collection Set: 4.8ms
[2024-03-06T18:01:38.689+0000][1][gc,phases   ] GC(5)   Post Evacuate Collection Set: 0.8ms
[2024-03-06T18:01:38.689+0000][1][gc,phases   ] GC(5)   Other: 0.1ms
[2024-03-06T18:01:38.689+0000][1][gc,age      ] GC(5) Age table with threshold 15 (max threshold 15)
[2024-03-06T18:01:38.690+0000][1][gc,age      ] GC(5) - age   1:    1532040 bytes,    1532040 total
[2024-03-06T18:01:38.690+0000][1][gc,age      ] GC(5) - age   2:     781896 bytes,    2313936 total
[2024-03-06T18:01:38.690+0000][1][gc,age      ] GC(5) - age   3:    1299704 bytes,    3613640 total
[2024-03-06T18:01:38.690+0000][1][gc,age      ] GC(5) - age   4:    1186072 bytes,    4799712 total
[2024-03-06T18:01:38.690+0000][1][gc,heap     ] GC(5) Eden regions: 74->0(302)
[2024-03-06T18:01:38.690+0000][1][gc,heap     ] GC(5) Survivor regions: 5->5(39)
[2024-03-06T18:01:38.690+0000][1][gc,heap     ] GC(5) Old regions: 7->7
[2024-03-06T18:01:38.690+0000][1][gc,heap     ] GC(5) Humongous regions: 3->3
[2024-03-06T18:01:38.690+0000][1][gc,metaspace] GC(5) Metaspace: 35649K(36096K)->35649K(36096K) NonClass: 31625K(31872K)->31625K(31872K) Class: 4024K(4224K)->4024K(4224K)
[2024-03-06T18:01:38.690+0000][1][gc          ] GC(5) Pause Young (Concurrent Start) (Metadata GC Threshold) 87M->14M(512M) 6.409ms
[2024-03-06T18:01:38.690+0000][1][gc,cpu      ] GC(5) User=0.02s Sys=0.00s Real=0.00s
[2024-03-06T18:01:38.690+0000][1][gc          ] GC(6) Concurrent Mark Cycle
[2024-03-06T18:01:38.690+0000][1][gc,marking  ] GC(6) Concurrent Scan Root Regions
[2024-03-06T18:01:38.690+0000][1][safepoint   ] Safepoint "CollectForMetadataAllocation", Time since last: 613485181 ns, Reaching safepoint: 7634 ns, Cleanup: 96181 ns, At safepoint: 6505722 ns, Total: 6609537 ns
[2024-03-06T18:01:38.692+0000][1][gc,marking  ] GC(6) Concurrent Scan Root Regions 2.547ms
[2024-03-06T18:01:38.692+0000][1][gc,marking  ] GC(6) Concurrent Mark
[2024-03-06T18:01:38.692+0000][1][gc,marking  ] GC(6) Concurrent Mark From Roots
[2024-03-06T18:01:38.692+0000][1][gc,task     ] GC(6) Using 3 workers of 3 for marking
[2024-03-06T18:01:38.696+0000][1][gc,marking  ] GC(6) Concurrent Mark From Roots 3.741ms
[2024-03-06T18:01:38.696+0000][1][gc,marking  ] GC(6) Concurrent Preclean
[2024-03-06T18:01:38.696+0000][1][gc,marking  ] GC(6) Concurrent Preclean 0.038ms
[2024-03-06T18:01:38.696+0000][1][gc,start    ] GC(6) Pause Remark
[2024-03-06T18:01:38.701+0000][1][gc          ] GC(6) Pause Remark 15M->15M(512M) 4.173ms
[2024-03-06T18:01:38.701+0000][1][gc,cpu      ] GC(6) User=0.01s Sys=0.00s Real=0.01s
[2024-03-06T18:01:38.701+0000][1][safepoint   ] Safepoint "G1PauseRemark", Time since last: 6546189 ns, Reaching safepoint: 75071 ns, Cleanup: 8045 ns, At safepoint: 4273155 ns, Total: 4356271 ns
[2024-03-06T18:01:38.701+0000][1][gc,marking  ] GC(6) Concurrent Mark 8.299ms
[2024-03-06T18:01:38.701+0000][1][gc,marking  ] GC(6) Concurrent Rebuild Remembered Sets and Scrub Regions
[2024-03-06T18:01:38.702+0000][1][gc,marking  ] GC(6) Concurrent Rebuild Remembered Sets and Scrub Regions 1.418ms
[2024-03-06T18:01:38.702+0000][1][gc,start    ] GC(6) Pause Cleanup
[2024-03-06T18:01:38.703+0000][1][gc          ] GC(6) Pause Cleanup 15M->15M(512M) 0.152ms
[2024-03-06T18:01:38.703+0000][1][gc,cpu      ] GC(6) User=0.00s Sys=0.00s Real=0.00s
[2024-03-06T18:01:38.703+0000][1][safepoint   ] Safepoint "G1PauseCleanup", Time since last: 1576818 ns, Reaching safepoint: 195707 ns, Cleanup: 4959 ns, At safepoint: 195497 ns, Total: 396163 ns
[2024-03-06T18:01:38.703+0000][1][gc,marking  ] GC(6) Concurrent Clear Claimed Marks
[2024-03-06T18:01:38.703+0000][1][gc,marking  ] GC(6) Concurrent Clear Claimed Marks 0.049ms
[2024-03-06T18:01:38.703+0000][1][gc,marking  ] GC(6) Concurrent Cleanup for Next Mark
[2024-03-06T18:01:38.704+0000][1][gc,marking  ] GC(6) Concurrent Cleanup for Next Mark 1.500ms
[2024-03-06T18:01:38.704+0000][1][gc          ] GC(6) Concurrent Mark Cycle 14.665ms
[2024-03-06T18:01:39.069+0000][1][gc,heap,exit] Heap
[2024-03-06T18:01:39.069+0000][1][gc,heap,exit]  garbage-first heap   total 524288K, used 36198K [0x00000000e0000000, 0x0000000100000000)
[2024-03-06T18:01:39.069+0000][1][gc,heap,exit]   region size 1024K, 26 young (26624K), 5 survivors (5120K)
[2024-03-06T18:01:39.069+0000][1][gc,heap,exit]  Metaspace       used 39222K, committed 39680K, reserved 1114112K
[2024-03-06T18:01:39.069+0000][1][gc,heap,exit]   class space    used 4585K, committed 4800K, reserved 1048576K
