[2024-03-07T17:58:22.448+0000][1][gc,init] CardTable entry size: 512
[2024-03-07T17:58:22.448+0000][1][gc     ] Using G1
[2024-03-07T17:58:22.458+0000][1][gc,init] Version: 21.0.2+13-LTS (release)
[2024-03-07T17:58:22.458+0000][1][gc,init] CPUs: 12 total, 12 available
[2024-03-07T17:58:22.458+0000][1][gc,init] Memory: 7867M
[2024-03-07T17:58:22.458+0000][1][gc,init] Large Page Support: Disabled
[2024-03-07T17:58:22.458+0000][1][gc,init] NUMA Support: Disabled
[2024-03-07T17:58:22.458+0000][1][gc,init] Compressed Oops: Enabled (32-bit)
[2024-03-07T17:58:22.458+0000][1][gc,init] Heap Region Size: 1M
[2024-03-07T17:58:22.458+0000][1][gc,init] Heap Min Capacity: 1G
[2024-03-07T17:58:22.458+0000][1][gc,init] Heap Initial Capacity: 1G
[2024-03-07T17:58:22.458+0000][1][gc,init] Heap Max Capacity: 1G
[2024-03-07T17:58:22.458+0000][1][gc,init] Pre-touch: Disabled
[2024-03-07T17:58:22.458+0000][1][gc,init] Parallel Workers: 10
[2024-03-07T17:58:22.458+0000][1][gc,init] Concurrent Workers: 3
[2024-03-07T17:58:22.458+0000][1][gc,init] Concurrent Refinement Workers: 10
[2024-03-07T17:58:22.458+0000][1][gc,init] Periodic GC: Disabled
[2024-03-07T17:58:22.458+0000][1][gc,metaspace] CDS archive(s) not mapped
[2024-03-07T17:58:22.458+0000][1][gc,metaspace] Compressed class space mapped at: 0x0000000100000000-0x0000000140000000, reserved size: 1073741824
[2024-03-07T17:58:22.458+0000][1][gc,metaspace] Narrow klass base: 0x0000000000000000, Narrow klass shift: 3, Narrow klass range: 0x140000000
[2024-03-07T17:58:23.375+0000][1][safepoint   ] Safepoint "ICBufferFull", Time since last: 891057502 ns, Reaching safepoint: 6402 ns, Cleanup: 153518 ns, At safepoint: 6522 ns, Total: 166442 ns
[2024-03-07T17:58:23.545+0000][1][gc,start    ] GC(0) Pause Young (Concurrent Start) (Metadata GC Threshold)
[2024-03-07T17:58:23.546+0000][1][gc,task     ] GC(0) Using 10 workers of 10 for evacuation
[2024-03-07T17:58:23.546+0000][1][gc,age      ] GC(0) Desired survivor size 3670016 bytes, new threshold 15 (max threshold 15)
[2024-03-07T17:58:23.565+0000][1][gc,phases   ] GC(0)   Pre Evacuate Collection Set: 0.2ms
[2024-03-07T17:58:23.565+0000][1][gc,phases   ] GC(0)   Merge Heap Roots: 0.1ms
[2024-03-07T17:58:23.565+0000][1][gc,phases   ] GC(0)   Evacuate Collection Set: 17.3ms
[2024-03-07T17:58:23.565+0000][1][gc,phases   ] GC(0)   Post Evacuate Collection Set: 1.2ms
[2024-03-07T17:58:23.565+0000][1][gc,phases   ] GC(0)   Other: 0.8ms
[2024-03-07T17:58:23.565+0000][1][gc,age      ] GC(0) Age table with threshold 15 (max threshold 15)
[2024-03-07T17:58:23.565+0000][1][gc,age      ] GC(0) - age   1:    7045008 bytes,    7045008 total
[2024-03-07T17:58:23.565+0000][1][gc,heap     ] GC(0) Eden regions: 40->0(44)
[2024-03-07T17:58:23.565+0000][1][gc,heap     ] GC(0) Survivor regions: 0->7(7)
[2024-03-07T17:58:23.565+0000][1][gc,heap     ] GC(0) Old regions: 0->1
[2024-03-07T17:58:23.565+0000][1][gc,heap     ] GC(0) Humongous regions: 3->3
[2024-03-07T17:58:23.565+0000][1][gc,metaspace] GC(0) Metaspace: 21241K(21504K)->21241K(21504K) NonClass: 18994K(19136K)->18994K(19136K) Class: 2247K(2368K)->2247K(2368K)
[2024-03-07T17:58:23.566+0000][1][gc          ] GC(0) Pause Young (Concurrent Start) (Metadata GC Threshold) 42M->10M(1024M) 20.206ms
[2024-03-07T17:58:23.566+0000][1][gc,cpu      ] GC(0) User=0.07s Sys=0.06s Real=0.02s
[2024-03-07T17:58:23.566+0000][1][gc          ] GC(1) Concurrent Mark Cycle
[2024-03-07T17:58:23.566+0000][1][gc,marking  ] GC(1) Concurrent Scan Root Regions
[2024-03-07T17:58:23.566+0000][1][safepoint   ] Safepoint "CollectForMetadataAllocation", Time since last: 170738964 ns, Reaching safepoint: 5491 ns, Cleanup: 54452 ns, At safepoint: 20612222 ns, Total: 20672165 ns
[2024-03-07T17:58:23.573+0000][1][gc,marking  ] GC(1) Concurrent Scan Root Regions 7.243ms
[2024-03-07T17:58:23.573+0000][1][gc,marking  ] GC(1) Concurrent Mark
[2024-03-07T17:58:23.573+0000][1][gc,marking  ] GC(1) Concurrent Mark From Roots
[2024-03-07T17:58:23.573+0000][1][gc,task     ] GC(1) Using 3 workers of 3 for marking
[2024-03-07T17:58:23.574+0000][1][gc,marking  ] GC(1) Concurrent Mark From Roots 0.560ms
[2024-03-07T17:58:23.574+0000][1][gc,marking  ] GC(1) Concurrent Preclean
[2024-03-07T17:58:23.574+0000][1][gc,marking  ] GC(1) Concurrent Preclean 0.028ms
[2024-03-07T17:58:23.575+0000][1][gc,start    ] GC(1) Pause Remark
[2024-03-07T17:58:23.580+0000][1][gc          ] GC(1) Pause Remark 11M->11M(1024M) 5.544ms
[2024-03-07T17:58:23.581+0000][1][gc,cpu      ] GC(1) User=0.01s Sys=0.00s Real=0.00s
[2024-03-07T17:58:23.581+0000][1][safepoint   ] Safepoint "G1PauseRemark", Time since last: 8435092 ns, Reaching safepoint: 440867 ns, Cleanup: 8947 ns, At safepoint: 5853529 ns, Total: 6303343 ns
[2024-03-07T17:58:23.581+0000][1][gc,marking  ] GC(1) Concurrent Mark 7.274ms
[2024-03-07T17:58:23.581+0000][1][gc,marking  ] GC(1) Concurrent Rebuild Remembered Sets and Scrub Regions
[2024-03-07T17:58:23.582+0000][1][gc,marking  ] GC(1) Concurrent Rebuild Remembered Sets and Scrub Regions 1.098ms
[2024-03-07T17:58:23.584+0000][1][gc,start    ] GC(1) Pause Cleanup
[2024-03-07T17:58:23.585+0000][1][gc          ] GC(1) Pause Cleanup 11M->11M(1024M) 0.642ms
[2024-03-07T17:58:23.585+0000][1][gc,cpu      ] GC(1) User=0.00s Sys=0.00s Real=0.00s
[2024-03-07T17:58:23.585+0000][1][safepoint   ] Safepoint "G1PauseCleanup", Time since last: 2408327 ns, Reaching safepoint: 1297173 ns, Cleanup: 15219 ns, At safepoint: 746770 ns, Total: 2059162 ns
[2024-03-07T17:58:23.586+0000][1][gc,marking  ] GC(1) Concurrent Clear Claimed Marks
[2024-03-07T17:58:23.586+0000][1][gc,marking  ] GC(1) Concurrent Clear Claimed Marks 0.074ms
[2024-03-07T17:58:23.586+0000][1][gc,marking  ] GC(1) Concurrent Cleanup for Next Mark
[2024-03-07T17:58:23.593+0000][1][gc,marking  ] GC(1) Concurrent Cleanup for Next Mark 7.012ms
[2024-03-07T17:58:23.593+0000][1][gc          ] GC(1) Concurrent Mark Cycle 27.187ms
[2024-03-07T17:58:24.208+0000][1][gc,start    ] GC(2) Pause Young (Normal) (G1 Evacuation Pause)
[2024-03-07T17:58:24.209+0000][1][gc,task     ] GC(2) Using 10 workers of 10 for evacuation
[2024-03-07T17:58:24.209+0000][1][gc,age      ] GC(2) Desired survivor size 3670016 bytes, new threshold 1 (max threshold 15)
[2024-03-07T17:58:24.224+0000][1][gc,phases   ] GC(2)   Pre Evacuate Collection Set: 0.2ms
[2024-03-07T17:58:24.224+0000][1][gc,phases   ] GC(2)   Merge Heap Roots: 0.1ms
[2024-03-07T17:58:24.224+0000][1][gc,phases   ] GC(2)   Evacuate Collection Set: 14.3ms
[2024-03-07T17:58:24.224+0000][1][gc,phases   ] GC(2)   Post Evacuate Collection Set: 1.1ms
[2024-03-07T17:58:24.225+0000][1][gc,phases   ] GC(2)   Other: 0.1ms
[2024-03-07T17:58:24.225+0000][1][gc,age      ] GC(2) Age table with threshold 1 (max threshold 15)
[2024-03-07T17:58:24.225+0000][1][gc,age      ] GC(2) - age   1:    1258344 bytes,    1258344 total
[2024-03-07T17:58:24.225+0000][1][gc,heap     ] GC(2) Eden regions: 44->0(70)
[2024-03-07T17:58:24.225+0000][1][gc,heap     ] GC(2) Survivor regions: 7->2(7)
[2024-03-07T17:58:24.225+0000][1][gc,heap     ] GC(2) Old regions: 1->8
[2024-03-07T17:58:24.225+0000][1][gc,heap     ] GC(2) Humongous regions: 3->3
[2024-03-07T17:58:24.225+0000][1][gc,metaspace] GC(2) Metaspace: 29314K(29632K)->29314K(29632K) NonClass: 26138K(26304K)->26138K(26304K) Class: 3175K(3328K)->3175K(3328K)
[2024-03-07T17:58:24.225+0000][1][gc          ] GC(2) Pause Young (Normal) (G1 Evacuation Pause) 54M->12M(1024M) 16.202ms
[2024-03-07T17:58:24.225+0000][1][gc,cpu      ] GC(2) User=0.03s Sys=0.02s Real=0.02s
[2024-03-07T17:58:24.225+0000][1][safepoint   ] Safepoint "G1CollectForAllocation", Time since last: 623253504 ns, Reaching safepoint: 4990 ns, Cleanup: 92744 ns, At safepoint: 16283202 ns, Total: 16380936 ns
[2024-03-07T17:58:24.688+0000][1][gc,start    ] GC(3) Pause Young (Normal) (G1 Evacuation Pause)
[2024-03-07T17:58:24.688+0000][1][gc,task     ] GC(3) Using 10 workers of 10 for evacuation
[2024-03-07T17:58:24.688+0000][1][gc,age      ] GC(3) Desired survivor size 4718592 bytes, new threshold 15 (max threshold 15)
[2024-03-07T17:58:24.723+0000][1][gc,phases   ] GC(3)   Pre Evacuate Collection Set: 2.0ms
[2024-03-07T17:58:24.723+0000][1][gc,phases   ] GC(3)   Merge Heap Roots: 0.1ms
[2024-03-07T17:58:24.723+0000][1][gc,phases   ] GC(3)   Evacuate Collection Set: 20.6ms
[2024-03-07T17:58:24.723+0000][1][gc,phases   ] GC(3)   Post Evacuate Collection Set: 7.1ms
[2024-03-07T17:58:24.723+0000][1][gc,phases   ] GC(3)   Other: 4.6ms
[2024-03-07T17:58:24.723+0000][1][gc,age      ] GC(3) Age table with threshold 15 (max threshold 15)
[2024-03-07T17:58:24.723+0000][1][gc,age      ] GC(3) - age   1:    4370216 bytes,    4370216 total
[2024-03-07T17:58:24.723+0000][1][gc,age      ] GC(3) - age   2:    1224160 bytes,    5594376 total
[2024-03-07T17:58:24.723+0000][1][gc,heap     ] GC(3) Eden regions: 70->0(597)
[2024-03-07T17:58:24.723+0000][1][gc,heap     ] GC(3) Survivor regions: 2->6(9)
[2024-03-07T17:58:24.723+0000][1][gc,heap     ] GC(3) Old regions: 8->8
[2024-03-07T17:58:24.723+0000][1][gc,heap     ] GC(3) Humongous regions: 3->3
[2024-03-07T17:58:24.723+0000][1][gc,metaspace] GC(3) Metaspace: 32587K(32960K)->32587K(32960K) NonClass: 28962K(29184K)->28962K(29184K) Class: 3625K(3776K)->3625K(3776K)
[2024-03-07T17:58:24.723+0000][1][gc          ] GC(3) Pause Young (Normal) (G1 Evacuation Pause) 82M->16M(1024M) 34.923ms
[2024-03-07T17:58:24.723+0000][1][gc,cpu      ] GC(3) User=0.07s Sys=0.01s Real=0.03s
[2024-03-07T17:58:24.723+0000][1][safepoint   ] Safepoint "G1CollectForAllocation", Time since last: 462966774 ns, Reaching safepoint: 20198 ns, Cleanup: 255529 ns, At safepoint: 35029846 ns, Total: 35305573 ns
[2024-03-07T17:58:25.471+0000][1][gc,start    ] GC(4) Pause Young (Concurrent Start) (Metadata GC Threshold)
[2024-03-07T17:58:25.471+0000][1][gc,task     ] GC(4) Using 10 workers of 10 for evacuation
[2024-03-07T17:58:25.471+0000][1][gc,age      ] GC(4) Desired survivor size 39845888 bytes, new threshold 15 (max threshold 15)
[2024-03-07T17:58:25.480+0000][1][gc,phases   ] GC(4)   Pre Evacuate Collection Set: 0.4ms
[2024-03-07T17:58:25.480+0000][1][gc,phases   ] GC(4)   Merge Heap Roots: 0.1ms
[2024-03-07T17:58:25.480+0000][1][gc,phases   ] GC(4)   Evacuate Collection Set: 7.8ms
[2024-03-07T17:58:25.480+0000][1][gc,phases   ] GC(4)   Post Evacuate Collection Set: 0.9ms
[2024-03-07T17:58:25.480+0000][1][gc,phases   ] GC(4)   Other: 0.2ms
[2024-03-07T17:58:25.480+0000][1][gc,age      ] GC(4) Age table with threshold 15 (max threshold 15)
[2024-03-07T17:58:25.480+0000][1][gc,age      ] GC(4) - age   1:    1676376 bytes,    1676376 total
[2024-03-07T17:58:25.480+0000][1][gc,age      ] GC(4) - age   2:     962088 bytes,    2638464 total
[2024-03-07T17:58:25.480+0000][1][gc,age      ] GC(4) - age   3:    1211432 bytes,    3849896 total
[2024-03-07T17:58:25.481+0000][1][gc,heap     ] GC(4) Eden regions: 107->0(609)
[2024-03-07T17:58:25.481+0000][1][gc,heap     ] GC(4) Survivor regions: 6->5(76)
[2024-03-07T17:58:25.481+0000][1][gc,heap     ] GC(4) Old regions: 8->8
[2024-03-07T17:58:25.481+0000][1][gc,heap     ] GC(4) Humongous regions: 3->3
[2024-03-07T17:58:25.481+0000][1][gc,metaspace] GC(4) Metaspace: 35578K(35968K)->35578K(35968K) NonClass: 31586K(31808K)->31586K(31808K) Class: 3991K(4160K)->3991K(4160K)
[2024-03-07T17:58:25.481+0000][1][gc          ] GC(4) Pause Young (Concurrent Start) (Metadata GC Threshold) 123M->14M(1024M) 9.784ms
[2024-03-07T17:58:25.481+0000][1][gc,cpu      ] GC(4) User=0.01s Sys=0.02s Real=0.01s
[2024-03-07T17:58:25.481+0000][1][safepoint   ] Safepoint "CollectForMetadataAllocation", Time since last: 747631820 ns, Reaching safepoint: 7844 ns, Cleanup: 104246 ns, At safepoint: 9925276 ns, Total: 10037366 ns
[2024-03-07T17:58:25.481+0000][1][gc          ] GC(5) Concurrent Mark Cycle
[2024-03-07T17:58:25.481+0000][1][gc,marking  ] GC(5) Concurrent Scan Root Regions
[2024-03-07T17:58:25.482+0000][1][gc,marking  ] GC(5) Concurrent Scan Root Regions 1.724ms
[2024-03-07T17:58:25.483+0000][1][gc,marking  ] GC(5) Concurrent Mark
[2024-03-07T17:58:25.483+0000][1][gc,marking  ] GC(5) Concurrent Mark From Roots
[2024-03-07T17:58:25.483+0000][1][gc,task     ] GC(5) Using 3 workers of 3 for marking
[2024-03-07T17:58:25.486+0000][1][gc,marking  ] GC(5) Concurrent Mark From Roots 3.276ms
[2024-03-07T17:58:25.486+0000][1][gc,marking  ] GC(5) Concurrent Preclean
[2024-03-07T17:58:25.486+0000][1][gc,marking  ] GC(5) Concurrent Preclean 0.051ms
[2024-03-07T17:58:25.486+0000][1][gc,start    ] GC(5) Pause Remark
[2024-03-07T17:58:25.489+0000][1][gc          ] GC(5) Pause Remark 15M->15M(1024M) 3.222ms
[2024-03-07T17:58:25.489+0000][1][gc,cpu      ] GC(5) User=0.02s Sys=0.00s Real=0.00s
[2024-03-07T17:58:25.489+0000][1][safepoint   ] Safepoint "G1PauseRemark", Time since last: 5286456 ns, Reaching safepoint: 7534 ns, Cleanup: 8055 ns, At safepoint: 3338212 ns, Total: 3353801 ns
[2024-03-07T17:58:25.492+0000][1][gc,marking  ] GC(5) Concurrent Mark 9.746ms
[2024-03-07T17:58:25.492+0000][1][gc,marking  ] GC(5) Concurrent Rebuild Remembered Sets and Scrub Regions
[2024-03-07T17:58:25.497+0000][1][gc,marking  ] GC(5) Concurrent Rebuild Remembered Sets and Scrub Regions 4.191ms
[2024-03-07T17:58:25.497+0000][1][gc,start    ] GC(5) Pause Cleanup
[2024-03-07T17:58:25.498+0000][1][gc          ] GC(5) Pause Cleanup 15M->15M(1024M) 0.419ms
[2024-03-07T17:58:25.498+0000][1][gc,cpu      ] GC(5) User=0.00s Sys=0.00s Real=0.00s
[2024-03-07T17:58:25.498+0000][1][safepoint   ] Safepoint "G1PauseCleanup", Time since last: 7821901 ns, Reaching safepoint: 108975 ns, Cleanup: 13235 ns, At safepoint: 489187 ns, Total: 611397 ns
[2024-03-07T17:58:25.498+0000][1][gc,marking  ] GC(5) Concurrent Clear Claimed Marks
[2024-03-07T17:58:25.498+0000][1][gc,marking  ] GC(5) Concurrent Clear Claimed Marks 0.057ms
[2024-03-07T17:58:25.498+0000][1][gc,marking  ] GC(5) Concurrent Cleanup for Next Mark
[2024-03-07T17:58:25.502+0000][1][gc,marking  ] GC(5) Concurrent Cleanup for Next Mark 3.595ms
[2024-03-07T17:58:25.502+0000][1][gc          ] GC(5) Concurrent Mark Cycle 21.146ms
[2024-03-07T17:58:26.275+0000][1][safepoint   ] Safepoint "ICBufferFull", Time since last: 776993774 ns, Reaching safepoint: 6011 ns, Cleanup: 148679 ns, At safepoint: 2915 ns, Total: 157605 ns
[2024-03-07T17:58:26.974+0000][1][safepoint   ] Safepoint "ICBufferFull", Time since last: 698887651 ns, Reaching safepoint: 9217 ns, Cleanup: 161653 ns, At safepoint: 4178 ns, Total: 175048 ns
[2024-03-07T17:58:27.679+0000][1][gc,start    ] GC(6) Pause Young (Prepare Mixed) (Metadata GC Threshold)
[2024-03-07T17:58:27.679+0000][1][gc,task     ] GC(6) Using 10 workers of 10 for evacuation
[2024-03-07T17:58:27.679+0000][1][gc,age      ] GC(6) Desired survivor size 40370176 bytes, new threshold 15 (max threshold 15)
[2024-03-07T17:58:27.717+0000][1][gc,phases   ] GC(6)   Pre Evacuate Collection Set: 0.4ms
[2024-03-07T17:58:27.717+0000][1][gc,phases   ] GC(6)   Merge Heap Roots: 0.2ms
[2024-03-07T17:58:27.717+0000][1][gc,phases   ] GC(6)   Evacuate Collection Set: 30.4ms
[2024-03-07T17:58:27.718+0000][1][gc,phases   ] GC(6)   Post Evacuate Collection Set: 7.0ms
[2024-03-07T17:58:27.718+0000][1][gc,phases   ] GC(6)   Other: 0.2ms
[2024-03-07T17:58:27.718+0000][1][gc,age      ] GC(6) Age table with threshold 15 (max threshold 15)
[2024-03-07T17:58:27.718+0000][1][gc,age      ] GC(6) - age   1:    6890760 bytes,    6890760 total
[2024-03-07T17:58:27.718+0000][1][gc,age      ] GC(6) - age   2:    1202104 bytes,    8092864 total
[2024-03-07T17:58:27.718+0000][1][gc,age      ] GC(6) - age   3:     910464 bytes,    9003328 total
[2024-03-07T17:58:27.718+0000][1][gc,age      ] GC(6) - age   4:    1167848 bytes,   10171176 total
[2024-03-07T17:58:27.718+0000][1][gc,heap     ] GC(6) Eden regions: 89->0(578)
[2024-03-07T17:58:27.718+0000][1][gc,heap     ] GC(6) Survivor regions: 5->11(77)
[2024-03-07T17:58:27.718+0000][1][gc,heap     ] GC(6) Old regions: 8->8
[2024-03-07T17:58:27.718+0000][1][gc,heap     ] GC(6) Humongous regions: 3->3
[2024-03-07T17:58:27.718+0000][1][gc,metaspace] GC(6) Metaspace: 59422K(60096K)->59422K(60096K) NonClass: 51987K(52352K)->51987K(52352K) Class: 7434K(7744K)->7434K(7744K)
[2024-03-07T17:58:27.718+0000][1][gc          ] GC(6) Pause Young (Prepare Mixed) (Metadata GC Threshold) 103M->20M(1024M) 38.456ms
[2024-03-07T17:58:27.718+0000][1][gc,cpu      ] GC(6) User=0.09s Sys=0.00s Real=0.04s
[2024-03-07T17:58:27.718+0000][1][safepoint   ] Safepoint "CollectForMetadataAllocation", Time since last: 705097067 ns, Reaching safepoint: 7454 ns, Cleanup: 104065 ns, At safepoint: 38594923 ns, Total: 38706442 ns
[2024-03-07T17:58:27.861+0000][1][gc,start    ] GC(7) Pause Young (Mixed) (Metadata GC Threshold)
[2024-03-07T17:58:27.861+0000][1][gc,task     ] GC(7) Using 10 workers of 10 for evacuation
[2024-03-07T17:58:27.861+0000][1][gc,age      ] GC(7) Desired survivor size 38797312 bytes, new threshold 15 (max threshold 15)
[2024-03-07T17:58:27.887+0000][1][gc,phases   ] GC(7)   Pre Evacuate Collection Set: 0.3ms
[2024-03-07T17:58:27.887+0000][1][gc,phases   ] GC(7)   Merge Heap Roots: 0.1ms
[2024-03-07T17:58:27.887+0000][1][gc,phases   ] GC(7)   Evacuate Collection Set: 22.2ms
[2024-03-07T17:58:27.887+0000][1][gc,phases   ] GC(7)   Post Evacuate Collection Set: 3.7ms
[2024-03-07T17:58:27.887+0000][1][gc,phases   ] GC(7)   Other: 0.1ms
[2024-03-07T17:58:27.887+0000][1][gc,age      ] GC(7) Age table with threshold 15 (max threshold 15)
[2024-03-07T17:58:27.887+0000][1][gc,age      ] GC(7) - age   1:    1166560 bytes,    1166560 total
[2024-03-07T17:58:27.887+0000][1][gc,age      ] GC(7) - age   2:    6711368 bytes,    7877928 total
[2024-03-07T17:58:27.887+0000][1][gc,age      ] GC(7) - age   3:    1201976 bytes,    9079904 total
[2024-03-07T17:58:27.887+0000][1][gc,age      ] GC(7) - age   4:     910368 bytes,    9990272 total
[2024-03-07T17:58:27.887+0000][1][gc,age      ] GC(7) - age   5:    1167592 bytes,   11157864 total
[2024-03-07T17:58:27.887+0000][1][gc,heap     ] GC(7) Eden regions: 4->0(551)
[2024-03-07T17:58:27.887+0000][1][gc,heap     ] GC(7) Survivor regions: 11->12(74)
[2024-03-07T17:58:27.887+0000][1][gc,heap     ] GC(7) Old regions: 8->8
[2024-03-07T17:58:27.887+0000][1][gc,heap     ] GC(7) Humongous regions: 3->3
[2024-03-07T17:58:27.887+0000][1][gc,metaspace] GC(7) Metaspace: 59800K(60416K)->59800K(60416K) NonClass: 52310K(52672K)->52310K(52672K) Class: 7489K(7744K)->7489K(7744K)
[2024-03-07T17:58:27.887+0000][1][gc          ] GC(7) Pause Young (Mixed) (Metadata GC Threshold) 24M->22M(1024M) 26.732ms
[2024-03-07T17:58:27.887+0000][1][gc,cpu      ] GC(7) User=0.06s Sys=0.00s Real=0.03s
[2024-03-07T17:58:27.887+0000][1][safepoint   ] Safepoint "CollectForMetadataAllocation", Time since last: 142687468 ns, Reaching safepoint: 7093 ns, Cleanup: 17082 ns, At safepoint: 26882082 ns, Total: 26906257 ns
[2024-03-07T17:58:27.928+0000][1][gc,start    ] GC(8) Pause Young (Concurrent Start) (Metadata GC Threshold)
[2024-03-07T17:58:27.928+0000][1][gc,task     ] GC(8) Using 10 workers of 10 for evacuation
[2024-03-07T17:58:27.928+0000][1][gc,age      ] GC(8) Desired survivor size 37224448 bytes, new threshold 15 (max threshold 15)
[2024-03-07T17:58:27.950+0000][1][gc,phases   ] GC(8)   Pre Evacuate Collection Set: 0.3ms
[2024-03-07T17:58:27.950+0000][1][gc,phases   ] GC(8)   Merge Heap Roots: 0.2ms
[2024-03-07T17:58:27.950+0000][1][gc,phases   ] GC(8)   Evacuate Collection Set: 19.3ms
[2024-03-07T17:58:27.950+0000][1][gc,phases   ] GC(8)   Post Evacuate Collection Set: 1.5ms
[2024-03-07T17:58:27.950+0000][1][gc,phases   ] GC(8)   Other: 0.1ms
[2024-03-07T17:58:27.950+0000][1][gc,age      ] GC(8) Age table with threshold 15 (max threshold 15)
[2024-03-07T17:58:27.950+0000][1][gc,age      ] GC(8) - age   1:     276392 bytes,     276392 total
[2024-03-07T17:58:27.950+0000][1][gc,age      ] GC(8) - age   2:     985232 bytes,    1261624 total
[2024-03-07T17:58:27.950+0000][1][gc,age      ] GC(8) - age   3:    6711368 bytes,    7972992 total
[2024-03-07T17:58:27.950+0000][1][gc,age      ] GC(8) - age   4:    1201976 bytes,    9174968 total
[2024-03-07T17:58:27.950+0000][1][gc,age      ] GC(8) - age   5:     910368 bytes,   10085336 total
[2024-03-07T17:58:27.950+0000][1][gc,age      ] GC(8) - age   6:    1167592 bytes,   11252928 total
[2024-03-07T17:58:27.950+0000][1][gc,heap     ] GC(8) Eden regions: 2->0(602)
[2024-03-07T17:58:27.950+0000][1][gc,heap     ] GC(8) Survivor regions: 12->12(71)
[2024-03-07T17:58:27.950+0000][1][gc,heap     ] GC(8) Old regions: 8->8
[2024-03-07T17:58:27.950+0000][1][gc,heap     ] GC(8) Humongous regions: 3->3
[2024-03-07T17:58:27.950+0000][1][gc,metaspace] GC(8) Metaspace: 60027K(60736K)->60027K(60736K) NonClass: 52515K(52928K)->52515K(52928K) Class: 7512K(7808K)->7512K(7808K)
[2024-03-07T17:58:27.950+0000][1][gc          ] GC(8) Pause Young (Concurrent Start) (Metadata GC Threshold) 24M->22M(1024M) 21.837ms
[2024-03-07T17:58:27.950+0000][1][gc,cpu      ] GC(8) User=0.06s Sys=0.00s Real=0.02s
[2024-03-07T17:58:27.950+0000][1][gc          ] GC(9) Concurrent Mark Cycle
[2024-03-07T17:58:27.950+0000][1][gc,marking  ] GC(9) Concurrent Scan Root Regions
[2024-03-07T17:58:27.950+0000][1][safepoint   ] Safepoint "CollectForMetadataAllocation", Time since last: 40860543 ns, Reaching safepoint: 16661 ns, Cleanup: 54552 ns, At safepoint: 21975519 ns, Total: 22046732 ns
[2024-03-07T17:58:27.963+0000][1][gc,marking  ] GC(9) Concurrent Scan Root Regions 12.545ms
[2024-03-07T17:58:27.963+0000][1][gc,marking  ] GC(9) Concurrent Mark
[2024-03-07T17:58:27.963+0000][1][gc,marking  ] GC(9) Concurrent Mark From Roots
[2024-03-07T17:58:27.963+0000][1][gc,task     ] GC(9) Using 3 workers of 3 for marking
[2024-03-07T17:58:27.968+0000][1][gc,marking  ] GC(9) Concurrent Mark From Roots 4.886ms
[2024-03-07T17:58:27.968+0000][1][gc,marking  ] GC(9) Concurrent Preclean
[2024-03-07T17:58:27.968+0000][1][gc,marking  ] GC(9) Concurrent Preclean 0.157ms
[2024-03-07T17:58:27.968+0000][1][gc,start    ] GC(9) Pause Remark
[2024-03-07T17:58:27.977+0000][1][gc          ] GC(9) Pause Remark 23M->23M(1024M) 8.406ms
[2024-03-07T17:58:27.977+0000][1][gc,cpu      ] GC(9) User=0.01s Sys=0.00s Real=0.01s
[2024-03-07T17:58:27.977+0000][1][safepoint   ] Safepoint "G1PauseRemark", Time since last: 17754462 ns, Reaching safepoint: 408857 ns, Cleanup: 7214 ns, At safepoint: 8530180 ns, Total: 8946251 ns
[2024-03-07T17:58:27.977+0000][1][gc,marking  ] GC(9) Concurrent Mark 14.181ms
[2024-03-07T17:58:27.977+0000][1][gc,marking  ] GC(9) Concurrent Rebuild Remembered Sets and Scrub Regions
[2024-03-07T17:58:27.979+0000][1][gc,marking  ] GC(9) Concurrent Rebuild Remembered Sets and Scrub Regions 1.936ms
[2024-03-07T17:58:27.979+0000][1][gc,start    ] GC(9) Pause Cleanup
[2024-03-07T17:58:27.979+0000][1][gc          ] GC(9) Pause Cleanup 23M->23M(1024M) 0.271ms
[2024-03-07T17:58:27.979+0000][1][gc,cpu      ] GC(9) User=0.01s Sys=0.00s Real=0.00s
[2024-03-07T17:58:27.979+0000][1][safepoint   ] Safepoint "G1PauseCleanup", Time since last: 2059543 ns, Reaching safepoint: 77626 ns, Cleanup: 4558 ns, At safepoint: 317265 ns, Total: 399449 ns
[2024-03-07T17:58:27.979+0000][1][gc,marking  ] GC(9) Concurrent Clear Claimed Marks
[2024-03-07T17:58:27.980+0000][1][gc,marking  ] GC(9) Concurrent Clear Claimed Marks 0.067ms
[2024-03-07T17:58:27.980+0000][1][gc,marking  ] GC(9) Concurrent Cleanup for Next Mark
[2024-03-07T17:58:27.983+0000][1][gc,marking  ] GC(9) Concurrent Cleanup for Next Mark 3.464ms
[2024-03-07T17:58:27.983+0000][1][gc          ] GC(9) Concurrent Mark Cycle 33.029ms
[2024-03-07T17:58:28.722+0000][1][safepoint   ] Safepoint "ICBufferFull", Time since last: 742577820 ns, Reaching safepoint: 5550 ns, Cleanup: 182222 ns, At safepoint: 11391 ns, Total: 199163 ns
[2024-03-07T17:58:29.723+0000][1][safepoint   ] Safepoint "Cleanup", Time since last: 1000364880 ns, Reaching safepoint: 22152 ns, Cleanup: 225102 ns, At safepoint: 12082 ns, Total: 259336 ns
[2024-03-07T17:58:30.483+0000][1][safepoint   ] Safepoint "ICBufferFull", Time since last: 760046095 ns, Reaching safepoint: 14417 ns, Cleanup: 167635 ns, At safepoint: 3336 ns, Total: 185388 ns
[2024-03-07T17:58:31.169+0000][1][safepoint   ] Safepoint "ICBufferFull", Time since last: 685512042 ns, Reaching safepoint: 18294 ns, Cleanup: 173956 ns, At safepoint: 11913 ns, Total: 204163 ns
[2024-03-07T17:58:32.366+0000][1][safepoint   ] Safepoint "Cleanup", Time since last: 1196797325 ns, Reaching safepoint: 14658 ns, Cleanup: 85480 ns, At safepoint: 3857 ns, Total: 103995 ns
[2024-03-07T17:58:33.366+0000][1][safepoint   ] Safepoint "Cleanup", Time since last: 1000115662 ns, Reaching safepoint: 13395 ns, Cleanup: 17944 ns, At safepoint: 4077 ns, Total: 35416 ns
[2024-03-07T17:58:34.366+0000][1][safepoint   ] Safepoint "Cleanup", Time since last: 1000112037 ns, Reaching safepoint: 12102 ns, Cleanup: 10871 ns, At safepoint: 3466 ns, Total: 26439 ns
[2024-03-07T17:58:35.366+0000][1][safepoint   ] Safepoint "Cleanup", Time since last: 1000112817 ns, Reaching safepoint: 40917 ns, Cleanup: 13555 ns, At safepoint: 4098 ns, Total: 58570 ns
[2024-03-07T17:58:36.366+0000][1][safepoint   ] Safepoint "Cleanup", Time since last: 1000120010 ns, Reaching safepoint: 16802 ns, Cleanup: 20107 ns, At safepoint: 3577 ns, Total: 40486 ns
[2024-03-07T17:58:37.366+0000][1][safepoint   ] Safepoint "Cleanup", Time since last: 1000110723 ns, Reaching safepoint: 15308 ns, Cleanup: 15069 ns, At safepoint: 3506 ns, Total: 33883 ns
[2024-03-07T17:58:39.367+0000][1][safepoint   ] Safepoint "Cleanup", Time since last: 2000182273 ns, Reaching safepoint: 15088 ns, Cleanup: 18444 ns, At safepoint: 3527 ns, Total: 37059 ns
[2024-03-07T17:58:41.367+0000][1][safepoint   ] Safepoint "Cleanup", Time since last: 2000183423 ns, Reaching safepoint: 21410 ns, Cleanup: 31600 ns, At safepoint: 4067 ns, Total: 57077 ns
[2024-03-07T17:58:45.367+0000][1][safepoint   ] Safepoint "Cleanup", Time since last: 4000309772 ns, Reaching safepoint: 50314 ns, Cleanup: 12754 ns, At safepoint: 4829 ns, Total: 67897 ns
[2024-03-07T17:58:46.367+0000][1][safepoint   ] Safepoint "Cleanup", Time since last: 1000111335 ns, Reaching safepoint: 17282 ns, Cleanup: 28313 ns, At safepoint: 3877 ns, Total: 49472 ns
[2024-03-07T17:58:48.368+0000][1][safepoint   ] Safepoint "Cleanup", Time since last: 2000198502 ns, Reaching safepoint: 59782 ns, Cleanup: 13676 ns, At safepoint: 5410 ns, Total: 78868 ns
[2024-03-07T17:58:49.368+0000][1][safepoint   ] Safepoint "Cleanup", Time since last: 1000119349 ns, Reaching safepoint: 19887 ns, Cleanup: 11411 ns, At safepoint: 3978 ns, Total: 35276 ns
[2024-03-07T17:58:51.368+0000][1][safepoint   ] Safepoint "Cleanup", Time since last: 2000171752 ns, Reaching safepoint: 28474 ns, Cleanup: 13094 ns, At safepoint: 2395 ns, Total: 43963 ns
[2024-03-07T17:58:53.368+0000][1][safepoint   ] Safepoint "Cleanup", Time since last: 2000160632 ns, Reaching safepoint: 16080 ns, Cleanup: 11081 ns, At safepoint: 3426 ns, Total: 30587 ns
[2024-03-07T17:58:55.369+0000][1][safepoint   ] Safepoint "Cleanup", Time since last: 2000199794 ns, Reaching safepoint: 34474 ns, Cleanup: 15600 ns, At safepoint: 4398 ns, Total: 54472 ns
[2024-03-07T17:58:56.369+0000][1][safepoint   ] Safepoint "Cleanup", Time since last: 1000103539 ns, Reaching safepoint: 14247 ns, Cleanup: 16190 ns, At safepoint: 2815 ns, Total: 33252 ns
[2024-03-07T17:59:00.371+0000][1][safepoint   ] Safepoint "Cleanup", Time since last: 4002127202 ns, Reaching safepoint: 22382 ns, Cleanup: 24336 ns, At safepoint: 7294 ns, Total: 54012 ns
[2024-03-07T17:59:01.371+0000][1][safepoint   ] Safepoint "Cleanup", Time since last: 1000128436 ns, Reaching safepoint: 20388 ns, Cleanup: 18164 ns, At safepoint: 5140 ns, Total: 43692 ns
[2024-03-07T17:59:07.372+0000][1][safepoint   ] Safepoint "Cleanup", Time since last: 6000667394 ns, Reaching safepoint: 14517 ns, Cleanup: 18605 ns, At safepoint: 4488 ns, Total: 37610 ns
[2024-03-07T17:59:08.372+0000][1][safepoint   ] Safepoint "Cleanup", Time since last: 1000133445 ns, Reaching safepoint: 17022 ns, Cleanup: 11712 ns, At safepoint: 4148 ns, Total: 32882 ns
[2024-03-07T17:59:10.372+0000][1][safepoint   ] Safepoint "Cleanup", Time since last: 2000214924 ns, Reaching safepoint: 16260 ns, Cleanup: 25889 ns, At safepoint: 6212 ns, Total: 48361 ns
[2024-03-07T17:59:12.372+0000][1][safepoint   ] Safepoint "Cleanup", Time since last: 2000209222 ns, Reaching safepoint: 53701 ns, Cleanup: 26460 ns, At safepoint: 11060 ns, Total: 91221 ns
[2024-03-07T17:59:15.373+0000][1][safepoint   ] Safepoint "Cleanup", Time since last: 3000251206 ns, Reaching safepoint: 12222 ns, Cleanup: 11412 ns, At safepoint: 2885 ns, Total: 26519 ns
[2024-03-07T17:59:16.373+0000][1][safepoint   ] Safepoint "Cleanup", Time since last: 1000143986 ns, Reaching safepoint: 89989 ns, Cleanup: 16671 ns, At safepoint: 5119 ns, Total: 111779 ns
[2024-03-07T17:59:17.373+0000][1][safepoint   ] Safepoint "Cleanup", Time since last: 1000118226 ns, Reaching safepoint: 13615 ns, Cleanup: 13045 ns, At safepoint: 3025 ns, Total: 29685 ns
[2024-03-07T17:59:21.374+0000][1][safepoint   ] Safepoint "Cleanup", Time since last: 4000463288 ns, Reaching safepoint: 43632 ns, Cleanup: 10640 ns, At safepoint: 3867 ns, Total: 58139 ns
[2024-03-07T17:59:22.374+0000][1][safepoint   ] Safepoint "Cleanup", Time since last: 1000109862 ns, Reaching safepoint: 14006 ns, Cleanup: 19697 ns, At safepoint: 2896 ns, Total: 36599 ns
[2024-03-07T17:59:26.588+0000][1][safepoint   ] Safepoint "Cleanup", Time since last: 4213761360 ns, Reaching safepoint: 61616 ns, Cleanup: 15930 ns, At safepoint: 13415 ns, Total: 90961 ns
[2024-03-07T17:59:27.588+0000][1][safepoint   ] Safepoint "Cleanup", Time since last: 1000102179 ns, Reaching safepoint: 16261 ns, Cleanup: 20157 ns, At safepoint: 4639 ns, Total: 41057 ns
[2024-03-07T17:59:28.588+0000][1][safepoint   ] Safepoint "Cleanup", Time since last: 1000138456 ns, Reaching safepoint: 22442 ns, Cleanup: 18524 ns, At safepoint: 6453 ns, Total: 47419 ns
[2024-03-07T17:59:30.588+0000][1][safepoint   ] Safepoint "Cleanup", Time since last: 2000223960 ns, Reaching safepoint: 16481 ns, Cleanup: 22292 ns, At safepoint: 5210 ns, Total: 43983 ns
[2024-03-07T17:59:32.589+0000][1][safepoint   ] Safepoint "Cleanup", Time since last: 2000451588 ns, Reaching safepoint: 15920 ns, Cleanup: 25788 ns, At safepoint: 5150 ns, Total: 46858 ns
[2024-03-07T17:59:33.589+0000][1][safepoint   ] Safepoint "Cleanup", Time since last: 1000125189 ns, Reaching safepoint: 12844 ns, Cleanup: 14888 ns, At safepoint: 2795 ns, Total: 30527 ns
[2024-03-07T17:59:34.589+0000][1][safepoint   ] Safepoint "Cleanup", Time since last: 1000109912 ns, Reaching safepoint: 14677 ns, Cleanup: 12504 ns, At safepoint: 4949 ns, Total: 32130 ns
[2024-03-07T17:59:36.589+0000][1][safepoint   ] Safepoint "Cleanup", Time since last: 2000209283 ns, Reaching safepoint: 15439 ns, Cleanup: 14166 ns, At safepoint: 5791 ns, Total: 35396 ns
[2024-03-07T17:59:38.590+0000][1][safepoint   ] Safepoint "Cleanup", Time since last: 2000253765 ns, Reaching safepoint: 23574 ns, Cleanup: 38443 ns, At safepoint: 7253 ns, Total: 69270 ns
[2024-03-07T17:59:39.590+0000][1][safepoint   ] Safepoint "Cleanup", Time since last: 1000535972 ns, Reaching safepoint: 16652 ns, Cleanup: 20207 ns, At safepoint: 5010 ns, Total: 41869 ns
[2024-03-07T17:59:42.591+0000][1][safepoint   ] Safepoint "Cleanup", Time since last: 3000695092 ns, Reaching safepoint: 201938 ns, Cleanup: 10560 ns, At safepoint: 4809 ns, Total: 217307 ns
[2024-03-07T17:59:43.592+0000][1][safepoint   ] Safepoint "Cleanup", Time since last: 1000509852 ns, Reaching safepoint: 17513 ns, Cleanup: 24125 ns, At safepoint: 4889 ns, Total: 46527 ns
[2024-03-07T17:59:45.592+0000][1][safepoint   ] Safepoint "Cleanup", Time since last: 2000386478 ns, Reaching safepoint: 51647 ns, Cleanup: 13816 ns, At safepoint: 16771 ns, Total: 82234 ns
[2024-03-07T17:59:47.592+0000][1][safepoint   ] Safepoint "Cleanup", Time since last: 2000209323 ns, Reaching safepoint: 18455 ns, Cleanup: 14878 ns, At safepoint: 6452 ns, Total: 39785 ns
[2024-03-07T17:59:48.593+0000][1][safepoint   ] Safepoint "Cleanup", Time since last: 1000176646 ns, Reaching safepoint: 16551 ns, Cleanup: 45134 ns, At safepoint: 5511 ns, Total: 67196 ns
[2024-03-07T17:59:49.593+0000][1][safepoint   ] Safepoint "Cleanup", Time since last: 1000195772 ns, Reaching safepoint: 15970 ns, Cleanup: 22081 ns, At safepoint: 4479 ns, Total: 42530 ns
[2024-03-07T17:59:51.593+0000][1][safepoint   ] Safepoint "Cleanup", Time since last: 2000245070 ns, Reaching safepoint: 44865 ns, Cleanup: 12142 ns, At safepoint: 4399 ns, Total: 61406 ns
[2024-03-07T17:59:53.594+0000][1][safepoint   ] Safepoint "Cleanup", Time since last: 2000333786 ns, Reaching safepoint: 16141 ns, Cleanup: 17062 ns, At safepoint: 3316 ns, Total: 36519 ns
[2024-03-07T17:59:58.594+0000][1][safepoint   ] Safepoint "Cleanup", Time since last: 5000434543 ns, Reaching safepoint: 56395 ns, Cleanup: 24647 ns, At safepoint: 4278 ns, Total: 85320 ns
[2024-03-07T18:00:00.594+0000][1][safepoint   ] Safepoint "Cleanup", Time since last: 2000175298 ns, Reaching safepoint: 38522 ns, Cleanup: 8055 ns, At safepoint: 10099 ns, Total: 56676 ns
[2024-03-07T18:00:03.595+0000][1][safepoint   ] Safepoint "Cleanup", Time since last: 3000406791 ns, Reaching safepoint: 14667 ns, Cleanup: 10099 ns, At safepoint: 4148 ns, Total: 28914 ns
[2024-03-07T18:00:06.596+0000][1][safepoint   ] Safepoint "Cleanup", Time since last: 3000677053 ns, Reaching safepoint: 62027 ns, Cleanup: 16060 ns, At safepoint: 5951 ns, Total: 84038 ns
[2024-03-07T18:00:08.596+0000][1][safepoint   ] Safepoint "Cleanup", Time since last: 2000572777 ns, Reaching safepoint: 16571 ns, Cleanup: 22312 ns, At safepoint: 5190 ns, Total: 44073 ns
[2024-03-07T18:00:09.597+0000][1][safepoint   ] Safepoint "Cleanup", Time since last: 1000492110 ns, Reaching safepoint: 16891 ns, Cleanup: 15449 ns, At safepoint: 5340 ns, Total: 37680 ns
[2024-03-07T18:00:12.597+0000][1][safepoint   ] Safepoint "Cleanup", Time since last: 3000507099 ns, Reaching safepoint: 184396 ns, Cleanup: 15529 ns, At safepoint: 4679 ns, Total: 204604 ns
[2024-03-07T18:00:13.598+0000][1][safepoint   ] Safepoint "Cleanup", Time since last: 1000137112 ns, Reaching safepoint: 16181 ns, Cleanup: 22161 ns, At safepoint: 5290 ns, Total: 43632 ns
[2024-03-07T18:00:15.598+0000][1][safepoint   ] Safepoint "Cleanup", Time since last: 2000262103 ns, Reaching safepoint: 15689 ns, Cleanup: 16701 ns, At safepoint: 3156 ns, Total: 35546 ns
[2024-03-07T18:00:16.622+0000][1][safepoint   ] Safepoint "Cleanup", Time since last: 1023874728 ns, Reaching safepoint: 44303 ns, Cleanup: 62767 ns, At safepoint: 4439 ns, Total: 111509 ns
[2024-03-07T18:00:17.622+0000][1][safepoint   ] Safepoint "Cleanup", Time since last: 1000112678 ns, Reaching safepoint: 9277 ns, Cleanup: 11773 ns, At safepoint: 2294 ns, Total: 23344 ns
[2024-03-07T18:00:18.623+0000][1][safepoint   ] Safepoint "Cleanup", Time since last: 1000503420 ns, Reaching safepoint: 17012 ns, Cleanup: 22262 ns, At safepoint: 5280 ns, Total: 44554 ns
[2024-03-07T18:00:20.623+0000][1][safepoint   ] Safepoint "Cleanup", Time since last: 2000263519 ns, Reaching safepoint: 12594 ns, Cleanup: 10870 ns, At safepoint: 2796 ns, Total: 26260 ns
[2024-03-07T18:00:21.623+0000][1][safepoint   ] Safepoint "Cleanup", Time since last: 1000111254 ns, Reaching safepoint: 36569 ns, Cleanup: 10880 ns, At safepoint: 3136 ns, Total: 50585 ns
[2024-03-07T18:00:23.615+0000][1][safepoint   ] Safepoint "Cleanup", Time since last: 1991670547 ns, Reaching safepoint: 12553 ns, Cleanup: 21270 ns, At safepoint: 3066 ns, Total: 36889 ns
[2024-03-07T18:00:24.615+0000][1][safepoint   ] Safepoint "Cleanup", Time since last: 1000121723 ns, Reaching safepoint: 18936 ns, Cleanup: 19777 ns, At safepoint: 4107 ns, Total: 42820 ns
[2024-03-07T18:00:26.615+0000][1][safepoint   ] Safepoint "Cleanup", Time since last: 2000217630 ns, Reaching safepoint: 24505 ns, Cleanup: 88126 ns, At safepoint: 3516 ns, Total: 116147 ns
[2024-03-07T18:00:27.615+0000][1][safepoint   ] Safepoint "Cleanup", Time since last: 1000158954 ns, Reaching safepoint: 20568 ns, Cleanup: 31920 ns, At safepoint: 3707 ns, Total: 56195 ns
[2024-03-07T18:00:28.616+0000][1][safepoint   ] Safepoint "Cleanup", Time since last: 1000135499 ns, Reaching safepoint: 31129 ns, Cleanup: 41097 ns, At safepoint: 4118 ns, Total: 76344 ns
[2024-03-07T18:00:29.616+0000][1][safepoint   ] Safepoint "Cleanup", Time since last: 1000126111 ns, Reaching safepoint: 47469 ns, Cleanup: 12945 ns, At safepoint: 4799 ns, Total: 65213 ns
[2024-03-07T18:00:30.616+0000][1][safepoint   ] Safepoint "Cleanup", Time since last: 1000155254 ns, Reaching safepoint: 15348 ns, Cleanup: 39955 ns, At safepoint: 4970 ns, Total: 60273 ns
[2024-03-07T18:00:31.616+0000][1][safepoint   ] Safepoint "Cleanup", Time since last: 1000174733 ns, Reaching safepoint: 57187 ns, Cleanup: 54021 ns, At safepoint: 5961 ns, Total: 117169 ns
[2024-03-07T18:00:32.617+0000][1][safepoint   ] Safepoint "Cleanup", Time since last: 1000147783 ns, Reaching safepoint: 16251 ns, Cleanup: 18534 ns, At safepoint: 4669 ns, Total: 39454 ns
[2024-03-07T18:00:33.617+0000][1][safepoint   ] Safepoint "Cleanup", Time since last: 1000133618 ns, Reaching safepoint: 56466 ns, Cleanup: 41638 ns, At safepoint: 23705 ns, Total: 121809 ns
[2024-03-07T18:00:34.617+0000][1][safepoint   ] Safepoint "Cleanup", Time since last: 1000155328 ns, Reaching safepoint: 52910 ns, Cleanup: 50214 ns, At safepoint: 5039 ns, Total: 108163 ns
[2024-03-07T18:00:35.617+0000][1][safepoint   ] Safepoint "Cleanup", Time since last: 1000155486 ns, Reaching safepoint: 18074 ns, Cleanup: 27572 ns, At safepoint: 5320 ns, Total: 50966 ns
[2024-03-07T18:00:36.618+0000][1][safepoint   ] Safepoint "Cleanup", Time since last: 1000506586 ns, Reaching safepoint: 17383 ns, Cleanup: 25858 ns, At safepoint: 5140 ns, Total: 48381 ns
[2024-03-07T18:00:37.618+0000][1][safepoint   ] Safepoint "Cleanup", Time since last: 1000539890 ns, Reaching safepoint: 17894 ns, Cleanup: 29125 ns, At safepoint: 5350 ns, Total: 52369 ns
[2024-03-07T18:00:38.619+0000][1][safepoint   ] Safepoint "Cleanup", Time since last: 1000170901 ns, Reaching safepoint: 17764 ns, Cleanup: 20999 ns, At safepoint: 5240 ns, Total: 44003 ns
[2024-03-07T18:00:39.619+0000][1][safepoint   ] Safepoint "Cleanup", Time since last: 1000531004 ns, Reaching safepoint: 17843 ns, Cleanup: 21160 ns, At safepoint: 5209 ns, Total: 44212 ns
[2024-03-07T18:00:40.620+0000][1][safepoint   ] Safepoint "Cleanup", Time since last: 1000555359 ns, Reaching safepoint: 17543 ns, Cleanup: 30206 ns, At safepoint: 5671 ns, Total: 53420 ns
[2024-03-07T18:00:41.620+0000][1][safepoint   ] Safepoint "Cleanup", Time since last: 1000140868 ns, Reaching safepoint: 16692 ns, Cleanup: 14747 ns, At safepoint: 4749 ns, Total: 36188 ns
[2024-03-07T18:00:44.621+0000][1][safepoint   ] Safepoint "Cleanup", Time since last: 3000621191 ns, Reaching safepoint: 17402 ns, Cleanup: 19978 ns, At safepoint: 5029 ns, Total: 42409 ns
[2024-03-07T18:00:47.622+0000][1][safepoint   ] Safepoint "Cleanup", Time since last: 3000969540 ns, Reaching safepoint: 30587 ns, Cleanup: 7534 ns, At safepoint: 2175 ns, Total: 40296 ns
[2024-03-07T18:00:49.622+0000][1][safepoint   ] Safepoint "Cleanup", Time since last: 2000167935 ns, Reaching safepoint: 16451 ns, Cleanup: 14527 ns, At safepoint: 4769 ns, Total: 35747 ns
[2024-03-07T18:00:54.623+0000][1][safepoint   ] Safepoint "Cleanup", Time since last: 5001401494 ns, Reaching safepoint: 15539 ns, Cleanup: 15409 ns, At safepoint: 4338 ns, Total: 35286 ns
[2024-03-07T18:00:56.624+0000][1][safepoint   ] Safepoint "Cleanup", Time since last: 2000604804 ns, Reaching safepoint: 62397 ns, Cleanup: 25347 ns, At safepoint: 5450 ns, Total: 93194 ns
[2024-03-07T18:00:57.624+0000][1][safepoint   ] Safepoint "Cleanup", Time since last: 1000282324 ns, Reaching safepoint: 15840 ns, Cleanup: 12924 ns, At safepoint: 4398 ns, Total: 33162 ns
[2024-03-07T18:00:59.625+0000][1][safepoint   ] Safepoint "Cleanup", Time since last: 2001041425 ns, Reaching safepoint: 17593 ns, Cleanup: 17733 ns, At safepoint: 5490 ns, Total: 40816 ns
[2024-03-07T18:01:00.626+0000][1][safepoint   ] Safepoint "Cleanup", Time since last: 1000537110 ns, Reaching safepoint: 63309 ns, Cleanup: 17202 ns, At safepoint: 17072 ns, Total: 97583 ns
[2024-03-07T18:01:04.627+0000][1][safepoint   ] Safepoint "Cleanup", Time since last: 4001251348 ns, Reaching safepoint: 22552 ns, Cleanup: 14858 ns, At safepoint: 5390 ns, Total: 42800 ns
[2024-03-07T18:01:09.629+0000][1][safepoint   ] Safepoint "Cleanup", Time since last: 5001583443 ns, Reaching safepoint: 45656 ns, Cleanup: 19156 ns, At safepoint: 5240 ns, Total: 70052 ns
[2024-03-07T18:01:10.630+0000][1][safepoint   ] Safepoint "Cleanup", Time since last: 1000505172 ns, Reaching safepoint: 65864 ns, Cleanup: 15068 ns, At safepoint: 18725 ns, Total: 99657 ns
[2024-03-07T18:01:13.630+0000][1][safepoint   ] Safepoint "Cleanup", Time since last: 3000660293 ns, Reaching safepoint: 18074 ns, Cleanup: 15098 ns, At safepoint: 5621 ns, Total: 38793 ns
[2024-03-07T18:01:14.630+0000][1][safepoint   ] Safepoint "Cleanup", Time since last: 1000170245 ns, Reaching safepoint: 17402 ns, Cleanup: 14317 ns, At safepoint: 5180 ns, Total: 36899 ns
[2024-03-07T18:01:19.632+0000][1][safepoint   ] Safepoint "Cleanup", Time since last: 5001275747 ns, Reaching safepoint: 18234 ns, Cleanup: 22553 ns, At safepoint: 5370 ns, Total: 46157 ns
[2024-03-07T18:01:24.658+0000][1][safepoint   ] Safepoint "Cleanup", Time since last: 5026183034 ns, Reaching safepoint: 18996 ns, Cleanup: 19827 ns, At safepoint: 5340 ns, Total: 44163 ns
[2024-03-07T18:01:28.658+0000][1][safepoint   ] Safepoint "Cleanup", Time since last: 4000378390 ns, Reaching safepoint: 56617 ns, Cleanup: 13775 ns, At safepoint: 5160 ns, Total: 75552 ns
[2024-03-07T18:01:29.659+0000][1][safepoint   ] Safepoint "Cleanup", Time since last: 1000130388 ns, Reaching safepoint: 18755 ns, Cleanup: 18084 ns, At safepoint: 5350 ns, Total: 42189 ns
[2024-03-07T18:01:33.660+0000][1][safepoint   ] Safepoint "Cleanup", Time since last: 4001255457 ns, Reaching safepoint: 64721 ns, Cleanup: 30477 ns, At safepoint: 5460 ns, Total: 100658 ns
[2024-03-07T18:01:34.661+0000][1][safepoint   ] Safepoint "Cleanup", Time since last: 1000574963 ns, Reaching safepoint: 18485 ns, Cleanup: 16921 ns, At safepoint: 5831 ns, Total: 41237 ns
[2024-03-07T18:01:39.662+0000][1][safepoint   ] Safepoint "Cleanup", Time since last: 5001282679 ns, Reaching safepoint: 57768 ns, Cleanup: 20038 ns, At safepoint: 5129 ns, Total: 82935 ns
[2024-03-07T18:01:44.664+0000][1][safepoint   ] Safepoint "Cleanup", Time since last: 5001624034 ns, Reaching safepoint: 17884 ns, Cleanup: 22632 ns, At safepoint: 5430 ns, Total: 45946 ns
[2024-03-07T18:01:49.665+0000][1][safepoint   ] Safepoint "Cleanup", Time since last: 5001241655 ns, Reaching safepoint: 18114 ns, Cleanup: 15169 ns, At safepoint: 5260 ns, Total: 38543 ns
[2024-03-07T18:01:54.667+0000][1][safepoint   ] Safepoint "Cleanup", Time since last: 5001977406 ns, Reaching safepoint: 65173 ns, Cleanup: 17863 ns, At safepoint: 5280 ns, Total: 88316 ns
[2024-03-07T18:01:56.667+0000][1][safepoint   ] Safepoint "Cleanup", Time since last: 2000193094 ns, Reaching safepoint: 16802 ns, Cleanup: 11611 ns, At safepoint: 4248 ns, Total: 32661 ns
[2024-03-07T18:01:59.668+0000][1][safepoint   ] Safepoint "Cleanup", Time since last: 3000744967 ns, Reaching safepoint: 105397 ns, Cleanup: 22543 ns, At safepoint: 4929 ns, Total: 132869 ns
[2024-03-07T18:02:02.669+0000][1][safepoint   ] Safepoint "Cleanup", Time since last: 3000849277 ns, Reaching safepoint: 17653 ns, Cleanup: 15399 ns, At safepoint: 5089 ns, Total: 38141 ns
[2024-03-07T18:02:04.670+0000][1][safepoint   ] Safepoint "Cleanup", Time since last: 2000627559 ns, Reaching safepoint: 62858 ns, Cleanup: 14306 ns, At safepoint: 5250 ns, Total: 82414 ns
[2024-03-07T18:02:06.670+0000][1][safepoint   ] Safepoint "Cleanup", Time since last: 2000612037 ns, Reaching safepoint: 17433 ns, Cleanup: 12162 ns, At safepoint: 4559 ns, Total: 34154 ns
[2024-03-07T18:02:09.671+0000][1][safepoint   ] Safepoint "Cleanup", Time since last: 3000311540 ns, Reaching safepoint: 34925 ns, Cleanup: 11552 ns, At safepoint: 3336 ns, Total: 49813 ns
[2024-03-07T18:02:12.671+0000][1][safepoint   ] Safepoint "Cleanup", Time since last: 3000290540 ns, Reaching safepoint: 16531 ns, Cleanup: 21971 ns, At safepoint: 5541 ns, Total: 44043 ns
[2024-03-07T18:02:18.672+0000][1][safepoint   ] Safepoint "Cleanup", Time since last: 6000733347 ns, Reaching safepoint: 58881 ns, Cleanup: 21771 ns, At safepoint: 17533 ns, Total: 98185 ns
[2024-03-07T18:02:19.672+0000][1][safepoint   ] Safepoint "Cleanup", Time since last: 1000121964 ns, Reaching safepoint: 17313 ns, Cleanup: 27071 ns, At safepoint: 5270 ns, Total: 49654 ns
[2024-03-07T18:02:24.691+0000][1][safepoint   ] Safepoint "Cleanup", Time since last: 5018438801 ns, Reaching safepoint: 16491 ns, Cleanup: 25328 ns, At safepoint: 4959 ns, Total: 46778 ns
[2024-03-07T18:02:28.691+0000][1][safepoint   ] Safepoint "Cleanup", Time since last: 4000396007 ns, Reaching safepoint: 15269 ns, Cleanup: 59301 ns, At safepoint: 5230 ns, Total: 79800 ns
[2024-03-07T18:02:29.691+0000][1][safepoint   ] Safepoint "Cleanup", Time since last: 1000117206 ns, Reaching safepoint: 49673 ns, Cleanup: 12864 ns, At safepoint: 4288 ns, Total: 66825 ns
[2024-03-07T18:02:30.691+0000][1][safepoint   ] Safepoint "Cleanup", Time since last: 1000099152 ns, Reaching safepoint: 12904 ns, Cleanup: 9718 ns, At safepoint: 2305 ns, Total: 24927 ns
[2024-03-07T18:02:33.692+0000][1][safepoint   ] Safepoint "Cleanup", Time since last: 3000231820 ns, Reaching safepoint: 15539 ns, Cleanup: 13685 ns, At safepoint: 4288 ns, Total: 33512 ns
[2024-03-07T18:02:35.692+0000][1][safepoint   ] Safepoint "Cleanup", Time since last: 2000189316 ns, Reaching safepoint: 48731 ns, Cleanup: 10510 ns, At safepoint: 3116 ns, Total: 62357 ns
[2024-03-07T18:02:36.692+0000][1][safepoint   ] Safepoint "Cleanup", Time since last: 1000110191 ns, Reaching safepoint: 16251 ns, Cleanup: 12744 ns, At safepoint: 5420 ns, Total: 34415 ns
[2024-03-07T18:02:39.692+0000][1][safepoint   ] Safepoint "Cleanup", Time since last: 3000264019 ns, Reaching safepoint: 42579 ns, Cleanup: 11282 ns, At safepoint: 14367 ns, Total: 68228 ns
[2024-03-07T18:02:43.693+0000][1][safepoint   ] Safepoint "Cleanup", Time since last: 4000373565 ns, Reaching safepoint: 73748 ns, Cleanup: 13615 ns, At safepoint: 4178 ns, Total: 91541 ns
[2024-03-07T18:02:47.693+0000][1][safepoint   ] Safepoint "Cleanup", Time since last: 4000393670 ns, Reaching safepoint: 46137 ns, Cleanup: 11211 ns, At safepoint: 4438 ns, Total: 61786 ns
[2024-03-07T18:02:53.694+0000][1][safepoint   ] Safepoint "Cleanup", Time since last: 6000488449 ns, Reaching safepoint: 44263 ns, Cleanup: 12554 ns, At safepoint: 4428 ns, Total: 61245 ns
[2024-03-07T18:02:59.695+0000][1][safepoint   ] Safepoint "Cleanup", Time since last: 6000917422 ns, Reaching safepoint: 65102 ns, Cleanup: 16651 ns, At safepoint: 5270 ns, Total: 87023 ns
[2024-03-07T18:03:00.695+0000][1][safepoint   ] Safepoint "Cleanup", Time since last: 1000143065 ns, Reaching safepoint: 16781 ns, Cleanup: 17964 ns, At safepoint: 5500 ns, Total: 40245 ns
[2024-03-07T18:03:01.695+0000][1][safepoint   ] Safepoint "Cleanup", Time since last: 1000137344 ns, Reaching safepoint: 58720 ns, Cleanup: 15128 ns, At safepoint: 5009 ns, Total: 78857 ns
[2024-03-07T18:03:06.696+0000][1][safepoint   ] Safepoint "Cleanup", Time since last: 5000405229 ns, Reaching safepoint: 51867 ns, Cleanup: 13235 ns, At safepoint: 5059 ns, Total: 70161 ns
[2024-03-07T18:03:07.696+0000][1][safepoint   ] Safepoint "Cleanup", Time since last: 1000117115 ns, Reaching safepoint: 17653 ns, Cleanup: 18324 ns, At safepoint: 4789 ns, Total: 40766 ns
[2024-03-07T18:03:15.697+0000][1][safepoint   ] Safepoint "Cleanup", Time since last: 8000643193 ns, Reaching safepoint: 47148 ns, Cleanup: 10961 ns, At safepoint: 4839 ns, Total: 62948 ns
[2024-03-07T18:03:20.697+0000][1][safepoint   ] Safepoint "Cleanup", Time since last: 5000392921 ns, Reaching safepoint: 37049 ns, Cleanup: 11221 ns, At safepoint: 2796 ns, Total: 51066 ns
[2024-03-07T18:03:25.712+0000][1][safepoint   ] Safepoint "Cleanup", Time since last: 5015035157 ns, Reaching safepoint: 17263 ns, Cleanup: 12423 ns, At safepoint: 4248 ns, Total: 33934 ns
[2024-03-07T18:03:27.712+0000][1][safepoint   ] Safepoint "Cleanup", Time since last: 2000242255 ns, Reaching safepoint: 17433 ns, Cleanup: 158367 ns, At safepoint: 4358 ns, Total: 180158 ns
[2024-03-07T18:03:28.713+0000][1][safepoint   ] Safepoint "Cleanup", Time since last: 1000119740 ns, Reaching safepoint: 16491 ns, Cleanup: 17553 ns, At safepoint: 4579 ns, Total: 38623 ns
[2024-03-07T18:03:30.713+0000][1][safepoint   ] Safepoint "Cleanup", Time since last: 2000207147 ns, Reaching safepoint: 18094 ns, Cleanup: 21270 ns, At safepoint: 5210 ns, Total: 44574 ns
[2024-03-07T18:03:40.714+0000][1][safepoint   ] Safepoint "Cleanup", Time since last: 10000807570 ns, Reaching safepoint: 52920 ns, Cleanup: 15398 ns, At safepoint: 4890 ns, Total: 73208 ns
[2024-03-07T18:03:41.714+0000][1][safepoint   ] Safepoint "Cleanup", Time since last: 1000120010 ns, Reaching safepoint: 15379 ns, Cleanup: 16050 ns, At safepoint: 5070 ns, Total: 36499 ns
[2024-03-07T18:03:45.714+0000][1][safepoint   ] Safepoint "Cleanup", Time since last: 4000353534 ns, Reaching safepoint: 46998 ns, Cleanup: 8296 ns, At safepoint: 3105 ns, Total: 58399 ns
[2024-03-07T18:03:46.714+0000][1][safepoint   ] Safepoint "Cleanup", Time since last: 1000099462 ns, Reaching safepoint: 19627 ns, Cleanup: 15038 ns, At safepoint: 5601 ns, Total: 40266 ns
[2024-03-07T18:03:48.715+0000][1][safepoint   ] Safepoint "Cleanup", Time since last: 2000223687 ns, Reaching safepoint: 58309 ns, Cleanup: 15780 ns, At safepoint: 15489 ns, Total: 89578 ns
[2024-03-07T18:03:56.716+0000][1][safepoint   ] Safepoint "Cleanup", Time since last: 8001126061 ns, Reaching safepoint: 13836 ns, Cleanup: 12393 ns, At safepoint: 4178 ns, Total: 30407 ns
[2024-03-07T18:04:02.717+0000][1][safepoint   ] Safepoint "Cleanup", Time since last: 6000880041 ns, Reaching safepoint: 66876 ns, Cleanup: 43702 ns, At safepoint: 5821 ns, Total: 116399 ns
[2024-03-07T18:04:03.717+0000][1][safepoint   ] Safepoint "Cleanup", Time since last: 1000274408 ns, Reaching safepoint: 46167 ns, Cleanup: 30076 ns, At safepoint: 4409 ns, Total: 80652 ns
[2024-03-07T18:04:04.717+0000][1][safepoint   ] Safepoint "Cleanup", Time since last: 1000125459 ns, Reaching safepoint: 70352 ns, Cleanup: 18675 ns, At safepoint: 18565 ns, Total: 107592 ns
[2024-03-07T18:04:05.718+0000][1][safepoint   ] Safepoint "Cleanup", Time since last: 1000134297 ns, Reaching safepoint: 17142 ns, Cleanup: 17954 ns, At safepoint: 5270 ns, Total: 40366 ns
[2024-03-07T18:04:06.718+0000][1][safepoint   ] Safepoint "Cleanup", Time since last: 1000145928 ns, Reaching safepoint: 67166 ns, Cleanup: 27161 ns, At safepoint: 6302 ns, Total: 100629 ns
[2024-03-07T18:04:08.323+0000][1][safepoint   ] Safepoint "Cleanup", Time since last: 1604801488 ns, Reaching safepoint: 50294 ns, Cleanup: 116859 ns, At safepoint: 16862 ns, Total: 184015 ns
[2024-03-07T18:04:09.365+0000][1][safepoint   ] Safepoint "Cleanup", Time since last: 1041591909 ns, Reaching safepoint: 8005 ns, Cleanup: 83387 ns, At safepoint: 5831 ns, Total: 97223 ns
[2024-03-07T18:04:10.384+0000][1][safepoint   ] Safepoint "Cleanup", Time since last: 1019148191 ns, Reaching safepoint: 14357 ns, Cleanup: 23685 ns, At safepoint: 2324 ns, Total: 40366 ns
[2024-03-07T18:04:11.406+0000][1][safepoint   ] Safepoint "Cleanup", Time since last: 1021751634 ns, Reaching safepoint: 36970 ns, Cleanup: 19837 ns, At safepoint: 2845 ns, Total: 59652 ns
[2024-03-07T18:04:12.424+0000][1][safepoint   ] Safepoint "Cleanup", Time since last: 1018021379 ns, Reaching safepoint: 12323 ns, Cleanup: 28483 ns, At safepoint: 2295 ns, Total: 43101 ns
[2024-03-07T18:04:13.441+0000][1][safepoint   ] Safepoint "Cleanup", Time since last: 1017568236 ns, Reaching safepoint: 13085 ns, Cleanup: 25698 ns, At safepoint: 2705 ns, Total: 41488 ns
[2024-03-07T18:04:14.459+0000][1][safepoint   ] Safepoint "Cleanup", Time since last: 1017412846 ns, Reaching safepoint: 36188 ns, Cleanup: 22011 ns, At safepoint: 3517 ns, Total: 61716 ns
[2024-03-07T18:04:15.477+0000][1][safepoint   ] Safepoint "Cleanup", Time since last: 1017996901 ns, Reaching safepoint: 13215 ns, Cleanup: 18484 ns, At safepoint: 2645 ns, Total: 34344 ns
[2024-03-07T18:04:16.493+0000][1][safepoint   ] Safepoint "Cleanup", Time since last: 1016332621 ns, Reaching safepoint: 16802 ns, Cleanup: 19997 ns, At safepoint: 4959 ns, Total: 41758 ns
[2024-03-07T18:04:17.511+0000][1][safepoint   ] Safepoint "Cleanup", Time since last: 1017833326 ns, Reaching safepoint: 54081 ns, Cleanup: 29255 ns, At safepoint: 15860 ns, Total: 99196 ns
[2024-03-07T18:04:18.533+0000][1][safepoint   ] Safepoint "Cleanup", Time since last: 1021428478 ns, Reaching safepoint: 18054 ns, Cleanup: 25228 ns, At safepoint: 5320 ns, Total: 48602 ns
[2024-03-07T18:04:19.552+0000][1][safepoint   ] Safepoint "Cleanup", Time since last: 1019272021 ns, Reaching safepoint: 18054 ns, Cleanup: 29205 ns, At safepoint: 5330 ns, Total: 52589 ns
[2024-03-07T18:04:20.571+0000][1][safepoint   ] Safepoint "Cleanup", Time since last: 1018963864 ns, Reaching safepoint: 17473 ns, Cleanup: 57969 ns, At safepoint: 4488 ns, Total: 79930 ns
[2024-03-07T18:04:21.596+0000][1][safepoint   ] Safepoint "Cleanup", Time since last: 1025339245 ns, Reaching safepoint: 12373 ns, Cleanup: 50014 ns, At safepoint: 2424 ns, Total: 64811 ns
[2024-03-07T18:04:22.609+0000][1][safepoint   ] Safepoint "Cleanup", Time since last: 1012764218 ns, Reaching safepoint: 58139 ns, Cleanup: 27742 ns, At safepoint: 15439 ns, Total: 101320 ns
[2024-03-07T18:04:23.735+0000][1][safepoint   ] Safepoint "Cleanup", Time since last: 1126245874 ns, Reaching safepoint: 17693 ns, Cleanup: 32010 ns, At safepoint: 4689 ns, Total: 54392 ns
[2024-03-07T18:04:25.640+0000][1][safepoint   ] Safepoint "Cleanup", Time since last: 1904876798 ns, Reaching safepoint: 17382 ns, Cleanup: 28844 ns, At safepoint: 4789 ns, Total: 51015 ns
[2024-03-07T18:04:26.654+0000][1][safepoint   ] Safepoint "Cleanup", Time since last: 1013034816 ns, Reaching safepoint: 60644 ns, Cleanup: 29385 ns, At safepoint: 17102 ns, Total: 107131 ns
[2024-03-07T18:04:27.667+0000][1][safepoint   ] Safepoint "Cleanup", Time since last: 1013540602 ns, Reaching safepoint: 18605 ns, Cleanup: 22072 ns, At safepoint: 5360 ns, Total: 46037 ns
[2024-03-07T18:04:28.679+0000][1][safepoint   ] Safepoint "Cleanup", Time since last: 1011877162 ns, Reaching safepoint: 17002 ns, Cleanup: 16742 ns, At safepoint: 4899 ns, Total: 38643 ns
[2024-03-07T18:04:29.692+0000][1][safepoint   ] Safepoint "Cleanup", Time since last: 1012538432 ns, Reaching safepoint: 63750 ns, Cleanup: 30808 ns, At safepoint: 17873 ns, Total: 112431 ns
[2024-03-07T18:04:30.706+0000][1][safepoint   ] Safepoint "Cleanup", Time since last: 1013867575 ns, Reaching safepoint: 12303 ns, Cleanup: 14658 ns, At safepoint: 2745 ns, Total: 29706 ns
[2024-03-07T18:04:31.725+0000][1][safepoint   ] Safepoint "Cleanup", Time since last: 1019024529 ns, Reaching safepoint: 18013 ns, Cleanup: 19116 ns, At safepoint: 5000 ns, Total: 42129 ns
[2024-03-07T18:04:32.725+0000][1][safepoint   ] Safepoint "Cleanup", Time since last: 1000134525 ns, Reaching safepoint: 20999 ns, Cleanup: 17473 ns, At safepoint: 4539 ns, Total: 43011 ns
[2024-03-07T18:04:33.725+0000][1][safepoint   ] Safepoint "Cleanup", Time since last: 1000134329 ns, Reaching safepoint: 62717 ns, Cleanup: 19166 ns, At safepoint: 16541 ns, Total: 98424 ns
[2024-03-07T18:04:34.742+0000][1][safepoint   ] Safepoint "Cleanup", Time since last: 1017120728 ns, Reaching safepoint: 17593 ns, Cleanup: 40896 ns, At safepoint: 5320 ns, Total: 63809 ns
[2024-03-07T18:04:35.742+0000][1][safepoint   ] Safepoint "Cleanup", Time since last: 1000169773 ns, Reaching safepoint: 17934 ns, Cleanup: 22592 ns, At safepoint: 4809 ns, Total: 45335 ns
[2024-03-07T18:04:36.759+0000][1][safepoint   ] Safepoint "Cleanup", Time since last: 1016732159 ns, Reaching safepoint: 16241 ns, Cleanup: 17452 ns, At safepoint: 2896 ns, Total: 36589 ns
[2024-03-07T18:04:37.759+0000][1][safepoint   ] Safepoint "Cleanup", Time since last: 1000140929 ns, Reaching safepoint: 17733 ns, Cleanup: 36579 ns, At safepoint: 5180 ns, Total: 59492 ns
[2024-03-07T18:04:38.778+0000][1][safepoint   ] Safepoint "Cleanup", Time since last: 1018339043 ns, Reaching safepoint: 59241 ns, Cleanup: 13746 ns, At safepoint: 16721 ns, Total: 89708 ns
[2024-03-07T18:04:39.794+0000][1][safepoint   ] Safepoint "Cleanup", Time since last: 1016419584 ns, Reaching safepoint: 47058 ns, Cleanup: 14397 ns, At safepoint: 17212 ns, Total: 78667 ns
[2024-03-07T18:04:40.811+0000][1][safepoint   ] Safepoint "Cleanup", Time since last: 1016246299 ns, Reaching safepoint: 17203 ns, Cleanup: 48230 ns, At safepoint: 6122 ns, Total: 71555 ns
[2024-03-07T18:04:41.826+0000][1][safepoint   ] Safepoint "Cleanup", Time since last: 1015013336 ns, Reaching safepoint: 19977 ns, Cleanup: 126367 ns, At safepoint: 6432 ns, Total: 152776 ns
[2024-03-07T18:04:42.840+0000][1][safepoint   ] Safepoint "Cleanup", Time since last: 1013582873 ns, Reaching safepoint: 18494 ns, Cleanup: 37391 ns, At safepoint: 5540 ns, Total: 61425 ns
[2024-03-07T18:04:43.840+0000][1][safepoint   ] Safepoint "Cleanup", Time since last: 1000175173 ns, Reaching safepoint: 63249 ns, Cleanup: 19226 ns, At safepoint: 5350 ns, Total: 87825 ns
[2024-03-07T18:04:44.840+0000][1][safepoint   ] Safepoint "Cleanup", Time since last: 1000123096 ns, Reaching safepoint: 18124 ns, Cleanup: 18565 ns, At safepoint: 4999 ns, Total: 41688 ns
[2024-03-07T18:04:45.840+0000][1][safepoint   ] Safepoint "Cleanup", Time since last: 1000138716 ns, Reaching safepoint: 17253 ns, Cleanup: 25468 ns, At safepoint: 5079 ns, Total: 47800 ns
[2024-03-07T18:04:46.840+0000][1][safepoint   ] Safepoint "Cleanup", Time since last: 1000138454 ns, Reaching safepoint: 17814 ns, Cleanup: 23534 ns, At safepoint: 5109 ns, Total: 46457 ns
[2024-03-07T18:04:47.867+0000][1][safepoint   ] Safepoint "Cleanup", Time since last: 1026465878 ns, Reaching safepoint: 12774 ns, Cleanup: 40546 ns, At safepoint: 2735 ns, Total: 56055 ns
[2024-03-07T18:04:48.875+0000][1][safepoint   ] Safepoint "Cleanup", Time since last: 1008168617 ns, Reaching safepoint: 53761 ns, Cleanup: 22983 ns, At safepoint: 11051 ns, Total: 87795 ns
[2024-03-07T18:04:49.887+0000][1][safepoint   ] Safepoint "Cleanup", Time since last: 1011398896 ns, Reaching safepoint: 18384 ns, Cleanup: 36258 ns, At safepoint: 5671 ns, Total: 60313 ns
[2024-03-07T18:04:50.887+0000][1][safepoint   ] Safepoint "Cleanup", Time since last: 1000132684 ns, Reaching safepoint: 19627 ns, Cleanup: 18695 ns, At safepoint: 3456 ns, Total: 41778 ns
[2024-03-07T18:04:51.897+0000][1][safepoint   ] Safepoint "Cleanup", Time since last: 1010202202 ns, Reaching safepoint: 18064 ns, Cleanup: 33021 ns, At safepoint: 3908 ns, Total: 54993 ns
[2024-03-07T18:04:52.906+0000][1][safepoint   ] Safepoint "Cleanup", Time since last: 1008641875 ns, Reaching safepoint: 18635 ns, Cleanup: 33172 ns, At safepoint: 5220 ns, Total: 57027 ns
[2024-03-07T18:04:53.920+0000][1][safepoint   ] Safepoint "Cleanup", Time since last: 1014105293 ns, Reaching safepoint: 61335 ns, Cleanup: 34805 ns, At safepoint: 6042 ns, Total: 102182 ns
[2024-03-07T18:04:55.930+0000][1][safepoint   ] Safepoint "Cleanup", Time since last: 2010189463 ns, Reaching safepoint: 55845 ns, Cleanup: 10960 ns, At safepoint: 7665 ns, Total: 74470 ns
[2024-03-07T18:04:56.934+0000][1][safepoint   ] Safepoint "Cleanup", Time since last: 1003357004 ns, Reaching safepoint: 58089 ns, Cleanup: 16531 ns, At safepoint: 5239 ns, Total: 79859 ns
[2024-03-07T18:04:57.948+0000][1][safepoint   ] Safepoint "Cleanup", Time since last: 1013978134 ns, Reaching safepoint: 17493 ns, Cleanup: 39333 ns, At safepoint: 5861 ns, Total: 62687 ns
[2024-03-07T18:04:58.965+0000][1][safepoint   ] Safepoint "Cleanup", Time since last: 1017117645 ns, Reaching safepoint: 17263 ns, Cleanup: 18324 ns, At safepoint: 4669 ns, Total: 40256 ns
[2024-03-07T18:04:59.981+0000][1][safepoint   ] Safepoint "Cleanup", Time since last: 1015782768 ns, Reaching safepoint: 13636 ns, Cleanup: 10179 ns, At safepoint: 4128 ns, Total: 27943 ns
[2024-03-07T18:05:00.998+0000][1][safepoint   ] Safepoint "Cleanup", Time since last: 1017466315 ns, Reaching safepoint: 16671 ns, Cleanup: 12674 ns, At safepoint: 4779 ns, Total: 34124 ns
[2024-03-07T18:05:01.998+0000][1][safepoint   ] Safepoint "Cleanup", Time since last: 1000132944 ns, Reaching safepoint: 17573 ns, Cleanup: 17182 ns, At safepoint: 6282 ns, Total: 41037 ns
[2024-03-07T18:05:02.998+0000][1][safepoint   ] Safepoint "Cleanup", Time since last: 1000145408 ns, Reaching safepoint: 16100 ns, Cleanup: 20649 ns, At safepoint: 4899 ns, Total: 41648 ns
[2024-03-07T18:05:04.017+0000][1][safepoint   ] Safepoint "Cleanup", Time since last: 1018473804 ns, Reaching safepoint: 21260 ns, Cleanup: 16461 ns, At safepoint: 6702 ns, Total: 44423 ns
[2024-03-07T18:05:05.017+0000][1][safepoint   ] Safepoint "Cleanup", Time since last: 1000153212 ns, Reaching safepoint: 47279 ns, Cleanup: 14748 ns, At safepoint: 5380 ns, Total: 67407 ns
[2024-03-07T18:05:06.033+0000][1][safepoint   ] Safepoint "Cleanup", Time since last: 1016201344 ns, Reaching safepoint: 15419 ns, Cleanup: 20338 ns, At safepoint: 5380 ns, Total: 41137 ns
[2024-03-07T18:05:07.048+0000][1][safepoint   ] Safepoint "Cleanup", Time since last: 1014598768 ns, Reaching safepoint: 44083 ns, Cleanup: 18815 ns, At safepoint: 5150 ns, Total: 68048 ns
[2024-03-07T18:05:08.060+0000][1][safepoint   ] Safepoint "Cleanup", Time since last: 1011902250 ns, Reaching safepoint: 20689 ns, Cleanup: 21229 ns, At safepoint: 5370 ns, Total: 47288 ns
[2024-03-07T18:05:09.060+0000][1][safepoint   ] Safepoint "Cleanup", Time since last: 1000133265 ns, Reaching safepoint: 16190 ns, Cleanup: 16151 ns, At safepoint: 5660 ns, Total: 38001 ns
[2024-03-07T18:05:10.074+0000][1][safepoint   ] Safepoint "Cleanup", Time since last: 1013969457 ns, Reaching safepoint: 18826 ns, Cleanup: 19676 ns, At safepoint: 5601 ns, Total: 44103 ns
[2024-03-07T18:05:12.095+0000][1][safepoint   ] Safepoint "Cleanup", Time since last: 2020318924 ns, Reaching safepoint: 58099 ns, Cleanup: 49963 ns, At safepoint: 6022 ns, Total: 114084 ns
[2024-03-07T18:05:13.108+0000][1][safepoint   ] Safepoint "Cleanup", Time since last: 1013309540 ns, Reaching safepoint: 53931 ns, Cleanup: 22071 ns, At safepoint: 17593 ns, Total: 93595 ns
[2024-03-07T18:05:14.124+0000][1][safepoint   ] Safepoint "Cleanup", Time since last: 1015478208 ns, Reaching safepoint: 17113 ns, Cleanup: 55594 ns, At safepoint: 5220 ns, Total: 77927 ns
[2024-03-07T18:05:15.153+0000][1][safepoint   ] Safepoint "Cleanup", Time since last: 1029379071 ns, Reaching safepoint: 18264 ns, Cleanup: 13085 ns, At safepoint: 4929 ns, Total: 36278 ns
[2024-03-07T18:05:16.153+0000][1][safepoint   ] Safepoint "Cleanup", Time since last: 1000346904 ns, Reaching safepoint: 60413 ns, Cleanup: 16702 ns, At safepoint: 17543 ns, Total: 94658 ns
[2024-03-07T18:05:17.170+0000][1][safepoint   ] Safepoint "Cleanup", Time since last: 1016211834 ns, Reaching safepoint: 19737 ns, Cleanup: 31429 ns, At safepoint: 7454 ns, Total: 58620 ns
[2024-03-07T18:05:20.170+0000][1][safepoint   ] Safepoint "Cleanup", Time since last: 3000337076 ns, Reaching safepoint: 22892 ns, Cleanup: 21040 ns, At safepoint: 6612 ns, Total: 50544 ns
[2024-03-07T18:05:22.170+0000][1][safepoint   ] Safepoint "Cleanup", Time since last: 2000240963 ns, Reaching safepoint: 34925 ns, Cleanup: 14197 ns, At safepoint: 2995 ns, Total: 52117 ns
[2024-03-07T18:05:23.759+0000][1][safepoint   ] Safepoint "Cleanup", Time since last: 1588092516 ns, Reaching safepoint: 17914 ns, Cleanup: 19076 ns, At safepoint: 4989 ns, Total: 41979 ns
[2024-03-07T18:05:24.759+0000][1][safepoint   ] Safepoint "Cleanup", Time since last: 1000146550 ns, Reaching safepoint: 68108 ns, Cleanup: 17132 ns, At safepoint: 21610 ns, Total: 106850 ns
[2024-03-07T18:05:27.759+0000][1][safepoint   ] Safepoint "Cleanup", Time since last: 3000291173 ns, Reaching safepoint: 21871 ns, Cleanup: 16501 ns, At safepoint: 5701 ns, Total: 44073 ns
[2024-03-07T18:05:28.759+0000][1][safepoint   ] Safepoint "Cleanup", Time since last: 1000146920 ns, Reaching safepoint: 64431 ns, Cleanup: 21570 ns, At safepoint: 18014 ns, Total: 104015 ns
[2024-03-07T18:05:29.760+0000][1][safepoint   ] Safepoint "Cleanup", Time since last: 1000498809 ns, Reaching safepoint: 18013 ns, Cleanup: 36609 ns, At safepoint: 5641 ns, Total: 60263 ns
[2024-03-07T18:05:32.761+0000][1][safepoint   ] Safepoint "Cleanup", Time since last: 3000836152 ns, Reaching safepoint: 69440 ns, Cleanup: 19998 ns, At safepoint: 153167 ns, Total: 242605 ns
[2024-03-07T18:05:33.761+0000][1][safepoint   ] Safepoint "Cleanup", Time since last: 1000116546 ns, Reaching safepoint: 13766 ns, Cleanup: 10079 ns, At safepoint: 2896 ns, Total: 26741 ns
[2024-03-07T18:05:37.762+0000][1][safepoint   ] Safepoint "Cleanup", Time since last: 4000341708 ns, Reaching safepoint: 62327 ns, Cleanup: 22222 ns, At safepoint: 4779 ns, Total: 89328 ns
[2024-03-07T18:05:38.762+0000][1][safepoint   ] Safepoint "Cleanup", Time since last: 1000151109 ns, Reaching safepoint: 16912 ns, Cleanup: 12053 ns, At safepoint: 4398 ns, Total: 33363 ns
[2024-03-07T18:05:42.763+0000][1][safepoint   ] Safepoint "Cleanup", Time since last: 4000867244 ns, Reaching safepoint: 63930 ns, Cleanup: 25218 ns, At safepoint: 17172 ns, Total: 106320 ns
[2024-03-07T18:05:47.765+0000][1][safepoint   ] Safepoint "Cleanup", Time since last: 5001756835 ns, Reaching safepoint: 76433 ns, Cleanup: 19016 ns, At safepoint: 18635 ns, Total: 114084 ns
[2024-03-07T18:05:50.766+0000][1][safepoint   ] Safepoint "Cleanup", Time since last: 3000921414 ns, Reaching safepoint: 19546 ns, Cleanup: 21911 ns, At safepoint: 5481 ns, Total: 46938 ns
[2024-03-07T18:05:51.766+0000][1][safepoint   ] Safepoint "Cleanup", Time since last: 1000407406 ns, Reaching safepoint: 21770 ns, Cleanup: 17183 ns, At safepoint: 5570 ns, Total: 44523 ns
[2024-03-07T18:05:52.767+0000][1][safepoint   ] Safepoint "Cleanup", Time since last: 1000405117 ns, Reaching safepoint: 69119 ns, Cleanup: 20779 ns, At safepoint: 18295 ns, Total: 108193 ns
[2024-03-07T18:05:56.767+0000][1][safepoint   ] Safepoint "Cleanup", Time since last: 4000540842 ns, Reaching safepoint: 15529 ns, Cleanup: 13265 ns, At safepoint: 4759 ns, Total: 33553 ns
[2024-03-07T18:06:02.768+0000][1][safepoint   ] Safepoint "Cleanup", Time since last: 6000474331 ns, Reaching safepoint: 64321 ns, Cleanup: 29735 ns, At safepoint: 11622 ns, Total: 105678 ns
[2024-03-07T18:06:03.768+0000][1][safepoint   ] Safepoint "Cleanup", Time since last: 1000120079 ns, Reaching safepoint: 16271 ns, Cleanup: 17172 ns, At safepoint: 6241 ns, Total: 39684 ns
[2024-03-07T18:06:07.769+0000][1][safepoint   ] Safepoint "Cleanup", Time since last: 4000625646 ns, Reaching safepoint: 67096 ns, Cleanup: 27722 ns, At safepoint: 5300 ns, Total: 100118 ns
[2024-03-07T18:06:17.773+0000][1][safepoint   ] Safepoint "Cleanup", Time since last: 10003874983 ns, Reaching safepoint: 309601 ns, Cleanup: 213761 ns, At safepoint: 63589 ns, Total: 586951 ns
[2024-03-07T18:06:27.801+0000][1][safepoint   ] Safepoint "Cleanup", Time since last: 10027972839 ns, Reaching safepoint: 96371 ns, Cleanup: 19617 ns, At safepoint: 5320 ns, Total: 121308 ns
[2024-03-07T18:06:29.802+0000][1][safepoint   ] Safepoint "Cleanup", Time since last: 2000300093 ns, Reaching safepoint: 18054 ns, Cleanup: 25899 ns, At safepoint: 5079 ns, Total: 49032 ns
[2024-03-07T18:06:31.802+0000][1][safepoint   ] Safepoint "Cleanup", Time since last: 2000281516 ns, Reaching safepoint: 53741 ns, Cleanup: 12484 ns, At safepoint: 5179 ns, Total: 71404 ns
[2024-03-07T18:06:34.803+0000][1][safepoint   ] Safepoint "Cleanup", Time since last: 3000989639 ns, Reaching safepoint: 19006 ns, Cleanup: 27521 ns, At safepoint: 5320 ns, Total: 51847 ns
[2024-03-07T18:06:39.805+0000][1][safepoint   ] Safepoint "Cleanup", Time since last: 5001572597 ns, Reaching safepoint: 62658 ns, Cleanup: 16300 ns, At safepoint: 5481 ns, Total: 84439 ns
[2024-03-07T18:06:47.805+0000][1][safepoint   ] Safepoint "Cleanup", Time since last: 8000649759 ns, Reaching safepoint: 17873 ns, Cleanup: 13866 ns, At safepoint: 4819 ns, Total: 36558 ns
[2024-03-07T18:06:52.806+0000][1][safepoint   ] Safepoint "Cleanup", Time since last: 5000853899 ns, Reaching safepoint: 47239 ns, Cleanup: 12143 ns, At safepoint: 4819 ns, Total: 64201 ns
[2024-03-07T18:06:57.807+0000][1][safepoint   ] Safepoint "Cleanup", Time since last: 5000814517 ns, Reaching safepoint: 54873 ns, Cleanup: 11341 ns, At safepoint: 4920 ns, Total: 71134 ns
[2024-03-07T18:07:05.808+0000][1][safepoint   ] Safepoint "Cleanup", Time since last: 8000952662 ns, Reaching safepoint: 38312 ns, Cleanup: 11411 ns, At safepoint: 10530 ns, Total: 60253 ns
[2024-03-07T18:07:22.809+0000][1][safepoint   ] Safepoint "Cleanup", Time since last: 17001279761 ns, Reaching safepoint: 43451 ns, Cleanup: 10780 ns, At safepoint: 15770 ns, Total: 70001 ns
[2024-03-07T18:07:29.832+0000][1][safepoint   ] Safepoint "Cleanup", Time since last: 7022064613 ns, Reaching safepoint: 43211 ns, Cleanup: 13906 ns, At safepoint: 4078 ns, Total: 61195 ns
[2024-03-07T18:07:32.832+0000][1][safepoint   ] Safepoint "Cleanup", Time since last: 3000250547 ns, Reaching safepoint: 43632 ns, Cleanup: 13174 ns, At safepoint: 14347 ns, Total: 71153 ns
[2024-03-07T18:07:37.833+0000][1][safepoint   ] Safepoint "Cleanup", Time since last: 5000796584 ns, Reaching safepoint: 47239 ns, Cleanup: 23805 ns, At safepoint: 16230 ns, Total: 87274 ns
[2024-03-07T18:07:43.833+0000][1][safepoint   ] Safepoint "Cleanup", Time since last: 6000546630 ns, Reaching safepoint: 68629 ns, Cleanup: 15179 ns, At safepoint: 15769 ns, Total: 99577 ns
[2024-03-07T18:07:52.835+0000][1][safepoint   ] Safepoint "Cleanup", Time since last: 9001453116 ns, Reaching safepoint: 19507 ns, Cleanup: 20288 ns, At safepoint: 5520 ns, Total: 45315 ns
[2024-03-07T18:08:07.837+0000][1][safepoint   ] Safepoint "Cleanup", Time since last: 15001810575 ns, Reaching safepoint: 60454 ns, Cleanup: 19546 ns, At safepoint: 5300 ns, Total: 85300 ns
[2024-03-07T18:08:12.839+0000][1][safepoint   ] Safepoint "Cleanup", Time since last: 5001926610 ns, Reaching safepoint: 67547 ns, Cleanup: 17352 ns, At safepoint: 7013 ns, Total: 91912 ns
[2024-03-07T18:08:13.839+0000][1][safepoint   ] Safepoint "Cleanup", Time since last: 1000124970 ns, Reaching safepoint: 57618 ns, Cleanup: 17433 ns, At safepoint: 11812 ns, Total: 86863 ns
[2024-03-07T18:08:15.525+0000][1][safepoint   ] Safepoint "Cleanup", Time since last: 1685817580 ns, Reaching safepoint: 17502 ns, Cleanup: 79149 ns, At safepoint: 5290 ns, Total: 101941 ns
[2024-03-07T18:08:28.865+0000][1][safepoint   ] Safepoint "Cleanup", Time since last: 13339779070 ns, Reaching safepoint: 99908 ns, Cleanup: 15869 ns, At safepoint: 5962 ns, Total: 121739 ns
[2024-03-07T18:08:30.467+0000][1][safepoint   ] Safepoint "Cleanup", Time since last: 1601811310 ns, Reaching safepoint: 8756 ns, Cleanup: 119995 ns, At safepoint: 5611 ns, Total: 134362 ns
[2024-03-07T18:08:32.467+0000][1][safepoint   ] Safepoint "Cleanup", Time since last: 2000347856 ns, Reaching safepoint: 17954 ns, Cleanup: 14247 ns, At safepoint: 4288 ns, Total: 36489 ns
[2024-03-07T18:08:35.468+0000][1][safepoint   ] Safepoint "Cleanup", Time since last: 3000517835 ns, Reaching safepoint: 57338 ns, Cleanup: 14577 ns, At safepoint: 16722 ns, Total: 88637 ns
[2024-03-07T18:09:12.473+0000][1][safepoint   ] Safepoint "Cleanup", Time since last: 37005563974 ns, Reaching safepoint: 48471 ns, Cleanup: 11442 ns, At safepoint: 17322 ns, Total: 77235 ns
[2024-03-07T18:09:29.900+0000][1][safepoint   ] Safepoint "Cleanup", Time since last: 17426102939 ns, Reaching safepoint: 48922 ns, Cleanup: 17422 ns, At safepoint: 4699 ns, Total: 71043 ns
[2024-03-07T18:09:31.900+0000][1][safepoint   ] Safepoint "Cleanup", Time since last: 2000204897 ns, Reaching safepoint: 16231 ns, Cleanup: 13625 ns, At safepoint: 5110 ns, Total: 34966 ns
[2024-03-07T18:09:52.903+0000][1][safepoint   ] Safepoint "Cleanup", Time since last: 21002838494 ns, Reaching safepoint: 48281 ns, Cleanup: 17603 ns, At safepoint: 18124 ns, Total: 84008 ns
[2024-03-07T18:09:55.904+0000][1][safepoint   ] Safepoint "Cleanup", Time since last: 3000839158 ns, Reaching safepoint: 18324 ns, Cleanup: 15790 ns, At safepoint: 5280 ns, Total: 39394 ns
[2024-03-07T18:10:12.908+0000][1][safepoint   ] Safepoint "Cleanup", Time since last: 17003940381 ns, Reaching safepoint: 43462 ns, Cleanup: 10760 ns, At safepoint: 4388 ns, Total: 58610 ns
[2024-03-07T18:10:29.911+0000][1][safepoint   ] Safepoint "Cleanup", Time since last: 17003043863 ns, Reaching safepoint: 20689 ns, Cleanup: 24917 ns, At safepoint: 5109 ns, Total: 50715 ns
[2024-03-07T18:10:53.918+0000][1][safepoint   ] Safepoint "Cleanup", Time since last: 24007403828 ns, Reaching safepoint: 65693 ns, Cleanup: 16652 ns, At safepoint: 5350 ns, Total: 87695 ns
[2024-03-07T18:10:57.920+0000][1][safepoint   ] Safepoint "Cleanup", Time since last: 4001363677 ns, Reaching safepoint: 64891 ns, Cleanup: 14097 ns, At safepoint: 5190 ns, Total: 84178 ns
[2024-03-07T18:12:12.995+0000][1][safepoint   ] Safepoint "Cleanup", Time since last: 75075249025 ns, Reaching safepoint: 59181 ns, Cleanup: 15038 ns, At safepoint: 17232 ns, Total: 91451 ns
[2024-03-07T18:12:32.998+0000][1][safepoint   ] Safepoint "Cleanup", Time since last: 20002932185 ns, Reaching safepoint: 55384 ns, Cleanup: 12643 ns, At safepoint: 4890 ns, Total: 72917 ns
[2024-03-07T18:13:11.003+0000][1][safepoint   ] Safepoint "Cleanup", Time since last: 38004723565 ns, Reaching safepoint: 52789 ns, Cleanup: 14097 ns, At safepoint: 4839 ns, Total: 71725 ns
[2024-03-07T18:13:31.006+0000][1][safepoint   ] Safepoint "Cleanup", Time since last: 20003343381 ns, Reaching safepoint: 126156 ns, Cleanup: 11862 ns, At safepoint: 3026 ns, Total: 141044 ns
[2024-03-07T18:14:09.011+0000][1][safepoint   ] Safepoint "Cleanup", Time since last: 38004628124 ns, Reaching safepoint: 56516 ns, Cleanup: 14247 ns, At safepoint: 5350 ns, Total: 76113 ns
[2024-03-07T18:14:19.013+0000][1][safepoint   ] Safepoint "Cleanup", Time since last: 10001779037 ns, Reaching safepoint: 66855 ns, Cleanup: 20378 ns, At safepoint: 18295 ns, Total: 105528 ns
[2024-03-07T18:14:24.013+0000][1][safepoint   ] Safepoint "Cleanup", Time since last: 5000448305 ns, Reaching safepoint: 22642 ns, Cleanup: 19096 ns, At safepoint: 5520 ns, Total: 47258 ns
[2024-03-07T18:14:32.015+0000][1][safepoint   ] Safepoint "Cleanup", Time since last: 8001056665 ns, Reaching safepoint: 54823 ns, Cleanup: 15539 ns, At safepoint: 5400 ns, Total: 75762 ns
[2024-03-07T18:15:20.026+0000][1][safepoint   ] Safepoint "Cleanup", Time since last: 48011310796 ns, Reaching safepoint: 57918 ns, Cleanup: 15369 ns, At safepoint: 17203 ns, Total: 90490 ns
[2024-03-07T18:15:35.028+0000][1][safepoint   ] Safepoint "Cleanup", Time since last: 15001861254 ns, Reaching safepoint: 62598 ns, Cleanup: 14878 ns, At safepoint: 17863 ns, Total: 95339 ns
[2024-03-07T18:16:30.037+0000][1][safepoint   ] Safepoint "Cleanup", Time since last: 55009401979 ns, Reaching safepoint: 51396 ns, Cleanup: 14668 ns, At safepoint: 4498 ns, Total: 70562 ns
[2024-03-07T18:16:31.038+0000][1][safepoint   ] Safepoint "Cleanup", Time since last: 1000141892 ns, Reaching safepoint: 17743 ns, Cleanup: 45395 ns, At safepoint: 5941 ns, Total: 69079 ns
[2024-03-07T18:17:18.046+0000][1][safepoint   ] Safepoint "Cleanup", Time since last: 47007829484 ns, Reaching safepoint: 69861 ns, Cleanup: 15118 ns, At safepoint: 17523 ns, Total: 102502 ns
[2024-03-07T18:17:33.048+0000][1][safepoint   ] Safepoint "Cleanup", Time since last: 15002907814 ns, Reaching safepoint: 53720 ns, Cleanup: 11632 ns, At safepoint: 5160 ns, Total: 70512 ns
[2024-03-07T18:17:34.049+0000][1][safepoint   ] Safepoint "Cleanup", Time since last: 1000127222 ns, Reaching safepoint: 13515 ns, Cleanup: 7574 ns, At safepoint: 2896 ns, Total: 23985 ns
[2024-03-07T18:19:24.061+0000][1][safepoint   ] Safepoint "Cleanup", Time since last: 110012713766 ns, Reaching safepoint: 17733 ns, Cleanup: 15168 ns, At safepoint: 5250 ns, Total: 38151 ns
[2024-03-07T18:19:39.063+0000][1][safepoint   ] Safepoint "Cleanup", Time since last: 15001730169 ns, Reaching safepoint: 63860 ns, Cleanup: 16801 ns, At safepoint: 18124 ns, Total: 98785 ns
[2024-03-07T18:19:59.067+0000][1][safepoint   ] Safepoint "Cleanup", Time since last: 20003901078 ns, Reaching safepoint: 104015 ns, Cleanup: 16481 ns, At safepoint: 17042 ns, Total: 137538 ns
[2024-03-07T18:20:32.071+0000][1][safepoint   ] Safepoint "Cleanup", Time since last: 33004200504 ns, Reaching safepoint: 17513 ns, Cleanup: 13045 ns, At safepoint: 5069 ns, Total: 35627 ns
[2024-03-07T18:20:34.072+0000][1][safepoint   ] Safepoint "Cleanup", Time since last: 2000222608 ns, Reaching safepoint: 15529 ns, Cleanup: 10550 ns, At safepoint: 2996 ns, Total: 29075 ns
[2024-03-07T18:21:10.076+0000][1][safepoint   ] Safepoint "Cleanup", Time since last: 36004012035 ns, Reaching safepoint: 55113 ns, Cleanup: 13696 ns, At safepoint: 5260 ns, Total: 74069 ns
[2024-03-07T18:21:18.077+0000][1][safepoint   ] Safepoint "Cleanup", Time since last: 8000907852 ns, Reaching safepoint: 44834 ns, Cleanup: 11782 ns, At safepoint: 9809 ns, Total: 66425 ns
[2024-03-07T18:21:35.326+0000][1][safepoint   ] Safepoint "Cleanup", Time since last: 17248781716 ns, Reaching safepoint: 60233 ns, Cleanup: 14417 ns, At safepoint: 5611 ns, Total: 80261 ns
[2024-03-07T18:21:45.327+0000][1][safepoint   ] Safepoint "Cleanup", Time since last: 10001315899 ns, Reaching safepoint: 58810 ns, Cleanup: 15830 ns, At safepoint: 5100 ns, Total: 79740 ns
[2024-03-07T18:21:55.328+0000][1][safepoint   ] Safepoint "Cleanup", Time since last: 10001198481 ns, Reaching safepoint: 46738 ns, Cleanup: 14257 ns, At safepoint: 4889 ns, Total: 65884 ns
[2024-03-07T18:22:25.336+0000][1][safepoint   ] Safepoint "Cleanup", Time since last: 30007424935 ns, Reaching safepoint: 67577 ns, Cleanup: 14768 ns, At safepoint: 5129 ns, Total: 87474 ns
[2024-03-07T18:22:30.338+0000][1][safepoint   ] Safepoint "Cleanup", Time since last: 5001990712 ns, Reaching safepoint: 63269 ns, Cleanup: 15629 ns, At safepoint: 17002 ns, Total: 95900 ns
[2024-03-07T18:23:20.351+0000][1][safepoint   ] Safepoint "Cleanup", Time since last: 50013307171 ns, Reaching safepoint: 104255 ns, Cleanup: 14568 ns, At safepoint: 5049 ns, Total: 123872 ns
[2024-03-07T18:23:46.357+0000][1][safepoint   ] Safepoint "Cleanup", Time since last: 26005832757 ns, Reaching safepoint: 156053 ns, Cleanup: 14607 ns, At safepoint: 4909 ns, Total: 175569 ns
[2024-03-07T18:23:47.358+0000][1][safepoint   ] Safepoint "Cleanup", Time since last: 1000163780 ns, Reaching safepoint: 18334 ns, Cleanup: 18184 ns, At safepoint: 5200 ns, Total: 41718 ns
[2024-03-07T18:23:48.358+0000][1][safepoint   ] Safepoint "Cleanup", Time since last: 1000528007 ns, Reaching safepoint: 101080 ns, Cleanup: 16040 ns, At safepoint: 4789 ns, Total: 121909 ns
[2024-03-07T18:23:49.359+0000][1][safepoint   ] Safepoint "Cleanup", Time since last: 1000503592 ns, Reaching safepoint: 18555 ns, Cleanup: 14778 ns, At safepoint: 5149 ns, Total: 38482 ns
[2024-03-07T18:23:51.359+0000][1][safepoint   ] Safepoint "Cleanup", Time since last: 2000660270 ns, Reaching safepoint: 18224 ns, Cleanup: 14788 ns, At safepoint: 5229 ns, Total: 38241 ns
[2024-03-07T18:23:57.360+0000][1][safepoint   ] Safepoint "Cleanup", Time since last: 6000881311 ns, Reaching safepoint: 45264 ns, Cleanup: 11061 ns, At safepoint: 3948 ns, Total: 60273 ns
[2024-03-07T18:24:32.367+0000][1][safepoint   ] Safepoint "Cleanup", Time since last: 35006643824 ns, Reaching safepoint: 66695 ns, Cleanup: 19357 ns, At safepoint: 5340 ns, Total: 91392 ns
[2024-03-07T18:24:36.368+0000][1][safepoint   ] Safepoint "Cleanup", Time since last: 4001143959 ns, Reaching safepoint: 67146 ns, Cleanup: 17963 ns, At safepoint: 5300 ns, Total: 90409 ns
[2024-03-07T18:24:37.369+0000][1][safepoint   ] Safepoint "Cleanup", Time since last: 1000529126 ns, Reaching safepoint: 24075 ns, Cleanup: 17723 ns, At safepoint: 6703 ns, Total: 48501 ns
[2024-03-07T18:25:05.379+0000][1][safepoint   ] Safepoint "Cleanup", Time since last: 28009664850 ns, Reaching safepoint: 61956 ns, Cleanup: 17423 ns, At safepoint: 3927 ns, Total: 83306 ns
[2024-03-07T18:25:07.379+0000][1][safepoint   ] Safepoint "Cleanup", Time since last: 2000182943 ns, Reaching safepoint: 16692 ns, Cleanup: 12042 ns, At safepoint: 3677 ns, Total: 32411 ns
[2024-03-07T18:25:09.380+0000][1][safepoint   ] Safepoint "Cleanup", Time since last: 2000613020 ns, Reaching safepoint: 22382 ns, Cleanup: 15639 ns, At safepoint: 7805 ns, Total: 45826 ns
[2024-03-07T18:25:15.381+0000][1][safepoint   ] Safepoint "Cleanup", Time since last: 6001705645 ns, Reaching safepoint: 64872 ns, Cleanup: 14287 ns, At safepoint: 5660 ns, Total: 84819 ns
[2024-03-07T18:25:24.384+0000][1][safepoint   ] Safepoint "Cleanup", Time since last: 9003039559 ns, Reaching safepoint: 18525 ns, Cleanup: 13245 ns, At safepoint: 45004 ns, Total: 76774 ns
[2024-03-07T18:25:32.388+0000][1][safepoint   ] Safepoint "Cleanup", Time since last: 8003784292 ns, Reaching safepoint: 104877 ns, Cleanup: 25297 ns, At safepoint: 4850 ns, Total: 135024 ns
[2024-03-07T18:26:05.402+0000][1][safepoint   ] Safepoint "Cleanup", Time since last: 33012996625 ns, Reaching safepoint: 73538 ns, Cleanup: 21119 ns, At safepoint: 20418 ns, Total: 115075 ns
[2024-03-07T18:26:29.408+0000][1][safepoint   ] Safepoint "Cleanup", Time since last: 24006208673 ns, Reaching safepoint: 63960 ns, Cleanup: 15128 ns, At safepoint: 17463 ns, Total: 96551 ns
[2024-03-07T18:26:32.409+0000][1][safepoint   ] Safepoint "Cleanup", Time since last: 3001078366 ns, Reaching safepoint: 18715 ns, Cleanup: 18345 ns, At safepoint: 5831 ns, Total: 42891 ns
[2024-03-07T18:27:20.423+0000][1][safepoint   ] Safepoint "Cleanup", Time since last: 48014277107 ns, Reaching safepoint: 73778 ns, Cleanup: 18996 ns, At safepoint: 18284 ns, Total: 111058 ns
[2024-03-07T18:28:06.431+0000][1][safepoint   ] Safepoint "Cleanup", Time since last: 46007680539 ns, Reaching safepoint: 14457 ns, Cleanup: 121248 ns, At safepoint: 3426 ns, Total: 139131 ns
[2024-03-07T18:28:07.431+0000][1][safepoint   ] Safepoint "Cleanup", Time since last: 1000149809 ns, Reaching safepoint: 17883 ns, Cleanup: 31800 ns, At safepoint: 5390 ns, Total: 55073 ns
[2024-03-07T18:28:10.432+0000][1][safepoint   ] Safepoint "Cleanup", Time since last: 3000287314 ns, Reaching safepoint: 14908 ns, Cleanup: 26469 ns, At safepoint: 4949 ns, Total: 46326 ns
[2024-03-07T18:28:18.433+0000][1][safepoint   ] Safepoint "Cleanup", Time since last: 8001095031 ns, Reaching safepoint: 50765 ns, Cleanup: 45225 ns, At safepoint: 5400 ns, Total: 101390 ns
[2024-03-07T18:28:20.434+0000][1][safepoint   ] Safepoint "Cleanup", Time since last: 2000589833 ns, Reaching safepoint: 17713 ns, Cleanup: 13235 ns, At safepoint: 5120 ns, Total: 36068 ns
[2024-03-07T18:28:25.741+0000][1][safepoint   ] Safepoint "Cleanup", Time since last: 5307336246 ns, Reaching safepoint: 126367 ns, Cleanup: 11121 ns, At safepoint: 3366 ns, Total: 140854 ns
[2024-03-07T18:28:26.741+0000][1][safepoint   ] Safepoint "Cleanup", Time since last: 1000106194 ns, Reaching safepoint: 15459 ns, Cleanup: 32210 ns, At safepoint: 3928 ns, Total: 51597 ns
[2024-03-07T18:28:28.001+0000][1][safepoint   ] Safepoint "Cleanup", Time since last: 1259826320 ns, Reaching safepoint: 50876 ns, Cleanup: 20488 ns, At safepoint: 6693 ns, Total: 78057 ns
[2024-03-07T18:28:29.020+0000][1][safepoint   ] Safepoint "Cleanup", Time since last: 1019124857 ns, Reaching safepoint: 19808 ns, Cleanup: 20738 ns, At safepoint: 3757 ns, Total: 44303 ns
[2024-03-07T18:28:30.029+0000][1][safepoint   ] Safepoint "Cleanup", Time since last: 1008636144 ns, Reaching safepoint: 32251 ns, Cleanup: 34735 ns, At safepoint: 11421 ns, Total: 78407 ns
[2024-03-07T18:28:31.043+0000][1][safepoint   ] Safepoint "Cleanup", Time since last: 1013924803 ns, Reaching safepoint: 14177 ns, Cleanup: 8406 ns, At safepoint: 3296 ns, Total: 25879 ns
[2024-03-07T18:28:32.058+0000][1][safepoint   ] Safepoint "Cleanup", Time since last: 1014616822 ns, Reaching safepoint: 12804 ns, Cleanup: 10229 ns, At safepoint: 2805 ns, Total: 25838 ns
[2024-03-07T18:28:33.068+0000][1][safepoint   ] Safepoint "Cleanup", Time since last: 1010114640 ns, Reaching safepoint: 17372 ns, Cleanup: 18665 ns, At safepoint: 5300 ns, Total: 41337 ns
[2024-03-07T18:28:35.097+0000][1][safepoint   ] Safepoint "Cleanup", Time since last: 2028922038 ns, Reaching safepoint: 41969 ns, Cleanup: 9658 ns, At safepoint: 4138 ns, Total: 55765 ns
[2024-03-07T18:28:36.112+0000][1][safepoint   ] Safepoint "Cleanup", Time since last: 1015014276 ns, Reaching safepoint: 15759 ns, Cleanup: 8927 ns, At safepoint: 4138 ns, Total: 28824 ns
[2024-03-07T18:28:37.112+0000][1][safepoint   ] Safepoint "Cleanup", Time since last: 1000145260 ns, Reaching safepoint: 45666 ns, Cleanup: 10189 ns, At safepoint: 17192 ns, Total: 73047 ns
[2024-03-07T18:28:41.113+0000][1][safepoint   ] Safepoint "Cleanup", Time since last: 4000700783 ns, Reaching safepoint: 18184 ns, Cleanup: 20498 ns, At safepoint: 5120 ns, Total: 43802 ns
[2024-03-07T18:28:51.114+0000][1][safepoint   ] Safepoint "Cleanup", Time since last: 10001681479 ns, Reaching safepoint: 55163 ns, Cleanup: 14608 ns, At safepoint: 5570 ns, Total: 75341 ns
[2024-03-07T18:28:56.115+0000][1][safepoint   ] Safepoint "Cleanup", Time since last: 5000497499 ns, Reaching safepoint: 59592 ns, Cleanup: 15629 ns, At safepoint: 5019 ns, Total: 80240 ns
[2024-03-07T18:28:59.115+0000][1][safepoint   ] Safepoint "Cleanup", Time since last: 3000269712 ns, Reaching safepoint: 17563 ns, Cleanup: 68809 ns, At safepoint: 5511 ns, Total: 91883 ns
[2024-03-07T18:29:00.145+0000][1][safepoint   ] Safepoint "Cleanup", Time since last: 1029716573 ns, Reaching safepoint: 16491 ns, Cleanup: 60083 ns, At safepoint: 5861 ns, Total: 82435 ns
[2024-03-07T18:29:20.148+0000][1][safepoint   ] Safepoint "Cleanup", Time since last: 20002785762 ns, Reaching safepoint: 54593 ns, Cleanup: 14166 ns, At safepoint: 5120 ns, Total: 73879 ns
[2024-03-07T18:29:21.148+0000][1][safepoint   ] Safepoint "Cleanup", Time since last: 1000118228 ns, Reaching safepoint: 18404 ns, Cleanup: 24496 ns, At safepoint: 4699 ns, Total: 47599 ns
[2024-03-07T18:29:22.148+0000][1][safepoint   ] Safepoint "Cleanup", Time since last: 1000135360 ns, Reaching safepoint: 17262 ns, Cleanup: 19417 ns, At safepoint: 5149 ns, Total: 41828 ns
[2024-03-07T18:29:23.769+0000][1][safepoint   ] Safepoint "Cleanup", Time since last: 1620848908 ns, Reaching safepoint: 48261 ns, Cleanup: 15649 ns, At safepoint: 3436 ns, Total: 67346 ns
[2024-03-07T18:29:25.770+0000][1][safepoint   ] Safepoint "Cleanup", Time since last: 2000204995 ns, Reaching safepoint: 15499 ns, Cleanup: 15970 ns, At safepoint: 4178 ns, Total: 35647 ns
[2024-03-07T18:29:39.772+0000][1][safepoint   ] Safepoint "Cleanup", Time since last: 14001987275 ns, Reaching safepoint: 62728 ns, Cleanup: 21440 ns, At safepoint: 4268 ns, Total: 88436 ns
[2024-03-07T18:29:41.772+0000][1][safepoint   ] Safepoint "Cleanup", Time since last: 2000183293 ns, Reaching safepoint: 57898 ns, Cleanup: 14167 ns, At safepoint: 16150 ns, Total: 88215 ns
[2024-03-07T18:29:46.773+0000][1][safepoint   ] Safepoint "Cleanup", Time since last: 5000607092 ns, Reaching safepoint: 52979 ns, Cleanup: 14617 ns, At safepoint: 17894 ns, Total: 85490 ns
[2024-03-07T18:29:48.773+0000][1][safepoint   ] Safepoint "Cleanup", Time since last: 2000776194 ns, Reaching safepoint: 20980 ns, Cleanup: 14968 ns, At safepoint: 5570 ns, Total: 41518 ns
[2024-03-07T18:29:55.774+0000][1][safepoint   ] Safepoint "Cleanup", Time since last: 7001000900 ns, Reaching safepoint: 66886 ns, Cleanup: 15529 ns, At safepoint: 5079 ns, Total: 87494 ns
[2024-03-07T18:29:59.775+0000][1][safepoint   ] Safepoint "Cleanup", Time since last: 4000421233 ns, Reaching safepoint: 52218 ns, Cleanup: 17563 ns, At safepoint: 4698 ns, Total: 74479 ns
[2024-03-07T18:30:06.776+0000][1][safepoint   ] Safepoint "Cleanup", Time since last: 7000861309 ns, Reaching safepoint: 59181 ns, Cleanup: 14107 ns, At safepoint: 4699 ns, Total: 77987 ns
[2024-03-07T18:30:11.776+0000][1][safepoint   ] Safepoint "Cleanup", Time since last: 5000429019 ns, Reaching safepoint: 51927 ns, Cleanup: 15860 ns, At safepoint: 4989 ns, Total: 72776 ns
[2024-03-07T18:30:15.777+0000][1][safepoint   ] Safepoint "Cleanup", Time since last: 4000329682 ns, Reaching safepoint: 60083 ns, Cleanup: 16160 ns, At safepoint: 5220 ns, Total: 81463 ns
[2024-03-07T18:30:18.777+0000][1][safepoint   ] Safepoint "Cleanup", Time since last: 3000289258 ns, Reaching safepoint: 54342 ns, Cleanup: 12724 ns, At safepoint: 5200 ns, Total: 72266 ns
[2024-03-07T18:30:21.778+0000][1][safepoint   ] Safepoint "Cleanup", Time since last: 3000325950 ns, Reaching safepoint: 23264 ns, Cleanup: 19857 ns, At safepoint: 5230 ns, Total: 48351 ns
[2024-03-07T18:30:26.800+0000][1][safepoint   ] Safepoint "Cleanup", Time since last: 5021921510 ns, Reaching safepoint: 17062 ns, Cleanup: 20118 ns, At safepoint: 5120 ns, Total: 42300 ns
[2024-03-07T18:30:32.800+0000][1][safepoint   ] Safepoint "Cleanup", Time since last: 6000542667 ns, Reaching safepoint: 51787 ns, Cleanup: 12023 ns, At safepoint: 16140 ns, Total: 79950 ns
[2024-03-07T18:30:40.801+0000][1][safepoint   ] Safepoint "Cleanup", Time since last: 8000698733 ns, Reaching safepoint: 70322 ns, Cleanup: 18063 ns, At safepoint: 19938 ns, Total: 108323 ns
[2024-03-07T18:31:03.803+0000][1][safepoint   ] Safepoint "Cleanup", Time since last: 23001874775 ns, Reaching safepoint: 63339 ns, Cleanup: 15138 ns, At safepoint: 5711 ns, Total: 84188 ns
[2024-03-07T18:31:11.804+0000][1][safepoint   ] Safepoint "Cleanup", Time since last: 8000707048 ns, Reaching safepoint: 59381 ns, Cleanup: 14868 ns, At safepoint: 5370 ns, Total: 79619 ns
[2024-03-07T18:31:15.804+0000][1][safepoint   ] Safepoint "Cleanup", Time since last: 4000343454 ns, Reaching safepoint: 55985 ns, Cleanup: 14307 ns, At safepoint: 5150 ns, Total: 75442 ns
[2024-03-07T18:31:21.805+0000][1][safepoint   ] Safepoint "Cleanup", Time since last: 6000504538 ns, Reaching safepoint: 59993 ns, Cleanup: 15499 ns, At safepoint: 5160 ns, Total: 80652 ns
[2024-03-07T18:31:25.822+0000][1][safepoint   ] Safepoint "Cleanup", Time since last: 4017328604 ns, Reaching safepoint: 55073 ns, Cleanup: 23514 ns, At safepoint: 5210 ns, Total: 83797 ns
[2024-03-07T18:31:29.822+0000][1][safepoint   ] Safepoint "Cleanup", Time since last: 4000341724 ns, Reaching safepoint: 16070 ns, Cleanup: 16571 ns, At safepoint: 4749 ns, Total: 37390 ns
[2024-03-07T18:31:30.823+0000][1][safepoint   ] Safepoint "Cleanup", Time since last: 1000158963 ns, Reaching safepoint: 59562 ns, Cleanup: 13696 ns, At safepoint: 5259 ns, Total: 78517 ns
[2024-03-07T18:31:33.823+0000][1][safepoint   ] Safepoint "Cleanup", Time since last: 3000283626 ns, Reaching safepoint: 15059 ns, Cleanup: 17052 ns, At safepoint: 4288 ns, Total: 36399 ns
[2024-03-07T18:31:39.824+0000][1][safepoint   ] Safepoint "Cleanup", Time since last: 6000483910 ns, Reaching safepoint: 59181 ns, Cleanup: 13806 ns, At safepoint: 17011 ns, Total: 89998 ns
[2024-03-07T18:32:00.825+0000][1][safepoint   ] Safepoint "Cleanup", Time since last: 21001609483 ns, Reaching safepoint: 56627 ns, Cleanup: 13755 ns, At safepoint: 5300 ns, Total: 75682 ns
[2024-03-07T18:32:21.829+0000][1][safepoint   ] Safepoint "Cleanup", Time since last: 21003319526 ns, Reaching safepoint: 66895 ns, Cleanup: 16741 ns, At safepoint: 5591 ns, Total: 89227 ns
[2024-03-07T18:32:26.846+0000][1][safepoint   ] Safepoint "Cleanup", Time since last: 5017068388 ns, Reaching safepoint: 18475 ns, Cleanup: 14336 ns, At safepoint: 4980 ns, Total: 37791 ns
[2024-03-07T18:32:33.848+0000][1][safepoint   ] Safepoint "Cleanup", Time since last: 7002107496 ns, Reaching safepoint: 58450 ns, Cleanup: 19366 ns, At safepoint: 5190 ns, Total: 83006 ns
[2024-03-07T18:32:34.848+0000][1][safepoint   ] Safepoint "Cleanup", Time since last: 1000125903 ns, Reaching safepoint: 16771 ns, Cleanup: 13376 ns, At safepoint: 5290 ns, Total: 35437 ns
[2024-03-07T18:32:36.848+0000][1][safepoint   ] Safepoint "Cleanup", Time since last: 2000206334 ns, Reaching safepoint: 18014 ns, Cleanup: 16992 ns, At safepoint: 5440 ns, Total: 40446 ns
[2024-03-07T18:32:46.849+0000][1][safepoint   ] Safepoint "Cleanup", Time since last: 10000928943 ns, Reaching safepoint: 39915 ns, Cleanup: 11201 ns, At safepoint: 3045 ns, Total: 54161 ns
[2024-03-07T18:32:47.850+0000][1][safepoint   ] Safepoint "Cleanup", Time since last: 1000097598 ns, Reaching safepoint: 73859 ns, Cleanup: 16631 ns, At safepoint: 15199 ns, Total: 105689 ns
[2024-03-07T18:32:49.850+0000][1][safepoint   ] Safepoint "Cleanup", Time since last: 2000183884 ns, Reaching safepoint: 63770 ns, Cleanup: 17292 ns, At safepoint: 16180 ns, Total: 97242 ns
[2024-03-07T18:32:50.850+0000][1][safepoint   ] Safepoint "Cleanup", Time since last: 1000121586 ns, Reaching safepoint: 17854 ns, Cleanup: 18865 ns, At safepoint: 4869 ns, Total: 41588 ns
[2024-03-07T18:32:51.513+0000][1][gc,start    ] GC(10) Pause Young (Prepare Mixed) (G1 Evacuation Pause)
[2024-03-07T18:32:51.513+0000][1][gc,task     ] GC(10) Using 10 workers of 10 for evacuation
[2024-03-07T18:32:51.514+0000][1][gc,age      ] GC(10) Desired survivor size 40370176 bytes, new threshold 15 (max threshold 15)
[2024-03-07T18:32:51.588+0000][1][gc,phases   ] GC(10)   Pre Evacuate Collection Set: 10.2ms
[2024-03-07T18:32:51.588+0000][1][gc,phases   ] GC(10)   Merge Heap Roots: 10.0ms
[2024-03-07T18:32:51.588+0000][1][gc,phases   ] GC(10)   Evacuate Collection Set: 33.6ms
[2024-03-07T18:32:51.588+0000][1][gc,phases   ] GC(10)   Post Evacuate Collection Set: 19.8ms
[2024-03-07T18:32:51.588+0000][1][gc,phases   ] GC(10)   Other: 0.9ms
[2024-03-07T18:32:51.588+0000][1][gc,age      ] GC(10) Age table with threshold 15 (max threshold 15)
[2024-03-07T18:32:51.588+0000][1][gc,age      ] GC(10) - age   1:   15098848 bytes,   15098848 total
[2024-03-07T18:32:51.588+0000][1][gc,age      ] GC(10) - age   2:      82592 bytes,   15181440 total
[2024-03-07T18:32:51.588+0000][1][gc,age      ] GC(10) - age   3:     983456 bytes,   16164896 total
[2024-03-07T18:32:51.588+0000][1][gc,age      ] GC(10) - age   4:    6443424 bytes,   22608320 total
[2024-03-07T18:32:51.588+0000][1][gc,age      ] GC(10) - age   5:    1196744 bytes,   23805064 total
[2024-03-07T18:32:51.588+0000][1][gc,age      ] GC(10) - age   6:     907600 bytes,   24712664 total
[2024-03-07T18:32:51.588+0000][1][gc,age      ] GC(10) - age   7:    1161048 bytes,   25873712 total
[2024-03-07T18:32:51.588+0000][1][gc,heap     ] GC(10) Eden regions: 602->0(587)
[2024-03-07T18:32:51.588+0000][1][gc,heap     ] GC(10) Survivor regions: 12->27(77)
[2024-03-07T18:32:51.588+0000][1][gc,heap     ] GC(10) Old regions: 8->8
[2024-03-07T18:32:51.588+0000][1][gc,heap     ] GC(10) Humongous regions: 3->3
[2024-03-07T18:32:51.588+0000][1][gc,metaspace] GC(10) Metaspace: 91896K(93440K)->91896K(93440K) NonClass: 80114K(80960K)->80114K(80960K) Class: 11781K(12480K)->11781K(12480K)
[2024-03-07T18:32:51.588+0000][1][gc          ] GC(10) Pause Young (Prepare Mixed) (G1 Evacuation Pause) 624M->37M(1024M) 74.990ms
[2024-03-07T18:32:51.588+0000][1][gc,cpu      ] GC(10) User=0.19s Sys=0.12s Real=0.08s
[2024-03-07T18:32:51.588+0000][1][safepoint   ] Safepoint "G1CollectForAllocation", Time since last: 662809628 ns, Reaching safepoint: 22743 ns, Cleanup: 30838 ns, At safepoint: 75118669 ns, Total: 75172250 ns
[2024-03-07T18:32:52.588+0000][1][safepoint   ] Safepoint "Cleanup", Time since last: 1000139187 ns, Reaching safepoint: 18295 ns, Cleanup: 22121 ns, At safepoint: 4839 ns, Total: 45255 ns
[2024-03-07T18:32:53.588+0000][1][safepoint   ] Safepoint "Cleanup", Time since last: 1000133477 ns, Reaching safepoint: 17633 ns, Cleanup: 18615 ns, At safepoint: 4779 ns, Total: 41027 ns
[2024-03-07T18:32:54.589+0000][1][safepoint   ] Safepoint "Cleanup", Time since last: 1000170092 ns, Reaching safepoint: 17613 ns, Cleanup: 13555 ns, At safepoint: 5421 ns, Total: 36589 ns
[2024-03-07T18:32:55.589+0000][1][safepoint   ] Safepoint "Cleanup", Time since last: 1000172688 ns, Reaching safepoint: 17784 ns, Cleanup: 19867 ns, At safepoint: 5140 ns, Total: 42791 ns
[2024-03-07T18:32:56.589+0000][1][safepoint   ] Safepoint "Cleanup", Time since last: 1000144097 ns, Reaching safepoint: 15288 ns, Cleanup: 21821 ns, At safepoint: 4829 ns, Total: 41938 ns
[2024-03-07T18:32:57.589+0000][1][safepoint   ] Safepoint "Cleanup", Time since last: 1000136662 ns, Reaching safepoint: 44744 ns, Cleanup: 13565 ns, At safepoint: 10911 ns, Total: 69220 ns
[2024-03-07T18:32:58.589+0000][1][safepoint   ] Safepoint "Cleanup", Time since last: 1000116243 ns, Reaching safepoint: 19927 ns, Cleanup: 11642 ns, At safepoint: 4548 ns, Total: 36117 ns
[2024-03-07T18:32:59.590+0000][1][safepoint   ] Safepoint "Cleanup", Time since last: 1000138596 ns, Reaching safepoint: 50595 ns, Cleanup: 16791 ns, At safepoint: 10290 ns, Total: 77676 ns
[2024-03-07T18:33:00.590+0000][1][safepoint   ] Safepoint "Cleanup", Time since last: 1000112245 ns, Reaching safepoint: 19036 ns, Cleanup: 12173 ns, At safepoint: 3787 ns, Total: 34996 ns
[2024-03-07T18:33:01.590+0000][1][safepoint   ] Safepoint "Cleanup", Time since last: 1000130731 ns, Reaching safepoint: 17593 ns, Cleanup: 18946 ns, At safepoint: 5210 ns, Total: 41749 ns
[2024-03-07T18:33:02.590+0000][1][safepoint   ] Safepoint "Cleanup", Time since last: 1000170815 ns, Reaching safepoint: 20278 ns, Cleanup: 18094 ns, At safepoint: 7223 ns, Total: 45595 ns
[2024-03-07T18:33:03.590+0000][1][safepoint   ] Safepoint "Cleanup", Time since last: 1000185805 ns, Reaching safepoint: 30477 ns, Cleanup: 14507 ns, At safepoint: 5480 ns, Total: 50464 ns
[2024-03-07T18:33:04.591+0000][1][safepoint   ] Safepoint "Cleanup", Time since last: 1000128605 ns, Reaching safepoint: 27822 ns, Cleanup: 10580 ns, At safepoint: 8556 ns, Total: 46958 ns
[2024-03-07T18:33:05.591+0000][1][safepoint   ] Safepoint "Cleanup", Time since last: 1000136162 ns, Reaching safepoint: 16882 ns, Cleanup: 21841 ns, At safepoint: 5069 ns, Total: 43792 ns
[2024-03-07T18:33:06.591+0000][1][safepoint   ] Safepoint "Cleanup", Time since last: 1000134725 ns, Reaching safepoint: 17112 ns, Cleanup: 35146 ns, At safepoint: 4569 ns, Total: 56827 ns
[2024-03-07T18:33:07.591+0000][1][safepoint   ] Safepoint "Cleanup", Time since last: 1000143163 ns, Reaching safepoint: 18796 ns, Cleanup: 17372 ns, At safepoint: 5100 ns, Total: 41268 ns
[2024-03-07T18:33:08.591+0000][1][safepoint   ] Safepoint "Cleanup", Time since last: 1000168083 ns, Reaching safepoint: 17803 ns, Cleanup: 17954 ns, At safepoint: 5190 ns, Total: 40947 ns
[2024-03-07T18:33:09.591+0000][1][safepoint   ] Safepoint "Cleanup", Time since last: 1000139667 ns, Reaching safepoint: 18294 ns, Cleanup: 21691 ns, At safepoint: 4608 ns, Total: 44593 ns
[2024-03-07T18:33:10.592+0000][1][safepoint   ] Safepoint "Cleanup", Time since last: 1000146346 ns, Reaching safepoint: 17994 ns, Cleanup: 17303 ns, At safepoint: 4759 ns, Total: 40056 ns
[2024-03-07T18:33:11.592+0000][1][safepoint   ] Safepoint "Cleanup", Time since last: 1000141971 ns, Reaching safepoint: 17913 ns, Cleanup: 26290 ns, At safepoint: 4829 ns, Total: 49032 ns
[2024-03-07T18:33:12.592+0000][1][safepoint   ] Safepoint "Cleanup", Time since last: 1000491998 ns, Reaching safepoint: 18845 ns, Cleanup: 16341 ns, At safepoint: 5600 ns, Total: 40786 ns
[2024-03-07T18:33:14.593+0000][1][safepoint   ] Safepoint "Cleanup", Time since last: 2000629550 ns, Reaching safepoint: 18655 ns, Cleanup: 18705 ns, At safepoint: 4969 ns, Total: 42329 ns
[2024-03-07T18:33:23.884+0000][1][safepoint   ] Safepoint "Cleanup", Time since last: 9291307964 ns, Reaching safepoint: 47560 ns, Cleanup: 27110 ns, At safepoint: 3697 ns, Total: 78367 ns
[2024-03-07T18:33:25.261+0000][1][safepoint   ] Safepoint "Cleanup", Time since last: 1376789858 ns, Reaching safepoint: 18024 ns, Cleanup: 44654 ns, At safepoint: 5140 ns, Total: 67818 ns
[2024-03-07T18:33:34.262+0000][1][safepoint   ] Safepoint "Cleanup", Time since last: 9000706615 ns, Reaching safepoint: 42049 ns, Cleanup: 14066 ns, At safepoint: 10430 ns, Total: 66545 ns
[2024-03-07T18:33:50.265+0000][1][safepoint   ] Safepoint "Cleanup", Time since last: 16002714917 ns, Reaching safepoint: 54201 ns, Cleanup: 12724 ns, At safepoint: 4969 ns, Total: 71894 ns
[2024-03-07T18:34:05.267+0000][1][safepoint   ] Safepoint "Cleanup", Time since last: 15002018575 ns, Reaching safepoint: 23805 ns, Cleanup: 16511 ns, At safepoint: 3927 ns, Total: 44243 ns
[2024-03-07T18:34:15.268+0000][1][safepoint   ] Safepoint "Cleanup", Time since last: 10001228089 ns, Reaching safepoint: 57037 ns, Cleanup: 14317 ns, At safepoint: 15579 ns, Total: 86933 ns
[2024-03-07T18:34:29.917+0000][1][safepoint   ] Safepoint "Cleanup", Time since last: 14648652758 ns, Reaching safepoint: 66524 ns, Cleanup: 14718 ns, At safepoint: 17443 ns, Total: 98685 ns
[2024-03-07T18:34:30.917+0000][1][safepoint   ] Safepoint "Cleanup", Time since last: 1000324825 ns, Reaching safepoint: 16511 ns, Cleanup: 14347 ns, At safepoint: 4920 ns, Total: 35778 ns
[2024-03-07T18:34:40.919+0000][1][safepoint   ] Safepoint "Cleanup", Time since last: 10001129439 ns, Reaching safepoint: 16611 ns, Cleanup: 13375 ns, At safepoint: 5481 ns, Total: 35467 ns
[2024-03-07T18:35:29.965+0000][1][safepoint   ] Safepoint "Cleanup", Time since last: 49046229840 ns, Reaching safepoint: 67276 ns, Cleanup: 14778 ns, At safepoint: 5430 ns, Total: 87484 ns
[2024-03-07T18:35:31.965+0000][1][safepoint   ] Safepoint "Cleanup", Time since last: 2000468959 ns, Reaching safepoint: 60674 ns, Cleanup: 14778 ns, At safepoint: 5430 ns, Total: 80882 ns
[2024-03-07T18:35:36.967+0000][1][safepoint   ] Safepoint "Cleanup", Time since last: 5001289042 ns, Reaching safepoint: 65162 ns, Cleanup: 19497 ns, At safepoint: 5360 ns, Total: 90019 ns
[2024-03-07T18:36:01.970+0000][1][safepoint   ] Safepoint "Cleanup", Time since last: 25002755218 ns, Reaching safepoint: 18946 ns, Cleanup: 19096 ns, At safepoint: 5019 ns, Total: 43061 ns
[2024-03-07T18:36:27.010+0000][1][safepoint   ] Safepoint "Cleanup", Time since last: 25040470867 ns, Reaching safepoint: 63790 ns, Cleanup: 15409 ns, At safepoint: 18164 ns, Total: 97363 ns
[2024-03-07T18:36:31.011+0000][1][safepoint   ] Safepoint "Cleanup", Time since last: 4000528772 ns, Reaching safepoint: 69361 ns, Cleanup: 15078 ns, At safepoint: 5891 ns, Total: 90330 ns
[2024-03-07T18:36:32.011+0000][1][safepoint   ] Safepoint "Cleanup", Time since last: 1000326178 ns, Reaching safepoint: 18083 ns, Cleanup: 14347 ns, At safepoint: 5390 ns, Total: 37820 ns
[2024-03-07T18:36:37.012+0000][1][safepoint   ] Safepoint "Cleanup", Time since last: 5000706158 ns, Reaching safepoint: 95879 ns, Cleanup: 18555 ns, At safepoint: 17693 ns, Total: 132127 ns
[2024-03-07T18:36:57.018+0000][1][safepoint   ] Safepoint "Cleanup", Time since last: 20005840359 ns, Reaching safepoint: 73417 ns, Cleanup: 17072 ns, At safepoint: 5781 ns, Total: 96270 ns
[2024-03-07T18:37:08.020+0000][1][safepoint   ] Safepoint "Cleanup", Time since last: 11002548921 ns, Reaching safepoint: 53991 ns, Cleanup: 15810 ns, At safepoint: 5400 ns, Total: 75201 ns
[2024-03-07T18:37:14.021+0000][1][safepoint   ] Safepoint "Cleanup", Time since last: 6000660738 ns, Reaching safepoint: 46968 ns, Cleanup: 11782 ns, At safepoint: 15950 ns, Total: 74700 ns
[2024-03-07T18:37:19.022+0000][1][safepoint   ] Safepoint "Cleanup", Time since last: 5000382425 ns, Reaching safepoint: 43572 ns, Cleanup: 14888 ns, At safepoint: 15940 ns, Total: 74400 ns
[2024-03-07T18:37:49.053+0000][1][safepoint   ] Safepoint "Cleanup", Time since last: 30031365013 ns, Reaching safepoint: 47038 ns, Cleanup: 12734 ns, At safepoint: 4969 ns, Total: 64741 ns
[2024-03-07T18:37:54.054+0000][1][safepoint   ] Safepoint "Cleanup", Time since last: 5000390418 ns, Reaching safepoint: 56135 ns, Cleanup: 14287 ns, At safepoint: 5740 ns, Total: 76162 ns
[2024-03-07T18:38:06.055+0000][1][safepoint   ] Safepoint "Cleanup", Time since last: 12001676406 ns, Reaching safepoint: 50555 ns, Cleanup: 15439 ns, At safepoint: 17172 ns, Total: 83166 ns
[2024-03-07T18:38:17.058+0000][1][safepoint   ] Safepoint "Cleanup", Time since last: 11002914057 ns, Reaching safepoint: 66114 ns, Cleanup: 30277 ns, At safepoint: 16281 ns, Total: 112672 ns
[2024-03-07T18:38:36.090+0000][1][safepoint   ] Safepoint "Cleanup", Time since last: 19031698894 ns, Reaching safepoint: 37821 ns, Cleanup: 18615 ns, At safepoint: 2484 ns, Total: 58920 ns
[2024-03-07T18:38:44.091+0000][1][safepoint   ] Safepoint "Cleanup", Time since last: 8000803767 ns, Reaching safepoint: 56646 ns, Cleanup: 13445 ns, At safepoint: 16612 ns, Total: 86703 ns
[2024-03-07T18:39:04.095+0000][1][safepoint   ] Safepoint "Cleanup", Time since last: 20003847589 ns, Reaching safepoint: 94918 ns, Cleanup: 12173 ns, At safepoint: 15660 ns, Total: 122751 ns
[2024-03-07T18:40:04.105+0000][1][safepoint   ] Safepoint "Cleanup", Time since last: 60010042080 ns, Reaching safepoint: 70152 ns, Cleanup: 18414 ns, At safepoint: 5611 ns, Total: 94177 ns
[2024-03-07T18:40:05.105+0000][1][safepoint   ] Safepoint "Cleanup", Time since last: 1000127345 ns, Reaching safepoint: 18044 ns, Cleanup: 12944 ns, At safepoint: 5310 ns, Total: 36298 ns
[2024-03-07T18:40:11.106+0000][1][safepoint   ] Safepoint "Cleanup", Time since last: 6000839795 ns, Reaching safepoint: 38802 ns, Cleanup: 10089 ns, At safepoint: 2725 ns, Total: 51616 ns
[2024-03-07T18:40:29.163+0000][1][safepoint   ] Safepoint "Cleanup", Time since last: 18056481745 ns, Reaching safepoint: 27292 ns, Cleanup: 7173 ns, At safepoint: 2214 ns, Total: 36679 ns
[2024-03-07T18:40:30.163+0000][1][safepoint   ] Safepoint "Cleanup", Time since last: 1000106405 ns, Reaching safepoint: 15128 ns, Cleanup: 8566 ns, At safepoint: 3868 ns, Total: 27562 ns
[2024-03-07T18:40:34.163+0000][1][safepoint   ] Safepoint "Cleanup", Time since last: 4000366157 ns, Reaching safepoint: 18695 ns, Cleanup: 14647 ns, At safepoint: 5691 ns, Total: 39033 ns
[2024-03-07T18:40:39.164+0000][1][safepoint   ] Safepoint "Cleanup", Time since last: 5000639851 ns, Reaching safepoint: 47990 ns, Cleanup: 14016 ns, At safepoint: 4819 ns, Total: 66825 ns
[2024-03-07T18:40:44.165+0000][1][safepoint   ] Safepoint "Cleanup", Time since last: 5000920012 ns, Reaching safepoint: 53972 ns, Cleanup: 14196 ns, At safepoint: 4909 ns, Total: 73077 ns
[2024-03-07T18:41:04.167+0000][1][safepoint   ] Safepoint "Cleanup", Time since last: 20002328437 ns, Reaching safepoint: 38673 ns, Cleanup: 11381 ns, At safepoint: 14537 ns, Total: 64591 ns
[2024-03-07T18:41:09.168+0000][1][safepoint   ] Safepoint "Cleanup", Time since last: 5000540935 ns, Reaching safepoint: 16250 ns, Cleanup: 10029 ns, At safepoint: 4378 ns, Total: 30657 ns
[2024-03-07T18:41:19.170+0000][1][safepoint   ] Safepoint "Cleanup", Time since last: 10001627629 ns, Reaching safepoint: 17674 ns, Cleanup: 17773 ns, At safepoint: 4929 ns, Total: 40376 ns
[2024-03-07T18:41:24.171+0000][1][safepoint   ] Safepoint "Cleanup", Time since last: 5000901932 ns, Reaching safepoint: 59622 ns, Cleanup: 19376 ns, At safepoint: 4869 ns, Total: 83867 ns
[2024-03-07T18:41:29.188+0000][1][safepoint   ] Safepoint "Cleanup", Time since last: 5017737959 ns, Reaching safepoint: 17643 ns, Cleanup: 19757 ns, At safepoint: 43983 ns, Total: 81383 ns
[2024-03-07T18:41:44.191+0000][1][safepoint   ] Safepoint "Cleanup", Time since last: 15002610890 ns, Reaching safepoint: 53190 ns, Cleanup: 20549 ns, At safepoint: 4618 ns, Total: 78357 ns
[2024-03-07T18:42:04.195+0000][1][safepoint   ] Safepoint "Cleanup", Time since last: 20003441943 ns, Reaching safepoint: 53841 ns, Cleanup: 13155 ns, At safepoint: 5039 ns, Total: 72035 ns
[2024-03-07T18:42:05.195+0000][1][safepoint   ] Safepoint "Cleanup", Time since last: 1000084333 ns, Reaching safepoint: 17603 ns, Cleanup: 10530 ns, At safepoint: 2986 ns, Total: 31119 ns
[2024-03-07T18:42:09.195+0000][1][safepoint   ] Safepoint "Cleanup", Time since last: 4000414808 ns, Reaching safepoint: 54552 ns, Cleanup: 13476 ns, At safepoint: 5029 ns, Total: 73057 ns
[2024-03-07T18:42:12.196+0000][1][safepoint   ] Safepoint "Cleanup", Time since last: 3000691113 ns, Reaching safepoint: 63599 ns, Cleanup: 16161 ns, At safepoint: 17993 ns, Total: 97753 ns
[2024-03-07T18:42:44.222+0000][1][safepoint   ] Safepoint "Cleanup", Time since last: 32025920376 ns, Reaching safepoint: 61595 ns, Cleanup: 16692 ns, At safepoint: 15669 ns, Total: 93956 ns
[2024-03-07T18:43:06.225+0000][1][safepoint   ] Safepoint "Cleanup", Time since last: 22002866404 ns, Reaching safepoint: 45125 ns, Cleanup: 13395 ns, At safepoint: 3105 ns, Total: 61625 ns
[2024-03-07T18:43:09.225+0000][1][safepoint   ] Safepoint "Cleanup", Time since last: 3000259383 ns, Reaching safepoint: 47489 ns, Cleanup: 9618 ns, At safepoint: 7313 ns, Total: 64420 ns
[2024-03-07T18:44:10.250+0000][1][safepoint   ] Safepoint "Cleanup", Time since last: 61025084172 ns, Reaching safepoint: 62377 ns, Cleanup: 14347 ns, At safepoint: 5891 ns, Total: 82615 ns
[2024-03-07T18:44:30.271+0000][1][safepoint   ] Safepoint "Cleanup", Time since last: 20019849480 ns, Reaching safepoint: 223740 ns, Cleanup: 15949 ns, At safepoint: 5651 ns, Total: 245340 ns
[2024-03-07T18:44:35.271+0000][1][safepoint   ] Safepoint "Cleanup", Time since last: 5000397966 ns, Reaching safepoint: 17563 ns, Cleanup: 18675 ns, At safepoint: 47829 ns, Total: 84067 ns
[2024-03-07T18:45:30.298+0000][1][safepoint   ] Safepoint "Cleanup", Time since last: 55026740805 ns, Reaching safepoint: 50625 ns, Cleanup: 20048 ns, At safepoint: 4909 ns, Total: 75582 ns
[2024-03-07T18:45:45.301+0000][1][safepoint   ] Safepoint "Cleanup", Time since last: 15003157666 ns, Reaching safepoint: 141395 ns, Cleanup: 12594 ns, At safepoint: 20669 ns, Total: 174658 ns
[2024-03-07T18:46:30.308+0000][1][safepoint   ] Safepoint "Cleanup", Time since last: 45007008929 ns, Reaching safepoint: 17423 ns, Cleanup: 13595 ns, At safepoint: 4438 ns, Total: 35456 ns
[2024-03-07T18:46:37.309+0000][1][safepoint   ] Safepoint "Cleanup", Time since last: 7000551734 ns, Reaching safepoint: 38272 ns, Cleanup: 11171 ns, At safepoint: 7574 ns, Total: 57017 ns
[2024-03-07T18:46:50.310+0000][1][safepoint   ] Safepoint "Cleanup", Time since last: 13000859067 ns, Reaching safepoint: 29646 ns, Cleanup: 10700 ns, At safepoint: 7233 ns, Total: 47579 ns
[2024-03-07T18:47:05.312+0000][1][safepoint   ] Safepoint "Cleanup", Time since last: 15002035402 ns, Reaching safepoint: 65733 ns, Cleanup: 14478 ns, At safepoint: 5440 ns, Total: 85651 ns
[2024-03-07T18:47:40.366+0000][1][safepoint   ] Safepoint "Cleanup", Time since last: 35054261033 ns, Reaching safepoint: 43832 ns, Cleanup: 11391 ns, At safepoint: 9709 ns, Total: 64932 ns
[2024-03-07T18:48:06.369+0000][1][safepoint   ] Safepoint "Cleanup", Time since last: 26002614823 ns, Reaching safepoint: 69481 ns, Cleanup: 18514 ns, At safepoint: 18545 ns, Total: 106540 ns
[2024-03-07T18:50:33.446+0000][1][safepoint   ] Safepoint "Cleanup", Time since last: 147077446614 ns, Reaching safepoint: 30237 ns, Cleanup: 23323 ns, At safepoint: 2866 ns, Total: 56426 ns
[2024-03-07T18:50:34.447+0000][1][safepoint   ] Safepoint "Cleanup", Time since last: 1000110372 ns, Reaching safepoint: 51987 ns, Cleanup: 20058 ns, At safepoint: 18625 ns, Total: 90670 ns
[2024-03-07T18:50:35.447+0000][1][safepoint   ] Safepoint "Cleanup", Time since last: 1000111424 ns, Reaching safepoint: 29766 ns, Cleanup: 8776 ns, At safepoint: 7063 ns, Total: 45605 ns
[2024-03-07T18:50:36.447+0000][1][safepoint   ] Safepoint "Cleanup", Time since last: 1000101557 ns, Reaching safepoint: 15649 ns, Cleanup: 11432 ns, At safepoint: 5069 ns, Total: 32150 ns
[2024-03-07T18:50:37.447+0000][1][safepoint   ] Safepoint "Cleanup", Time since last: 1000124509 ns, Reaching safepoint: 50003 ns, Cleanup: 13967 ns, At safepoint: 15769 ns, Total: 79739 ns
[2024-03-07T18:50:39.447+0000][1][safepoint   ] Safepoint "Cleanup", Time since last: 2000184518 ns, Reaching safepoint: 16481 ns, Cleanup: 33634 ns, At safepoint: 4778 ns, Total: 54893 ns
[2024-03-07T18:50:40.448+0000][1][safepoint   ] Safepoint "Cleanup", Time since last: 1000151648 ns, Reaching safepoint: 20919 ns, Cleanup: 32010 ns, At safepoint: 9308 ns, Total: 62237 ns
[2024-03-07T18:50:42.448+0000][1][safepoint   ] Safepoint "Cleanup", Time since last: 2000205042 ns, Reaching safepoint: 12905 ns, Cleanup: 8666 ns, At safepoint: 4839 ns, Total: 26410 ns
[2024-03-07T18:50:43.448+0000][1][safepoint   ] Safepoint "Cleanup", Time since last: 1000122174 ns, Reaching safepoint: 44594 ns, Cleanup: 16621 ns, At safepoint: 14998 ns, Total: 76213 ns
[2024-03-07T18:50:44.448+0000][1][safepoint   ] Safepoint "Cleanup", Time since last: 1000117185 ns, Reaching safepoint: 17192 ns, Cleanup: 13485 ns, At safepoint: 5120 ns, Total: 35797 ns
[2024-03-07T18:50:46.448+0000][1][safepoint   ] Safepoint "Cleanup", Time since last: 2000197468 ns, Reaching safepoint: 60294 ns, Cleanup: 11982 ns, At safepoint: 18094 ns, Total: 90370 ns
[2024-03-07T18:50:47.449+0000][1][safepoint   ] Safepoint "Cleanup", Time since last: 1000124057 ns, Reaching safepoint: 14567 ns, Cleanup: 10119 ns, At safepoint: 5360 ns, Total: 30046 ns
[2024-03-07T18:50:48.449+0000][1][safepoint   ] Safepoint "Cleanup", Time since last: 1000116543 ns, Reaching safepoint: 11782 ns, Cleanup: 9278 ns, At safepoint: 3025 ns, Total: 24085 ns
[2024-03-07T18:51:38.454+0000][1][safepoint   ] Safepoint "Cleanup", Time since last: 50005022698 ns, Reaching safepoint: 52408 ns, Cleanup: 15670 ns, At safepoint: 4839 ns, Total: 72917 ns
[2024-03-07T18:51:41.455+0000][1][safepoint   ] Safepoint "Cleanup", Time since last: 3000718341 ns, Reaching safepoint: 18344 ns, Cleanup: 15018 ns, At safepoint: 5591 ns, Total: 38953 ns
[2024-03-07T18:52:29.467+0000][1][safepoint   ] Safepoint "Cleanup", Time since last: 48012677120 ns, Reaching safepoint: 61456 ns, Cleanup: 9347 ns, At safepoint: 5480 ns, Total: 76283 ns
[2024-03-07T18:52:38.469+0000][1][safepoint   ] Safepoint "Cleanup", Time since last: 9001786452 ns, Reaching safepoint: 64090 ns, Cleanup: 15679 ns, At safepoint: 18214 ns, Total: 97983 ns
[2024-03-07T18:53:01.474+0000][1][safepoint   ] Safepoint "Cleanup", Time since last: 23004909215 ns, Reaching safepoint: 67106 ns, Cleanup: 17783 ns, At safepoint: 17483 ns, Total: 102372 ns
[2024-03-07T18:53:06.476+0000][1][safepoint   ] Safepoint "Cleanup", Time since last: 5001894132 ns, Reaching safepoint: 64331 ns, Cleanup: 15509 ns, At safepoint: 5040 ns, Total: 84880 ns
[2024-03-07T18:53:38.485+0000][1][safepoint   ] Safepoint "Cleanup", Time since last: 32008280815 ns, Reaching safepoint: 66505 ns, Cleanup: 19115 ns, At safepoint: 17353 ns, Total: 102973 ns
[2024-03-07T18:53:56.488+0000][1][safepoint   ] Safepoint "Cleanup", Time since last: 18003835555 ns, Reaching safepoint: 63970 ns, Cleanup: 14618 ns, At safepoint: 15960 ns, Total: 94548 ns
[2024-03-07T18:54:31.494+0000][1][safepoint   ] Safepoint "Cleanup", Time since last: 35005141324 ns, Reaching safepoint: 59912 ns, Cleanup: 14738 ns, At safepoint: 5040 ns, Total: 79690 ns
[2024-03-07T18:55:23.505+0000][1][safepoint   ] Safepoint "Cleanup", Time since last: 52011305604 ns, Reaching safepoint: 130846 ns, Cleanup: 27672 ns, At safepoint: 18815 ns, Total: 177333 ns
[2024-03-07T18:55:36.616+0000][1][safepoint   ] Safepoint "Cleanup", Time since last: 13110503772 ns, Reaching safepoint: 57599 ns, Cleanup: 59601 ns, At safepoint: 18255 ns, Total: 135455 ns
[2024-03-07T18:55:41.617+0000][1][safepoint   ] Safepoint "Cleanup", Time since last: 5000640954 ns, Reaching safepoint: 58109 ns, Cleanup: 13014 ns, At safepoint: 16491 ns, Total: 87614 ns
[2024-03-07T18:55:51.327+0000][1][safepoint   ] Safepoint "Cleanup", Time since last: 9710744054 ns, Reaching safepoint: 104647 ns, Cleanup: 7133 ns, At safepoint: 5069 ns, Total: 116849 ns
[2024-03-07T18:55:52.338+0000][1][safepoint   ] Safepoint "Cleanup", Time since last: 1011000740 ns, Reaching safepoint: 19377 ns, Cleanup: 41928 ns, At safepoint: 5731 ns, Total: 67036 ns
[2024-03-07T18:56:31.655+0000][1][safepoint   ] Safepoint "Cleanup", Time since last: 39316097723 ns, Reaching safepoint: 190137 ns, Cleanup: 14958 ns, At safepoint: 4990 ns, Total: 210085 ns
[2024-03-07T18:57:16.661+0000][1][safepoint   ] Safepoint "Cleanup", Time since last: 45005928649 ns, Reaching safepoint: 13585 ns, Cleanup: 11342 ns, At safepoint: 19045 ns, Total: 43972 ns
[2024-03-07T18:57:26.694+0000][1][safepoint   ] Safepoint "Cleanup", Time since last: 10033171609 ns, Reaching safepoint: 15970 ns, Cleanup: 12464 ns, At safepoint: 17502 ns, Total: 45936 ns
[2024-03-07T18:57:41.696+0000][1][safepoint   ] Safepoint "Cleanup", Time since last: 15001443029 ns, Reaching safepoint: 62057 ns, Cleanup: 17182 ns, At safepoint: 10500 ns, Total: 89739 ns
[2024-03-07T18:58:12.700+0000][1][safepoint   ] Safepoint "Cleanup", Time since last: 31004205900 ns, Reaching safepoint: 64692 ns, Cleanup: 14918 ns, At safepoint: 16791 ns, Total: 96401 ns
[2024-03-07T19:01:42.822+0000][1][safepoint   ] Safepoint "Cleanup", Time since last: 210121803121 ns, Reaching safepoint: 14427 ns, Cleanup: 18555 ns, At safepoint: 3807 ns, Total: 36789 ns
[2024-03-07T19:01:52.822+0000][1][safepoint   ] Safepoint "Cleanup", Time since last: 10000768253 ns, Reaching safepoint: 52288 ns, Cleanup: 13486 ns, At safepoint: 16330 ns, Total: 82104 ns
[2024-03-07T19:02:07.824+0000][1][safepoint   ] Safepoint "Cleanup", Time since last: 15001322725 ns, Reaching safepoint: 61114 ns, Cleanup: 17193 ns, At safepoint: 16631 ns, Total: 94938 ns
[2024-03-07T19:02:32.839+0000][1][safepoint   ] Safepoint "Cleanup", Time since last: 25014826389 ns, Reaching safepoint: 51707 ns, Cleanup: 12694 ns, At safepoint: 4208 ns, Total: 68609 ns
[2024-03-07T19:02:37.839+0000][1][safepoint   ] Safepoint "Cleanup", Time since last: 5000452475 ns, Reaching safepoint: 58459 ns, Cleanup: 17694 ns, At safepoint: 5530 ns, Total: 81683 ns
[2024-03-07T19:02:39.840+0000][1][safepoint   ] Safepoint "Cleanup", Time since last: 2000208663 ns, Reaching safepoint: 16491 ns, Cleanup: 14467 ns, At safepoint: 5600 ns, Total: 36558 ns
[2024-03-07T19:02:42.840+0000][1][safepoint   ] Safepoint "Cleanup", Time since last: 3000262999 ns, Reaching safepoint: 55304 ns, Cleanup: 12463 ns, At safepoint: 5530 ns, Total: 73297 ns
[2024-03-07T19:04:18.868+0000][1][safepoint   ] Safepoint "Cleanup", Time since last: 96028265670 ns, Reaching safepoint: 68018 ns, Cleanup: 15178 ns, At safepoint: 5250 ns, Total: 88446 ns
[2024-03-07T19:04:30.870+0000][1][safepoint   ] Safepoint "Cleanup", Time since last: 12001752631 ns, Reaching safepoint: 73638 ns, Cleanup: 18525 ns, At safepoint: 16802 ns, Total: 108965 ns
[2024-03-07T19:04:53.874+0000][1][safepoint   ] Safepoint "Cleanup", Time since last: 23003710120 ns, Reaching safepoint: 16181 ns, Cleanup: 15619 ns, At safepoint: 5921 ns, Total: 37721 ns
[2024-03-07T19:05:22.882+0000][1][safepoint   ] Safepoint "Cleanup", Time since last: 29007885477 ns, Reaching safepoint: 42629 ns, Cleanup: 13486 ns, At safepoint: 17553 ns, Total: 73668 ns
[2024-03-07T19:05:33.938+0000][1][safepoint   ] Safepoint "Cleanup", Time since last: 11056282712 ns, Reaching safepoint: 62878 ns, Cleanup: 13786 ns, At safepoint: 17262 ns, Total: 93926 ns
[2024-03-07T19:05:53.943+0000][1][safepoint   ] Safepoint "Cleanup", Time since last: 20004965371 ns, Reaching safepoint: 68178 ns, Cleanup: 15359 ns, At safepoint: 5420 ns, Total: 88957 ns
[2024-03-07T19:05:58.945+0000][1][safepoint   ] Safepoint "Cleanup", Time since last: 5001219823 ns, Reaching safepoint: 19036 ns, Cleanup: 14697 ns, At safepoint: 5641 ns, Total: 39374 ns
[2024-03-07T19:06:03.946+0000][1][safepoint   ] Safepoint "Cleanup", Time since last: 5001044097 ns, Reaching safepoint: 66204 ns, Cleanup: 14126 ns, At safepoint: 5230 ns, Total: 85560 ns
[2024-03-07T19:06:08.947+0000][1][safepoint   ] Safepoint "Cleanup", Time since last: 5001345159 ns, Reaching safepoint: 65713 ns, Cleanup: 14848 ns, At safepoint: 5650 ns, Total: 86211 ns
[2024-03-07T19:07:03.984+0000][1][safepoint   ] Safepoint "Cleanup", Time since last: 55036499428 ns, Reaching safepoint: 67988 ns, Cleanup: 15268 ns, At safepoint: 5771 ns, Total: 89027 ns
[2024-03-07T19:07:49.022+0000][1][safepoint   ] Safepoint "Cleanup", Time since last: 45037799038 ns, Reaching safepoint: 55654 ns, Cleanup: 12383 ns, At safepoint: 16932 ns, Total: 84969 ns
[2024-03-07T19:08:06.024+0000][1][safepoint   ] Safepoint "Cleanup", Time since last: 17002159031 ns, Reaching safepoint: 55594 ns, Cleanup: 10570 ns, At safepoint: 18144 ns, Total: 84308 ns
[2024-03-07T19:08:10.024+0000][1][safepoint   ] Safepoint "Cleanup", Time since last: 4000533111 ns, Reaching safepoint: 54903 ns, Cleanup: 17132 ns, At safepoint: 15459 ns, Total: 87494 ns
[2024-03-07T19:09:35.066+0000][1][safepoint   ] Safepoint "Cleanup", Time since last: 85041028076 ns, Reaching safepoint: 57218 ns, Cleanup: 13605 ns, At safepoint: 5220 ns, Total: 76043 ns
[2024-03-07T19:09:37.066+0000][1][safepoint   ] Safepoint "Cleanup", Time since last: 2000211989 ns, Reaching safepoint: 15549 ns, Cleanup: 13866 ns, At safepoint: 5069 ns, Total: 34484 ns
[2024-03-07T19:09:41.066+0000][1][safepoint   ] Safepoint "Cleanup", Time since last: 4000345321 ns, Reaching safepoint: 58159 ns, Cleanup: 16340 ns, At safepoint: 7334 ns, Total: 81833 ns
[2024-03-07T19:09:49.067+0000][1][safepoint   ] Safepoint "Cleanup", Time since last: 8000612613 ns, Reaching safepoint: 58209 ns, Cleanup: 14898 ns, At safepoint: 15589 ns, Total: 88696 ns
[2024-03-07T19:09:59.068+0000][1][safepoint   ] Safepoint "Cleanup", Time since last: 10001370045 ns, Reaching safepoint: 18575 ns, Cleanup: 15078 ns, At safepoint: 45616 ns, Total: 79269 ns
[2024-03-07T19:10:01.069+0000][1][safepoint   ] Safepoint "Cleanup", Time since last: 2000219593 ns, Reaching safepoint: 18605 ns, Cleanup: 14136 ns, At safepoint: 4949 ns, Total: 37690 ns
[2024-03-07T19:10:41.116+0000][1][safepoint   ] Safepoint "Cleanup", Time since last: 40047771393 ns, Reaching safepoint: 44784 ns, Cleanup: 14618 ns, At safepoint: 15308 ns, Total: 74710 ns
[2024-03-07T19:11:05.121+0000][1][safepoint   ] Safepoint "Cleanup", Time since last: 24004221669 ns, Reaching safepoint: 62857 ns, Cleanup: 17704 ns, At safepoint: 5480 ns, Total: 86041 ns
[2024-03-07T19:11:10.122+0000][1][safepoint   ] Safepoint "Cleanup", Time since last: 5000813101 ns, Reaching safepoint: 89188 ns, Cleanup: 17312 ns, At safepoint: 16000 ns, Total: 122500 ns
[2024-03-07T19:11:21.735+0000][1][safepoint   ] Safepoint "Cleanup", Time since last: 11613123077 ns, Reaching safepoint: 56736 ns, Cleanup: 41298 ns, At safepoint: 5500 ns, Total: 103534 ns
[2024-03-07T19:11:22.746+0000][1][safepoint   ] Safepoint "Cleanup", Time since last: 1011072525 ns, Reaching safepoint: 50645 ns, Cleanup: 21781 ns, At safepoint: 17933 ns, Total: 90359 ns
[2024-03-07T19:11:24.746+0000][1][safepoint   ] Safepoint "Cleanup", Time since last: 2000211665 ns, Reaching safepoint: 15630 ns, Cleanup: 13235 ns, At safepoint: 4628 ns, Total: 33493 ns
[2024-03-07T19:11:26.148+0000][1][safepoint   ] Safepoint "Cleanup", Time since last: 1401458859 ns, Reaching safepoint: 18284 ns, Cleanup: 97393 ns, At safepoint: 5430 ns, Total: 121107 ns
[2024-03-07T19:12:25.159+0000][1][safepoint   ] Safepoint "Cleanup", Time since last: 59011059349 ns, Reaching safepoint: 51737 ns, Cleanup: 17383 ns, At safepoint: 10840 ns, Total: 79960 ns
[2024-03-07T19:12:26.190+0000][1][safepoint   ] Safepoint "Cleanup", Time since last: 1030763999 ns, Reaching safepoint: 14407 ns, Cleanup: 15820 ns, At safepoint: 3056 ns, Total: 33283 ns
[2024-03-07T19:12:33.190+0000][1][safepoint   ] Safepoint "Cleanup", Time since last: 7000515283 ns, Reaching safepoint: 33633 ns, Cleanup: 28112 ns, At safepoint: 3878 ns, Total: 65623 ns
[2024-03-07T19:12:35.191+0000][1][safepoint   ] Safepoint "Cleanup", Time since last: 2000179121 ns, Reaching safepoint: 16561 ns, Cleanup: 14086 ns, At safepoint: 4468 ns, Total: 35115 ns
[2024-03-07T19:12:36.191+0000][1][safepoint   ] Safepoint "Cleanup", Time since last: 1000145187 ns, Reaching safepoint: 16191 ns, Cleanup: 15429 ns, At safepoint: 4809 ns, Total: 36429 ns
[2024-03-07T19:12:38.191+0000][1][safepoint   ] Safepoint "Cleanup", Time since last: 2000174538 ns, Reaching safepoint: 26851 ns, Cleanup: 8886 ns, At safepoint: 2926 ns, Total: 38663 ns
[2024-03-07T19:12:39.191+0000][1][safepoint   ] Safepoint "Cleanup", Time since last: 1000097409 ns, Reaching safepoint: 15950 ns, Cleanup: 20949 ns, At safepoint: 4248 ns, Total: 41147 ns
[2024-03-07T19:12:40.191+0000][1][safepoint   ] Safepoint "Cleanup", Time since last: 1000113026 ns, Reaching safepoint: 19958 ns, Cleanup: 14627 ns, At safepoint: 4940 ns, Total: 39525 ns
[2024-03-07T19:12:41.192+0000][1][safepoint   ] Safepoint "Cleanup", Time since last: 1000125391 ns, Reaching safepoint: 18294 ns, Cleanup: 20679 ns, At safepoint: 4849 ns, Total: 43822 ns
[2024-03-07T19:12:42.192+0000][1][safepoint   ] Safepoint "Cleanup", Time since last: 1000133485 ns, Reaching safepoint: 33183 ns, Cleanup: 11010 ns, At safepoint: 16181 ns, Total: 60374 ns
[2024-03-07T19:12:43.192+0000][1][safepoint   ] Safepoint "Cleanup", Time since last: 1000111555 ns, Reaching safepoint: 18635 ns, Cleanup: 16330 ns, At safepoint: 4839 ns, Total: 39804 ns
[2024-03-07T19:12:44.192+0000][1][safepoint   ] Safepoint "Cleanup", Time since last: 1000171747 ns, Reaching safepoint: 61716 ns, Cleanup: 16571 ns, At safepoint: 16210 ns, Total: 94497 ns
[2024-03-07T19:12:45.192+0000][1][safepoint   ] Safepoint "Cleanup", Time since last: 1000116775 ns, Reaching safepoint: 15239 ns, Cleanup: 9728 ns, At safepoint: 3807 ns, Total: 28774 ns
[2024-03-07T19:12:46.192+0000][1][safepoint   ] Safepoint "Cleanup", Time since last: 1000105654 ns, Reaching safepoint: 15980 ns, Cleanup: 18034 ns, At safepoint: 5220 ns, Total: 39234 ns
[2024-03-07T19:12:47.193+0000][1][safepoint   ] Safepoint "Cleanup", Time since last: 1000142121 ns, Reaching safepoint: 38933 ns, Cleanup: 8215 ns, At safepoint: 14167 ns, Total: 61315 ns
[2024-03-07T19:12:48.193+0000][1][safepoint   ] Safepoint "Cleanup", Time since last: 1000111243 ns, Reaching safepoint: 18564 ns, Cleanup: 18195 ns, At safepoint: 5309 ns, Total: 42068 ns
[2024-03-07T19:12:49.193+0000][1][safepoint   ] Safepoint "Cleanup", Time since last: 1000159926 ns, Reaching safepoint: 15379 ns, Cleanup: 10079 ns, At safepoint: 3767 ns, Total: 29225 ns
[2024-03-07T19:12:51.193+0000][1][safepoint   ] Safepoint "Cleanup", Time since last: 2000182295 ns, Reaching safepoint: 63269 ns, Cleanup: 18004 ns, At safepoint: 5129 ns, Total: 86402 ns
[2024-03-07T19:12:52.193+0000][1][safepoint   ] Safepoint "Cleanup", Time since last: 1000125424 ns, Reaching safepoint: 64531 ns, Cleanup: 19437 ns, At safepoint: 16160 ns, Total: 100128 ns
[2024-03-07T19:12:53.194+0000][1][safepoint   ] Safepoint "Cleanup", Time since last: 1000119487 ns, Reaching safepoint: 15820 ns, Cleanup: 17082 ns, At safepoint: 4879 ns, Total: 37781 ns
[2024-03-07T19:12:55.194+0000][1][safepoint   ] Safepoint "Cleanup", Time since last: 2000225304 ns, Reaching safepoint: 18074 ns, Cleanup: 66835 ns, At safepoint: 5250 ns, Total: 90159 ns
[2024-03-07T19:12:56.194+0000][1][safepoint   ] Safepoint "Cleanup", Time since last: 1000140759 ns, Reaching safepoint: 18715 ns, Cleanup: 19316 ns, At safepoint: 5300 ns, Total: 43331 ns
[2024-03-07T19:12:57.194+0000][1][safepoint   ] Safepoint "Cleanup", Time since last: 1000170174 ns, Reaching safepoint: 18204 ns, Cleanup: 13936 ns, At safepoint: 5120 ns, Total: 37260 ns
[2024-03-07T19:12:58.195+0000][1][safepoint   ] Safepoint "Cleanup", Time since last: 1000121242 ns, Reaching safepoint: 39885 ns, Cleanup: 11261 ns, At safepoint: 15329 ns, Total: 66475 ns
[2024-03-07T19:12:59.195+0000][1][safepoint   ] Safepoint "Cleanup", Time since last: 1000116162 ns, Reaching safepoint: 17904 ns, Cleanup: 19026 ns, At safepoint: 4969 ns, Total: 41899 ns
[2024-03-07T19:13:02.195+0000][1][safepoint   ] Safepoint "Cleanup", Time since last: 3000302814 ns, Reaching safepoint: 18204 ns, Cleanup: 16881 ns, At safepoint: 5040 ns, Total: 40125 ns
[2024-03-07T19:13:03.195+0000][1][safepoint   ] Safepoint "Cleanup", Time since last: 1000127211 ns, Reaching safepoint: 12664 ns, Cleanup: 10539 ns, At safepoint: 2956 ns, Total: 26159 ns
[2024-03-07T19:13:10.196+0000][1][safepoint   ] Safepoint "Cleanup", Time since last: 7000752344 ns, Reaching safepoint: 55314 ns, Cleanup: 13756 ns, At safepoint: 4809 ns, Total: 73879 ns
[2024-03-07T19:13:42.233+0000][1][safepoint   ] Safepoint "Cleanup", Time since last: 32036514460 ns, Reaching safepoint: 18465 ns, Cleanup: 58810 ns, At safepoint: 5240 ns, Total: 82515 ns
[2024-03-07T19:13:47.233+0000][1][safepoint   ] Safepoint "Cleanup", Time since last: 5000439219 ns, Reaching safepoint: 16701 ns, Cleanup: 16701 ns, At safepoint: 4809 ns, Total: 38211 ns
[2024-03-07T19:13:48.839+0000][1][safepoint   ] Safepoint "Cleanup", Time since last: 1605956745 ns, Reaching safepoint: 59321 ns, Cleanup: 63629 ns, At safepoint: 17503 ns, Total: 140453 ns
[2024-03-07T19:13:49.839+0000][1][safepoint   ] Safepoint "Cleanup", Time since last: 1000121463 ns, Reaching safepoint: 17944 ns, Cleanup: 13044 ns, At safepoint: 5210 ns, Total: 36198 ns
[2024-03-07T19:13:52.840+0000][1][safepoint   ] Safepoint "Cleanup", Time since last: 3000283148 ns, Reaching safepoint: 24255 ns, Cleanup: 20889 ns, At safepoint: 6122 ns, Total: 51266 ns
[2024-03-07T19:13:57.840+0000][1][safepoint   ] Safepoint "Cleanup", Time since last: 5000472589 ns, Reaching safepoint: 40806 ns, Cleanup: 9739 ns, At safepoint: 3246 ns, Total: 53791 ns
[2024-03-07T19:14:04.841+0000][1][safepoint   ] Safepoint "Cleanup", Time since last: 7000597531 ns, Reaching safepoint: 56556 ns, Cleanup: 18745 ns, At safepoint: 5391 ns, Total: 80692 ns
[2024-03-07T19:14:14.842+0000][1][safepoint   ] Safepoint "Cleanup", Time since last: 10000744427 ns, Reaching safepoint: 14567 ns, Cleanup: 8636 ns, At safepoint: 3366 ns, Total: 26569 ns
[2024-03-07T19:14:42.251+0000][1][safepoint   ] Safepoint "Cleanup", Time since last: 27409413269 ns, Reaching safepoint: 45185 ns, Cleanup: 14086 ns, At safepoint: 4809 ns, Total: 64080 ns
