[2024-03-06T18:12:48.598+0000][1][gc,init] CardTable entry size: 512
[2024-03-06T18:12:48.598+0000][1][gc     ] Using G1
[2024-03-06T18:12:48.603+0000][1][gc,init] Version: 21.0.2+13-LTS (release)
[2024-03-06T18:12:48.603+0000][1][gc,init] CPUs: 12 total, 12 available
[2024-03-06T18:12:48.603+0000][1][gc,init] Memory: 7867M
[2024-03-06T18:12:48.604+0000][1][gc,init] Large Page Support: Disabled
[2024-03-06T18:12:48.604+0000][1][gc,init] NUMA Support: Disabled
[2024-03-06T18:12:48.604+0000][1][gc,init] Compressed Oops: Enabled (32-bit)
[2024-03-06T18:12:48.604+0000][1][gc,init] Heap Region Size: 1M
[2024-03-06T18:12:48.604+0000][1][gc,init] Heap Min Capacity: 512M
[2024-03-06T18:12:48.604+0000][1][gc,init] Heap Initial Capacity: 512M
[2024-03-06T18:12:48.604+0000][1][gc,init] Heap Max Capacity: 512M
[2024-03-06T18:12:48.604+0000][1][gc,init] Pre-touch: Disabled
[2024-03-06T18:12:48.604+0000][1][gc,init] Parallel Workers: 10
[2024-03-06T18:12:48.604+0000][1][gc,init] Concurrent Workers: 3
[2024-03-06T18:12:48.604+0000][1][gc,init] Concurrent Refinement Workers: 10
[2024-03-06T18:12:48.604+0000][1][gc,init] Periodic GC: Disabled
[2024-03-06T18:12:48.604+0000][1][gc,metaspace] CDS archive(s) not mapped
[2024-03-06T18:12:48.604+0000][1][gc,metaspace] Compressed class space mapped at: 0x0000000100000000-0x0000000140000000, reserved size: 1073741824
[2024-03-06T18:12:48.604+0000][1][gc,metaspace] Narrow klass base: 0x0000000000000000, Narrow klass shift: 3, Narrow klass range: 0x140000000
[2024-03-06T18:12:49.165+0000][1][gc,start    ] GC(0) Pause Young (Normal) (G1 Evacuation Pause)
[2024-03-06T18:12:49.166+0000][1][gc,task     ] GC(0) Using 10 workers of 10 for evacuation
[2024-03-06T18:12:49.166+0000][1][gc,age      ] GC(0) Desired survivor size 2097152 bytes, new threshold 15 (max threshold 15)
[2024-03-06T18:12:49.178+0000][1][gc,phases   ] GC(0)   Pre Evacuate Collection Set: 0.1ms
[2024-03-06T18:12:49.178+0000][1][gc,phases   ] GC(0)   Merge Heap Roots: 0.0ms
[2024-03-06T18:12:49.178+0000][1][gc,phases   ] GC(0)   Evacuate Collection Set: 11.5ms
[2024-03-06T18:12:49.178+0000][1][gc,phases   ] GC(0)   Post Evacuate Collection Set: 0.5ms
[2024-03-06T18:12:49.178+0000][1][gc,phases   ] GC(0)   Other: 0.8ms
[2024-03-06T18:12:49.178+0000][1][gc,age      ] GC(0) Age table with threshold 15 (max threshold 15)
[2024-03-06T18:12:49.178+0000][1][gc,age      ] GC(0) - age   1:    3980440 bytes,    3980440 total
[2024-03-06T18:12:49.178+0000][1][gc,heap     ] GC(0) Eden regions: 25->0(29)
[2024-03-06T18:12:49.178+0000][1][gc,heap     ] GC(0) Survivor regions: 0->4(4)
[2024-03-06T18:12:49.178+0000][1][gc,heap     ] GC(0) Old regions: 0->3
[2024-03-06T18:12:49.178+0000][1][gc,heap     ] GC(0) Humongous regions: 3->3
[2024-03-06T18:12:49.178+0000][1][gc,metaspace] GC(0) Metaspace: 16625K(16832K)->16625K(16832K) NonClass: 14994K(15104K)->14994K(15104K) Class: 1631K(1728K)->1631K(1728K)
[2024-03-06T18:12:49.178+0000][1][gc          ] GC(0) Pause Young (Normal) (G1 Evacuation Pause) 28M->9M(512M) 13.229ms
[2024-03-06T18:12:49.178+0000][1][gc,cpu      ] GC(0) User=0.02s Sys=0.07s Real=0.01s
[2024-03-06T18:12:49.178+0000][1][safepoint   ] Safepoint "G1CollectForAllocation", Time since last: 546549871 ns, Reaching safepoint: 3096 ns, Cleanup: 73107 ns, At safepoint: 13270922 ns, Total: 13347125 ns
[2024-03-06T18:12:49.479+0000][1][gc,start    ] GC(1) Pause Young (Concurrent Start) (Metadata GC Threshold)
[2024-03-06T18:12:49.479+0000][1][gc,task     ] GC(1) Using 10 workers of 10 for evacuation
[2024-03-06T18:12:49.479+0000][1][gc,age      ] GC(1) Desired survivor size 2621440 bytes, new threshold 1 (max threshold 15)
[2024-03-06T18:12:49.488+0000][1][gc,phases   ] GC(1)   Pre Evacuate Collection Set: 0.2ms
[2024-03-06T18:12:49.488+0000][1][gc,phases   ] GC(1)   Merge Heap Roots: 0.1ms
[2024-03-06T18:12:49.488+0000][1][gc,phases   ] GC(1)   Evacuate Collection Set: 8.6ms
[2024-03-06T18:12:49.488+0000][1][gc,phases   ] GC(1)   Post Evacuate Collection Set: 0.6ms
[2024-03-06T18:12:49.488+0000][1][gc,phases   ] GC(1)   Other: 0.1ms
[2024-03-06T18:12:49.488+0000][1][gc,age      ] GC(1) Age table with threshold 1 (max threshold 15)
[2024-03-06T18:12:49.488+0000][1][gc,age      ] GC(1) - age   1:    1316952 bytes,    1316952 total
[2024-03-06T18:12:49.488+0000][1][gc,heap     ] GC(1) Eden regions: 15->0(47)
[2024-03-06T18:12:49.488+0000][1][gc,heap     ] GC(1) Survivor regions: 4->2(5)
[2024-03-06T18:12:49.488+0000][1][gc,heap     ] GC(1) Old regions: 3->7
[2024-03-06T18:12:49.488+0000][1][gc,heap     ] GC(1) Humongous regions: 3->3
[2024-03-06T18:12:49.488+0000][1][gc,metaspace] GC(1) Metaspace: 21235K(21504K)->21235K(21504K) NonClass: 18987K(19136K)->18987K(19136K) Class: 2247K(2368K)->2247K(2368K)
[2024-03-06T18:12:49.488+0000][1][gc          ] GC(1) Pause Young (Concurrent Start) (Metadata GC Threshold) 24M->10M(512M) 9.746ms
[2024-03-06T18:12:49.488+0000][1][gc,cpu      ] GC(1) User=0.03s Sys=0.04s Real=0.01s
[2024-03-06T18:12:49.489+0000][1][gc          ] GC(2) Concurrent Mark Cycle
[2024-03-06T18:12:49.489+0000][1][gc,marking  ] GC(2) Concurrent Scan Root Regions
[2024-03-06T18:12:49.489+0000][1][safepoint   ] Safepoint "CollectForMetadataAllocation", Time since last: 300701324 ns, Reaching safepoint: 4409 ns, Cleanup: 67035 ns, At safepoint: 9862890 ns, Total: 9934334 ns
[2024-03-06T18:12:49.491+0000][1][gc,marking  ] GC(2) Concurrent Scan Root Regions 2.227ms
[2024-03-06T18:12:49.491+0000][1][gc,marking  ] GC(2) Concurrent Mark
[2024-03-06T18:12:49.491+0000][1][gc,marking  ] GC(2) Concurrent Mark From Roots
[2024-03-06T18:12:49.491+0000][1][gc,task     ] GC(2) Using 3 workers of 3 for marking
[2024-03-06T18:12:49.493+0000][1][gc,marking  ] GC(2) Concurrent Mark From Roots 1.687ms
[2024-03-06T18:12:49.493+0000][1][gc,marking  ] GC(2) Concurrent Preclean
[2024-03-06T18:12:49.493+0000][1][gc,marking  ] GC(2) Concurrent Preclean 0.020ms
[2024-03-06T18:12:49.493+0000][1][gc,start    ] GC(2) Pause Remark
[2024-03-06T18:12:49.494+0000][1][gc          ] GC(2) Pause Remark 11M->11M(512M) 1.562ms
[2024-03-06T18:12:49.494+0000][1][gc,cpu      ] GC(2) User=0.01s Sys=0.00s Real=0.00s
[2024-03-06T18:12:49.494+0000][1][safepoint   ] Safepoint "G1PauseRemark", Time since last: 4059785 ns, Reaching safepoint: 140764 ns, Cleanup: 3166 ns, At safepoint: 1657329 ns, Total: 1801259 ns
[2024-03-06T18:12:49.494+0000][1][gc,marking  ] GC(2) Concurrent Mark 3.619ms
[2024-03-06T18:12:49.494+0000][1][gc,marking  ] GC(2) Concurrent Rebuild Remembered Sets and Scrub Regions
[2024-03-06T18:12:49.495+0000][1][gc,marking  ] GC(2) Concurrent Rebuild Remembered Sets and Scrub Regions 0.899ms
[2024-03-06T18:12:49.496+0000][1][gc,start    ] GC(2) Pause Cleanup
[2024-03-06T18:12:49.496+0000][1][gc          ] GC(2) Pause Cleanup 11M->11M(512M) 0.167ms
[2024-03-06T18:12:49.496+0000][1][gc,cpu      ] GC(2) User=0.01s Sys=0.00s Real=0.00s
[2024-03-06T18:12:49.496+0000][1][safepoint   ] Safepoint "G1PauseCleanup", Time since last: 1010806 ns, Reaching safepoint: 78847 ns, Cleanup: 10390 ns, At safepoint: 233598 ns, Total: 322835 ns
[2024-03-06T18:12:49.496+0000][1][gc,marking  ] GC(2) Concurrent Clear Claimed Marks
[2024-03-06T18:12:49.496+0000][1][gc,marking  ] GC(2) Concurrent Clear Claimed Marks 0.040ms
[2024-03-06T18:12:49.496+0000][1][gc,marking  ] GC(2) Concurrent Cleanup for Next Mark
[2024-03-06T18:12:49.500+0000][1][gc,marking  ] GC(2) Concurrent Cleanup for Next Mark 4.086ms
[2024-03-06T18:12:49.500+0000][1][gc          ] GC(2) Concurrent Mark Cycle 11.532ms
[2024-03-06T18:12:50.000+0000][1][gc,start    ] GC(3) Pause Young (Normal) (G1 Evacuation Pause)
[2024-03-06T18:12:50.000+0000][1][gc,task     ] GC(3) Using 10 workers of 10 for evacuation
[2024-03-06T18:12:50.000+0000][1][gc,age      ] GC(3) Desired survivor size 3670016 bytes, new threshold 15 (max threshold 15)
[2024-03-06T18:12:50.011+0000][1][gc,phases   ] GC(3)   Pre Evacuate Collection Set: 0.3ms
[2024-03-06T18:12:50.011+0000][1][gc,phases   ] GC(3)   Merge Heap Roots: 0.1ms
[2024-03-06T18:12:50.011+0000][1][gc,phases   ] GC(3)   Evacuate Collection Set: 9.1ms
[2024-03-06T18:12:50.011+0000][1][gc,phases   ] GC(3)   Post Evacuate Collection Set: 0.6ms
[2024-03-06T18:12:50.011+0000][1][gc,phases   ] GC(3)   Other: 0.1ms
[2024-03-06T18:12:50.011+0000][1][gc,age      ] GC(3) Age table with threshold 15 (max threshold 15)
[2024-03-06T18:12:50.011+0000][1][gc,age      ] GC(3) - age   1:    2614400 bytes,    2614400 total
[2024-03-06T18:12:50.011+0000][1][gc,age      ] GC(3) - age   2:    1231440 bytes,    3845840 total
[2024-03-06T18:12:50.011+0000][1][gc,heap     ] GC(3) Eden regions: 48->0(90)
[2024-03-06T18:12:50.011+0000][1][gc,heap     ] GC(3) Survivor regions: 2->4(7)
[2024-03-06T18:12:50.011+0000][1][gc,heap     ] GC(3) Old regions: 7->7
[2024-03-06T18:12:50.011+0000][1][gc,heap     ] GC(3) Humongous regions: 3->3
[2024-03-06T18:12:50.011+0000][1][gc,metaspace] GC(3) Metaspace: 29040K(29440K)->29040K(29440K) NonClass: 25878K(26112K)->25878K(26112K) Class: 3161K(3328K)->3161K(3328K)
[2024-03-06T18:12:50.011+0000][1][gc          ] GC(3) Pause Young (Normal) (G1 Evacuation Pause) 58M->13M(512M) 10.681ms
[2024-03-06T18:12:50.011+0000][1][gc,cpu      ] GC(3) User=0.04s Sys=0.01s Real=0.02s
[2024-03-06T18:12:50.011+0000][1][safepoint   ] Safepoint "G1CollectForAllocation", Time since last: 504083457 ns, Reaching safepoint: 86252 ns, Cleanup: 156273 ns, At safepoint: 10760012 ns, Total: 11002537 ns
[2024-03-06T18:12:50.456+0000][1][gc,start    ] GC(4) Pause Young (Normal) (G1 Evacuation Pause)
[2024-03-06T18:12:50.456+0000][1][gc,task     ] GC(4) Using 10 workers of 10 for evacuation
[2024-03-06T18:12:50.456+0000][1][gc,age      ] GC(4) Desired survivor size 6291456 bytes, new threshold 15 (max threshold 15)
[2024-03-06T18:12:50.492+0000][1][gc,phases   ] GC(4)   Pre Evacuate Collection Set: 1.0ms
[2024-03-06T18:12:50.492+0000][1][gc,phases   ] GC(4)   Merge Heap Roots: 0.1ms
[2024-03-06T18:12:50.492+0000][1][gc,phases   ] GC(4)   Evacuate Collection Set: 32.2ms
[2024-03-06T18:12:50.492+0000][1][gc,phases   ] GC(4)   Post Evacuate Collection Set: 2.7ms
[2024-03-06T18:12:50.492+0000][1][gc,phases   ] GC(4)   Other: 0.2ms
[2024-03-06T18:12:50.492+0000][1][gc,age      ] GC(4) Age table with threshold 15 (max threshold 15)
[2024-03-06T18:12:50.492+0000][1][gc,age      ] GC(4) - age   1:    6042496 bytes,    6042496 total
[2024-03-06T18:12:50.492+0000][1][gc,age      ] GC(4) - age   2:    1317120 bytes,    7359616 total
[2024-03-06T18:12:50.492+0000][1][gc,age      ] GC(4) - age   3:    1231408 bytes,    8591024 total
[2024-03-06T18:12:50.492+0000][1][gc,heap     ] GC(4) Eden regions: 92->0(298)
[2024-03-06T18:12:50.492+0000][1][gc,heap     ] GC(4) Survivor regions: 4->9(12)
[2024-03-06T18:12:50.492+0000][1][gc,heap     ] GC(4) Old regions: 7->7
[2024-03-06T18:12:50.492+0000][1][gc,heap     ] GC(4) Humongous regions: 3->3
[2024-03-06T18:12:50.492+0000][1][gc,metaspace] GC(4) Metaspace: 31521K(31936K)->31521K(31936K) NonClass: 28009K(28224K)->28009K(28224K) Class: 3511K(3712K)->3511K(3712K)
[2024-03-06T18:12:50.492+0000][1][gc          ] GC(4) Pause Young (Normal) (G1 Evacuation Pause) 105M->18M(512M) 36.572ms
[2024-03-06T18:12:50.492+0000][1][gc,cpu      ] GC(4) User=0.11s Sys=0.02s Real=0.04s
[2024-03-06T18:12:50.492+0000][1][safepoint   ] Safepoint "G1CollectForAllocation", Time since last: 444793097 ns, Reaching safepoint: 10349 ns, Cleanup: 101681 ns, At safepoint: 36695459 ns, Total: 36807489 ns
[2024-03-06T18:12:50.974+0000][1][gc,start    ] GC(5) Pause Young (Concurrent Start) (Metadata GC Threshold)
[2024-03-06T18:12:50.974+0000][1][gc,task     ] GC(5) Using 10 workers of 10 for evacuation
[2024-03-06T18:12:50.974+0000][1][gc,age      ] GC(5) Desired survivor size 20447232 bytes, new threshold 15 (max threshold 15)
[2024-03-06T18:12:50.978+0000][1][gc,phases   ] GC(5)   Pre Evacuate Collection Set: 0.1ms
[2024-03-06T18:12:50.978+0000][1][gc,phases   ] GC(5)   Merge Heap Roots: 0.1ms
[2024-03-06T18:12:50.978+0000][1][gc,phases   ] GC(5)   Evacuate Collection Set: 2.8ms
[2024-03-06T18:12:50.978+0000][1][gc,phases   ] GC(5)   Post Evacuate Collection Set: 0.6ms
[2024-03-06T18:12:50.978+0000][1][gc,phases   ] GC(5)   Other: 0.1ms
[2024-03-06T18:12:50.978+0000][1][gc,age      ] GC(5) Age table with threshold 15 (max threshold 15)
[2024-03-06T18:12:50.978+0000][1][gc,age      ] GC(5) - age   1:    1665192 bytes,    1665192 total
[2024-03-06T18:12:50.978+0000][1][gc,age      ] GC(5) - age   2:     745400 bytes,    2410592 total
[2024-03-06T18:12:50.978+0000][1][gc,age      ] GC(5) - age   3:    1296952 bytes,    3707544 total
[2024-03-06T18:12:50.978+0000][1][gc,age      ] GC(5) - age   4:    1209184 bytes,    4916728 total
[2024-03-06T18:12:50.978+0000][1][gc,heap     ] GC(5) Eden regions: 82->0(301)
[2024-03-06T18:12:50.978+0000][1][gc,heap     ] GC(5) Survivor regions: 9->6(39)
[2024-03-06T18:12:50.978+0000][1][gc,heap     ] GC(5) Old regions: 7->7
[2024-03-06T18:12:50.978+0000][1][gc,heap     ] GC(5) Humongous regions: 3->3
[2024-03-06T18:12:50.978+0000][1][gc,metaspace] GC(5) Metaspace: 35710K(36096K)->35710K(36096K) NonClass: 31671K(31872K)->31671K(31872K) Class: 4039K(4224K)->4039K(4224K)
[2024-03-06T18:12:50.978+0000][1][gc          ] GC(5) Pause Young (Concurrent Start) (Metadata GC Threshold) 99M->14M(512M) 3.983ms
[2024-03-06T18:12:50.978+0000][1][gc,cpu      ] GC(5) User=0.02s Sys=0.00s Real=0.00s
[2024-03-06T18:12:50.978+0000][1][gc          ] GC(6) Concurrent Mark Cycle
[2024-03-06T18:12:50.978+0000][1][gc,marking  ] GC(6) Concurrent Scan Root Regions
[2024-03-06T18:12:50.978+0000][1][safepoint   ] Safepoint "CollectForMetadataAllocation", Time since last: 481459652 ns, Reaching safepoint: 139441 ns, Cleanup: 96121 ns, At safepoint: 4090462 ns, Total: 4326024 ns
[2024-03-06T18:12:50.980+0000][1][gc,marking  ] GC(6) Concurrent Scan Root Regions 1.605ms
[2024-03-06T18:12:50.980+0000][1][gc,marking  ] GC(6) Concurrent Mark
[2024-03-06T18:12:50.980+0000][1][gc,marking  ] GC(6) Concurrent Mark From Roots
[2024-03-06T18:12:50.980+0000][1][gc,task     ] GC(6) Using 3 workers of 3 for marking
[2024-03-06T18:12:50.982+0000][1][gc,marking  ] GC(6) Concurrent Mark From Roots 1.799ms
[2024-03-06T18:12:50.982+0000][1][gc,marking  ] GC(6) Concurrent Preclean
[2024-03-06T18:12:50.982+0000][1][gc,marking  ] GC(6) Concurrent Preclean 0.019ms
[2024-03-06T18:12:50.982+0000][1][gc,start    ] GC(6) Pause Remark
[2024-03-06T18:12:50.983+0000][1][gc          ] GC(6) Pause Remark 15M->15M(512M) 1.547ms
[2024-03-06T18:12:50.983+0000][1][gc,cpu      ] GC(6) User=0.01s Sys=0.00s Real=0.00s
[2024-03-06T18:12:50.983+0000][1][safepoint   ] Safepoint "G1PauseRemark", Time since last: 3454580 ns, Reaching safepoint: 73027 ns, Cleanup: 6602 ns, At safepoint: 1588711 ns, Total: 1668340 ns
[2024-03-06T18:12:50.983+0000][1][gc,marking  ] GC(6) Concurrent Mark 3.551ms
[2024-03-06T18:12:50.983+0000][1][gc,marking  ] GC(6) Concurrent Rebuild Remembered Sets and Scrub Regions
[2024-03-06T18:12:50.984+0000][1][gc,marking  ] GC(6) Concurrent Rebuild Remembered Sets and Scrub Regions 0.610ms
[2024-03-06T18:12:50.984+0000][1][gc,start    ] GC(6) Pause Cleanup
[2024-03-06T18:12:50.984+0000][1][gc          ] GC(6) Pause Cleanup 15M->15M(512M) 0.083ms
[2024-03-06T18:12:50.984+0000][1][gc,cpu      ] GC(6) User=0.00s Sys=0.00s Real=0.00s
[2024-03-06T18:12:50.984+0000][1][safepoint   ] Safepoint "G1PauseCleanup", Time since last: 664786 ns, Reaching safepoint: 69200 ns, Cleanup: 2785 ns, At safepoint: 111039 ns, Total: 183024 ns
[2024-03-06T18:12:50.984+0000][1][gc,marking  ] GC(6) Concurrent Clear Claimed Marks
[2024-03-06T18:12:50.984+0000][1][gc,marking  ] GC(6) Concurrent Clear Claimed Marks 0.015ms
[2024-03-06T18:12:50.984+0000][1][gc,marking  ] GC(6) Concurrent Cleanup for Next Mark
[2024-03-06T18:12:50.985+0000][1][gc,marking  ] GC(6) Concurrent Cleanup for Next Mark 0.839ms
[2024-03-06T18:12:50.985+0000][1][gc          ] GC(6) Concurrent Mark Cycle 6.954ms
[2024-03-06T18:12:51.537+0000][1][safepoint   ] Safepoint "ICBufferFull", Time since last: 552727859 ns, Reaching safepoint: 8496 ns, Cleanup: 166221 ns, At safepoint: 8356 ns, Total: 183073 ns
[2024-03-06T18:12:52.098+0000][1][safepoint   ] Safepoint "ICBufferFull", Time since last: 561120992 ns, Reaching safepoint: 7494 ns, Cleanup: 154510 ns, At safepoint: 4839 ns, Total: 166843 ns
[2024-03-06T18:12:52.600+0000][1][gc,start    ] GC(7) Pause Young (Concurrent Start) (Metadata GC Threshold)
[2024-03-06T18:12:52.600+0000][1][gc,task     ] GC(7) Using 10 workers of 10 for evacuation
[2024-03-06T18:12:52.600+0000][1][gc,age      ] GC(7) Desired survivor size 20447232 bytes, new threshold 15 (max threshold 15)
[2024-03-06T18:12:52.621+0000][1][gc,phases   ] GC(7)   Pre Evacuate Collection Set: 0.6ms
[2024-03-06T18:12:52.621+0000][1][gc,phases   ] GC(7)   Merge Heap Roots: 0.2ms
[2024-03-06T18:12:52.621+0000][1][gc,phases   ] GC(7)   Evacuate Collection Set: 17.4ms
[2024-03-06T18:12:52.621+0000][1][gc,phases   ] GC(7)   Post Evacuate Collection Set: 2.7ms
[2024-03-06T18:12:52.621+0000][1][gc,phases   ] GC(7)   Other: 0.1ms
[2024-03-06T18:12:52.621+0000][1][gc,age      ] GC(7) Age table with threshold 15 (max threshold 15)
[2024-03-06T18:12:52.621+0000][1][gc,age      ] GC(7) - age   1:    7780304 bytes,    7780304 total
[2024-03-06T18:12:52.621+0000][1][gc,age      ] GC(7) - age   2:    1504360 bytes,    9284664 total
[2024-03-06T18:12:52.621+0000][1][gc,age      ] GC(7) - age   3:     735952 bytes,   10020616 total
[2024-03-06T18:12:52.621+0000][1][gc,age      ] GC(7) - age   4:    1251984 bytes,   11272600 total
[2024-03-06T18:12:52.621+0000][1][gc,age      ] GC(7) - age   5:    1190432 bytes,   12463032 total
[2024-03-06T18:12:52.621+0000][1][gc,heap     ] GC(7) Eden regions: 92->0(294)
[2024-03-06T18:12:52.621+0000][1][gc,heap     ] GC(7) Survivor regions: 6->13(39)
[2024-03-06T18:12:52.621+0000][1][gc,heap     ] GC(7) Old regions: 7->7
[2024-03-06T18:12:52.621+0000][1][gc,heap     ] GC(7) Humongous regions: 3->3
[2024-03-06T18:12:52.621+0000][1][gc,metaspace] GC(7) Metaspace: 59767K(60288K)->59767K(60288K) NonClass: 52294K(52608K)->52294K(52608K) Class: 7472K(7680K)->7472K(7680K)
[2024-03-06T18:12:52.621+0000][1][gc          ] GC(7) Pause Young (Concurrent Start) (Metadata GC Threshold) 106M->21M(512M) 21.321ms
[2024-03-06T18:12:52.621+0000][1][gc,cpu      ] GC(7) User=0.07s Sys=0.01s Real=0.03s
[2024-03-06T18:12:52.621+0000][1][gc          ] GC(8) Concurrent Mark Cycle
[2024-03-06T18:12:52.621+0000][1][gc,marking  ] GC(8) Concurrent Scan Root Regions
[2024-03-06T18:12:52.621+0000][1][safepoint   ] Safepoint "CollectForMetadataAllocation", Time since last: 501260291 ns, Reaching safepoint: 5270 ns, Cleanup: 119394 ns, At safepoint: 21430657 ns, Total: 21555321 ns
[2024-03-06T18:12:52.625+0000][1][gc,marking  ] GC(8) Concurrent Scan Root Regions 4.238ms
[2024-03-06T18:12:52.625+0000][1][gc,marking  ] GC(8) Concurrent Mark
[2024-03-06T18:12:52.626+0000][1][gc,marking  ] GC(8) Concurrent Mark From Roots
[2024-03-06T18:12:52.626+0000][1][gc,task     ] GC(8) Using 3 workers of 3 for marking
[2024-03-06T18:12:52.630+0000][1][gc,marking  ] GC(8) Concurrent Mark From Roots 4.132ms
[2024-03-06T18:12:52.630+0000][1][gc,marking  ] GC(8) Concurrent Preclean
[2024-03-06T18:12:52.630+0000][1][gc,marking  ] GC(8) Concurrent Preclean 0.052ms
[2024-03-06T18:12:52.630+0000][1][gc,start    ] GC(8) Pause Remark
[2024-03-06T18:12:52.634+0000][1][gc          ] GC(8) Pause Remark 22M->22M(512M) 4.219ms
[2024-03-06T18:12:52.634+0000][1][gc,cpu      ] GC(8) User=0.01s Sys=0.00s Real=0.01s
[2024-03-06T18:12:52.634+0000][1][safepoint   ] Safepoint "G1PauseRemark", Time since last: 8575425 ns, Reaching safepoint: 77095 ns, Cleanup: 7284 ns, At safepoint: 4322518 ns, Total: 4406897 ns
[2024-03-06T18:12:52.634+0000][1][gc,marking  ] GC(8) Concurrent Mark 8.759ms
[2024-03-06T18:12:52.634+0000][1][gc,marking  ] GC(8) Concurrent Rebuild Remembered Sets and Scrub Regions
[2024-03-06T18:12:52.636+0000][1][gc,marking  ] GC(8) Concurrent Rebuild Remembered Sets and Scrub Regions 1.241ms
[2024-03-06T18:12:52.636+0000][1][gc,start    ] GC(8) Pause Cleanup
[2024-03-06T18:12:52.636+0000][1][gc          ] GC(8) Pause Cleanup 22M->22M(512M) 0.160ms
[2024-03-06T18:12:52.636+0000][1][gc,cpu      ] GC(8) User=0.00s Sys=0.00s Real=0.00s
[2024-03-06T18:12:52.636+0000][1][safepoint   ] Safepoint "G1PauseCleanup", Time since last: 1379617 ns, Reaching safepoint: 213170 ns, Cleanup: 4248 ns, At safepoint: 207720 ns, Total: 425138 ns
[2024-03-06T18:12:52.636+0000][1][gc,marking  ] GC(8) Concurrent Clear Claimed Marks
[2024-03-06T18:12:52.636+0000][1][gc,marking  ] GC(8) Concurrent Clear Claimed Marks 0.072ms
[2024-03-06T18:12:52.636+0000][1][gc,marking  ] GC(8) Concurrent Cleanup for Next Mark
[2024-03-06T18:12:52.637+0000][1][gc,marking  ] GC(8) Concurrent Cleanup for Next Mark 1.213ms
[2024-03-06T18:12:52.637+0000][1][gc          ] GC(8) Concurrent Mark Cycle 16.294ms
[2024-03-06T18:12:53.024+0000][1][safepoint   ] Safepoint "ICBufferFull", Time since last: 387360630 ns, Reaching safepoint: 250730 ns, Cleanup: 148148 ns, At safepoint: 5791 ns, Total: 404669 ns
[2024-03-06T18:12:53.542+0000][1][gc,heap,exit] Heap
[2024-03-06T18:12:53.542+0000][1][gc,heap,exit]  garbage-first heap   total 524288K, used 92099K [0x00000000e0000000, 0x0000000100000000)
[2024-03-06T18:12:53.542+0000][1][gc,heap,exit]   region size 1024K, 81 young (82944K), 13 survivors (13312K)
[2024-03-06T18:12:53.542+0000][1][gc,heap,exit]  Metaspace       used 71402K, committed 72704K, reserved 1114112K
[2024-03-06T18:12:53.542+0000][1][gc,heap,exit]   class space    used 9431K, committed 10048K, reserved 1048576K
