[2024-03-07T16:54:04.654+0000][1][gc,init] CardTable entry size: 512
[2024-03-07T16:54:04.655+0000][1][gc     ] Using G1
[2024-03-07T16:54:04.666+0000][1][gc,init] Version: 21.0.2+13-LTS (release)
[2024-03-07T16:54:04.666+0000][1][gc,init] CPUs: 12 total, 12 available
[2024-03-07T16:54:04.666+0000][1][gc,init] Memory: 7867M
[2024-03-07T16:54:04.666+0000][1][gc,init] Large Page Support: Disabled
[2024-03-07T16:54:04.666+0000][1][gc,init] NUMA Support: Disabled
[2024-03-07T16:54:04.666+0000][1][gc,init] Compressed Oops: Enabled (32-bit)
[2024-03-07T16:54:04.666+0000][1][gc,init] Heap Region Size: 1M
[2024-03-07T16:54:04.666+0000][1][gc,init] Heap Min Capacity: 1G
[2024-03-07T16:54:04.666+0000][1][gc,init] Heap Initial Capacity: 1G
[2024-03-07T16:54:04.666+0000][1][gc,init] Heap Max Capacity: 1G
[2024-03-07T16:54:04.666+0000][1][gc,init] Pre-touch: Disabled
[2024-03-07T16:54:04.666+0000][1][gc,init] Parallel Workers: 10
[2024-03-07T16:54:04.666+0000][1][gc,init] Concurrent Workers: 3
[2024-03-07T16:54:04.666+0000][1][gc,init] Concurrent Refinement Workers: 10
[2024-03-07T16:54:04.666+0000][1][gc,init] Periodic GC: Disabled
[2024-03-07T16:54:04.666+0000][1][gc,metaspace] CDS archive(s) not mapped
[2024-03-07T16:54:04.666+0000][1][gc,metaspace] Compressed class space mapped at: 0x0000000100000000-0x0000000140000000, reserved size: 1073741824
[2024-03-07T16:54:04.666+0000][1][gc,metaspace] Narrow klass base: 0x0000000000000000, Narrow klass shift: 3, Narrow klass range: 0x140000000
[2024-03-07T16:54:05.676+0000][1][safepoint   ] Safepoint "ICBufferFull", Time since last: 991655975 ns, Reaching safepoint: 11061 ns, Cleanup: 185778 ns, At safepoint: 5120 ns, Total: 201959 ns
[2024-03-07T16:54:05.776+0000][1][gc,start    ] GC(0) Pause Young (Concurrent Start) (Metadata GC Threshold)
[2024-03-07T16:54:05.777+0000][1][gc,task     ] GC(0) Using 10 workers of 10 for evacuation
[2024-03-07T16:54:05.777+0000][1][gc,age      ] GC(0) Desired survivor size 3670016 bytes, new threshold 15 (max threshold 15)
[2024-03-07T16:54:05.801+0000][1][gc,phases   ] GC(0)   Pre Evacuate Collection Set: 0.3ms
[2024-03-07T16:54:05.801+0000][1][gc,phases   ] GC(0)   Merge Heap Roots: 0.1ms
[2024-03-07T16:54:05.801+0000][1][gc,phases   ] GC(0)   Evacuate Collection Set: 18.5ms
[2024-03-07T16:54:05.801+0000][1][gc,phases   ] GC(0)   Post Evacuate Collection Set: 4.2ms
[2024-03-07T16:54:05.801+0000][1][gc,phases   ] GC(0)   Other: 0.9ms
[2024-03-07T16:54:05.801+0000][1][gc,age      ] GC(0) Age table with threshold 15 (max threshold 15)
[2024-03-07T16:54:05.801+0000][1][gc,age      ] GC(0) - age   1:    6953872 bytes,    6953872 total
[2024-03-07T16:54:05.801+0000][1][gc,heap     ] GC(0) Eden regions: 40->0(44)
[2024-03-07T16:54:05.801+0000][1][gc,heap     ] GC(0) Survivor regions: 0->7(7)
[2024-03-07T16:54:05.801+0000][1][gc,heap     ] GC(0) Old regions: 0->1
[2024-03-07T16:54:05.801+0000][1][gc,heap     ] GC(0) Humongous regions: 3->3
[2024-03-07T16:54:05.801+0000][1][gc,metaspace] GC(0) Metaspace: 21260K(21504K)->21260K(21504K) NonClass: 19012K(19136K)->19012K(19136K) Class: 2248K(2368K)->2248K(2368K)
[2024-03-07T16:54:05.801+0000][1][gc          ] GC(0) Pause Young (Concurrent Start) (Metadata GC Threshold) 42M->10M(1024M) 24.701ms
[2024-03-07T16:54:05.801+0000][1][gc,cpu      ] GC(0) User=0.02s Sys=0.13s Real=0.02s
[2024-03-07T16:54:05.801+0000][1][safepoint   ] Safepoint "CollectForMetadataAllocation", Time since last: 100390682 ns, Reaching safepoint: 3346 ns, Cleanup: 44263 ns, At safepoint: 25036471 ns, Total: 25084080 ns
[2024-03-07T16:54:05.802+0000][1][gc          ] GC(1) Concurrent Mark Cycle
[2024-03-07T16:54:05.802+0000][1][gc,marking  ] GC(1) Concurrent Scan Root Regions
[2024-03-07T16:54:05.815+0000][1][gc,marking  ] GC(1) Concurrent Scan Root Regions 13.704ms
[2024-03-07T16:54:05.815+0000][1][gc,marking  ] GC(1) Concurrent Mark
[2024-03-07T16:54:05.815+0000][1][gc,marking  ] GC(1) Concurrent Mark From Roots
[2024-03-07T16:54:05.815+0000][1][gc,task     ] GC(1) Using 3 workers of 3 for marking
[2024-03-07T16:54:05.816+0000][1][gc,marking  ] GC(1) Concurrent Mark From Roots 0.630ms
[2024-03-07T16:54:05.816+0000][1][gc,marking  ] GC(1) Concurrent Preclean
[2024-03-07T16:54:05.816+0000][1][gc,marking  ] GC(1) Concurrent Preclean 0.020ms
[2024-03-07T16:54:05.817+0000][1][gc,start    ] GC(1) Pause Remark
[2024-03-07T16:54:05.821+0000][1][gc          ] GC(1) Pause Remark 11M->11M(1024M) 4.018ms
[2024-03-07T16:54:05.821+0000][1][gc,cpu      ] GC(1) User=0.01s Sys=0.00s Real=0.00s
[2024-03-07T16:54:05.821+0000][1][safepoint   ] Safepoint "G1PauseRemark", Time since last: 14740849 ns, Reaching safepoint: 379863 ns, Cleanup: 2986 ns, At safepoint: 4088037 ns, Total: 4470886 ns
[2024-03-07T16:54:05.821+0000][1][gc,marking  ] GC(1) Concurrent Mark 5.794ms
[2024-03-07T16:54:05.821+0000][1][gc,marking  ] GC(1) Concurrent Rebuild Remembered Sets and Scrub Regions
[2024-03-07T16:54:05.822+0000][1][gc,marking  ] GC(1) Concurrent Rebuild Remembered Sets and Scrub Regions 0.757ms
[2024-03-07T16:54:05.822+0000][1][gc,start    ] GC(1) Pause Cleanup
[2024-03-07T16:54:05.822+0000][1][gc          ] GC(1) Pause Cleanup 11M->11M(1024M) 0.196ms
[2024-03-07T16:54:05.822+0000][1][gc,cpu      ] GC(1) User=0.00s Sys=0.00s Real=0.00s
[2024-03-07T16:54:05.822+0000][1][safepoint   ] Safepoint "G1PauseCleanup", Time since last: 1373286 ns, Reaching safepoint: 138530 ns, Cleanup: 2344 ns, At safepoint: 242666 ns, Total: 383540 ns
[2024-03-07T16:54:05.822+0000][1][gc,marking  ] GC(1) Concurrent Clear Claimed Marks
[2024-03-07T16:54:05.823+0000][1][gc,marking  ] GC(1) Concurrent Clear Claimed Marks 0.028ms
[2024-03-07T16:54:05.823+0000][1][gc,marking  ] GC(1) Concurrent Cleanup for Next Mark
[2024-03-07T16:54:05.834+0000][1][gc,marking  ] GC(1) Concurrent Cleanup for Next Mark 11.938ms
[2024-03-07T16:54:05.835+0000][1][gc          ] GC(1) Concurrent Mark Cycle 32.950ms
[2024-03-07T16:54:06.303+0000][1][gc,start    ] GC(2) Pause Young (Normal) (G1 Evacuation Pause)
[2024-03-07T16:54:06.303+0000][1][gc,task     ] GC(2) Using 10 workers of 10 for evacuation
[2024-03-07T16:54:06.303+0000][1][gc,age      ] GC(2) Desired survivor size 3670016 bytes, new threshold 1 (max threshold 15)
[2024-03-07T16:54:06.320+0000][1][gc,phases   ] GC(2)   Pre Evacuate Collection Set: 0.2ms
[2024-03-07T16:54:06.320+0000][1][gc,phases   ] GC(2)   Merge Heap Roots: 0.1ms
[2024-03-07T16:54:06.320+0000][1][gc,phases   ] GC(2)   Evacuate Collection Set: 16.5ms
[2024-03-07T16:54:06.320+0000][1][gc,phases   ] GC(2)   Post Evacuate Collection Set: 0.7ms
[2024-03-07T16:54:06.320+0000][1][gc,phases   ] GC(2)   Other: 0.1ms
[2024-03-07T16:54:06.320+0000][1][gc,age      ] GC(2) Age table with threshold 1 (max threshold 15)
[2024-03-07T16:54:06.320+0000][1][gc,age      ] GC(2) - age   1:    1271440 bytes,    1271440 total
[2024-03-07T16:54:06.320+0000][1][gc,heap     ] GC(2) Eden regions: 44->0(63)
[2024-03-07T16:54:06.320+0000][1][gc,heap     ] GC(2) Survivor regions: 7->2(7)
[2024-03-07T16:54:06.320+0000][1][gc,heap     ] GC(2) Old regions: 1->8
[2024-03-07T16:54:06.320+0000][1][gc,heap     ] GC(2) Humongous regions: 3->3
[2024-03-07T16:54:06.320+0000][1][gc,metaspace] GC(2) Metaspace: 29332K(29696K)->29332K(29696K) NonClass: 26155K(26368K)->26155K(26368K) Class: 3177K(3328K)->3177K(3328K)
[2024-03-07T16:54:06.321+0000][1][gc          ] GC(2) Pause Young (Normal) (G1 Evacuation Pause) 54M->12M(1024M) 17.822ms
[2024-03-07T16:54:06.321+0000][1][gc,cpu      ] GC(2) User=0.05s Sys=0.07s Real=0.02s
[2024-03-07T16:54:06.321+0000][1][safepoint   ] Safepoint "G1CollectForAllocation", Time since last: 480140507 ns, Reaching safepoint: 4458 ns, Cleanup: 68328 ns, At safepoint: 17873436 ns, Total: 17946222 ns
[2024-03-07T16:54:06.674+0000][1][gc,start    ] GC(3) Pause Young (Normal) (G1 Evacuation Pause)
[2024-03-07T16:54:06.675+0000][1][gc,task     ] GC(3) Using 10 workers of 10 for evacuation
[2024-03-07T16:54:06.675+0000][1][gc,age      ] GC(3) Desired survivor size 4718592 bytes, new threshold 15 (max threshold 15)
[2024-03-07T16:54:06.689+0000][1][gc,phases   ] GC(3)   Pre Evacuate Collection Set: 1.0ms
[2024-03-07T16:54:06.689+0000][1][gc,phases   ] GC(3)   Merge Heap Roots: 0.1ms
[2024-03-07T16:54:06.689+0000][1][gc,phases   ] GC(3)   Evacuate Collection Set: 11.1ms
[2024-03-07T16:54:06.689+0000][1][gc,phases   ] GC(3)   Post Evacuate Collection Set: 2.0ms
[2024-03-07T16:54:06.689+0000][1][gc,phases   ] GC(3)   Other: 0.1ms
[2024-03-07T16:54:06.689+0000][1][gc,age      ] GC(3) Age table with threshold 15 (max threshold 15)
[2024-03-07T16:54:06.689+0000][1][gc,age      ] GC(3) - age   1:    2380944 bytes,    2380944 total
[2024-03-07T16:54:06.689+0000][1][gc,age      ] GC(3) - age   2:    1217808 bytes,    3598752 total
[2024-03-07T16:54:06.689+0000][1][gc,heap     ] GC(3) Eden regions: 63->0(610)
[2024-03-07T16:54:06.689+0000][1][gc,heap     ] GC(3) Survivor regions: 2->4(9)
[2024-03-07T16:54:06.689+0000][1][gc,heap     ] GC(3) Old regions: 8->8
[2024-03-07T16:54:06.689+0000][1][gc,heap     ] GC(3) Humongous regions: 3->3
[2024-03-07T16:54:06.689+0000][1][gc,metaspace] GC(3) Metaspace: 32601K(33024K)->32601K(33024K) NonClass: 28978K(29248K)->28978K(29248K) Class: 3623K(3776K)->3623K(3776K)
[2024-03-07T16:54:06.689+0000][1][gc          ] GC(3) Pause Young (Normal) (G1 Evacuation Pause) 75M->14M(1024M) 14.739ms
[2024-03-07T16:54:06.689+0000][1][gc,cpu      ] GC(3) User=0.07s Sys=0.02s Real=0.02s
[2024-03-07T16:54:06.689+0000][1][safepoint   ] Safepoint "G1CollectForAllocation", Time since last: 353602590 ns, Reaching safepoint: 9749 ns, Cleanup: 172834 ns, At safepoint: 14813265 ns, Total: 14995848 ns
[2024-03-07T16:54:07.219+0000][1][gc,start    ] GC(4) Pause Young (Concurrent Start) (Metadata GC Threshold)
[2024-03-07T16:54:07.219+0000][1][gc,task     ] GC(4) Using 10 workers of 10 for evacuation
[2024-03-07T16:54:07.219+0000][1][gc,age      ] GC(4) Desired survivor size 40370176 bytes, new threshold 15 (max threshold 15)
[2024-03-07T16:54:07.234+0000][1][gc,phases   ] GC(4)   Pre Evacuate Collection Set: 0.4ms
[2024-03-07T16:54:07.234+0000][1][gc,phases   ] GC(4)   Merge Heap Roots: 0.1ms
[2024-03-07T16:54:07.234+0000][1][gc,phases   ] GC(4)   Evacuate Collection Set: 13.0ms
[2024-03-07T16:54:07.234+0000][1][gc,phases   ] GC(4)   Post Evacuate Collection Set: 1.4ms
[2024-03-07T16:54:07.234+0000][1][gc,phases   ] GC(4)   Other: 0.2ms
[2024-03-07T16:54:07.234+0000][1][gc,age      ] GC(4) Age table with threshold 15 (max threshold 15)
[2024-03-07T16:54:07.234+0000][1][gc,age      ] GC(4) - age   1:    1677768 bytes,    1677768 total
[2024-03-07T16:54:07.234+0000][1][gc,age      ] GC(4) - age   2:     960392 bytes,    2638160 total
[2024-03-07T16:54:07.234+0000][1][gc,age      ] GC(4) - age   3:    1205080 bytes,    3843240 total
[2024-03-07T16:54:07.234+0000][1][gc,heap     ] GC(4) Eden regions: 114->0(610)
[2024-03-07T16:54:07.234+0000][1][gc,heap     ] GC(4) Survivor regions: 4->4(77)
[2024-03-07T16:54:07.234+0000][1][gc,heap     ] GC(4) Old regions: 8->8
[2024-03-07T16:54:07.234+0000][1][gc,heap     ] GC(4) Humongous regions: 3->3
[2024-03-07T16:54:07.234+0000][1][gc,metaspace] GC(4) Metaspace: 35603K(35968K)->35603K(35968K) NonClass: 31613K(31808K)->31613K(31808K) Class: 3989K(4160K)->3989K(4160K)
[2024-03-07T16:54:07.234+0000][1][gc          ] GC(4) Pause Young (Concurrent Start) (Metadata GC Threshold) 128M->14M(1024M) 15.533ms
[2024-03-07T16:54:07.234+0000][1][gc,cpu      ] GC(4) User=0.03s Sys=0.00s Real=0.01s
[2024-03-07T16:54:07.234+0000][1][safepoint   ] Safepoint "CollectForMetadataAllocation", Time since last: 529557138 ns, Reaching safepoint: 7343 ns, Cleanup: 111600 ns, At safepoint: 15648932 ns, Total: 15767875 ns
[2024-03-07T16:54:07.235+0000][1][gc          ] GC(5) Concurrent Mark Cycle
[2024-03-07T16:54:07.235+0000][1][gc,marking  ] GC(5) Concurrent Scan Root Regions
[2024-03-07T16:54:07.241+0000][1][gc,marking  ] GC(5) Concurrent Scan Root Regions 6.799ms
[2024-03-07T16:54:07.241+0000][1][gc,marking  ] GC(5) Concurrent Mark
[2024-03-07T16:54:07.241+0000][1][gc,marking  ] GC(5) Concurrent Mark From Roots
[2024-03-07T16:54:07.241+0000][1][gc,task     ] GC(5) Using 3 workers of 3 for marking
[2024-03-07T16:54:07.252+0000][1][gc,marking  ] GC(5) Concurrent Mark From Roots 10.956ms
[2024-03-07T16:54:07.253+0000][1][gc,marking  ] GC(5) Concurrent Preclean
[2024-03-07T16:54:07.253+0000][1][gc,marking  ] GC(5) Concurrent Preclean 0.101ms
[2024-03-07T16:54:07.254+0000][1][gc,start    ] GC(5) Pause Remark
[2024-03-07T16:54:07.261+0000][1][gc          ] GC(5) Pause Remark 15M->15M(1024M) 7.138ms
[2024-03-07T16:54:07.261+0000][1][gc,cpu      ] GC(5) User=0.01s Sys=0.00s Real=0.01s
[2024-03-07T16:54:07.266+0000][1][safepoint   ] Safepoint "G1PauseRemark", Time since last: 18417085 ns, Reaching safepoint: 873258 ns, Cleanup: 15058 ns, At safepoint: 11761622 ns, Total: 12649938 ns
[2024-03-07T16:54:07.270+0000][1][gc,marking  ] GC(5) Concurrent Mark 28.266ms
[2024-03-07T16:54:07.270+0000][1][gc,marking  ] GC(5) Concurrent Rebuild Remembered Sets and Scrub Regions
[2024-03-07T16:54:07.273+0000][1][gc,marking  ] GC(5) Concurrent Rebuild Remembered Sets and Scrub Regions 3.586ms
[2024-03-07T16:54:07.274+0000][1][gc,start    ] GC(5) Pause Cleanup
[2024-03-07T16:54:07.276+0000][1][gc          ] GC(5) Pause Cleanup 15M->15M(1024M) 2.104ms
[2024-03-07T16:54:07.276+0000][1][gc,cpu      ] GC(5) User=0.00s Sys=0.00s Real=0.01s
[2024-03-07T16:54:07.276+0000][1][safepoint   ] Safepoint "G1PauseCleanup", Time since last: 8317010 ns, Reaching safepoint: 9057 ns, Cleanup: 8686 ns, At safepoint: 2239160 ns, Total: 2256903 ns
[2024-03-07T16:54:07.285+0000][1][gc,marking  ] GC(5) Concurrent Clear Claimed Marks
[2024-03-07T16:54:07.285+0000][1][gc,marking  ] GC(5) Concurrent Clear Claimed Marks 0.139ms
[2024-03-07T16:54:07.285+0000][1][gc,marking  ] GC(5) Concurrent Cleanup for Next Mark
[2024-03-07T16:54:07.291+0000][1][gc,marking  ] GC(5) Concurrent Cleanup for Next Mark 6.431ms
[2024-03-07T16:54:07.291+0000][1][gc          ] GC(5) Concurrent Mark Cycle 56.891ms
[2024-03-07T16:54:08.095+0000][1][safepoint   ] Safepoint "ICBufferFull", Time since last: 819169032 ns, Reaching safepoint: 5580 ns, Cleanup: 133992 ns, At safepoint: 3256 ns, Total: 142828 ns
[2024-03-07T16:54:08.634+0000][1][safepoint   ] Safepoint "ICBufferFull", Time since last: 538856049 ns, Reaching safepoint: 5100 ns, Cleanup: 129353 ns, At safepoint: 3717 ns, Total: 138170 ns
[2024-03-07T16:54:09.236+0000][1][gc,start    ] GC(6) Pause Young (Prepare Mixed) (Metadata GC Threshold)
[2024-03-07T16:54:09.237+0000][1][gc,task     ] GC(6) Using 10 workers of 10 for evacuation
[2024-03-07T16:54:09.237+0000][1][gc,age      ] GC(6) Desired survivor size 40370176 bytes, new threshold 15 (max threshold 15)
[2024-03-07T16:54:09.245+0000][1][gc,phases   ] GC(6)   Pre Evacuate Collection Set: 0.2ms
[2024-03-07T16:54:09.245+0000][1][gc,phases   ] GC(6)   Merge Heap Roots: 0.1ms
[2024-03-07T16:54:09.245+0000][1][gc,phases   ] GC(6)   Evacuate Collection Set: 6.9ms
[2024-03-07T16:54:09.245+0000][1][gc,phases   ] GC(6)   Post Evacuate Collection Set: 0.9ms
[2024-03-07T16:54:09.245+0000][1][gc,phases   ] GC(6)   Other: 0.1ms
[2024-03-07T16:54:09.245+0000][1][gc,age      ] GC(6) Age table with threshold 15 (max threshold 15)
[2024-03-07T16:54:09.245+0000][1][gc,age      ] GC(6) - age   1:    6906248 bytes,    6906248 total
[2024-03-07T16:54:09.245+0000][1][gc,age      ] GC(6) - age   2:    1202568 bytes,    8108816 total
[2024-03-07T16:54:09.245+0000][1][gc,age      ] GC(6) - age   3:     908672 bytes,    9017488 total
[2024-03-07T16:54:09.245+0000][1][gc,age      ] GC(6) - age   4:    1160952 bytes,   10178440 total
[2024-03-07T16:54:09.245+0000][1][gc,heap     ] GC(6) Eden regions: 90->0(603)
[2024-03-07T16:54:09.245+0000][1][gc,heap     ] GC(6) Survivor regions: 4->11(77)
[2024-03-07T16:54:09.245+0000][1][gc,heap     ] GC(6) Old regions: 8->8
[2024-03-07T16:54:09.245+0000][1][gc,heap     ] GC(6) Humongous regions: 3->3
[2024-03-07T16:54:09.245+0000][1][gc,metaspace] GC(6) Metaspace: 59488K(60096K)->59488K(60096K) NonClass: 52021K(52352K)->52021K(52352K) Class: 7467K(7744K)->7467K(7744K)
[2024-03-07T16:54:09.245+0000][1][gc          ] GC(6) Pause Young (Prepare Mixed) (Metadata GC Threshold) 104M->21M(1024M) 8.432ms
[2024-03-07T16:54:09.245+0000][1][gc,cpu      ] GC(6) User=0.06s Sys=0.00s Real=0.01s
[2024-03-07T16:54:09.245+0000][1][safepoint   ] Safepoint "CollectForMetadataAllocation", Time since last: 601947029 ns, Reaching safepoint: 5470 ns, Cleanup: 89969 ns, At safepoint: 8546590 ns, Total: 8642029 ns
[2024-03-07T16:54:09.338+0000][1][gc,start    ] GC(7) Pause Young (Mixed) (Metadata GC Threshold)
[2024-03-07T16:54:09.338+0000][1][gc,task     ] GC(7) Using 10 workers of 10 for evacuation
[2024-03-07T16:54:09.338+0000][1][gc,age      ] GC(7) Desired survivor size 40370176 bytes, new threshold 15 (max threshold 15)
[2024-03-07T16:54:09.348+0000][1][gc,phases   ] GC(7)   Pre Evacuate Collection Set: 0.2ms
[2024-03-07T16:54:09.348+0000][1][gc,phases   ] GC(7)   Merge Heap Roots: 0.1ms
[2024-03-07T16:54:09.348+0000][1][gc,phases   ] GC(7)   Evacuate Collection Set: 8.2ms
[2024-03-07T16:54:09.348+0000][1][gc,phases   ] GC(7)   Post Evacuate Collection Set: 0.8ms
[2024-03-07T16:54:09.348+0000][1][gc,phases   ] GC(7)   Other: 0.1ms
[2024-03-07T16:54:09.348+0000][1][gc,age      ] GC(7) Age table with threshold 15 (max threshold 15)
[2024-03-07T16:54:09.348+0000][1][gc,age      ] GC(7) - age   1:    1107424 bytes,    1107424 total
[2024-03-07T16:54:09.348+0000][1][gc,age      ] GC(7) - age   2:    6726040 bytes,    7833464 total
[2024-03-07T16:54:09.348+0000][1][gc,age      ] GC(7) - age   3:    1202536 bytes,    9036000 total
[2024-03-07T16:54:09.348+0000][1][gc,age      ] GC(7) - age   4:     908672 bytes,    9944672 total
[2024-03-07T16:54:09.348+0000][1][gc,age      ] GC(7) - age   5:    1160952 bytes,   11105624 total
[2024-03-07T16:54:09.348+0000][1][gc,heap     ] GC(7) Eden regions: 4->0(588)
[2024-03-07T16:54:09.348+0000][1][gc,heap     ] GC(7) Survivor regions: 11->12(77)
[2024-03-07T16:54:09.348+0000][1][gc,heap     ] GC(7) Old regions: 8->8
[2024-03-07T16:54:09.348+0000][1][gc,heap     ] GC(7) Humongous regions: 3->3
[2024-03-07T16:54:09.348+0000][1][gc,metaspace] GC(7) Metaspace: 59833K(60416K)->59833K(60416K) NonClass: 52344K(52672K)->52344K(52672K) Class: 7489K(7744K)->7489K(7744K)
[2024-03-07T16:54:09.348+0000][1][gc          ] GC(7) Pause Young (Mixed) (Metadata GC Threshold) 25M->22M(1024M) 9.642ms
[2024-03-07T16:54:09.348+0000][1][gc,cpu      ] GC(7) User=0.06s Sys=0.01s Real=0.01s
[2024-03-07T16:54:09.348+0000][1][safepoint   ] Safepoint "CollectForMetadataAllocation", Time since last: 93035076 ns, Reaching safepoint: 8145 ns, Cleanup: 13295 ns, At safepoint: 9723348 ns, Total: 9744788 ns
[2024-03-07T16:54:09.371+0000][1][gc,start    ] GC(8) Pause Young (Concurrent Start) (Metadata GC Threshold)
[2024-03-07T16:54:09.372+0000][1][gc,task     ] GC(8) Using 10 workers of 10 for evacuation
[2024-03-07T16:54:09.372+0000][1][gc,age      ] GC(8) Desired survivor size 39321600 bytes, new threshold 15 (max threshold 15)
[2024-03-07T16:54:09.384+0000][1][gc,phases   ] GC(8)   Pre Evacuate Collection Set: 0.4ms
[2024-03-07T16:54:09.384+0000][1][gc,phases   ] GC(8)   Merge Heap Roots: 0.1ms
[2024-03-07T16:54:09.384+0000][1][gc,phases   ] GC(8)   Evacuate Collection Set: 10.6ms
[2024-03-07T16:54:09.384+0000][1][gc,phases   ] GC(8)   Post Evacuate Collection Set: 1.1ms
[2024-03-07T16:54:09.384+0000][1][gc,phases   ] GC(8)   Other: 0.3ms
[2024-03-07T16:54:09.384+0000][1][gc,age      ] GC(8) Age table with threshold 15 (max threshold 15)
[2024-03-07T16:54:09.384+0000][1][gc,age      ] GC(8) - age   1:     279032 bytes,     279032 total
[2024-03-07T16:54:09.384+0000][1][gc,age      ] GC(8) - age   2:     973728 bytes,    1252760 total
[2024-03-07T16:54:09.384+0000][1][gc,age      ] GC(8) - age   3:    6726040 bytes,    7978800 total
[2024-03-07T16:54:09.384+0000][1][gc,age      ] GC(8) - age   4:    1202536 bytes,    9181336 total
[2024-03-07T16:54:09.384+0000][1][gc,age      ] GC(8) - age   5:     908672 bytes,   10090008 total
[2024-03-07T16:54:09.384+0000][1][gc,age      ] GC(8) - age   6:    1160952 bytes,   11250960 total
[2024-03-07T16:54:09.384+0000][1][gc,heap     ] GC(8) Eden regions: 2->0(602)
[2024-03-07T16:54:09.384+0000][1][gc,heap     ] GC(8) Survivor regions: 12->12(75)
[2024-03-07T16:54:09.384+0000][1][gc,heap     ] GC(8) Old regions: 8->8
[2024-03-07T16:54:09.384+0000][1][gc,heap     ] GC(8) Humongous regions: 3->3
[2024-03-07T16:54:09.384+0000][1][gc,metaspace] GC(8) Metaspace: 60119K(60736K)->60119K(60736K) NonClass: 52607K(52928K)->52607K(52928K) Class: 7511K(7808K)->7511K(7808K)
[2024-03-07T16:54:09.384+0000][1][gc          ] GC(8) Pause Young (Concurrent Start) (Metadata GC Threshold) 24M->22M(1024M) 12.934ms
[2024-03-07T16:54:09.384+0000][1][gc,cpu      ] GC(8) User=0.04s Sys=0.00s Real=0.01s
[2024-03-07T16:54:09.384+0000][1][gc          ] GC(9) Concurrent Mark Cycle
[2024-03-07T16:54:09.384+0000][1][gc,marking  ] GC(9) Concurrent Scan Root Regions
[2024-03-07T16:54:09.385+0000][1][safepoint   ] Safepoint "CollectForMetadataAllocation", Time since last: 23605226 ns, Reaching safepoint: 7635 ns, Cleanup: 46918 ns, At safepoint: 13058223 ns, Total: 13112776 ns
[2024-03-07T16:54:09.390+0000][1][gc,marking  ] GC(9) Concurrent Scan Root Regions 5.093ms
[2024-03-07T16:54:09.390+0000][1][gc,marking  ] GC(9) Concurrent Mark
[2024-03-07T16:54:09.390+0000][1][gc,marking  ] GC(9) Concurrent Mark From Roots
[2024-03-07T16:54:09.390+0000][1][gc,task     ] GC(9) Using 3 workers of 3 for marking
[2024-03-07T16:54:09.394+0000][1][gc,marking  ] GC(9) Concurrent Mark From Roots 3.620ms
[2024-03-07T16:54:09.394+0000][1][gc,marking  ] GC(9) Concurrent Preclean
[2024-03-07T16:54:09.394+0000][1][gc,marking  ] GC(9) Concurrent Preclean 0.075ms
[2024-03-07T16:54:09.398+0000][1][gc,start    ] GC(9) Pause Remark
[2024-03-07T16:54:09.405+0000][1][gc          ] GC(9) Pause Remark 23M->23M(1024M) 6.555ms
[2024-03-07T16:54:09.405+0000][1][gc,cpu      ] GC(9) User=0.02s Sys=0.00s Real=0.01s
[2024-03-07T16:54:09.405+0000][1][safepoint   ] Safepoint "G1PauseRemark", Time since last: 10224688 ns, Reaching safepoint: 3387234 ns, Cleanup: 28513 ns, At safepoint: 6684077 ns, Total: 10099824 ns
[2024-03-07T16:54:09.405+0000][1][gc,marking  ] GC(9) Concurrent Mark 14.978ms
[2024-03-07T16:54:09.405+0000][1][gc,marking  ] GC(9) Concurrent Rebuild Remembered Sets and Scrub Regions
[2024-03-07T16:54:09.407+0000][1][gc,marking  ] GC(9) Concurrent Rebuild Remembered Sets and Scrub Regions 2.074ms
[2024-03-07T16:54:09.408+0000][1][gc,start    ] GC(9) Pause Cleanup
[2024-03-07T16:54:09.408+0000][1][gc          ] GC(9) Pause Cleanup 23M->23M(1024M) 0.303ms
[2024-03-07T16:54:09.408+0000][1][gc,cpu      ] GC(9) User=0.00s Sys=0.00s Real=0.00s
[2024-03-07T16:54:09.408+0000][1][safepoint   ] Safepoint "G1PauseCleanup", Time since last: 2825981 ns, Reaching safepoint: 79980 ns, Cleanup: 8146 ns, At safepoint: 363471 ns, Total: 451597 ns
[2024-03-07T16:54:09.408+0000][1][gc,marking  ] GC(9) Concurrent Clear Claimed Marks
[2024-03-07T16:54:09.408+0000][1][gc,marking  ] GC(9) Concurrent Clear Claimed Marks 0.083ms
[2024-03-07T16:54:09.408+0000][1][gc,marking  ] GC(9) Concurrent Cleanup for Next Mark
[2024-03-07T16:54:09.411+0000][1][gc,marking  ] GC(9) Concurrent Cleanup for Next Mark 2.729ms
[2024-03-07T16:54:09.411+0000][1][gc          ] GC(9) Concurrent Mark Cycle 26.619ms
[2024-03-07T16:54:09.843+0000][1][safepoint   ] Safepoint "ICBufferFull", Time since last: 434268445 ns, Reaching safepoint: 79550 ns, Cleanup: 161703 ns, At safepoint: 5631 ns, Total: 246884 ns
[2024-03-07T16:54:10.455+0000][1][safepoint   ] Safepoint "ICBufferFull", Time since last: 611994434 ns, Reaching safepoint: 93095 ns, Cleanup: 218941 ns, At safepoint: 8506 ns, Total: 320542 ns
[2024-03-07T16:54:10.913+0000][1][safepoint   ] Safepoint "ICBufferFull", Time since last: 457973959 ns, Reaching safepoint: 12213 ns, Cleanup: 153298 ns, At safepoint: 4829 ns, Total: 170340 ns
[2024-03-07T16:54:11.288+0000][1][safepoint   ] Safepoint "ICBufferFull", Time since last: 375202115 ns, Reaching safepoint: 13766 ns, Cleanup: 107912 ns, At safepoint: 5570 ns, Total: 127248 ns
[2024-03-07T16:54:12.314+0000][1][safepoint   ] Safepoint "Cleanup", Time since last: 1025228817 ns, Reaching safepoint: 12063 ns, Cleanup: 65733 ns, At safepoint: 3847 ns, Total: 81643 ns
[2024-03-07T16:54:13.314+0000][1][safepoint   ] Safepoint "Cleanup", Time since last: 1000161569 ns, Reaching safepoint: 15028 ns, Cleanup: 13735 ns, At safepoint: 3437 ns, Total: 32200 ns
[2024-03-07T16:54:14.314+0000][1][safepoint   ] Safepoint "Cleanup", Time since last: 1000130700 ns, Reaching safepoint: 15419 ns, Cleanup: 21380 ns, At safepoint: 3066 ns, Total: 39865 ns
[2024-03-07T16:54:15.314+0000][1][safepoint   ] Safepoint "Cleanup", Time since last: 1000145157 ns, Reaching safepoint: 16912 ns, Cleanup: 32241 ns, At safepoint: 5129 ns, Total: 54282 ns
[2024-03-07T16:54:17.315+0000][1][safepoint   ] Safepoint "Cleanup", Time since last: 2000238768 ns, Reaching safepoint: 11141 ns, Cleanup: 15059 ns, At safepoint: 3877 ns, Total: 30077 ns
[2024-03-07T16:54:18.315+0000][1][safepoint   ] Safepoint "Cleanup", Time since last: 1000169894 ns, Reaching safepoint: 15279 ns, Cleanup: 19406 ns, At safepoint: 3867 ns, Total: 38552 ns
[2024-03-07T16:54:19.315+0000][1][safepoint   ] Safepoint "Cleanup", Time since last: 1000127775 ns, Reaching safepoint: 10399 ns, Cleanup: 12143 ns, At safepoint: 3336 ns, Total: 25878 ns
[2024-03-07T16:54:20.852+0000][1][safepoint   ] Safepoint "Cleanup", Time since last: 1537326326 ns, Reaching safepoint: 12604 ns, Cleanup: 50314 ns, At safepoint: 2805 ns, Total: 65723 ns
[2024-03-07T16:54:23.853+0000][1][safepoint   ] Safepoint "Cleanup", Time since last: 3000262257 ns, Reaching safepoint: 15780 ns, Cleanup: 17443 ns, At safepoint: 4959 ns, Total: 38182 ns
[2024-03-07T16:54:24.854+0000][1][safepoint   ] Safepoint "Cleanup", Time since last: 1000966658 ns, Reaching safepoint: 35577 ns, Cleanup: 65733 ns, At safepoint: 9268 ns, Total: 110578 ns
[2024-03-07T16:54:25.854+0000][1][safepoint   ] Safepoint "Cleanup", Time since last: 1000319985 ns, Reaching safepoint: 51296 ns, Cleanup: 14097 ns, At safepoint: 4227 ns, Total: 69620 ns
[2024-03-07T16:54:30.855+0000][1][safepoint   ] Safepoint "Cleanup", Time since last: 5000434211 ns, Reaching safepoint: 48882 ns, Cleanup: 24005 ns, At safepoint: 16421 ns, Total: 89308 ns
[2024-03-07T16:54:33.855+0000][1][safepoint   ] Safepoint "Cleanup", Time since last: 3000396769 ns, Reaching safepoint: 16230 ns, Cleanup: 21731 ns, At safepoint: 5711 ns, Total: 43672 ns
[2024-03-07T16:54:34.855+0000][1][safepoint   ] Safepoint "Cleanup", Time since last: 1000134477 ns, Reaching safepoint: 16481 ns, Cleanup: 21421 ns, At safepoint: 4548 ns, Total: 42450 ns
[2024-03-07T16:54:35.855+0000][1][safepoint   ] Safepoint "Cleanup", Time since last: 1000167220 ns, Reaching safepoint: 17573 ns, Cleanup: 20438 ns, At safepoint: 4819 ns, Total: 42830 ns
[2024-03-07T16:54:36.856+0000][1][safepoint   ] Safepoint "Cleanup", Time since last: 1000141732 ns, Reaching safepoint: 52689 ns, Cleanup: 13234 ns, At safepoint: 5210 ns, Total: 71133 ns
[2024-03-07T16:54:37.856+0000][1][safepoint   ] Safepoint "Cleanup", Time since last: 1000127754 ns, Reaching safepoint: 19998 ns, Cleanup: 12483 ns, At safepoint: 2665 ns, Total: 35146 ns
[2024-03-07T16:54:39.856+0000][1][safepoint   ] Safepoint "Cleanup", Time since last: 2000207029 ns, Reaching safepoint: 22602 ns, Cleanup: 20699 ns, At safepoint: 3607 ns, Total: 46908 ns
[2024-03-07T16:54:40.856+0000][1][safepoint   ] Safepoint "Cleanup", Time since last: 1000131742 ns, Reaching safepoint: 22312 ns, Cleanup: 30026 ns, At safepoint: 3948 ns, Total: 56286 ns
[2024-03-07T16:54:41.856+0000][1][safepoint   ] Safepoint "Cleanup", Time since last: 1000133195 ns, Reaching safepoint: 44263 ns, Cleanup: 19146 ns, At safepoint: 2765 ns, Total: 66174 ns
[2024-03-07T16:54:45.857+0000][1][safepoint   ] Safepoint "Cleanup", Time since last: 4000313658 ns, Reaching safepoint: 23865 ns, Cleanup: 9668 ns, At safepoint: 4308 ns, Total: 37841 ns
[2024-03-07T16:54:46.857+0000][1][safepoint   ] Safepoint "Cleanup", Time since last: 1000136972 ns, Reaching safepoint: 13205 ns, Cleanup: 16270 ns, At safepoint: 3036 ns, Total: 32511 ns
[2024-03-07T16:54:48.857+0000][1][safepoint   ] Safepoint "Cleanup", Time since last: 2000186050 ns, Reaching safepoint: 12704 ns, Cleanup: 18926 ns, At safepoint: 3366 ns, Total: 34996 ns
[2024-03-07T16:54:49.857+0000][1][safepoint   ] Safepoint "Cleanup", Time since last: 1000141149 ns, Reaching safepoint: 15369 ns, Cleanup: 15059 ns, At safepoint: 4879 ns, Total: 35307 ns
[2024-03-07T16:54:50.858+0000][1][safepoint   ] Safepoint "Cleanup", Time since last: 1000127303 ns, Reaching safepoint: 48981 ns, Cleanup: 18365 ns, At safepoint: 4629 ns, Total: 71975 ns
[2024-03-07T16:54:51.858+0000][1][safepoint   ] Safepoint "Cleanup", Time since last: 1000148252 ns, Reaching safepoint: 15780 ns, Cleanup: 18645 ns, At safepoint: 4829 ns, Total: 39254 ns
[2024-03-07T16:54:53.858+0000][1][safepoint   ] Safepoint "Cleanup", Time since last: 2000224874 ns, Reaching safepoint: 16982 ns, Cleanup: 12674 ns, At safepoint: 4478 ns, Total: 34134 ns
[2024-03-07T16:54:54.858+0000][1][safepoint   ] Safepoint "Cleanup", Time since last: 1000160096 ns, Reaching safepoint: 12764 ns, Cleanup: 15770 ns, At safepoint: 3156 ns, Total: 31690 ns
[2024-03-07T16:54:55.858+0000][1][safepoint   ] Safepoint "Cleanup", Time since last: 1000121260 ns, Reaching safepoint: 45015 ns, Cleanup: 10840 ns, At safepoint: 3467 ns, Total: 59322 ns
[2024-03-07T16:54:57.859+0000][1][safepoint   ] Safepoint "Cleanup", Time since last: 2000204094 ns, Reaching safepoint: 17834 ns, Cleanup: 14938 ns, At safepoint: 4799 ns, Total: 37571 ns
[2024-03-07T16:54:58.859+0000][1][safepoint   ] Safepoint "Cleanup", Time since last: 1000138023 ns, Reaching safepoint: 13175 ns, Cleanup: 12253 ns, At safepoint: 4037 ns, Total: 29465 ns
[2024-03-07T16:54:59.859+0000][1][safepoint   ] Safepoint "Cleanup", Time since last: 1000123487 ns, Reaching safepoint: 16181 ns, Cleanup: 24776 ns, At safepoint: 3827 ns, Total: 44784 ns
[2024-03-07T16:55:00.859+0000][1][safepoint   ] Safepoint "Cleanup", Time since last: 1000125992 ns, Reaching safepoint: 49322 ns, Cleanup: 14788 ns, At safepoint: 11221 ns, Total: 75331 ns
[2024-03-07T16:55:02.859+0000][1][safepoint   ] Safepoint "Cleanup", Time since last: 2000195447 ns, Reaching safepoint: 21180 ns, Cleanup: 27431 ns, At safepoint: 5921 ns, Total: 54532 ns
[2024-03-07T16:55:03.860+0000][1][safepoint   ] Safepoint "Cleanup", Time since last: 1000162782 ns, Reaching safepoint: 16220 ns, Cleanup: 18866 ns, At safepoint: 5099 ns, Total: 40185 ns
[2024-03-07T16:55:05.747+0000][1][safepoint   ] Safepoint "Cleanup", Time since last: 1887159987 ns, Reaching safepoint: 15810 ns, Cleanup: 25387 ns, At safepoint: 3998 ns, Total: 45195 ns
[2024-03-07T16:55:06.747+0000][1][safepoint   ] Safepoint "Cleanup", Time since last: 1000291812 ns, Reaching safepoint: 57127 ns, Cleanup: 10159 ns, At safepoint: 4910 ns, Total: 72196 ns
[2024-03-07T16:55:07.748+0000][1][safepoint   ] Safepoint "Cleanup", Time since last: 1000285630 ns, Reaching safepoint: 15219 ns, Cleanup: 13325 ns, At safepoint: 4769 ns, Total: 33313 ns
[2024-03-07T16:55:10.748+0000][1][safepoint   ] Safepoint "Cleanup", Time since last: 3000708375 ns, Reaching safepoint: 22122 ns, Cleanup: 30958 ns, At safepoint: 6091 ns, Total: 59171 ns
[2024-03-07T16:55:11.749+0000][1][safepoint   ] Safepoint "Cleanup", Time since last: 1000158342 ns, Reaching safepoint: 54412 ns, Cleanup: 12473 ns, At safepoint: 4559 ns, Total: 71444 ns
[2024-03-07T16:55:12.749+0000][1][safepoint   ] Safepoint "Cleanup", Time since last: 1000131812 ns, Reaching safepoint: 18064 ns, Cleanup: 26420 ns, At safepoint: 5159 ns, Total: 49643 ns
[2024-03-07T16:55:15.749+0000][1][safepoint   ] Safepoint "Cleanup", Time since last: 3000292795 ns, Reaching safepoint: 16752 ns, Cleanup: 21179 ns, At safepoint: 4880 ns, Total: 42811 ns
[2024-03-07T16:55:17.749+0000][1][safepoint   ] Safepoint "Cleanup", Time since last: 2000207169 ns, Reaching safepoint: 55584 ns, Cleanup: 14958 ns, At safepoint: 5010 ns, Total: 75552 ns
[2024-03-07T16:55:19.750+0000][1][safepoint   ] Safepoint "Cleanup", Time since last: 2000227425 ns, Reaching safepoint: 17443 ns, Cleanup: 20518 ns, At safepoint: 4959 ns, Total: 42920 ns
[2024-03-07T16:55:21.750+0000][1][safepoint   ] Safepoint "Cleanup", Time since last: 2000255679 ns, Reaching safepoint: 60844 ns, Cleanup: 17172 ns, At safepoint: 5570 ns, Total: 83586 ns
[2024-03-07T16:55:24.750+0000][1][safepoint   ] Safepoint "Cleanup", Time since last: 3000410645 ns, Reaching safepoint: 17884 ns, Cleanup: 15258 ns, At safepoint: 5912 ns, Total: 39054 ns
[2024-03-07T16:55:26.752+0000][1][safepoint   ] Safepoint "Cleanup", Time since last: 2001063792 ns, Reaching safepoint: 66034 ns, Cleanup: 20068 ns, At safepoint: 15609 ns, Total: 101711 ns
[2024-03-07T16:55:29.753+0000][1][safepoint   ] Safepoint "Cleanup", Time since last: 3001034327 ns, Reaching safepoint: 17563 ns, Cleanup: 19346 ns, At safepoint: 5561 ns, Total: 42470 ns
[2024-03-07T16:55:31.753+0000][1][safepoint   ] Safepoint "Cleanup", Time since last: 2000195477 ns, Reaching safepoint: 53500 ns, Cleanup: 18976 ns, At safepoint: 7594 ns, Total: 80070 ns
[2024-03-07T16:55:32.753+0000][1][safepoint   ] Safepoint "Cleanup", Time since last: 1000131412 ns, Reaching safepoint: 19807 ns, Cleanup: 14257 ns, At safepoint: 7454 ns, Total: 41518 ns
[2024-03-07T16:55:33.753+0000][1][safepoint   ] Safepoint "Cleanup", Time since last: 1000164333 ns, Reaching safepoint: 15950 ns, Cleanup: 17964 ns, At safepoint: 5711 ns, Total: 39625 ns
[2024-03-07T16:55:34.753+0000][1][safepoint   ] Safepoint "Cleanup", Time since last: 1000145197 ns, Reaching safepoint: 15690 ns, Cleanup: 18975 ns, At safepoint: 3647 ns, Total: 38312 ns
[2024-03-07T16:55:35.754+0000][1][safepoint   ] Safepoint "Cleanup", Time since last: 1000161618 ns, Reaching safepoint: 15389 ns, Cleanup: 14537 ns, At safepoint: 4709 ns, Total: 34635 ns
[2024-03-07T16:55:37.754+0000][1][safepoint   ] Safepoint "Cleanup", Time since last: 2000200588 ns, Reaching safepoint: 31579 ns, Cleanup: 8175 ns, At safepoint: 3066 ns, Total: 42820 ns
[2024-03-07T16:55:38.754+0000][1][safepoint   ] Safepoint "Cleanup", Time since last: 1000120000 ns, Reaching safepoint: 17763 ns, Cleanup: 19326 ns, At safepoint: 5501 ns, Total: 42590 ns
[2024-03-07T16:55:39.754+0000][1][safepoint   ] Safepoint "Cleanup", Time since last: 1000148553 ns, Reaching safepoint: 53942 ns, Cleanup: 11281 ns, At safepoint: 16761 ns, Total: 81984 ns
[2024-03-07T16:55:40.754+0000][1][safepoint   ] Safepoint "Cleanup", Time since last: 1000119320 ns, Reaching safepoint: 12593 ns, Cleanup: 17844 ns, At safepoint: 3025 ns, Total: 33462 ns
[2024-03-07T16:55:43.755+0000][1][safepoint   ] Safepoint "Cleanup", Time since last: 3000295262 ns, Reaching safepoint: 15619 ns, Cleanup: 12744 ns, At safepoint: 5100 ns, Total: 33463 ns
[2024-03-07T16:55:46.755+0000][1][safepoint   ] Safepoint "Cleanup", Time since last: 3000523526 ns, Reaching safepoint: 87544 ns, Cleanup: 18454 ns, At safepoint: 5160 ns, Total: 111158 ns
[2024-03-07T16:55:48.756+0000][1][safepoint   ] Safepoint "Cleanup", Time since last: 2000239650 ns, Reaching safepoint: 16100 ns, Cleanup: 21390 ns, At safepoint: 4498 ns, Total: 41988 ns
[2024-03-07T16:55:50.756+0000][1][safepoint   ] Safepoint "Cleanup", Time since last: 2000234483 ns, Reaching safepoint: 43341 ns, Cleanup: 7434 ns, At safepoint: 4779 ns, Total: 55554 ns
[2024-03-07T16:55:51.756+0000][1][safepoint   ] Safepoint "Cleanup", Time since last: 1000147852 ns, Reaching safepoint: 16481 ns, Cleanup: 14147 ns, At safepoint: 4609 ns, Total: 35237 ns
[2024-03-07T16:55:53.756+0000][1][safepoint   ] Safepoint "Cleanup", Time since last: 2000199291 ns, Reaching safepoint: 13696 ns, Cleanup: 10099 ns, At safepoint: 3186 ns, Total: 26981 ns
[2024-03-07T16:55:57.757+0000][1][safepoint   ] Safepoint "Cleanup", Time since last: 4000331624 ns, Reaching safepoint: 64220 ns, Cleanup: 12404 ns, At safepoint: 5029 ns, Total: 81653 ns
[2024-03-07T16:55:58.757+0000][1][safepoint   ] Safepoint "Cleanup", Time since last: 1000130280 ns, Reaching safepoint: 16391 ns, Cleanup: 17312 ns, At safepoint: 4829 ns, Total: 38532 ns
[2024-03-07T16:56:00.757+0000][1][safepoint   ] Safepoint "Cleanup", Time since last: 2000185979 ns, Reaching safepoint: 37089 ns, Cleanup: 8356 ns, At safepoint: 2455 ns, Total: 47900 ns
[2024-03-07T16:56:04.758+0000][1][safepoint   ] Safepoint "Cleanup", Time since last: 4000334477 ns, Reaching safepoint: 53340 ns, Cleanup: 15880 ns, At safepoint: 5500 ns, Total: 74720 ns
[2024-03-07T16:56:06.773+0000][1][safepoint   ] Safepoint "Cleanup", Time since last: 2015308425 ns, Reaching safepoint: 15970 ns, Cleanup: 11512 ns, At safepoint: 4789 ns, Total: 32271 ns
[2024-03-07T16:56:07.773+0000][1][safepoint   ] Safepoint "Cleanup", Time since last: 1000166337 ns, Reaching safepoint: 16401 ns, Cleanup: 13234 ns, At safepoint: 4870 ns, Total: 34505 ns
[2024-03-07T16:56:07.985+0000][1][gc,heap,exit] Heap
[2024-03-07T16:56:07.985+0000][1][gc,heap,exit]  garbage-first heap   total 1048576K, used 175323K [0x00000000c0000000, 0x0000000100000000)
[2024-03-07T16:56:07.985+0000][1][gc,heap,exit]   region size 1024K, 161 young (164864K), 12 survivors (12288K)
[2024-03-07T16:56:07.985+0000][1][gc,heap,exit]  Metaspace       used 81804K, committed 83264K, reserved 1179648K
[2024-03-07T16:56:07.985+0000][1][gc,heap,exit]   class space    used 10884K, committed 11520K, reserved 1048576K
