[2024-03-07T03:25:15.273+0000][1][gc,init] CardTable entry size: 512
[2024-03-07T03:25:15.273+0000][1][gc     ] Using G1
[2024-03-07T03:25:15.278+0000][1][gc,init] Version: 21.0.2+13-LTS (release)
[2024-03-07T03:25:15.278+0000][1][gc,init] CPUs: 12 total, 12 available
[2024-03-07T03:25:15.278+0000][1][gc,init] Memory: 7867M
[2024-03-07T03:25:15.278+0000][1][gc,init] Large Page Support: Disabled
[2024-03-07T03:25:15.278+0000][1][gc,init] NUMA Support: Disabled
[2024-03-07T03:25:15.278+0000][1][gc,init] Compressed Oops: Enabled (32-bit)
[2024-03-07T03:25:15.278+0000][1][gc,init] Heap Region Size: 1M
[2024-03-07T03:25:15.278+0000][1][gc,init] Heap Min Capacity: 512M
[2024-03-07T03:25:15.278+0000][1][gc,init] Heap Initial Capacity: 512M
[2024-03-07T03:25:15.278+0000][1][gc,init] Heap Max Capacity: 512M
[2024-03-07T03:25:15.278+0000][1][gc,init] Pre-touch: Disabled
[2024-03-07T03:25:15.278+0000][1][gc,init] Parallel Workers: 10
[2024-03-07T03:25:15.278+0000][1][gc,init] Concurrent Workers: 3
[2024-03-07T03:25:15.278+0000][1][gc,init] Concurrent Refinement Workers: 10
[2024-03-07T03:25:15.278+0000][1][gc,init] Periodic GC: Disabled
[2024-03-07T03:25:15.278+0000][1][gc,metaspace] CDS archive(s) not mapped
[2024-03-07T03:25:15.278+0000][1][gc,metaspace] Compressed class space mapped at: 0x0000000100000000-0x0000000140000000, reserved size: 1073741824
[2024-03-07T03:25:15.278+0000][1][gc,metaspace] Narrow klass base: 0x0000000000000000, Narrow klass shift: 3, Narrow klass range: 0x140000000
[2024-03-07T03:25:15.946+0000][1][gc,start    ] GC(0) Pause Young (Normal) (G1 Evacuation Pause)
[2024-03-07T03:25:15.955+0000][1][gc,task     ] GC(0) Using 10 workers of 10 for evacuation
[2024-03-07T03:25:15.955+0000][1][gc,age      ] GC(0) Desired survivor size 2097152 bytes, new threshold 15 (max threshold 15)
[2024-03-07T03:25:15.986+0000][1][gc,phases   ] GC(0)   Pre Evacuate Collection Set: 1.9ms
[2024-03-07T03:25:15.986+0000][1][gc,phases   ] GC(0)   Merge Heap Roots: 0.4ms
[2024-03-07T03:25:15.986+0000][1][gc,phases   ] GC(0)   Evacuate Collection Set: 26.6ms
[2024-03-07T03:25:15.986+0000][1][gc,phases   ] GC(0)   Post Evacuate Collection Set: 1.8ms
[2024-03-07T03:25:15.986+0000][1][gc,phases   ] GC(0)   Other: 9.7ms
[2024-03-07T03:25:15.986+0000][1][gc,age      ] GC(0) Age table with threshold 15 (max threshold 15)
[2024-03-07T03:25:15.986+0000][1][gc,age      ] GC(0) - age   1:    3665792 bytes,    3665792 total
[2024-03-07T03:25:15.986+0000][1][gc,heap     ] GC(0) Eden regions: 25->0(28)
[2024-03-07T03:25:15.986+0000][1][gc,heap     ] GC(0) Survivor regions: 0->4(4)
[2024-03-07T03:25:15.986+0000][1][gc,heap     ] GC(0) Old regions: 0->3
[2024-03-07T03:25:15.986+0000][1][gc,heap     ] GC(0) Humongous regions: 3->3
[2024-03-07T03:25:15.986+0000][1][gc,metaspace] GC(0) Metaspace: 16627K(16832K)->16627K(16832K) NonClass: 14993K(15104K)->14993K(15104K) Class: 1633K(1728K)->1633K(1728K)
[2024-03-07T03:25:15.986+0000][1][gc          ] GC(0) Pause Young (Normal) (G1 Evacuation Pause) 28M->9M(512M) 40.580ms
[2024-03-07T03:25:15.986+0000][1][gc,cpu      ] GC(0) User=0.05s Sys=0.09s Real=0.04s
[2024-03-07T03:25:15.986+0000][1][safepoint   ] Safepoint "G1CollectForAllocation", Time since last: 651824285 ns, Reaching safepoint: 4068 ns, Cleanup: 91020 ns, At safepoint: 40631205 ns, Total: 40726293 ns
[2024-03-07T03:25:16.294+0000][1][gc,start    ] GC(1) Pause Young (Concurrent Start) (Metadata GC Threshold)
[2024-03-07T03:25:16.295+0000][1][gc,task     ] GC(1) Using 10 workers of 10 for evacuation
[2024-03-07T03:25:16.295+0000][1][gc,age      ] GC(1) Desired survivor size 2097152 bytes, new threshold 1 (max threshold 15)
[2024-03-07T03:25:16.308+0000][1][gc,phases   ] GC(1)   Pre Evacuate Collection Set: 0.4ms
[2024-03-07T03:25:16.308+0000][1][gc,phases   ] GC(1)   Merge Heap Roots: 0.1ms
[2024-03-07T03:25:16.308+0000][1][gc,phases   ] GC(1)   Evacuate Collection Set: 12.9ms
[2024-03-07T03:25:16.309+0000][1][gc,phases   ] GC(1)   Post Evacuate Collection Set: 0.5ms
[2024-03-07T03:25:16.309+0000][1][gc,phases   ] GC(1)   Other: 0.1ms
[2024-03-07T03:25:16.309+0000][1][gc,age      ] GC(1) Age table with threshold 1 (max threshold 15)
[2024-03-07T03:25:16.309+0000][1][gc,age      ] GC(1) - age   1:    1293920 bytes,    1293920 total
[2024-03-07T03:25:16.309+0000][1][gc,heap     ] GC(1) Eden regions: 15->0(44)
[2024-03-07T03:25:16.309+0000][1][gc,heap     ] GC(1) Survivor regions: 4->2(4)
[2024-03-07T03:25:16.309+0000][1][gc,heap     ] GC(1) Old regions: 3->7
[2024-03-07T03:25:16.309+0000][1][gc,heap     ] GC(1) Humongous regions: 3->3
[2024-03-07T03:25:16.309+0000][1][gc,metaspace] GC(1) Metaspace: 21258K(21504K)->21258K(21504K) NonClass: 19009K(19136K)->19009K(19136K) Class: 2248K(2368K)->2248K(2368K)
[2024-03-07T03:25:16.309+0000][1][gc          ] GC(1) Pause Young (Concurrent Start) (Metadata GC Threshold) 24M->10M(512M) 14.135ms
[2024-03-07T03:25:16.309+0000][1][gc,cpu      ] GC(1) User=0.02s Sys=0.07s Real=0.01s
[2024-03-07T03:25:16.309+0000][1][gc          ] GC(2) Concurrent Mark Cycle
[2024-03-07T03:25:16.309+0000][1][safepoint   ] Safepoint "CollectForMetadataAllocation", Time since last: 307984300 ns, Reaching safepoint: 7184 ns, Cleanup: 101270 ns, At safepoint: 14214069 ns, Total: 14322523 ns
[2024-03-07T03:25:16.309+0000][1][gc,marking  ] GC(2) Concurrent Scan Root Regions
[2024-03-07T03:25:16.310+0000][1][gc,marking  ] GC(2) Concurrent Scan Root Regions 1.572ms
[2024-03-07T03:25:16.310+0000][1][gc,marking  ] GC(2) Concurrent Mark
[2024-03-07T03:25:16.310+0000][1][gc,marking  ] GC(2) Concurrent Mark From Roots
[2024-03-07T03:25:16.310+0000][1][gc,task     ] GC(2) Using 3 workers of 3 for marking
[2024-03-07T03:25:16.312+0000][1][gc,marking  ] GC(2) Concurrent Mark From Roots 1.292ms
[2024-03-07T03:25:16.312+0000][1][gc,marking  ] GC(2) Concurrent Preclean
[2024-03-07T03:25:16.312+0000][1][gc,marking  ] GC(2) Concurrent Preclean 0.011ms
[2024-03-07T03:25:16.312+0000][1][gc,start    ] GC(2) Pause Remark
[2024-03-07T03:25:16.313+0000][1][gc          ] GC(2) Pause Remark 11M->11M(512M) 1.728ms
[2024-03-07T03:25:16.314+0000][1][gc,cpu      ] GC(2) User=0.01s Sys=0.00s Real=0.01s
[2024-03-07T03:25:16.314+0000][1][safepoint   ] Safepoint "G1PauseRemark", Time since last: 2974651 ns, Reaching safepoint: 71054 ns, Cleanup: 7253 ns, At safepoint: 1876942 ns, Total: 1955249 ns
[2024-03-07T03:25:16.314+0000][1][gc,marking  ] GC(2) Concurrent Mark 3.373ms
[2024-03-07T03:25:16.314+0000][1][gc,marking  ] GC(2) Concurrent Rebuild Remembered Sets and Scrub Regions
[2024-03-07T03:25:16.315+0000][1][gc,marking  ] GC(2) Concurrent Rebuild Remembered Sets and Scrub Regions 1.269ms
[2024-03-07T03:25:16.315+0000][1][gc,start    ] GC(2) Pause Cleanup
[2024-03-07T03:25:16.315+0000][1][gc          ] GC(2) Pause Cleanup 11M->11M(512M) 0.163ms
[2024-03-07T03:25:16.315+0000][1][gc,cpu      ] GC(2) User=0.00s Sys=0.00s Real=0.00s
[2024-03-07T03:25:16.315+0000][1][safepoint   ] Safepoint "G1PauseCleanup", Time since last: 1389457 ns, Reaching safepoint: 143108 ns, Cleanup: 3066 ns, At safepoint: 208031 ns, Total: 354205 ns
[2024-03-07T03:25:16.315+0000][1][gc,marking  ] GC(2) Concurrent Clear Claimed Marks
[2024-03-07T03:25:16.315+0000][1][gc,marking  ] GC(2) Concurrent Clear Claimed Marks 0.041ms
[2024-03-07T03:25:16.315+0000][1][gc,marking  ] GC(2) Concurrent Cleanup for Next Mark
[2024-03-07T03:25:16.317+0000][1][gc,marking  ] GC(2) Concurrent Cleanup for Next Mark 1.833ms
[2024-03-07T03:25:16.317+0000][1][gc          ] GC(2) Concurrent Mark Cycle 8.662ms
[2024-03-07T03:25:16.789+0000][1][gc,start    ] GC(3) Pause Young (Normal) (G1 Evacuation Pause)
[2024-03-07T03:25:16.790+0000][1][gc,task     ] GC(3) Using 10 workers of 10 for evacuation
[2024-03-07T03:25:16.790+0000][1][gc,age      ] GC(3) Desired survivor size 3145728 bytes, new threshold 15 (max threshold 15)
[2024-03-07T03:25:16.797+0000][1][gc,phases   ] GC(3)   Pre Evacuate Collection Set: 0.3ms
[2024-03-07T03:25:16.797+0000][1][gc,phases   ] GC(3)   Merge Heap Roots: 0.1ms
[2024-03-07T03:25:16.797+0000][1][gc,phases   ] GC(3)   Evacuate Collection Set: 6.0ms
[2024-03-07T03:25:16.797+0000][1][gc,phases   ] GC(3)   Post Evacuate Collection Set: 0.8ms
[2024-03-07T03:25:16.797+0000][1][gc,phases   ] GC(3)   Other: 0.1ms
[2024-03-07T03:25:16.797+0000][1][gc,age      ] GC(3) Age table with threshold 15 (max threshold 15)
[2024-03-07T03:25:16.797+0000][1][gc,age      ] GC(3) - age   1:    1279768 bytes,    1279768 total
[2024-03-07T03:25:16.797+0000][1][gc,age      ] GC(3) - age   2:    1207432 bytes,    2487200 total
[2024-03-07T03:25:16.797+0000][1][gc,heap     ] GC(3) Eden regions: 45->0(90)
[2024-03-07T03:25:16.797+0000][1][gc,heap     ] GC(3) Survivor regions: 2->3(6)
[2024-03-07T03:25:16.797+0000][1][gc,heap     ] GC(3) Old regions: 7->7
[2024-03-07T03:25:16.797+0000][1][gc,heap     ] GC(3) Humongous regions: 3->3
[2024-03-07T03:25:16.797+0000][1][gc,metaspace] GC(3) Metaspace: 29669K(30016K)->29669K(30016K) NonClass: 26451K(26624K)->26451K(26624K) Class: 3218K(3392K)->3218K(3392K)
[2024-03-07T03:25:16.797+0000][1][gc          ] GC(3) Pause Young (Normal) (G1 Evacuation Pause) 55M->12M(512M) 7.612ms
[2024-03-07T03:25:16.797+0000][1][gc,cpu      ] GC(3) User=0.03s Sys=0.00s Real=0.01s
[2024-03-07T03:25:16.797+0000][1][safepoint   ] Safepoint "G1CollectForAllocation", Time since last: 473985091 ns, Reaching safepoint: 6402 ns, Cleanup: 87194 ns, At safepoint: 7683056 ns, Total: 7776652 ns
[2024-03-07T03:25:17.248+0000][1][gc,start    ] GC(4) Pause Young (Normal) (G1 Evacuation Pause)
[2024-03-07T03:25:17.248+0000][1][gc,task     ] GC(4) Using 10 workers of 10 for evacuation
[2024-03-07T03:25:17.248+0000][1][gc,age      ] GC(4) Desired survivor size 6291456 bytes, new threshold 15 (max threshold 15)
[2024-03-07T03:25:17.272+0000][1][gc,phases   ] GC(4)   Pre Evacuate Collection Set: 0.3ms
[2024-03-07T03:25:17.272+0000][1][gc,phases   ] GC(4)   Merge Heap Roots: 0.1ms
[2024-03-07T03:25:17.272+0000][1][gc,phases   ] GC(4)   Evacuate Collection Set: 21.2ms
[2024-03-07T03:25:17.272+0000][1][gc,phases   ] GC(4)   Post Evacuate Collection Set: 1.9ms
[2024-03-07T03:25:17.272+0000][1][gc,phases   ] GC(4)   Other: 0.1ms
[2024-03-07T03:25:17.272+0000][1][gc,age      ] GC(4) Age table with threshold 15 (max threshold 15)
[2024-03-07T03:25:17.272+0000][1][gc,age      ] GC(4) - age   1:    4287120 bytes,    4287120 total
[2024-03-07T03:25:17.272+0000][1][gc,age      ] GC(4) - age   2:    1238192 bytes,    5525312 total
[2024-03-07T03:25:17.272+0000][1][gc,age      ] GC(4) - age   3:    1185224 bytes,    6710536 total
[2024-03-07T03:25:17.272+0000][1][gc,heap     ] GC(4) Eden regions: 91->0(300)
[2024-03-07T03:25:17.272+0000][1][gc,heap     ] GC(4) Survivor regions: 3->7(12)
[2024-03-07T03:25:17.272+0000][1][gc,heap     ] GC(4) Old regions: 7->7
[2024-03-07T03:25:17.272+0000][1][gc,heap     ] GC(4) Humongous regions: 3->3
[2024-03-07T03:25:17.272+0000][1][gc,metaspace] GC(4) Metaspace: 32664K(33024K)->32664K(33024K) NonClass: 29036K(29248K)->29036K(29248K) Class: 3627K(3776K)->3627K(3776K)
[2024-03-07T03:25:17.272+0000][1][gc          ] GC(4) Pause Young (Normal) (G1 Evacuation Pause) 103M->16M(512M) 24.008ms
[2024-03-07T03:25:17.272+0000][1][gc,cpu      ] GC(4) User=0.07s Sys=0.03s Real=0.02s
[2024-03-07T03:25:17.272+0000][1][safepoint   ] Safepoint "G1CollectForAllocation", Time since last: 450752350 ns, Reaching safepoint: 15499 ns, Cleanup: 178565 ns, At safepoint: 24104337 ns, Total: 24298401 ns
[2024-03-07T03:25:17.732+0000][1][gc,start    ] GC(5) Pause Young (Concurrent Start) (Metadata GC Threshold)
[2024-03-07T03:25:17.732+0000][1][gc,task     ] GC(5) Using 10 workers of 10 for evacuation
[2024-03-07T03:25:17.732+0000][1][gc,age      ] GC(5) Desired survivor size 20447232 bytes, new threshold 15 (max threshold 15)
[2024-03-07T03:25:17.737+0000][1][gc,phases   ] GC(5)   Pre Evacuate Collection Set: 0.2ms
[2024-03-07T03:25:17.737+0000][1][gc,phases   ] GC(5)   Merge Heap Roots: 0.1ms
[2024-03-07T03:25:17.737+0000][1][gc,phases   ] GC(5)   Evacuate Collection Set: 3.7ms
[2024-03-07T03:25:17.737+0000][1][gc,phases   ] GC(5)   Post Evacuate Collection Set: 0.6ms
[2024-03-07T03:25:17.737+0000][1][gc,phases   ] GC(5)   Other: 0.1ms
[2024-03-07T03:25:17.737+0000][1][gc,age      ] GC(5) Age table with threshold 15 (max threshold 15)
[2024-03-07T03:25:17.737+0000][1][gc,age      ] GC(5) - age   1:    1646872 bytes,    1646872 total
[2024-03-07T03:25:17.737+0000][1][gc,age      ] GC(5) - age   2:     971312 bytes,    2618184 total
[2024-03-07T03:25:17.737+0000][1][gc,age      ] GC(5) - age   3:    1225336 bytes,    3843520 total
[2024-03-07T03:25:17.737+0000][1][gc,age      ] GC(5) - age   4:    1185192 bytes,    5028712 total
[2024-03-07T03:25:17.737+0000][1][gc,heap     ] GC(5) Eden regions: 85->0(301)
[2024-03-07T03:25:17.737+0000][1][gc,heap     ] GC(5) Survivor regions: 7->6(39)
[2024-03-07T03:25:17.737+0000][1][gc,heap     ] GC(5) Old regions: 7->7
[2024-03-07T03:25:17.737+0000][1][gc,heap     ] GC(5) Humongous regions: 3->3
[2024-03-07T03:25:17.737+0000][1][gc,metaspace] GC(5) Metaspace: 35729K(36096K)->35729K(36096K) NonClass: 31734K(31936K)->31734K(31936K) Class: 3994K(4160K)->3994K(4160K)
[2024-03-07T03:25:17.737+0000][1][gc          ] GC(5) Pause Young (Concurrent Start) (Metadata GC Threshold) 101M->15M(512M) 4.996ms
[2024-03-07T03:25:17.737+0000][1][gc,cpu      ] GC(5) User=0.03s Sys=0.00s Real=0.01s
[2024-03-07T03:25:17.737+0000][1][gc          ] GC(6) Concurrent Mark Cycle
[2024-03-07T03:25:17.737+0000][1][gc,marking  ] GC(6) Concurrent Scan Root Regions
[2024-03-07T03:25:17.737+0000][1][safepoint   ] Safepoint "CollectForMetadataAllocation", Time since last: 460113385 ns, Reaching safepoint: 5881 ns, Cleanup: 90199 ns, At safepoint: 5090090 ns, Total: 5186170 ns
[2024-03-07T03:25:17.740+0000][1][gc,marking  ] GC(6) Concurrent Scan Root Regions 2.337ms
[2024-03-07T03:25:17.740+0000][1][gc,marking  ] GC(6) Concurrent Mark
[2024-03-07T03:25:17.740+0000][1][gc,marking  ] GC(6) Concurrent Mark From Roots
[2024-03-07T03:25:17.740+0000][1][gc,task     ] GC(6) Using 3 workers of 3 for marking
[2024-03-07T03:25:17.743+0000][1][gc,marking  ] GC(6) Concurrent Mark From Roots 2.787ms
[2024-03-07T03:25:17.743+0000][1][gc,marking  ] GC(6) Concurrent Preclean
[2024-03-07T03:25:17.743+0000][1][gc,marking  ] GC(6) Concurrent Preclean 0.031ms
[2024-03-07T03:25:17.743+0000][1][gc,start    ] GC(6) Pause Remark
[2024-03-07T03:25:17.745+0000][1][gc          ] GC(6) Pause Remark 16M->16M(512M) 2.072ms
[2024-03-07T03:25:17.745+0000][1][gc,cpu      ] GC(6) User=0.01s Sys=0.00s Real=0.01s
[2024-03-07T03:25:17.745+0000][1][safepoint   ] Safepoint "G1PauseRemark", Time since last: 5333828 ns, Reaching safepoint: 74740 ns, Cleanup: 6783 ns, At safepoint: 2145636 ns, Total: 2227159 ns
[2024-03-07T03:25:17.745+0000][1][gc,marking  ] GC(6) Concurrent Mark 5.254ms
[2024-03-07T03:25:17.745+0000][1][gc,marking  ] GC(6) Concurrent Rebuild Remembered Sets and Scrub Regions
[2024-03-07T03:25:17.747+0000][1][gc,marking  ] GC(6) Concurrent Rebuild Remembered Sets and Scrub Regions 1.578ms
[2024-03-07T03:25:17.747+0000][1][gc,start    ] GC(6) Pause Cleanup
[2024-03-07T03:25:17.747+0000][1][gc          ] GC(6) Pause Cleanup 16M->16M(512M) 0.158ms
[2024-03-07T03:25:17.747+0000][1][gc,cpu      ] GC(6) User=0.00s Sys=0.00s Real=0.00s
[2024-03-07T03:25:17.747+0000][1][safepoint   ] Safepoint "G1PauseCleanup", Time since last: 1841164 ns, Reaching safepoint: 72837 ns, Cleanup: 5961 ns, At safepoint: 195867 ns, Total: 274665 ns
[2024-03-07T03:25:17.747+0000][1][gc,marking  ] GC(6) Concurrent Clear Claimed Marks
[2024-03-07T03:25:17.748+0000][1][gc,marking  ] GC(6) Concurrent Clear Claimed Marks 0.048ms
[2024-03-07T03:25:17.748+0000][1][gc,marking  ] GC(6) Concurrent Cleanup for Next Mark
[2024-03-07T03:25:17.750+0000][1][gc,marking  ] GC(6) Concurrent Cleanup for Next Mark 2.152ms
[2024-03-07T03:25:17.750+0000][1][gc          ] GC(6) Concurrent Mark Cycle 12.433ms
[2024-03-07T03:25:18.094+0000][1][gc,heap,exit] Heap
[2024-03-07T03:25:18.094+0000][1][gc,heap,exit]  garbage-first heap   total 524288K, used 39441K [0x00000000e0000000, 0x0000000100000000)
[2024-03-07T03:25:18.094+0000][1][gc,heap,exit]   region size 1024K, 30 young (30720K), 6 survivors (6144K)
[2024-03-07T03:25:18.094+0000][1][gc,heap,exit]  Metaspace       used 40197K, committed 40640K, reserved 1114112K
[2024-03-07T03:25:18.094+0000][1][gc,heap,exit]   class space    used 4683K, committed 4864K, reserved 1048576K
