[2024-03-07T03:25:46.229+0000][1][gc,init] CardTable entry size: 512
[2024-03-07T03:25:46.229+0000][1][gc     ] Using G1
[2024-03-07T03:25:46.234+0000][1][gc,init] Version: 21.0.2+13-LTS (release)
[2024-03-07T03:25:46.234+0000][1][gc,init] CPUs: 12 total, 12 available
[2024-03-07T03:25:46.234+0000][1][gc,init] Memory: 7867M
[2024-03-07T03:25:46.234+0000][1][gc,init] Large Page Support: Disabled
[2024-03-07T03:25:46.234+0000][1][gc,init] NUMA Support: Disabled
[2024-03-07T03:25:46.234+0000][1][gc,init] Compressed Oops: Enabled (32-bit)
[2024-03-07T03:25:46.234+0000][1][gc,init] Heap Region Size: 1M
[2024-03-07T03:25:46.234+0000][1][gc,init] Heap Min Capacity: 512M
[2024-03-07T03:25:46.234+0000][1][gc,init] Heap Initial Capacity: 512M
[2024-03-07T03:25:46.234+0000][1][gc,init] Heap Max Capacity: 512M
[2024-03-07T03:25:46.234+0000][1][gc,init] Pre-touch: Disabled
[2024-03-07T03:25:46.234+0000][1][gc,init] Parallel Workers: 10
[2024-03-07T03:25:46.234+0000][1][gc,init] Concurrent Workers: 3
[2024-03-07T03:25:46.234+0000][1][gc,init] Concurrent Refinement Workers: 10
[2024-03-07T03:25:46.234+0000][1][gc,init] Periodic GC: Disabled
[2024-03-07T03:25:46.235+0000][1][gc,metaspace] CDS archive(s) not mapped
[2024-03-07T03:25:46.235+0000][1][gc,metaspace] Compressed class space mapped at: 0x0000000100000000-0x0000000140000000, reserved size: 1073741824
[2024-03-07T03:25:46.235+0000][1][gc,metaspace] Narrow klass base: 0x0000000000000000, Narrow klass shift: 3, Narrow klass range: 0x140000000
[2024-03-07T03:25:46.783+0000][1][gc,start    ] GC(0) Pause Young (Normal) (G1 Evacuation Pause)
[2024-03-07T03:25:46.784+0000][1][gc,task     ] GC(0) Using 10 workers of 10 for evacuation
[2024-03-07T03:25:46.784+0000][1][gc,age      ] GC(0) Desired survivor size 2097152 bytes, new threshold 15 (max threshold 15)
[2024-03-07T03:25:46.797+0000][1][gc,phases   ] GC(0)   Pre Evacuate Collection Set: 0.1ms
[2024-03-07T03:25:46.797+0000][1][gc,phases   ] GC(0)   Merge Heap Roots: 0.1ms
[2024-03-07T03:25:46.797+0000][1][gc,phases   ] GC(0)   Evacuate Collection Set: 11.8ms
[2024-03-07T03:25:46.797+0000][1][gc,phases   ] GC(0)   Post Evacuate Collection Set: 0.8ms
[2024-03-07T03:25:46.797+0000][1][gc,phases   ] GC(0)   Other: 0.9ms
[2024-03-07T03:25:46.797+0000][1][gc,age      ] GC(0) Age table with threshold 15 (max threshold 15)
[2024-03-07T03:25:46.797+0000][1][gc,age      ] GC(0) - age   1:    3592312 bytes,    3592312 total
[2024-03-07T03:25:46.797+0000][1][gc,heap     ] GC(0) Eden regions: 25->0(29)
[2024-03-07T03:25:46.797+0000][1][gc,heap     ] GC(0) Survivor regions: 0->4(4)
[2024-03-07T03:25:46.797+0000][1][gc,heap     ] GC(0) Old regions: 0->3
[2024-03-07T03:25:46.797+0000][1][gc,heap     ] GC(0) Humongous regions: 3->3
[2024-03-07T03:25:46.797+0000][1][gc,metaspace] GC(0) Metaspace: 16637K(16832K)->16637K(16832K) NonClass: 15005K(15104K)->15005K(15104K) Class: 1631K(1728K)->1631K(1728K)
[2024-03-07T03:25:46.797+0000][1][gc          ] GC(0) Pause Young (Normal) (G1 Evacuation Pause) 28M->9M(512M) 14.014ms
[2024-03-07T03:25:46.797+0000][1][gc,cpu      ] GC(0) User=0.02s Sys=0.07s Real=0.01s
[2024-03-07T03:25:46.797+0000][1][safepoint   ] Safepoint "G1CollectForAllocation", Time since last: 534390218 ns, Reaching safepoint: 23935 ns, Cleanup: 109616 ns, At safepoint: 14062966 ns, Total: 14196517 ns
[2024-03-07T03:25:47.092+0000][1][gc,start    ] GC(1) Pause Young (Concurrent Start) (Metadata GC Threshold)
[2024-03-07T03:25:47.092+0000][1][gc,task     ] GC(1) Using 10 workers of 10 for evacuation
[2024-03-07T03:25:47.092+0000][1][gc,age      ] GC(1) Desired survivor size 2621440 bytes, new threshold 1 (max threshold 15)
[2024-03-07T03:25:47.102+0000][1][gc,phases   ] GC(1)   Pre Evacuate Collection Set: 0.2ms
[2024-03-07T03:25:47.102+0000][1][gc,phases   ] GC(1)   Merge Heap Roots: 0.1ms
[2024-03-07T03:25:47.102+0000][1][gc,phases   ] GC(1)   Evacuate Collection Set: 9.1ms
[2024-03-07T03:25:47.102+0000][1][gc,phases   ] GC(1)   Post Evacuate Collection Set: 0.5ms
[2024-03-07T03:25:47.102+0000][1][gc,phases   ] GC(1)   Other: 0.1ms
[2024-03-07T03:25:47.102+0000][1][gc,age      ] GC(1) Age table with threshold 1 (max threshold 15)
[2024-03-07T03:25:47.102+0000][1][gc,age      ] GC(1) - age   1:    1234856 bytes,    1234856 total
[2024-03-07T03:25:47.102+0000][1][gc,heap     ] GC(1) Eden regions: 15->0(49)
[2024-03-07T03:25:47.102+0000][1][gc,heap     ] GC(1) Survivor regions: 4->2(5)
[2024-03-07T03:25:47.102+0000][1][gc,heap     ] GC(1) Old regions: 3->7
[2024-03-07T03:25:47.102+0000][1][gc,heap     ] GC(1) Humongous regions: 3->3
[2024-03-07T03:25:47.102+0000][1][gc,metaspace] GC(1) Metaspace: 21221K(21504K)->21221K(21504K) NonClass: 18976K(19136K)->18976K(19136K) Class: 2244K(2368K)->2244K(2368K)
[2024-03-07T03:25:47.102+0000][1][gc          ] GC(1) Pause Young (Concurrent Start) (Metadata GC Threshold) 24M->10M(512M) 10.222ms
[2024-03-07T03:25:47.102+0000][1][gc,cpu      ] GC(1) User=0.01s Sys=0.04s Real=0.01s
[2024-03-07T03:25:47.102+0000][1][gc          ] GC(2) Concurrent Mark Cycle
[2024-03-07T03:25:47.102+0000][1][safepoint   ] Safepoint "CollectForMetadataAllocation", Time since last: 294417886 ns, Reaching safepoint: 4769 ns, Cleanup: 88105 ns, At safepoint: 10323921 ns, Total: 10416795 ns
[2024-03-07T03:25:47.102+0000][1][gc,marking  ] GC(2) Concurrent Scan Root Regions
[2024-03-07T03:25:47.103+0000][1][gc,marking  ] GC(2) Concurrent Scan Root Regions 1.343ms
[2024-03-07T03:25:47.103+0000][1][gc,marking  ] GC(2) Concurrent Mark
[2024-03-07T03:25:47.103+0000][1][gc,marking  ] GC(2) Concurrent Mark From Roots
[2024-03-07T03:25:47.103+0000][1][gc,task     ] GC(2) Using 3 workers of 3 for marking
[2024-03-07T03:25:47.104+0000][1][gc,marking  ] GC(2) Concurrent Mark From Roots 0.688ms
[2024-03-07T03:25:47.104+0000][1][gc,marking  ] GC(2) Concurrent Preclean
[2024-03-07T03:25:47.104+0000][1][gc,marking  ] GC(2) Concurrent Preclean 0.010ms
[2024-03-07T03:25:47.104+0000][1][gc,start    ] GC(2) Pause Remark
[2024-03-07T03:25:47.105+0000][1][gc          ] GC(2) Pause Remark 11M->11M(512M) 0.901ms
[2024-03-07T03:25:47.105+0000][1][gc,cpu      ] GC(2) User=0.01s Sys=0.00s Real=0.00s
[2024-03-07T03:25:47.105+0000][1][safepoint   ] Safepoint "G1PauseRemark", Time since last: 2109758 ns, Reaching safepoint: 72065 ns, Cleanup: 7003 ns, At safepoint: 941246 ns, Total: 1020314 ns
[2024-03-07T03:25:47.105+0000][1][gc,marking  ] GC(2) Concurrent Mark 1.775ms
[2024-03-07T03:25:47.105+0000][1][gc,marking  ] GC(2) Concurrent Rebuild Remembered Sets and Scrub Regions
[2024-03-07T03:25:47.106+0000][1][gc,marking  ] GC(2) Concurrent Rebuild Remembered Sets and Scrub Regions 0.690ms
[2024-03-07T03:25:47.106+0000][1][gc,start    ] GC(2) Pause Cleanup
[2024-03-07T03:25:47.106+0000][1][gc          ] GC(2) Pause Cleanup 11M->11M(512M) 0.109ms
[2024-03-07T03:25:47.106+0000][1][gc,cpu      ] GC(2) User=0.00s Sys=0.00s Real=0.00s
[2024-03-07T03:25:47.106+0000][1][safepoint   ] Safepoint "G1PauseCleanup", Time since last: 746200 ns, Reaching safepoint: 69380 ns, Cleanup: 1664 ns, At safepoint: 146775 ns, Total: 217819 ns
[2024-03-07T03:25:47.106+0000][1][gc,marking  ] GC(2) Concurrent Clear Claimed Marks
[2024-03-07T03:25:47.106+0000][1][gc,marking  ] GC(2) Concurrent Clear Claimed Marks 0.026ms
[2024-03-07T03:25:47.106+0000][1][gc,marking  ] GC(2) Concurrent Cleanup for Next Mark
[2024-03-07T03:25:47.109+0000][1][gc,marking  ] GC(2) Concurrent Cleanup for Next Mark 2.346ms
[2024-03-07T03:25:47.109+0000][1][gc          ] GC(2) Concurrent Mark Cycle 6.576ms
[2024-03-07T03:25:47.725+0000][1][gc,start    ] GC(3) Pause Young (Normal) (G1 Evacuation Pause)
[2024-03-07T03:25:47.725+0000][1][gc,task     ] GC(3) Using 10 workers of 10 for evacuation
[2024-03-07T03:25:47.725+0000][1][gc,age      ] GC(3) Desired survivor size 3670016 bytes, new threshold 15 (max threshold 15)
[2024-03-07T03:25:47.733+0000][1][gc,phases   ] GC(3)   Pre Evacuate Collection Set: 0.2ms
[2024-03-07T03:25:47.733+0000][1][gc,phases   ] GC(3)   Merge Heap Roots: 0.1ms
[2024-03-07T03:25:47.733+0000][1][gc,phases   ] GC(3)   Evacuate Collection Set: 7.1ms
[2024-03-07T03:25:47.733+0000][1][gc,phases   ] GC(3)   Post Evacuate Collection Set: 0.7ms
[2024-03-07T03:25:47.733+0000][1][gc,phases   ] GC(3)   Other: 0.1ms
[2024-03-07T03:25:47.733+0000][1][gc,age      ] GC(3) Age table with threshold 15 (max threshold 15)
[2024-03-07T03:25:47.733+0000][1][gc,age      ] GC(3) - age   1:    1578216 bytes,    1578216 total
[2024-03-07T03:25:47.733+0000][1][gc,age      ] GC(3) - age   2:    1194400 bytes,    2772616 total
[2024-03-07T03:25:47.733+0000][1][gc,heap     ] GC(3) Eden regions: 49->0(101)
[2024-03-07T03:25:47.733+0000][1][gc,heap     ] GC(3) Survivor regions: 2->3(7)
[2024-03-07T03:25:47.733+0000][1][gc,heap     ] GC(3) Old regions: 7->7
[2024-03-07T03:25:47.733+0000][1][gc,heap     ] GC(3) Humongous regions: 3->3
[2024-03-07T03:25:47.733+0000][1][gc,metaspace] GC(3) Metaspace: 31004K(31424K)->31004K(31424K) NonClass: 27613K(27840K)->27613K(27840K) Class: 3391K(3584K)->3391K(3584K)
[2024-03-07T03:25:47.733+0000][1][gc          ] GC(3) Pause Young (Normal) (G1 Evacuation Pause) 59M->11M(512M) 8.389ms
[2024-03-07T03:25:47.733+0000][1][gc,cpu      ] GC(3) User=0.03s Sys=0.01s Real=0.01s
[2024-03-07T03:25:47.733+0000][1][safepoint   ] Safepoint "G1CollectForAllocation", Time since last: 618692702 ns, Reaching safepoint: 7865 ns, Cleanup: 123852 ns, At safepoint: 8443342 ns, Total: 8575059 ns
[2024-03-07T03:25:48.170+0000][1][gc,start    ] GC(4) Pause Young (Normal) (G1 Evacuation Pause)
[2024-03-07T03:25:48.170+0000][1][gc,task     ] GC(4) Using 10 workers of 10 for evacuation
[2024-03-07T03:25:48.170+0000][1][gc,age      ] GC(4) Desired survivor size 6815744 bytes, new threshold 15 (max threshold 15)
[2024-03-07T03:25:48.184+0000][1][gc,phases   ] GC(4)   Pre Evacuate Collection Set: 0.3ms
[2024-03-07T03:25:48.184+0000][1][gc,phases   ] GC(4)   Merge Heap Roots: 0.1ms
[2024-03-07T03:25:48.184+0000][1][gc,phases   ] GC(4)   Evacuate Collection Set: 11.9ms
[2024-03-07T03:25:48.184+0000][1][gc,phases   ] GC(4)   Post Evacuate Collection Set: 1.1ms
[2024-03-07T03:25:48.184+0000][1][gc,phases   ] GC(4)   Other: 0.2ms
[2024-03-07T03:25:48.184+0000][1][gc,age      ] GC(4) Age table with threshold 15 (max threshold 15)
[2024-03-07T03:25:48.184+0000][1][gc,age      ] GC(4) - age   1:    1641992 bytes,    1641992 total
[2024-03-07T03:25:48.184+0000][1][gc,age      ] GC(4) - age   2:    1518368 bytes,    3160360 total
[2024-03-07T03:25:48.184+0000][1][gc,age      ] GC(4) - age   3:    1172976 bytes,    4333336 total
[2024-03-07T03:25:48.184+0000][1][gc,heap     ] GC(4) Eden regions: 101->0(302)
[2024-03-07T03:25:48.184+0000][1][gc,heap     ] GC(4) Survivor regions: 3->5(13)
[2024-03-07T03:25:48.184+0000][1][gc,heap     ] GC(4) Old regions: 7->7
[2024-03-07T03:25:48.184+0000][1][gc,heap     ] GC(4) Humongous regions: 3->3
[2024-03-07T03:25:48.184+0000][1][gc,metaspace] GC(4) Metaspace: 32688K(33024K)->32688K(33024K) NonClass: 29062K(29248K)->29062K(29248K) Class: 3626K(3776K)->3626K(3776K)
[2024-03-07T03:25:48.184+0000][1][gc          ] GC(4) Pause Young (Normal) (G1 Evacuation Pause) 112M->13M(512M) 14.051ms
[2024-03-07T03:25:48.184+0000][1][gc,cpu      ] GC(4) User=0.06s Sys=0.01s Real=0.02s
[2024-03-07T03:25:48.184+0000][1][safepoint   ] Safepoint "G1CollectForAllocation", Time since last: 436266081 ns, Reaching safepoint: 41277 ns, Cleanup: 138390 ns, At safepoint: 14138958 ns, Total: 14318625 ns
[2024-03-07T03:25:48.556+0000][1][gc,start    ] GC(5) Pause Young (Concurrent Start) (Metadata GC Threshold)
[2024-03-07T03:25:48.556+0000][1][gc,task     ] GC(5) Using 10 workers of 10 for evacuation
[2024-03-07T03:25:48.556+0000][1][gc,age      ] GC(5) Desired survivor size 20447232 bytes, new threshold 15 (max threshold 15)
[2024-03-07T03:25:48.561+0000][1][gc,phases   ] GC(5)   Pre Evacuate Collection Set: 0.2ms
[2024-03-07T03:25:48.561+0000][1][gc,phases   ] GC(5)   Merge Heap Roots: 0.0ms
[2024-03-07T03:25:48.561+0000][1][gc,phases   ] GC(5)   Evacuate Collection Set: 3.8ms
[2024-03-07T03:25:48.561+0000][1][gc,phases   ] GC(5)   Post Evacuate Collection Set: 0.5ms
[2024-03-07T03:25:48.561+0000][1][gc,phases   ] GC(5)   Other: 0.1ms
[2024-03-07T03:25:48.561+0000][1][gc,age      ] GC(5) Age table with threshold 15 (max threshold 15)
[2024-03-07T03:25:48.561+0000][1][gc,age      ] GC(5) - age   1:    1602024 bytes,    1602024 total
[2024-03-07T03:25:48.561+0000][1][gc,age      ] GC(5) - age   2:     737440 bytes,    2339464 total
[2024-03-07T03:25:48.561+0000][1][gc,age      ] GC(5) - age   3:    1505392 bytes,    3844856 total
[2024-03-07T03:25:48.561+0000][1][gc,age      ] GC(5) - age   4:    1172976 bytes,    5017832 total
[2024-03-07T03:25:48.561+0000][1][gc,heap     ] GC(5) Eden regions: 71->0(301)
[2024-03-07T03:25:48.561+0000][1][gc,heap     ] GC(5) Survivor regions: 5->6(39)
[2024-03-07T03:25:48.561+0000][1][gc,heap     ] GC(5) Old regions: 7->7
[2024-03-07T03:25:48.561+0000][1][gc,heap     ] GC(5) Humongous regions: 3->3
[2024-03-07T03:25:48.561+0000][1][gc,metaspace] GC(5) Metaspace: 35552K(35968K)->35552K(35968K) NonClass: 31568K(31808K)->31568K(31808K) Class: 3983K(4160K)->3983K(4160K)
[2024-03-07T03:25:48.561+0000][1][gc          ] GC(5) Pause Young (Concurrent Start) (Metadata GC Threshold) 84M->14M(512M) 5.037ms
[2024-03-07T03:25:48.561+0000][1][gc,cpu      ] GC(5) User=0.02s Sys=0.00s Real=0.00s
[2024-03-07T03:25:48.561+0000][1][gc          ] GC(6) Concurrent Mark Cycle
[2024-03-07T03:25:48.561+0000][1][gc,marking  ] GC(6) Concurrent Scan Root Regions
[2024-03-07T03:25:48.561+0000][1][safepoint   ] Safepoint "CollectForMetadataAllocation", Time since last: 371896076 ns, Reaching safepoint: 5270 ns, Cleanup: 64591 ns, At safepoint: 5154962 ns, Total: 5224823 ns
[2024-03-07T03:25:48.563+0000][1][gc,marking  ] GC(6) Concurrent Scan Root Regions 2.034ms
[2024-03-07T03:25:48.563+0000][1][gc,marking  ] GC(6) Concurrent Mark
[2024-03-07T03:25:48.563+0000][1][gc,marking  ] GC(6) Concurrent Mark From Roots
[2024-03-07T03:25:48.563+0000][1][gc,task     ] GC(6) Using 3 workers of 3 for marking
[2024-03-07T03:25:48.565+0000][1][gc,marking  ] GC(6) Concurrent Mark From Roots 1.748ms
[2024-03-07T03:25:48.565+0000][1][gc,marking  ] GC(6) Concurrent Preclean
[2024-03-07T03:25:48.565+0000][1][gc,marking  ] GC(6) Concurrent Preclean 0.017ms
[2024-03-07T03:25:48.565+0000][1][gc,start    ] GC(6) Pause Remark
[2024-03-07T03:25:48.567+0000][1][gc          ] GC(6) Pause Remark 15M->15M(512M) 1.909ms
[2024-03-07T03:25:48.567+0000][1][gc,cpu      ] GC(6) User=0.01s Sys=0.00s Real=0.00s
[2024-03-07T03:25:48.567+0000][1][safepoint   ] Safepoint "G1PauseRemark", Time since last: 3862116 ns, Reaching safepoint: 5952 ns, Cleanup: 2534 ns, At safepoint: 1956361 ns, Total: 1964847 ns
[2024-03-07T03:25:48.567+0000][1][gc,marking  ] GC(6) Concurrent Mark 3.798ms
[2024-03-07T03:25:48.567+0000][1][gc,marking  ] GC(6) Concurrent Rebuild Remembered Sets and Scrub Regions
[2024-03-07T03:25:48.568+0000][1][gc,marking  ] GC(6) Concurrent Rebuild Remembered Sets and Scrub Regions 0.765ms
[2024-03-07T03:25:48.568+0000][1][gc,start    ] GC(6) Pause Cleanup
[2024-03-07T03:25:48.568+0000][1][gc          ] GC(6) Pause Cleanup 15M->15M(512M) 0.090ms
[2024-03-07T03:25:48.568+0000][1][gc,cpu      ] GC(6) User=0.00s Sys=0.00s Real=0.00s
[2024-03-07T03:25:48.568+0000][1][safepoint   ] Safepoint "G1PauseCleanup", Time since last: 825158 ns, Reaching safepoint: 70593 ns, Cleanup: 2765 ns, At safepoint: 116949 ns, Total: 190307 ns
[2024-03-07T03:25:48.568+0000][1][gc,marking  ] GC(6) Concurrent Clear Claimed Marks
[2024-03-07T03:25:48.568+0000][1][gc,marking  ] GC(6) Concurrent Clear Claimed Marks 0.017ms
[2024-03-07T03:25:48.568+0000][1][gc,marking  ] GC(6) Concurrent Cleanup for Next Mark
[2024-03-07T03:25:48.569+0000][1][gc,marking  ] GC(6) Concurrent Cleanup for Next Mark 1.010ms
[2024-03-07T03:25:48.569+0000][1][gc          ] GC(6) Concurrent Mark Cycle 8.024ms
[2024-03-07T03:25:49.128+0000][1][safepoint   ] Safepoint "ICBufferFull", Time since last: 559925720 ns, Reaching safepoint: 72977 ns, Cleanup: 93705 ns, At safepoint: 3327 ns, Total: 170009 ns
[2024-03-07T03:25:49.681+0000][1][safepoint   ] Safepoint "ICBufferFull", Time since last: 552973234 ns, Reaching safepoint: 5891 ns, Cleanup: 160591 ns, At safepoint: 4719 ns, Total: 171201 ns
[2024-03-07T03:25:50.182+0000][1][gc,start    ] GC(7) Pause Young (Concurrent Start) (Metadata GC Threshold)
[2024-03-07T03:25:50.182+0000][1][gc,task     ] GC(7) Using 10 workers of 10 for evacuation
[2024-03-07T03:25:50.182+0000][1][gc,age      ] GC(7) Desired survivor size 20447232 bytes, new threshold 15 (max threshold 15)
[2024-03-07T03:25:50.192+0000][1][gc,phases   ] GC(7)   Pre Evacuate Collection Set: 0.2ms
[2024-03-07T03:25:50.192+0000][1][gc,phases   ] GC(7)   Merge Heap Roots: 0.1ms
[2024-03-07T03:25:50.192+0000][1][gc,phases   ] GC(7)   Evacuate Collection Set: 8.4ms
[2024-03-07T03:25:50.192+0000][1][gc,phases   ] GC(7)   Post Evacuate Collection Set: 1.0ms
[2024-03-07T03:25:50.192+0000][1][gc,phases   ] GC(7)   Other: 0.1ms
[2024-03-07T03:25:50.192+0000][1][gc,age      ] GC(7) Age table with threshold 15 (max threshold 15)
[2024-03-07T03:25:50.192+0000][1][gc,age      ] GC(7) - age   1:    6912632 bytes,    6912632 total
[2024-03-07T03:25:50.192+0000][1][gc,age      ] GC(7) - age   2:    1127616 bytes,    8040248 total
[2024-03-07T03:25:50.192+0000][1][gc,age      ] GC(7) - age   3:     689864 bytes,    8730112 total
[2024-03-07T03:25:50.192+0000][1][gc,age      ] GC(7) - age   4:    1455232 bytes,   10185344 total
[2024-03-07T03:25:50.192+0000][1][gc,age      ] GC(7) - age   5:    1155184 bytes,   11340528 total
[2024-03-07T03:25:50.192+0000][1][gc,heap     ] GC(7) Eden regions: 89->0(295)
[2024-03-07T03:25:50.192+0000][1][gc,heap     ] GC(7) Survivor regions: 6->12(39)
[2024-03-07T03:25:50.192+0000][1][gc,heap     ] GC(7) Old regions: 7->7
[2024-03-07T03:25:50.192+0000][1][gc,heap     ] GC(7) Humongous regions: 3->3
[2024-03-07T03:25:50.192+0000][1][gc,metaspace] GC(7) Metaspace: 59522K(60160K)->59522K(60160K) NonClass: 52088K(52416K)->52088K(52416K) Class: 7433K(7744K)->7433K(7744K)
[2024-03-07T03:25:50.192+0000][1][gc          ] GC(7) Pause Young (Concurrent Start) (Metadata GC Threshold) 103M->20M(512M) 9.994ms
[2024-03-07T03:25:50.192+0000][1][gc,cpu      ] GC(7) User=0.08s Sys=0.00s Real=0.01s
[2024-03-07T03:25:50.192+0000][1][gc          ] GC(8) Concurrent Mark Cycle
[2024-03-07T03:25:50.192+0000][1][gc,marking  ] GC(8) Concurrent Scan Root Regions
[2024-03-07T03:25:50.192+0000][1][safepoint   ] Safepoint "CollectForMetadataAllocation", Time since last: 500447543 ns, Reaching safepoint: 4618 ns, Cleanup: 101240 ns, At safepoint: 10103167 ns, Total: 10209025 ns
[2024-03-07T03:25:50.197+0000][1][gc,marking  ] GC(8) Concurrent Scan Root Regions 5.231ms
[2024-03-07T03:25:50.197+0000][1][gc,marking  ] GC(8) Concurrent Mark
[2024-03-07T03:25:50.197+0000][1][gc,marking  ] GC(8) Concurrent Mark From Roots
[2024-03-07T03:25:50.197+0000][1][gc,task     ] GC(8) Using 3 workers of 3 for marking
[2024-03-07T03:25:50.199+0000][1][gc,marking  ] GC(8) Concurrent Mark From Roots 2.173ms
[2024-03-07T03:25:50.199+0000][1][gc,marking  ] GC(8) Concurrent Preclean
[2024-03-07T03:25:50.199+0000][1][gc,marking  ] GC(8) Concurrent Preclean 0.030ms
[2024-03-07T03:25:50.199+0000][1][gc,start    ] GC(8) Pause Remark
[2024-03-07T03:25:50.202+0000][1][gc          ] GC(8) Pause Remark 21M->21M(512M) 2.238ms
[2024-03-07T03:25:50.202+0000][1][gc,cpu      ] GC(8) User=0.02s Sys=0.01s Real=0.00s
[2024-03-07T03:25:50.202+0000][1][safepoint   ] Safepoint "G1PauseRemark", Time since last: 7523125 ns, Reaching safepoint: 4468 ns, Cleanup: 2355 ns, At safepoint: 2311066 ns, Total: 2317889 ns
[2024-03-07T03:25:50.202+0000][1][gc,marking  ] GC(8) Concurrent Mark 4.594ms
[2024-03-07T03:25:50.202+0000][1][gc,marking  ] GC(8) Concurrent Rebuild Remembered Sets and Scrub Regions
[2024-03-07T03:25:50.203+0000][1][gc,marking  ] GC(8) Concurrent Rebuild Remembered Sets and Scrub Regions 0.889ms
[2024-03-07T03:25:50.203+0000][1][gc,start    ] GC(8) Pause Cleanup
[2024-03-07T03:25:50.203+0000][1][gc          ] GC(8) Pause Cleanup 21M->21M(512M) 0.100ms
[2024-03-07T03:25:50.203+0000][1][gc,cpu      ] GC(8) User=0.01s Sys=0.00s Real=0.00s
[2024-03-07T03:25:50.203+0000][1][safepoint   ] Safepoint "G1PauseCleanup", Time since last: 973516 ns, Reaching safepoint: 71935 ns, Cleanup: 3407 ns, At safepoint: 125355 ns, Total: 200697 ns
[2024-03-07T03:25:50.203+0000][1][gc,marking  ] GC(8) Concurrent Clear Claimed Marks
[2024-03-07T03:25:50.203+0000][1][gc,marking  ] GC(8) Concurrent Clear Claimed Marks 0.058ms
[2024-03-07T03:25:50.203+0000][1][gc,marking  ] GC(8) Concurrent Cleanup for Next Mark
[2024-03-07T03:25:50.204+0000][1][gc,marking  ] GC(8) Concurrent Cleanup for Next Mark 0.800ms
[2024-03-07T03:25:50.204+0000][1][gc          ] GC(8) Concurrent Mark Cycle 12.005ms
[2024-03-07T03:25:50.670+0000][1][safepoint   ] Safepoint "ICBufferFull", Time since last: 467205822 ns, Reaching safepoint: 76433 ns, Cleanup: 170631 ns, At safepoint: 4909 ns, Total: 251973 ns
[2024-03-07T03:25:51.671+0000][1][safepoint   ] Safepoint "Cleanup", Time since last: 1000152100 ns, Reaching safepoint: 47880 ns, Cleanup: 207479 ns, At safepoint: 17533 ns, Total: 272892 ns
[2024-03-07T03:25:53.671+0000][1][safepoint   ] Safepoint "Cleanup", Time since last: 2000203142 ns, Reaching safepoint: 8606 ns, Cleanup: 17022 ns, At safepoint: 4479 ns, Total: 30107 ns
[2024-03-07T03:25:54.671+0000][1][safepoint   ] Safepoint "Cleanup", Time since last: 1000148273 ns, Reaching safepoint: 8336 ns, Cleanup: 15789 ns, At safepoint: 4068 ns, Total: 28193 ns
[2024-03-07T03:25:56.672+0000][1][safepoint   ] Safepoint "Cleanup", Time since last: 2000586100 ns, Reaching safepoint: 13395 ns, Cleanup: 23765 ns, At safepoint: 5751 ns, Total: 42911 ns
[2024-03-07T03:25:59.673+0000][1][safepoint   ] Safepoint "Cleanup", Time since last: 3000666805 ns, Reaching safepoint: 51607 ns, Cleanup: 17773 ns, At safepoint: 4058 ns, Total: 73438 ns
[2024-03-07T03:26:00.673+0000][1][safepoint   ] Safepoint "Cleanup", Time since last: 1000113639 ns, Reaching safepoint: 9598 ns, Cleanup: 23253 ns, At safepoint: 3978 ns, Total: 36829 ns
[2024-03-07T03:26:06.674+0000][1][safepoint   ] Safepoint "Cleanup", Time since last: 6001006780 ns, Reaching safepoint: 9427 ns, Cleanup: 14227 ns, At safepoint: 4328 ns, Total: 27982 ns
[2024-03-07T03:26:07.674+0000][1][safepoint   ] Safepoint "Cleanup", Time since last: 1000165246 ns, Reaching safepoint: 9097 ns, Cleanup: 14827 ns, At safepoint: 3908 ns, Total: 27832 ns
[2024-03-07T03:26:11.674+0000][1][safepoint   ] Safepoint "Cleanup", Time since last: 4000412116 ns, Reaching safepoint: 9007 ns, Cleanup: 14518 ns, At safepoint: 4027 ns, Total: 27552 ns
[2024-03-07T03:26:13.675+0000][1][safepoint   ] Safepoint "Cleanup", Time since last: 2000231928 ns, Reaching safepoint: 8967 ns, Cleanup: 14277 ns, At safepoint: 3696 ns, Total: 26940 ns
[2024-03-07T03:26:21.675+0000][1][safepoint   ] Safepoint "Cleanup", Time since last: 8000698655 ns, Reaching safepoint: 8907 ns, Cleanup: 15439 ns, At safepoint: 4298 ns, Total: 28644 ns
[2024-03-07T03:26:37.678+0000][1][safepoint   ] Safepoint "Cleanup", Time since last: 16002204436 ns, Reaching safepoint: 51166 ns, Cleanup: 19206 ns, At safepoint: 4278 ns, Total: 74650 ns
[2024-03-07T03:27:00.295+0000][1][safepoint   ] Safepoint "Cleanup", Time since last: 22617297896 ns, Reaching safepoint: 50074 ns, Cleanup: 17563 ns, At safepoint: 4379 ns, Total: 72016 ns
[2024-03-07T03:27:02.295+0000][1][safepoint   ] Safepoint "Cleanup", Time since last: 2000205506 ns, Reaching safepoint: 8315 ns, Cleanup: 14247 ns, At safepoint: 3847 ns, Total: 26409 ns
[2024-03-07T03:27:03.295+0000][1][safepoint   ] Safepoint "Cleanup", Time since last: 1000128286 ns, Reaching safepoint: 8566 ns, Cleanup: 13295 ns, At safepoint: 4177 ns, Total: 26038 ns
[2024-03-07T03:27:07.296+0000][1][safepoint   ] Safepoint "Cleanup", Time since last: 4000334478 ns, Reaching safepoint: 51477 ns, Cleanup: 13095 ns, At safepoint: 4378 ns, Total: 68950 ns
[2024-03-07T03:27:08.296+0000][1][safepoint   ] Safepoint "Cleanup", Time since last: 1000132675 ns, Reaching safepoint: 7043 ns, Cleanup: 12483 ns, At safepoint: 2765 ns, Total: 22291 ns
[2024-03-07T03:27:09.296+0000][1][safepoint   ] Safepoint "Cleanup", Time since last: 1000124991 ns, Reaching safepoint: 7273 ns, Cleanup: 11462 ns, At safepoint: 3276 ns, Total: 22011 ns
[2024-03-07T03:27:10.296+0000][1][safepoint   ] Safepoint "Cleanup", Time since last: 1000145928 ns, Reaching safepoint: 9618 ns, Cleanup: 13775 ns, At safepoint: 4539 ns, Total: 27932 ns
[2024-03-07T03:27:11.296+0000][1][safepoint   ] Safepoint "Cleanup", Time since last: 1000123485 ns, Reaching safepoint: 7093 ns, Cleanup: 10580 ns, At safepoint: 2996 ns, Total: 20669 ns
[2024-03-07T03:27:13.297+0000][1][safepoint   ] Safepoint "Cleanup", Time since last: 2000163264 ns, Reaching safepoint: 7334 ns, Cleanup: 15218 ns, At safepoint: 2716 ns, Total: 25268 ns
[2024-03-07T03:27:14.297+0000][1][safepoint   ] Safepoint "Cleanup", Time since last: 1000108087 ns, Reaching safepoint: 7043 ns, Cleanup: 10029 ns, At safepoint: 2355 ns, Total: 19427 ns
[2024-03-07T03:27:50.301+0000][1][safepoint   ] Safepoint "Cleanup", Time since last: 36004002593 ns, Reaching safepoint: 9748 ns, Cleanup: 15108 ns, At safepoint: 4098 ns, Total: 28954 ns
[2024-03-07T03:27:51.301+0000][1][safepoint   ] Safepoint "Cleanup", Time since last: 1000189602 ns, Reaching safepoint: 9127 ns, Cleanup: 18144 ns, At safepoint: 4078 ns, Total: 31349 ns
[2024-03-07T03:27:58.302+0000][1][safepoint   ] Safepoint "Cleanup", Time since last: 7001353662 ns, Reaching safepoint: 7404 ns, Cleanup: 14787 ns, At safepoint: 2826 ns, Total: 25017 ns
[2024-03-07T03:27:59.303+0000][1][safepoint   ] Safepoint "Cleanup", Time since last: 1000114499 ns, Reaching safepoint: 9578 ns, Cleanup: 16821 ns, At safepoint: 4308 ns, Total: 30707 ns
[2024-03-07T03:28:00.303+0000][1][safepoint   ] Safepoint "Cleanup", Time since last: 1000163863 ns, Reaching safepoint: 9568 ns, Cleanup: 16360 ns, At safepoint: 4028 ns, Total: 29956 ns
[2024-03-07T03:28:02.303+0000][1][safepoint   ] Safepoint "Cleanup", Time since last: 2000262163 ns, Reaching safepoint: 8937 ns, Cleanup: 13515 ns, At safepoint: 3687 ns, Total: 26139 ns
[2024-03-07T03:28:04.303+0000][1][safepoint   ] Safepoint "Cleanup", Time since last: 2000253213 ns, Reaching safepoint: 9248 ns, Cleanup: 13956 ns, At safepoint: 3617 ns, Total: 26821 ns
[2024-03-07T03:28:08.304+0000][1][safepoint   ] Safepoint "Cleanup", Time since last: 4000336743 ns, Reaching safepoint: 41467 ns, Cleanup: 12965 ns, At safepoint: 10910 ns, Total: 65342 ns
[2024-03-07T03:28:15.304+0000][1][safepoint   ] Safepoint "Cleanup", Time since last: 7000678673 ns, Reaching safepoint: 50916 ns, Cleanup: 17993 ns, At safepoint: 3958 ns, Total: 72867 ns
[2024-03-07T03:28:17.305+0000][1][safepoint   ] Safepoint "Cleanup", Time since last: 2000554460 ns, Reaching safepoint: 6873 ns, Cleanup: 15389 ns, At safepoint: 2354 ns, Total: 24616 ns
[2024-03-07T03:28:24.307+0000][1][safepoint   ] Safepoint "Cleanup", Time since last: 7001635777 ns, Reaching safepoint: 9638 ns, Cleanup: 14908 ns, At safepoint: 4418 ns, Total: 28964 ns
[2024-03-07T03:28:32.309+0000][1][safepoint   ] Safepoint "Cleanup", Time since last: 8001795581 ns, Reaching safepoint: 9858 ns, Cleanup: 16421 ns, At safepoint: 4018 ns, Total: 30297 ns
[2024-03-07T03:28:39.310+0000][1][safepoint   ] Safepoint "Cleanup", Time since last: 7001536081 ns, Reaching safepoint: 7464 ns, Cleanup: 11681 ns, At safepoint: 2976 ns, Total: 22121 ns
[2024-03-07T03:28:54.312+0000][1][safepoint   ] Safepoint "Cleanup", Time since last: 15002135205 ns, Reaching safepoint: 9698 ns, Cleanup: 15699 ns, At safepoint: 4178 ns, Total: 29575 ns
[2024-03-07T03:28:56.313+0000][1][safepoint   ] Safepoint "Cleanup", Time since last: 2000243135 ns, Reaching safepoint: 9258 ns, Cleanup: 15118 ns, At safepoint: 3978 ns, Total: 28354 ns
[2024-03-07T03:28:57.313+0000][1][safepoint   ] Safepoint "Cleanup", Time since last: 1000160946 ns, Reaching safepoint: 10169 ns, Cleanup: 18485 ns, At safepoint: 3978 ns, Total: 32632 ns
[2024-03-07T03:29:04.315+0000][1][safepoint   ] Safepoint "Cleanup", Time since last: 7001908278 ns, Reaching safepoint: 9017 ns, Cleanup: 15249 ns, At safepoint: 3887 ns, Total: 28153 ns
[2024-03-07T03:29:14.316+0000][1][safepoint   ] Safepoint "Cleanup", Time since last: 10001708082 ns, Reaching safepoint: 7935 ns, Cleanup: 14677 ns, At safepoint: 3146 ns, Total: 25758 ns
[2024-03-07T03:29:17.815+0000][1][gc,heap,exit] Heap
[2024-03-07T03:29:17.815+0000][1][gc,heap,exit]  garbage-first heap   total 524288K, used 102763K [0x00000000e0000000, 0x0000000100000000)
[2024-03-07T03:29:17.816+0000][1][gc,heap,exit]   region size 1024K, 92 young (94208K), 12 survivors (12288K)
[2024-03-07T03:29:17.816+0000][1][gc,heap,exit]  Metaspace       used 72338K, committed 73600K, reserved 1114112K
[2024-03-07T03:29:17.816+0000][1][gc,heap,exit]   class space    used 9545K, committed 10112K, reserved 1048576K
