[2024-03-07T17:58:22.448+0000][1][gc,init] CardTable entry size: 512
[2024-03-07T17:58:22.449+0000][1][gc     ] Using G1
[2024-03-07T17:58:22.459+0000][1][gc,init] Version: 21.0.2+13-LTS (release)
[2024-03-07T17:58:22.459+0000][1][gc,init] CPUs: 12 total, 12 available
[2024-03-07T17:58:22.459+0000][1][gc,init] Memory: 7867M
[2024-03-07T17:58:22.459+0000][1][gc,init] Large Page Support: Disabled
[2024-03-07T17:58:22.459+0000][1][gc,init] NUMA Support: Disabled
[2024-03-07T17:58:22.459+0000][1][gc,init] Compressed Oops: Enabled (32-bit)
[2024-03-07T17:58:22.459+0000][1][gc,init] Heap Region Size: 1M
[2024-03-07T17:58:22.459+0000][1][gc,init] Heap Min Capacity: 1G
[2024-03-07T17:58:22.459+0000][1][gc,init] Heap Initial Capacity: 1G
[2024-03-07T17:58:22.459+0000][1][gc,init] Heap Max Capacity: 1G
[2024-03-07T17:58:22.459+0000][1][gc,init] Pre-touch: Disabled
[2024-03-07T17:58:22.459+0000][1][gc,init] Parallel Workers: 10
[2024-03-07T17:58:22.459+0000][1][gc,init] Concurrent Workers: 3
[2024-03-07T17:58:22.459+0000][1][gc,init] Concurrent Refinement Workers: 10
[2024-03-07T17:58:22.459+0000][1][gc,init] Periodic GC: Disabled
[2024-03-07T17:58:22.459+0000][1][gc,metaspace] CDS archive(s) not mapped
[2024-03-07T17:58:22.459+0000][1][gc,metaspace] Compressed class space mapped at: 0x0000000100000000-0x0000000140000000, reserved size: 1073741824
[2024-03-07T17:58:22.459+0000][1][gc,metaspace] Narrow klass base: 0x0000000000000000, Narrow klass shift: 3, Narrow klass range: 0x140000000
[2024-03-07T17:58:23.370+0000][1][safepoint   ] Safepoint "ICBufferFull", Time since last: 886461501 ns, Reaching safepoint: 75181 ns, Cleanup: 132439 ns, At safepoint: 7183 ns, Total: 214803 ns
[2024-03-07T17:58:23.560+0000][1][gc,start    ] GC(0) Pause Young (Concurrent Start) (Metadata GC Threshold)
[2024-03-07T17:58:23.563+0000][1][gc,task     ] GC(0) Using 10 workers of 10 for evacuation
[2024-03-07T17:58:23.563+0000][1][gc,age      ] GC(0) Desired survivor size 3670016 bytes, new threshold 15 (max threshold 15)
[2024-03-07T17:58:23.577+0000][1][gc,phases   ] GC(0)   Pre Evacuate Collection Set: 0.6ms
[2024-03-07T17:58:23.577+0000][1][gc,phases   ] GC(0)   Merge Heap Roots: 0.1ms
[2024-03-07T17:58:23.577+0000][1][gc,phases   ] GC(0)   Evacuate Collection Set: 12.4ms
[2024-03-07T17:58:23.577+0000][1][gc,phases   ] GC(0)   Post Evacuate Collection Set: 0.9ms
[2024-03-07T17:58:23.577+0000][1][gc,phases   ] GC(0)   Other: 2.7ms
[2024-03-07T17:58:23.577+0000][1][gc,age      ] GC(0) Age table with threshold 15 (max threshold 15)
[2024-03-07T17:58:23.577+0000][1][gc,age      ] GC(0) - age   1:    7173104 bytes,    7173104 total
[2024-03-07T17:58:23.577+0000][1][gc,heap     ] GC(0) Eden regions: 39->0(44)
[2024-03-07T17:58:23.577+0000][1][gc,heap     ] GC(0) Survivor regions: 0->7(7)
[2024-03-07T17:58:23.577+0000][1][gc,heap     ] GC(0) Old regions: 0->1
[2024-03-07T17:58:23.577+0000][1][gc,heap     ] GC(0) Humongous regions: 3->3
[2024-03-07T17:58:23.577+0000][1][gc,metaspace] GC(0) Metaspace: 21278K(21504K)->21278K(21504K) NonClass: 19030K(19136K)->19030K(19136K) Class: 2248K(2368K)->2248K(2368K)
[2024-03-07T17:58:23.578+0000][1][gc          ] GC(0) Pause Young (Concurrent Start) (Metadata GC Threshold) 42M->10M(1024M) 17.266ms
[2024-03-07T17:58:23.578+0000][1][gc,cpu      ] GC(0) User=0.02s Sys=0.05s Real=0.02s
[2024-03-07T17:58:23.578+0000][1][safepoint   ] Safepoint "CollectForMetadataAllocation", Time since last: 189817320 ns, Reaching safepoint: 27070 ns, Cleanup: 240542 ns, At safepoint: 17483022 ns, Total: 17750634 ns
[2024-03-07T17:58:23.581+0000][1][gc          ] GC(1) Concurrent Mark Cycle
[2024-03-07T17:58:23.581+0000][1][gc,marking  ] GC(1) Concurrent Scan Root Regions
[2024-03-07T17:58:23.589+0000][1][gc,marking  ] GC(1) Concurrent Scan Root Regions 7.570ms
[2024-03-07T17:58:23.589+0000][1][gc,marking  ] GC(1) Concurrent Mark
[2024-03-07T17:58:23.589+0000][1][gc,marking  ] GC(1) Concurrent Mark From Roots
[2024-03-07T17:58:23.589+0000][1][gc,task     ] GC(1) Using 3 workers of 3 for marking
[2024-03-07T17:58:23.590+0000][1][gc,marking  ] GC(1) Concurrent Mark From Roots 0.761ms
[2024-03-07T17:58:23.590+0000][1][gc,marking  ] GC(1) Concurrent Preclean
[2024-03-07T17:58:23.590+0000][1][gc,marking  ] GC(1) Concurrent Preclean 0.021ms
[2024-03-07T17:58:23.592+0000][1][gc,start    ] GC(1) Pause Remark
[2024-03-07T17:58:23.595+0000][1][gc          ] GC(1) Pause Remark 11M->11M(1024M) 3.050ms
[2024-03-07T17:58:23.595+0000][1][gc,cpu      ] GC(1) User=0.00s Sys=0.00s Real=0.01s
[2024-03-07T17:58:23.595+0000][1][safepoint   ] Safepoint "G1PauseRemark", Time since last: 12390341 ns, Reaching safepoint: 2117622 ns, Cleanup: 16551 ns, At safepoint: 3144237 ns, Total: 5278410 ns
[2024-03-07T17:58:23.595+0000][1][gc,marking  ] GC(1) Concurrent Mark 6.262ms
[2024-03-07T17:58:23.595+0000][1][gc,marking  ] GC(1) Concurrent Rebuild Remembered Sets and Scrub Regions
[2024-03-07T17:58:23.596+0000][1][gc,marking  ] GC(1) Concurrent Rebuild Remembered Sets and Scrub Regions 0.416ms
[2024-03-07T17:58:23.596+0000][1][gc,start    ] GC(1) Pause Cleanup
[2024-03-07T17:58:23.596+0000][1][gc          ] GC(1) Pause Cleanup 11M->11M(1024M) 0.195ms
[2024-03-07T17:58:23.596+0000][1][gc,cpu      ] GC(1) User=0.00s Sys=0.00s Real=0.00s
[2024-03-07T17:58:23.596+0000][1][safepoint   ] Safepoint "G1PauseCleanup", Time since last: 484078 ns, Reaching safepoint: 137088 ns, Cleanup: 2855 ns, At safepoint: 228278 ns, Total: 368221 ns
[2024-03-07T17:58:23.596+0000][1][gc,marking  ] GC(1) Concurrent Clear Claimed Marks
[2024-03-07T17:58:23.596+0000][1][gc,marking  ] GC(1) Concurrent Clear Claimed Marks 0.023ms
[2024-03-07T17:58:23.596+0000][1][gc,marking  ] GC(1) Concurrent Cleanup for Next Mark
[2024-03-07T17:58:23.602+0000][1][gc,marking  ] GC(1) Concurrent Cleanup for Next Mark 5.867ms
[2024-03-07T17:58:23.602+0000][1][gc          ] GC(1) Concurrent Mark Cycle 21.069ms
[2024-03-07T17:58:24.229+0000][1][gc,start    ] GC(2) Pause Young (Normal) (G1 Evacuation Pause)
[2024-03-07T17:58:24.229+0000][1][gc,task     ] GC(2) Using 10 workers of 10 for evacuation
[2024-03-07T17:58:24.229+0000][1][gc,age      ] GC(2) Desired survivor size 3670016 bytes, new threshold 1 (max threshold 15)
[2024-03-07T17:58:24.248+0000][1][gc,phases   ] GC(2)   Pre Evacuate Collection Set: 0.3ms
[2024-03-07T17:58:24.248+0000][1][gc,phases   ] GC(2)   Merge Heap Roots: 0.1ms
[2024-03-07T17:58:24.248+0000][1][gc,phases   ] GC(2)   Evacuate Collection Set: 16.9ms
[2024-03-07T17:58:24.248+0000][1][gc,phases   ] GC(2)   Post Evacuate Collection Set: 1.2ms
[2024-03-07T17:58:24.248+0000][1][gc,phases   ] GC(2)   Other: 0.1ms
[2024-03-07T17:58:24.248+0000][1][gc,age      ] GC(2) Age table with threshold 1 (max threshold 15)
[2024-03-07T17:58:24.248+0000][1][gc,age      ] GC(2) - age   1:    1272256 bytes,    1272256 total
[2024-03-07T17:58:24.248+0000][1][gc,heap     ] GC(2) Eden regions: 44->0(69)
[2024-03-07T17:58:24.248+0000][1][gc,heap     ] GC(2) Survivor regions: 7->2(7)
[2024-03-07T17:58:24.248+0000][1][gc,heap     ] GC(2) Old regions: 1->8
[2024-03-07T17:58:24.248+0000][1][gc,heap     ] GC(2) Humongous regions: 3->3
[2024-03-07T17:58:24.248+0000][1][gc,metaspace] GC(2) Metaspace: 29334K(29632K)->29334K(29632K) NonClass: 26154K(26304K)->26154K(26304K) Class: 3180K(3328K)->3180K(3328K)
[2024-03-07T17:58:24.248+0000][1][gc          ] GC(2) Pause Young (Normal) (G1 Evacuation Pause) 54M->12M(1024M) 18.983ms
[2024-03-07T17:58:24.248+0000][1][gc,cpu      ] GC(2) User=0.04s Sys=0.02s Real=0.02s
[2024-03-07T17:58:24.248+0000][1][safepoint   ] Safepoint "G1CollectForAllocation", Time since last: 632472676 ns, Reaching safepoint: 5410 ns, Cleanup: 91041 ns, At safepoint: 19078746 ns, Total: 19175197 ns
[2024-03-07T17:58:24.690+0000][1][gc,start    ] GC(3) Pause Young (Normal) (G1 Evacuation Pause)
[2024-03-07T17:58:24.690+0000][1][gc,task     ] GC(3) Using 10 workers of 10 for evacuation
[2024-03-07T17:58:24.690+0000][1][gc,age      ] GC(3) Desired survivor size 4718592 bytes, new threshold 15 (max threshold 15)
[2024-03-07T17:58:24.713+0000][1][gc,phases   ] GC(3)   Pre Evacuate Collection Set: 0.4ms
[2024-03-07T17:58:24.713+0000][1][gc,phases   ] GC(3)   Merge Heap Roots: 0.1ms
[2024-03-07T17:58:24.713+0000][1][gc,phases   ] GC(3)   Evacuate Collection Set: 18.0ms
[2024-03-07T17:58:24.713+0000][1][gc,phases   ] GC(3)   Post Evacuate Collection Set: 3.7ms
[2024-03-07T17:58:24.713+0000][1][gc,phases   ] GC(3)   Other: 0.1ms
[2024-03-07T17:58:24.713+0000][1][gc,age      ] GC(3) Age table with threshold 15 (max threshold 15)
[2024-03-07T17:58:24.713+0000][1][gc,age      ] GC(3) - age   1:    4098296 bytes,    4098296 total
[2024-03-07T17:58:24.713+0000][1][gc,age      ] GC(3) - age   2:    1218656 bytes,    5316952 total
[2024-03-07T17:58:24.713+0000][1][gc,heap     ] GC(3) Eden regions: 69->0(608)
[2024-03-07T17:58:24.713+0000][1][gc,heap     ] GC(3) Survivor regions: 2->6(9)
[2024-03-07T17:58:24.713+0000][1][gc,heap     ] GC(3) Old regions: 8->8
[2024-03-07T17:58:24.713+0000][1][gc,heap     ] GC(3) Humongous regions: 3->3
[2024-03-07T17:58:24.713+0000][1][gc,metaspace] GC(3) Metaspace: 32575K(32960K)->32575K(32960K) NonClass: 28950K(29184K)->28950K(29184K) Class: 3625K(3776K)->3625K(3776K)
[2024-03-07T17:58:24.713+0000][1][gc          ] GC(3) Pause Young (Normal) (G1 Evacuation Pause) 81M->16M(1024M) 22.767ms
[2024-03-07T17:58:24.713+0000][1][gc,cpu      ] GC(3) User=0.07s Sys=0.01s Real=0.02s
[2024-03-07T17:58:24.713+0000][1][safepoint   ] Safepoint "G1CollectForAllocation", Time since last: 442059168 ns, Reaching safepoint: 81854 ns, Cleanup: 146144 ns, At safepoint: 22855780 ns, Total: 23083778 ns
[2024-03-07T17:58:25.535+0000][1][gc,start    ] GC(4) Pause Young (Concurrent Start) (Metadata GC Threshold)
[2024-03-07T17:58:25.535+0000][1][gc,task     ] GC(4) Using 10 workers of 10 for evacuation
[2024-03-07T17:58:25.535+0000][1][gc,age      ] GC(4) Desired survivor size 40370176 bytes, new threshold 15 (max threshold 15)
[2024-03-07T17:58:25.547+0000][1][gc,phases   ] GC(4)   Pre Evacuate Collection Set: 0.4ms
[2024-03-07T17:58:25.547+0000][1][gc,phases   ] GC(4)   Merge Heap Roots: 0.1ms
[2024-03-07T17:58:25.547+0000][1][gc,phases   ] GC(4)   Evacuate Collection Set: 7.9ms
[2024-03-07T17:58:25.547+0000][1][gc,phases   ] GC(4)   Post Evacuate Collection Set: 2.9ms
[2024-03-07T17:58:25.547+0000][1][gc,phases   ] GC(4)   Other: 0.1ms
[2024-03-07T17:58:25.547+0000][1][gc,age      ] GC(4) Age table with threshold 15 (max threshold 15)
[2024-03-07T17:58:25.547+0000][1][gc,age      ] GC(4) - age   1:    1348952 bytes,    1348952 total
[2024-03-07T17:58:25.547+0000][1][gc,age      ] GC(4) - age   2:     956240 bytes,    2305192 total
[2024-03-07T17:58:25.547+0000][1][gc,age      ] GC(4) - age   3:    1205896 bytes,    3511088 total
[2024-03-07T17:58:25.547+0000][1][gc,heap     ] GC(4) Eden regions: 108->0(610)
[2024-03-07T17:58:25.547+0000][1][gc,heap     ] GC(4) Survivor regions: 6->4(77)
[2024-03-07T17:58:25.547+0000][1][gc,heap     ] GC(4) Old regions: 8->8
[2024-03-07T17:58:25.547+0000][1][gc,heap     ] GC(4) Humongous regions: 3->3
[2024-03-07T17:58:25.547+0000][1][gc,metaspace] GC(4) Metaspace: 35787K(36096K)->35787K(36096K) NonClass: 31770K(31936K)->31770K(31936K) Class: 4017K(4160K)->4017K(4160K)
[2024-03-07T17:58:25.547+0000][1][gc          ] GC(4) Pause Young (Concurrent Start) (Metadata GC Threshold) 123M->14M(1024M) 11.763ms
[2024-03-07T17:58:25.547+0000][1][gc,cpu      ] GC(4) User=0.03s Sys=0.00s Real=0.01s
[2024-03-07T17:58:25.547+0000][1][safepoint   ] Safepoint "CollectForMetadataAllocation", Time since last: 821948736 ns, Reaching safepoint: 7975 ns, Cleanup: 94527 ns, At safepoint: 11888509 ns, Total: 11991011 ns
[2024-03-07T17:58:25.547+0000][1][gc          ] GC(5) Concurrent Mark Cycle
[2024-03-07T17:58:25.547+0000][1][gc,marking  ] GC(5) Concurrent Scan Root Regions
[2024-03-07T17:58:25.552+0000][1][gc,marking  ] GC(5) Concurrent Scan Root Regions 5.254ms
[2024-03-07T17:58:25.552+0000][1][gc,marking  ] GC(5) Concurrent Mark
[2024-03-07T17:58:25.552+0000][1][gc,marking  ] GC(5) Concurrent Mark From Roots
[2024-03-07T17:58:25.552+0000][1][gc,task     ] GC(5) Using 3 workers of 3 for marking
[2024-03-07T17:58:25.560+0000][1][gc,marking  ] GC(5) Concurrent Mark From Roots 7.136ms
[2024-03-07T17:58:25.560+0000][1][gc,marking  ] GC(5) Concurrent Preclean
[2024-03-07T17:58:25.560+0000][1][gc,marking  ] GC(5) Concurrent Preclean 0.065ms
[2024-03-07T17:58:25.560+0000][1][gc,start    ] GC(5) Pause Remark
[2024-03-07T17:58:25.566+0000][1][gc          ] GC(5) Pause Remark 15M->15M(1024M) 6.151ms
[2024-03-07T17:58:25.566+0000][1][gc,cpu      ] GC(5) User=0.01s Sys=0.00s Real=0.01s
[2024-03-07T17:58:25.566+0000][1][safepoint   ] Safepoint "G1PauseRemark", Time since last: 12802253 ns, Reaching safepoint: 80331 ns, Cleanup: 8496 ns, At safepoint: 6273076 ns, Total: 6361903 ns
[2024-03-07T17:58:25.568+0000][1][gc,marking  ] GC(5) Concurrent Mark 15.181ms
[2024-03-07T17:58:25.568+0000][1][gc,marking  ] GC(5) Concurrent Rebuild Remembered Sets and Scrub Regions
[2024-03-07T17:58:25.569+0000][1][gc,marking  ] GC(5) Concurrent Rebuild Remembered Sets and Scrub Regions 1.423ms
[2024-03-07T17:58:25.569+0000][1][gc,start    ] GC(5) Pause Cleanup
[2024-03-07T17:58:25.570+0000][1][gc          ] GC(5) Pause Cleanup 16M->16M(1024M) 0.303ms
[2024-03-07T17:58:25.570+0000][1][gc,cpu      ] GC(5) User=0.00s Sys=0.00s Real=0.00s
[2024-03-07T17:58:25.570+0000][1][safepoint   ] Safepoint "G1PauseCleanup", Time since last: 3026617 ns, Reaching safepoint: 99437 ns, Cleanup: 6452 ns, At safepoint: 1230187 ns, Total: 1336076 ns
[2024-03-07T17:58:25.571+0000][1][gc,marking  ] GC(5) Concurrent Clear Claimed Marks
[2024-03-07T17:58:25.571+0000][1][gc,marking  ] GC(5) Concurrent Clear Claimed Marks 0.052ms
[2024-03-07T17:58:25.571+0000][1][gc,marking  ] GC(5) Concurrent Cleanup for Next Mark
[2024-03-07T17:58:25.574+0000][1][gc,marking  ] GC(5) Concurrent Cleanup for Next Mark 3.174ms
[2024-03-07T17:58:25.574+0000][1][gc          ] GC(5) Concurrent Mark Cycle 26.985ms
[2024-03-07T17:58:26.346+0000][1][safepoint   ] Safepoint "ICBufferFull", Time since last: 775521212 ns, Reaching safepoint: 7103 ns, Cleanup: 168496 ns, At safepoint: 7735 ns, Total: 183334 ns
[2024-03-07T17:58:27.231+0000][1][safepoint   ] Safepoint "ICBufferFull", Time since last: 884672576 ns, Reaching safepoint: 81763 ns, Cleanup: 369433 ns, At safepoint: 4709 ns, Total: 455905 ns
[2024-03-07T17:58:27.870+0000][1][gc,start    ] GC(6) Pause Young (Prepare Mixed) (Metadata GC Threshold)
[2024-03-07T17:58:27.871+0000][1][gc,task     ] GC(6) Using 10 workers of 10 for evacuation
[2024-03-07T17:58:27.871+0000][1][gc,age      ] GC(6) Desired survivor size 40370176 bytes, new threshold 15 (max threshold 15)
[2024-03-07T17:58:27.899+0000][1][gc,phases   ] GC(6)   Pre Evacuate Collection Set: 0.5ms
[2024-03-07T17:58:27.899+0000][1][gc,phases   ] GC(6)   Merge Heap Roots: 0.1ms
[2024-03-07T17:58:27.899+0000][1][gc,phases   ] GC(6)   Evacuate Collection Set: 26.4ms
[2024-03-07T17:58:27.899+0000][1][gc,phases   ] GC(6)   Post Evacuate Collection Set: 1.5ms
[2024-03-07T17:58:27.899+0000][1][gc,phases   ] GC(6)   Other: 0.1ms
[2024-03-07T17:58:27.899+0000][1][gc,age      ] GC(6) Age table with threshold 15 (max threshold 15)
[2024-03-07T17:58:27.899+0000][1][gc,age      ] GC(6) - age   1:    7784264 bytes,    7784264 total
[2024-03-07T17:58:27.899+0000][1][gc,age      ] GC(6) - age   2:    1307784 bytes,    9092048 total
[2024-03-07T17:58:27.899+0000][1][gc,age      ] GC(6) - age   3:     906616 bytes,    9998664 total
[2024-03-07T17:58:27.899+0000][1][gc,age      ] GC(6) - age   4:    1162344 bytes,   11161008 total
[2024-03-07T17:58:27.899+0000][1][gc,heap     ] GC(6) Eden regions: 92->0(602)
[2024-03-07T17:58:27.899+0000][1][gc,heap     ] GC(6) Survivor regions: 4->12(77)
[2024-03-07T17:58:27.899+0000][1][gc,heap     ] GC(6) Old regions: 8->8
[2024-03-07T17:58:27.899+0000][1][gc,heap     ] GC(6) Humongous regions: 3->3
[2024-03-07T17:58:27.899+0000][1][gc,metaspace] GC(6) Metaspace: 59957K(60608K)->59957K(60608K) NonClass: 52445K(52800K)->52445K(52800K) Class: 7512K(7808K)->7512K(7808K)
[2024-03-07T17:58:27.899+0000][1][gc          ] GC(6) Pause Young (Prepare Mixed) (Metadata GC Threshold) 106M->22M(1024M) 29.052ms
[2024-03-07T17:58:27.899+0000][1][gc,cpu      ] GC(6) User=0.13s Sys=0.00s Real=0.03s
[2024-03-07T17:58:27.900+0000][1][safepoint   ] Safepoint "CollectForMetadataAllocation", Time since last: 638967057 ns, Reaching safepoint: 16061 ns, Cleanup: 112861 ns, At safepoint: 29172219 ns, Total: 29301141 ns
[2024-03-07T17:58:27.933+0000][1][gc,start    ] GC(7) Pause Young (Mixed) (Metadata GC Threshold)
[2024-03-07T17:58:27.933+0000][1][gc,task     ] GC(7) Using 10 workers of 10 for evacuation
[2024-03-07T17:58:27.933+0000][1][gc,age      ] GC(7) Desired survivor size 40370176 bytes, new threshold 15 (max threshold 15)
[2024-03-07T17:58:27.960+0000][1][gc,phases   ] GC(7)   Pre Evacuate Collection Set: 0.4ms
[2024-03-07T17:58:27.960+0000][1][gc,phases   ] GC(7)   Merge Heap Roots: 0.1ms
[2024-03-07T17:58:27.960+0000][1][gc,phases   ] GC(7)   Evacuate Collection Set: 15.9ms
[2024-03-07T17:58:27.960+0000][1][gc,phases   ] GC(7)   Post Evacuate Collection Set: 10.5ms
[2024-03-07T17:58:27.960+0000][1][gc,phases   ] GC(7)   Other: 0.1ms
[2024-03-07T17:58:27.960+0000][1][gc,age      ] GC(7) Age table with threshold 15 (max threshold 15)
[2024-03-07T17:58:27.960+0000][1][gc,age      ] GC(7) - age   1:     397464 bytes,     397464 total
[2024-03-07T17:58:27.960+0000][1][gc,age      ] GC(7) - age   2:    7688568 bytes,    8086032 total
[2024-03-07T17:58:27.960+0000][1][gc,age      ] GC(7) - age   3:    1307688 bytes,    9393720 total
[2024-03-07T17:58:27.960+0000][1][gc,age      ] GC(7) - age   4:     906520 bytes,   10300240 total
[2024-03-07T17:58:27.960+0000][1][gc,age      ] GC(7) - age   5:    1162216 bytes,   11462456 total
[2024-03-07T17:58:27.960+0000][1][gc,heap     ] GC(7) Eden regions: 3->0(602)
[2024-03-07T17:58:27.960+0000][1][gc,heap     ] GC(7) Survivor regions: 12->12(77)
[2024-03-07T17:58:27.960+0000][1][gc,heap     ] GC(7) Old regions: 8->8
[2024-03-07T17:58:27.960+0000][1][gc,heap     ] GC(7) Humongous regions: 3->3
[2024-03-07T17:58:27.960+0000][1][gc,metaspace] GC(7) Metaspace: 60284K(60928K)->60284K(60928K) NonClass: 52772K(53120K)->52772K(53120K) Class: 7512K(7808K)->7512K(7808K)
[2024-03-07T17:58:27.960+0000][1][gc          ] GC(7) Pause Young (Mixed) (Metadata GC Threshold) 24M->22M(1024M) 27.349ms
[2024-03-07T17:58:27.960+0000][1][gc,cpu      ] GC(7) User=0.11s Sys=0.00s Real=0.03s
[2024-03-07T17:58:27.960+0000][1][safepoint   ] Safepoint "CollectForMetadataAllocation", Time since last: 32925407 ns, Reaching safepoint: 13826 ns, Cleanup: 60895 ns, At safepoint: 27465056 ns, Total: 27539777 ns
[2024-03-07T17:58:28.002+0000][1][gc,start    ] GC(8) Pause Young (Concurrent Start) (Metadata GC Threshold)
[2024-03-07T17:58:28.002+0000][1][gc,task     ] GC(8) Using 10 workers of 10 for evacuation
[2024-03-07T17:58:28.002+0000][1][gc,age      ] GC(8) Desired survivor size 40370176 bytes, new threshold 15 (max threshold 15)
[2024-03-07T17:58:28.013+0000][1][gc,phases   ] GC(8)   Pre Evacuate Collection Set: 0.5ms
[2024-03-07T17:58:28.013+0000][1][gc,phases   ] GC(8)   Merge Heap Roots: 0.1ms
[2024-03-07T17:58:28.013+0000][1][gc,phases   ] GC(8)   Evacuate Collection Set: 9.8ms
[2024-03-07T17:58:28.013+0000][1][gc,phases   ] GC(8)   Post Evacuate Collection Set: 1.2ms
[2024-03-07T17:58:28.013+0000][1][gc,phases   ] GC(8)   Other: 0.1ms
[2024-03-07T17:58:28.013+0000][1][gc,age      ] GC(8) Age table with threshold 15 (max threshold 15)
[2024-03-07T17:58:28.013+0000][1][gc,age      ] GC(8) - age   1:     174432 bytes,     174432 total
[2024-03-07T17:58:28.013+0000][1][gc,age      ] GC(8) - age   2:      65464 bytes,     239896 total
[2024-03-07T17:58:28.013+0000][1][gc,age      ] GC(8) - age   3:    7608760 bytes,    7848656 total
[2024-03-07T17:58:28.013+0000][1][gc,age      ] GC(8) - age   4:    1307688 bytes,    9156344 total
[2024-03-07T17:58:28.013+0000][1][gc,age      ] GC(8) - age   5:     906520 bytes,   10062864 total
[2024-03-07T17:58:28.013+0000][1][gc,age      ] GC(8) - age   6:    1162216 bytes,   11225080 total
[2024-03-07T17:58:28.013+0000][1][gc,heap     ] GC(8) Eden regions: 1->0(439)
[2024-03-07T17:58:28.013+0000][1][gc,heap     ] GC(8) Survivor regions: 12->12(77)
[2024-03-07T17:58:28.014+0000][1][gc,heap     ] GC(8) Old regions: 8->8
[2024-03-07T17:58:28.014+0000][1][gc,heap     ] GC(8) Humongous regions: 3->3
[2024-03-07T17:58:28.014+0000][1][gc,metaspace] GC(8) Metaspace: 60605K(61248K)->60605K(61248K) NonClass: 53045K(53376K)->53045K(53376K) Class: 7559K(7872K)->7559K(7872K)
[2024-03-07T17:58:28.014+0000][1][gc          ] GC(8) Pause Young (Concurrent Start) (Metadata GC Threshold) 23M->22M(1024M) 12.055ms
[2024-03-07T17:58:28.014+0000][1][gc,cpu      ] GC(8) User=0.06s Sys=0.00s Real=0.01s
[2024-03-07T17:58:28.014+0000][1][gc          ] GC(9) Concurrent Mark Cycle
[2024-03-07T17:58:28.014+0000][1][gc,marking  ] GC(9) Concurrent Scan Root Regions
[2024-03-07T17:58:28.014+0000][1][safepoint   ] Safepoint "CollectForMetadataAllocation", Time since last: 41403630 ns, Reaching safepoint: 11512 ns, Cleanup: 46447 ns, At safepoint: 12169216 ns, Total: 12227175 ns
[2024-03-07T17:58:28.018+0000][1][gc,marking  ] GC(9) Concurrent Scan Root Regions 4.790ms
[2024-03-07T17:58:28.018+0000][1][gc,marking  ] GC(9) Concurrent Mark
[2024-03-07T17:58:28.018+0000][1][gc,marking  ] GC(9) Concurrent Mark From Roots
[2024-03-07T17:58:28.019+0000][1][gc,task     ] GC(9) Using 3 workers of 3 for marking
[2024-03-07T17:58:28.023+0000][1][gc,marking  ] GC(9) Concurrent Mark From Roots 4.691ms
[2024-03-07T17:58:28.023+0000][1][gc,marking  ] GC(9) Concurrent Preclean
[2024-03-07T17:58:28.023+0000][1][gc,marking  ] GC(9) Concurrent Preclean 0.068ms
[2024-03-07T17:58:28.025+0000][1][gc,start    ] GC(9) Pause Remark
[2024-03-07T17:58:28.029+0000][1][gc          ] GC(9) Pause Remark 23M->23M(1024M) 3.954ms
[2024-03-07T17:58:28.029+0000][1][gc,cpu      ] GC(9) User=0.02s Sys=0.01s Real=0.00s
[2024-03-07T17:58:28.029+0000][1][safepoint   ] Safepoint "G1PauseRemark", Time since last: 11183987 ns, Reaching safepoint: 6563 ns, Cleanup: 9297 ns, At safepoint: 4050457 ns, Total: 4066317 ns
[2024-03-07T17:58:28.029+0000][1][gc,marking  ] GC(9) Concurrent Mark 10.760ms
[2024-03-07T17:58:28.029+0000][1][gc,marking  ] GC(9) Concurrent Rebuild Remembered Sets and Scrub Regions
[2024-03-07T17:58:28.032+0000][1][gc,marking  ] GC(9) Concurrent Rebuild Remembered Sets and Scrub Regions 2.429ms
[2024-03-07T17:58:28.032+0000][1][gc,start    ] GC(9) Pause Cleanup
[2024-03-07T17:58:28.032+0000][1][gc          ] GC(9) Pause Cleanup 24M->24M(1024M) 0.226ms
[2024-03-07T17:58:28.032+0000][1][gc,cpu      ] GC(9) User=0.00s Sys=0.00s Real=0.00s
[2024-03-07T17:58:28.032+0000][1][safepoint   ] Safepoint "G1PauseCleanup", Time since last: 2929946 ns, Reaching safepoint: 76213 ns, Cleanup: 5431 ns, At safepoint: 268884 ns, Total: 350528 ns
[2024-03-07T17:58:28.032+0000][1][gc,marking  ] GC(9) Concurrent Clear Claimed Marks
[2024-03-07T17:58:28.032+0000][1][gc,marking  ] GC(9) Concurrent Clear Claimed Marks 0.061ms
[2024-03-07T17:58:28.032+0000][1][gc,marking  ] GC(9) Concurrent Cleanup for Next Mark
[2024-03-07T17:58:28.035+0000][1][gc,marking  ] GC(9) Concurrent Cleanup for Next Mark 2.684ms
[2024-03-07T17:58:28.035+0000][1][gc          ] GC(9) Concurrent Mark Cycle 21.501ms
[2024-03-07T17:58:28.835+0000][1][safepoint   ] Safepoint "ICBufferFull", Time since last: 802181718 ns, Reaching safepoint: 12835 ns, Cleanup: 211576 ns, At safepoint: 5951 ns, Total: 230362 ns
[2024-03-07T17:58:29.727+0000][1][safepoint   ] Safepoint "ICBufferFull", Time since last: 889536259 ns, Reaching safepoint: 2134714 ns, Cleanup: 225734 ns, At safepoint: 31609 ns, Total: 2392057 ns
[2024-03-07T17:58:30.429+0000][1][safepoint   ] Safepoint "ICBufferFull", Time since last: 698340183 ns, Reaching safepoint: 3453919 ns, Cleanup: 251582 ns, At safepoint: 33372 ns, Total: 3738873 ns
[2024-03-07T17:58:30.941+0000][1][safepoint   ] Safepoint "ICBufferFull", Time since last: 512072633 ns, Reaching safepoint: 166592 ns, Cleanup: 198813 ns, At safepoint: 14948 ns, Total: 380353 ns
[2024-03-07T17:58:32.365+0000][1][safepoint   ] Safepoint "Cleanup", Time since last: 1423580532 ns, Reaching safepoint: 14647 ns, Cleanup: 139021 ns, At safepoint: 4428 ns, Total: 158096 ns
[2024-03-07T17:58:33.365+0000][1][safepoint   ] Safepoint "Cleanup", Time since last: 1000145397 ns, Reaching safepoint: 14127 ns, Cleanup: 22011 ns, At safepoint: 3948 ns, Total: 40086 ns
[2024-03-07T17:58:34.365+0000][1][safepoint   ] Safepoint "Cleanup", Time since last: 1000126703 ns, Reaching safepoint: 12063 ns, Cleanup: 15229 ns, At safepoint: 3917 ns, Total: 31209 ns
[2024-03-07T17:58:35.365+0000][1][safepoint   ] Safepoint "Cleanup", Time since last: 1000125160 ns, Reaching safepoint: 58730 ns, Cleanup: 17773 ns, At safepoint: 5361 ns, Total: 81864 ns
[2024-03-07T17:58:36.366+0000][1][safepoint   ] Safepoint "Cleanup", Time since last: 1000133946 ns, Reaching safepoint: 16671 ns, Cleanup: 31950 ns, At safepoint: 5520 ns, Total: 54141 ns
[2024-03-07T17:58:38.366+0000][1][safepoint   ] Safepoint "Cleanup", Time since last: 2000210395 ns, Reaching safepoint: 20910 ns, Cleanup: 18314 ns, At safepoint: 5290 ns, Total: 44514 ns
[2024-03-07T17:58:39.366+0000][1][safepoint   ] Safepoint "Cleanup", Time since last: 1000171847 ns, Reaching safepoint: 12213 ns, Cleanup: 9879 ns, At safepoint: 3927 ns, Total: 26019 ns
[2024-03-07T17:58:40.366+0000][1][safepoint   ] Safepoint "Cleanup", Time since last: 1000169051 ns, Reaching safepoint: 85601 ns, Cleanup: 19356 ns, At safepoint: 4388 ns, Total: 109345 ns
[2024-03-07T17:58:41.366+0000][1][safepoint   ] Safepoint "Cleanup", Time since last: 1000106555 ns, Reaching safepoint: 17633 ns, Cleanup: 49393 ns, At safepoint: 3957 ns, Total: 70983 ns
[2024-03-07T17:58:44.367+0000][1][safepoint   ] Safepoint "Cleanup", Time since last: 3000265454 ns, Reaching safepoint: 55103 ns, Cleanup: 15990 ns, At safepoint: 5130 ns, Total: 76223 ns
[2024-03-07T17:58:46.367+0000][1][safepoint   ] Safepoint "Cleanup", Time since last: 2000201308 ns, Reaching safepoint: 17944 ns, Cleanup: 28333 ns, At safepoint: 5921 ns, Total: 52198 ns
[2024-03-07T17:58:47.367+0000][1][safepoint   ] Safepoint "Cleanup", Time since last: 1000162679 ns, Reaching safepoint: 78147 ns, Cleanup: 13806 ns, At safepoint: 17472 ns, Total: 109425 ns
[2024-03-07T17:58:49.368+0000][1][safepoint   ] Safepoint "Cleanup", Time since last: 2000187162 ns, Reaching safepoint: 15980 ns, Cleanup: 9968 ns, At safepoint: 4108 ns, Total: 30056 ns
[2024-03-07T17:58:51.368+0000][1][safepoint   ] Safepoint "Cleanup", Time since last: 2000181421 ns, Reaching safepoint: 69720 ns, Cleanup: 38703 ns, At safepoint: 5390 ns, Total: 113813 ns
[2024-03-07T17:58:52.368+0000][1][safepoint   ] Safepoint "Cleanup", Time since last: 1000116815 ns, Reaching safepoint: 13405 ns, Cleanup: 14116 ns, At safepoint: 3226 ns, Total: 30747 ns
[2024-03-07T17:58:54.368+0000][1][safepoint   ] Safepoint "Cleanup", Time since last: 2000202010 ns, Reaching safepoint: 18003 ns, Cleanup: 12313 ns, At safepoint: 4379 ns, Total: 34695 ns
[2024-03-07T17:58:55.368+0000][1][safepoint   ] Safepoint "Cleanup", Time since last: 1000160424 ns, Reaching safepoint: 57388 ns, Cleanup: 13946 ns, At safepoint: 5140 ns, Total: 76474 ns
[2024-03-07T17:58:56.369+0000][1][safepoint   ] Safepoint "Cleanup", Time since last: 1000121763 ns, Reaching safepoint: 17723 ns, Cleanup: 30668 ns, At safepoint: 3697 ns, Total: 52088 ns
[2024-03-07T17:58:58.369+0000][1][safepoint   ] Safepoint "Cleanup", Time since last: 2000203301 ns, Reaching safepoint: 64130 ns, Cleanup: 15249 ns, At safepoint: 5631 ns, Total: 85010 ns
[2024-03-07T17:59:00.375+0000][1][safepoint   ] Safepoint "Cleanup", Time since last: 2005722575 ns, Reaching safepoint: 17794 ns, Cleanup: 47349 ns, At safepoint: 5119 ns, Total: 70262 ns
[2024-03-07T17:59:01.375+0000][1][safepoint   ] Safepoint "Cleanup", Time since last: 1000125310 ns, Reaching safepoint: 14207 ns, Cleanup: 21200 ns, At safepoint: 3186 ns, Total: 38593 ns
[2024-03-07T17:59:02.375+0000][1][safepoint   ] Safepoint "Cleanup", Time since last: 1000117024 ns, Reaching safepoint: 26931 ns, Cleanup: 20308 ns, At safepoint: 6432 ns, Total: 53671 ns
[2024-03-07T17:59:04.375+0000][1][safepoint   ] Safepoint "Cleanup", Time since last: 2000257313 ns, Reaching safepoint: 99417 ns, Cleanup: 43081 ns, At safepoint: 6171 ns, Total: 148669 ns
[2024-03-07T17:59:07.376+0000][1][safepoint   ] Safepoint "Cleanup", Time since last: 3000319937 ns, Reaching safepoint: 15389 ns, Cleanup: 17292 ns, At safepoint: 4829 ns, Total: 37510 ns
[2024-03-07T17:59:08.376+0000][1][safepoint   ] Safepoint "Cleanup", Time since last: 1000136892 ns, Reaching safepoint: 20268 ns, Cleanup: 17412 ns, At safepoint: 6492 ns, Total: 44172 ns
[2024-03-07T17:59:10.376+0000][1][safepoint   ] Safepoint "Cleanup", Time since last: 2000225113 ns, Reaching safepoint: 23745 ns, Cleanup: 19476 ns, At safepoint: 5841 ns, Total: 49062 ns
[2024-03-07T17:59:11.376+0000][1][safepoint   ] Safepoint "Cleanup", Time since last: 1000141441 ns, Reaching safepoint: 15158 ns, Cleanup: 16451 ns, At safepoint: 5360 ns, Total: 36969 ns
[2024-03-07T17:59:12.377+0000][1][safepoint   ] Safepoint "Cleanup", Time since last: 1000137423 ns, Reaching safepoint: 54692 ns, Cleanup: 25939 ns, At safepoint: 4679 ns, Total: 85310 ns
[2024-03-07T17:59:13.377+0000][1][safepoint   ] Safepoint "Cleanup", Time since last: 1000123757 ns, Reaching safepoint: 16731 ns, Cleanup: 20639 ns, At safepoint: 4969 ns, Total: 42339 ns
[2024-03-07T17:59:16.377+0000][1][safepoint   ] Safepoint "Cleanup", Time since last: 3000295499 ns, Reaching safepoint: 44012 ns, Cleanup: 12223 ns, At safepoint: 4499 ns, Total: 60734 ns
[2024-03-07T17:59:17.377+0000][1][safepoint   ] Safepoint "Cleanup", Time since last: 1000090653 ns, Reaching safepoint: 12113 ns, Cleanup: 11983 ns, At safepoint: 2715 ns, Total: 26811 ns
[2024-03-07T17:59:19.378+0000][1][safepoint   ] Safepoint "Cleanup", Time since last: 2000185867 ns, Reaching safepoint: 26239 ns, Cleanup: 33894 ns, At safepoint: 8486 ns, Total: 68619 ns
[2024-03-07T17:59:20.378+0000][1][safepoint   ] Safepoint "Cleanup", Time since last: 1000121383 ns, Reaching safepoint: 11792 ns, Cleanup: 13976 ns, At safepoint: 2735 ns, Total: 28503 ns
[2024-03-07T17:59:22.378+0000][1][safepoint   ] Safepoint "Cleanup", Time since last: 2000177984 ns, Reaching safepoint: 33724 ns, Cleanup: 15098 ns, At safepoint: 2334 ns, Total: 51156 ns
[2024-03-07T17:59:25.566+0000][1][safepoint   ] Safepoint "Cleanup", Time since last: 3188283047 ns, Reaching safepoint: 22021 ns, Cleanup: 16261 ns, At safepoint: 5731 ns, Total: 44013 ns
[2024-03-07T17:59:26.567+0000][1][safepoint   ] Safepoint "Cleanup", Time since last: 1000259151 ns, Reaching safepoint: 40355 ns, Cleanup: 16602 ns, At safepoint: 15048 ns, Total: 72005 ns
[2024-03-07T17:59:27.567+0000][1][safepoint   ] Safepoint "Cleanup", Time since last: 1000110153 ns, Reaching safepoint: 16701 ns, Cleanup: 21470 ns, At safepoint: 4368 ns, Total: 42539 ns
[2024-03-07T17:59:28.567+0000][1][safepoint   ] Safepoint "Cleanup", Time since last: 1000112278 ns, Reaching safepoint: 15860 ns, Cleanup: 11902 ns, At safepoint: 3877 ns, Total: 31639 ns
[2024-03-07T17:59:29.567+0000][1][safepoint   ] Safepoint "Cleanup", Time since last: 1000108589 ns, Reaching safepoint: 14107 ns, Cleanup: 10690 ns, At safepoint: 4528 ns, Total: 29325 ns
[2024-03-07T17:59:30.567+0000][1][safepoint   ] Safepoint "Cleanup", Time since last: 1000262007 ns, Reaching safepoint: 26720 ns, Cleanup: 29215 ns, At safepoint: 5270 ns, Total: 61205 ns
[2024-03-07T17:59:32.568+0000][1][safepoint   ] Safepoint "Cleanup", Time since last: 2000213401 ns, Reaching safepoint: 59181 ns, Cleanup: 63549 ns, At safepoint: 6042 ns, Total: 128772 ns
[2024-03-07T17:59:33.568+0000][1][safepoint   ] Safepoint "Cleanup", Time since last: 1000130639 ns, Reaching safepoint: 14667 ns, Cleanup: 21010 ns, At safepoint: 4969 ns, Total: 40646 ns
[2024-03-07T17:59:38.568+0000][1][safepoint   ] Safepoint "Cleanup", Time since last: 5000467642 ns, Reaching safepoint: 62838 ns, Cleanup: 24927 ns, At safepoint: 5270 ns, Total: 93035 ns
[2024-03-07T17:59:41.569+0000][1][safepoint   ] Safepoint "Cleanup", Time since last: 3000308858 ns, Reaching safepoint: 57808 ns, Cleanup: 13686 ns, At safepoint: 4849 ns, Total: 76343 ns
[2024-03-07T17:59:42.569+0000][1][safepoint   ] Safepoint "Cleanup", Time since last: 1000152773 ns, Reaching safepoint: 16801 ns, Cleanup: 14568 ns, At safepoint: 4668 ns, Total: 36037 ns
[2024-03-07T17:59:43.570+0000][1][safepoint   ] Safepoint "Cleanup", Time since last: 1000564573 ns, Reaching safepoint: 16852 ns, Cleanup: 15639 ns, At safepoint: 5531 ns, Total: 38022 ns
[2024-03-07T17:59:45.570+0000][1][safepoint   ] Safepoint "Cleanup", Time since last: 2000243450 ns, Reaching safepoint: 55204 ns, Cleanup: 14267 ns, At safepoint: 15769 ns, Total: 85240 ns
[2024-03-07T17:59:46.570+0000][1][safepoint   ] Safepoint "Cleanup", Time since last: 1000124138 ns, Reaching safepoint: 16802 ns, Cleanup: 14467 ns, At safepoint: 5129 ns, Total: 36398 ns
[2024-03-07T17:59:48.571+0000][1][safepoint   ] Safepoint "Cleanup", Time since last: 2000601638 ns, Reaching safepoint: 17012 ns, Cleanup: 22752 ns, At safepoint: 5040 ns, Total: 44804 ns
[2024-03-07T17:59:49.571+0000][1][safepoint   ] Safepoint "Cleanup", Time since last: 1000134348 ns, Reaching safepoint: 16200 ns, Cleanup: 14357 ns, At safepoint: 4779 ns, Total: 35336 ns
[2024-03-07T17:59:50.571+0000][1][safepoint   ] Safepoint "Cleanup", Time since last: 1000157502 ns, Reaching safepoint: 44313 ns, Cleanup: 9928 ns, At safepoint: 17493 ns, Total: 71734 ns
[2024-03-07T17:59:51.571+0000][1][safepoint   ] Safepoint "Cleanup", Time since last: 1000150206 ns, Reaching safepoint: 15739 ns, Cleanup: 16120 ns, At safepoint: 5250 ns, Total: 37109 ns
[2024-03-07T17:59:53.572+0000][1][safepoint   ] Safepoint "Cleanup", Time since last: 2000212982 ns, Reaching safepoint: 14938 ns, Cleanup: 25448 ns, At safepoint: 4047 ns, Total: 44433 ns
[2024-03-07T17:59:55.572+0000][1][safepoint   ] Safepoint "Cleanup", Time since last: 2000188093 ns, Reaching safepoint: 19527 ns, Cleanup: 14447 ns, At safepoint: 3857 ns, Total: 37831 ns
[2024-03-07T17:59:57.572+0000][1][safepoint   ] Safepoint "Cleanup", Time since last: 2000581431 ns, Reaching safepoint: 91732 ns, Cleanup: 14427 ns, At safepoint: 5200 ns, Total: 111359 ns
[2024-03-07T17:59:58.573+0000][1][safepoint   ] Safepoint "Cleanup", Time since last: 1000127115 ns, Reaching safepoint: 18765 ns, Cleanup: 27201 ns, At safepoint: 2926 ns, Total: 48892 ns
[2024-03-07T17:59:59.573+0000][1][safepoint   ] Safepoint "Cleanup", Time since last: 1000120362 ns, Reaching safepoint: 13946 ns, Cleanup: 12574 ns, At safepoint: 3025 ns, Total: 29545 ns
[2024-03-07T18:00:00.573+0000][1][safepoint   ] Safepoint "Cleanup", Time since last: 1000113006 ns, Reaching safepoint: 41588 ns, Cleanup: 25447 ns, At safepoint: 15660 ns, Total: 82695 ns
[2024-03-07T18:00:03.573+0000][1][safepoint   ] Safepoint "Cleanup", Time since last: 3000250497 ns, Reaching safepoint: 16751 ns, Cleanup: 13476 ns, At safepoint: 5129 ns, Total: 35356 ns
[2024-03-07T18:00:06.574+0000][1][safepoint   ] Safepoint "Cleanup", Time since last: 3001072968 ns, Reaching safepoint: 63509 ns, Cleanup: 18084 ns, At safepoint: 5160 ns, Total: 86753 ns
[2024-03-07T18:00:07.575+0000][1][safepoint   ] Safepoint "Cleanup", Time since last: 1000178629 ns, Reaching safepoint: 13926 ns, Cleanup: 16791 ns, At safepoint: 4799 ns, Total: 35516 ns
[2024-03-07T18:00:08.575+0000][1][safepoint   ] Safepoint "Cleanup", Time since last: 1000390850 ns, Reaching safepoint: 17523 ns, Cleanup: 15589 ns, At safepoint: 5300 ns, Total: 38412 ns
[2024-03-07T18:00:11.576+0000][1][safepoint   ] Safepoint "Cleanup", Time since last: 3000685225 ns, Reaching safepoint: 45565 ns, Cleanup: 13706 ns, At safepoint: 16481 ns, Total: 75752 ns
[2024-03-07T18:00:13.576+0000][1][safepoint   ] Safepoint "Cleanup", Time since last: 2000175310 ns, Reaching safepoint: 17262 ns, Cleanup: 11632 ns, At safepoint: 2885 ns, Total: 31779 ns
[2024-03-07T18:00:14.576+0000][1][safepoint   ] Safepoint "Cleanup", Time since last: 1000130480 ns, Reaching safepoint: 18134 ns, Cleanup: 14367 ns, At safepoint: 3887 ns, Total: 36388 ns
[2024-03-07T18:00:15.576+0000][1][safepoint   ] Safepoint "Cleanup", Time since last: 1000126583 ns, Reaching safepoint: 16190 ns, Cleanup: 18194 ns, At safepoint: 4319 ns, Total: 38703 ns
[2024-03-07T18:00:18.577+0000][1][safepoint   ] Safepoint "Cleanup", Time since last: 3000466464 ns, Reaching safepoint: 61064 ns, Cleanup: 12324 ns, At safepoint: 4398 ns, Total: 77786 ns
[2024-03-07T18:00:19.577+0000][1][safepoint   ] Safepoint "Cleanup", Time since last: 1000148807 ns, Reaching safepoint: 16511 ns, Cleanup: 15709 ns, At safepoint: 4959 ns, Total: 37179 ns
[2024-03-07T18:00:20.577+0000][1][safepoint   ] Safepoint "Cleanup", Time since last: 1000223235 ns, Reaching safepoint: 17553 ns, Cleanup: 17663 ns, At safepoint: 5159 ns, Total: 40375 ns
[2024-03-07T18:00:23.592+0000][1][safepoint   ] Safepoint "Cleanup", Time since last: 3014769932 ns, Reaching safepoint: 32250 ns, Cleanup: 29486 ns, At safepoint: 4909 ns, Total: 66645 ns
[2024-03-07T18:00:26.593+0000][1][safepoint   ] Safepoint "Cleanup", Time since last: 3000425794 ns, Reaching safepoint: 18946 ns, Cleanup: 24666 ns, At safepoint: 49473 ns, Total: 93085 ns
[2024-03-07T18:00:28.593+0000][1][safepoint   ] Safepoint "Cleanup", Time since last: 2000228299 ns, Reaching safepoint: 35386 ns, Cleanup: 29776 ns, At safepoint: 4729 ns, Total: 69891 ns
[2024-03-07T18:00:29.593+0000][1][safepoint   ] Safepoint "Cleanup", Time since last: 1000135589 ns, Reaching safepoint: 23725 ns, Cleanup: 23103 ns, At safepoint: 5981 ns, Total: 52809 ns
[2024-03-07T18:00:30.593+0000][1][safepoint   ] Safepoint "Cleanup", Time since last: 1000238390 ns, Reaching safepoint: 13425 ns, Cleanup: 12414 ns, At safepoint: 4428 ns, Total: 30267 ns
[2024-03-07T18:00:31.594+0000][1][safepoint   ] Safepoint "Cleanup", Time since last: 1000119329 ns, Reaching safepoint: 39714 ns, Cleanup: 18355 ns, At safepoint: 8566 ns, Total: 66635 ns
[2024-03-07T18:00:32.594+0000][1][safepoint   ] Safepoint "Cleanup", Time since last: 1000294959 ns, Reaching safepoint: 15529 ns, Cleanup: 10399 ns, At safepoint: 4549 ns, Total: 30477 ns
[2024-03-07T18:00:33.594+0000][1][safepoint   ] Safepoint "Cleanup", Time since last: 1000122377 ns, Reaching safepoint: 18906 ns, Cleanup: 23945 ns, At safepoint: 4919 ns, Total: 47770 ns
[2024-03-07T18:00:34.594+0000][1][safepoint   ] Safepoint "Cleanup", Time since last: 1000146832 ns, Reaching safepoint: 14988 ns, Cleanup: 15930 ns, At safepoint: 4478 ns, Total: 35396 ns
[2024-03-07T18:00:35.595+0000][1][safepoint   ] Safepoint "Cleanup", Time since last: 1000162971 ns, Reaching safepoint: 50515 ns, Cleanup: 20478 ns, At safepoint: 4819 ns, Total: 75812 ns
[2024-03-07T18:00:39.596+0000][1][safepoint   ] Safepoint "Cleanup", Time since last: 4000924897 ns, Reaching safepoint: 19396 ns, Cleanup: 24035 ns, At safepoint: 5781 ns, Total: 49212 ns
[2024-03-07T18:00:42.597+0000][1][safepoint   ] Safepoint "Cleanup", Time since last: 3001016283 ns, Reaching safepoint: 65483 ns, Cleanup: 15640 ns, At safepoint: 5460 ns, Total: 86583 ns
[2024-03-07T18:00:43.597+0000][1][safepoint   ] Safepoint "Cleanup", Time since last: 1000143143 ns, Reaching safepoint: 18355 ns, Cleanup: 15158 ns, At safepoint: 4829 ns, Total: 38342 ns
[2024-03-07T18:00:44.597+0000][1][safepoint   ] Safepoint "Cleanup", Time since last: 1000157431 ns, Reaching safepoint: 17913 ns, Cleanup: 11863 ns, At safepoint: 4809 ns, Total: 34585 ns
[2024-03-07T18:00:47.597+0000][1][safepoint   ] Safepoint "Cleanup", Time since last: 3000346660 ns, Reaching safepoint: 43462 ns, Cleanup: 10359 ns, At safepoint: 4068 ns, Total: 57889 ns
[2024-03-07T18:00:48.598+0000][1][safepoint   ] Safepoint "Cleanup", Time since last: 1000109832 ns, Reaching safepoint: 18184 ns, Cleanup: 14988 ns, At safepoint: 4749 ns, Total: 37921 ns
[2024-03-07T18:00:49.598+0000][1][safepoint   ] Safepoint "Cleanup", Time since last: 1000136871 ns, Reaching safepoint: 16051 ns, Cleanup: 20037 ns, At safepoint: 4348 ns, Total: 40436 ns
[2024-03-07T18:00:52.599+0000][1][safepoint   ] Safepoint "Cleanup", Time since last: 3000700770 ns, Reaching safepoint: 18445 ns, Cleanup: 17713 ns, At safepoint: 5140 ns, Total: 41298 ns
[2024-03-07T18:00:54.599+0000][1][safepoint   ] Safepoint "Cleanup", Time since last: 2000464200 ns, Reaching safepoint: 14748 ns, Cleanup: 9588 ns, At safepoint: 4709 ns, Total: 29045 ns
[2024-03-07T18:00:59.600+0000][1][safepoint   ] Safepoint "Cleanup", Time since last: 5001351209 ns, Reaching safepoint: 65644 ns, Cleanup: 23774 ns, At safepoint: 5921 ns, Total: 95339 ns
[2024-03-07T18:01:00.601+0000][1][safepoint   ] Safepoint "Cleanup", Time since last: 1000541648 ns, Reaching safepoint: 67456 ns, Cleanup: 12844 ns, At safepoint: 16682 ns, Total: 96982 ns
[2024-03-07T18:01:04.602+0000][1][safepoint   ] Safepoint "Cleanup", Time since last: 4001264891 ns, Reaching safepoint: 18405 ns, Cleanup: 27602 ns, At safepoint: 5650 ns, Total: 51657 ns
[2024-03-07T18:01:09.604+0000][1][safepoint   ] Safepoint "Cleanup", Time since last: 5001739186 ns, Reaching safepoint: 66395 ns, Cleanup: 25307 ns, At safepoint: 5330 ns, Total: 97032 ns
[2024-03-07T18:01:10.605+0000][1][safepoint   ] Safepoint "Cleanup", Time since last: 1000173291 ns, Reaching safepoint: 65423 ns, Cleanup: 20618 ns, At safepoint: 17884 ns, Total: 103925 ns
[2024-03-07T18:01:14.605+0000][1][safepoint   ] Safepoint "Cleanup", Time since last: 4000791092 ns, Reaching safepoint: 18325 ns, Cleanup: 20869 ns, At safepoint: 5129 ns, Total: 44323 ns
[2024-03-07T18:01:16.606+0000][1][safepoint   ] Safepoint "Cleanup", Time since last: 2000273405 ns, Reaching safepoint: 59241 ns, Cleanup: 13956 ns, At safepoint: 16922 ns, Total: 90119 ns
[2024-03-07T18:01:19.607+0000][1][safepoint   ] Safepoint "Cleanup", Time since last: 3000974682 ns, Reaching safepoint: 67967 ns, Cleanup: 17994 ns, At safepoint: 4989 ns, Total: 90950 ns
[2024-03-07T18:01:29.632+0000][1][safepoint   ] Safepoint "Cleanup", Time since last: 10025332946 ns, Reaching safepoint: 66034 ns, Cleanup: 14788 ns, At safepoint: 5420 ns, Total: 86242 ns
[2024-03-07T18:01:33.633+0000][1][safepoint   ] Safepoint "Cleanup", Time since last: 4001171396 ns, Reaching safepoint: 65303 ns, Cleanup: 29194 ns, At safepoint: 5320 ns, Total: 99817 ns
[2024-03-07T18:01:34.634+0000][1][safepoint   ] Safepoint "Cleanup", Time since last: 1000516534 ns, Reaching safepoint: 19025 ns, Cleanup: 22723 ns, At safepoint: 5841 ns, Total: 47589 ns
[2024-03-07T18:01:35.634+0000][1][safepoint   ] Safepoint "Cleanup", Time since last: 1000294458 ns, Reaching safepoint: 17903 ns, Cleanup: 14117 ns, At safepoint: 5069 ns, Total: 37089 ns
[2024-03-07T18:01:39.635+0000][1][safepoint   ] Safepoint "Cleanup", Time since last: 4000612806 ns, Reaching safepoint: 17804 ns, Cleanup: 19106 ns, At safepoint: 4869 ns, Total: 41779 ns
[2024-03-07T18:01:44.636+0000][1][safepoint   ] Safepoint "Cleanup", Time since last: 5001014511 ns, Reaching safepoint: 20218 ns, Cleanup: 23584 ns, At safepoint: 5079 ns, Total: 48881 ns
[2024-03-07T18:01:46.637+0000][1][safepoint   ] Safepoint "Cleanup", Time since last: 2000498093 ns, Reaching safepoint: 17002 ns, Cleanup: 13055 ns, At safepoint: 5179 ns, Total: 35236 ns
[2024-03-07T18:01:49.638+0000][1][safepoint   ] Safepoint "Cleanup", Time since last: 3001301811 ns, Reaching safepoint: 65944 ns, Cleanup: 20418 ns, At safepoint: 5580 ns, Total: 91942 ns
[2024-03-07T18:01:54.639+0000][1][safepoint   ] Safepoint "Cleanup", Time since last: 5001253730 ns, Reaching safepoint: 87404 ns, Cleanup: 20568 ns, At safepoint: 7324 ns, Total: 115296 ns
[2024-03-07T18:01:59.641+0000][1][safepoint   ] Safepoint "Cleanup", Time since last: 5001029311 ns, Reaching safepoint: 80651 ns, Cleanup: 21400 ns, At safepoint: 6252 ns, Total: 108303 ns
[2024-03-07T18:02:02.642+0000][1][safepoint   ] Safepoint "Cleanup", Time since last: 3001109555 ns, Reaching safepoint: 30387 ns, Cleanup: 16250 ns, At safepoint: 6483 ns, Total: 53120 ns
[2024-03-07T18:02:04.642+0000][1][safepoint   ] Safepoint "Cleanup", Time since last: 2000263074 ns, Reaching safepoint: 117851 ns, Cleanup: 19276 ns, At safepoint: 4960 ns, Total: 142087 ns
[2024-03-07T18:02:06.643+0000][1][safepoint   ] Safepoint "Cleanup", Time since last: 2000552294 ns, Reaching safepoint: 29415 ns, Cleanup: 16962 ns, At safepoint: 7384 ns, Total: 53761 ns
[2024-03-07T18:02:09.643+0000][1][safepoint   ] Safepoint "Cleanup", Time since last: 3000590353 ns, Reaching safepoint: 25067 ns, Cleanup: 27932 ns, At safepoint: 6091 ns, Total: 59090 ns
[2024-03-07T18:02:12.408+0000][1][safepoint   ] Safepoint "Cleanup", Time since last: 2764974711 ns, Reaching safepoint: 7704 ns, Cleanup: 39043 ns, At safepoint: 4789 ns, Total: 51536 ns
[2024-03-07T18:02:13.453+0000][1][safepoint   ] Safepoint "Cleanup", Time since last: 1044982878 ns, Reaching safepoint: 10700 ns, Cleanup: 55073 ns, At safepoint: 3166 ns, Total: 68939 ns
[2024-03-07T18:02:14.457+0000][1][safepoint   ] Safepoint "Cleanup", Time since last: 1003541088 ns, Reaching safepoint: 23635 ns, Cleanup: 24876 ns, At safepoint: 5801 ns, Total: 54312 ns
[2024-03-07T18:02:16.457+0000][1][safepoint   ] Safepoint "Cleanup", Time since last: 2000224051 ns, Reaching safepoint: 14217 ns, Cleanup: 10199 ns, At safepoint: 2895 ns, Total: 27311 ns
[2024-03-07T18:02:17.457+0000][1][safepoint   ] Safepoint "Cleanup", Time since last: 1000147662 ns, Reaching safepoint: 18845 ns, Cleanup: 14999 ns, At safepoint: 5300 ns, Total: 39144 ns
[2024-03-07T18:02:19.458+0000][1][safepoint   ] Safepoint "Cleanup", Time since last: 2000341773 ns, Reaching safepoint: 58440 ns, Cleanup: 11992 ns, At safepoint: 5070 ns, Total: 75502 ns
[2024-03-07T18:02:21.458+0000][1][safepoint   ] Safepoint "Cleanup", Time since last: 2000183916 ns, Reaching safepoint: 12343 ns, Cleanup: 10019 ns, At safepoint: 3236 ns, Total: 25598 ns
[2024-03-07T18:02:24.676+0000][1][safepoint   ] Safepoint "Cleanup", Time since last: 3218050101 ns, Reaching safepoint: 49673 ns, Cleanup: 25588 ns, At safepoint: 4779 ns, Total: 80040 ns
[2024-03-07T18:02:27.788+0000][1][safepoint   ] Safepoint "Cleanup", Time since last: 3111914706 ns, Reaching safepoint: 8757 ns, Cleanup: 26018 ns, At safepoint: 4539 ns, Total: 39314 ns
[2024-03-07T18:02:28.298+0000][1][safepoint   ] Safepoint "ICBufferFull", Time since last: 509736430 ns, Reaching safepoint: 19166 ns, Cleanup: 122821 ns, At safepoint: 10299 ns, Total: 152286 ns
[2024-03-07T18:02:28.368+0000][1][safepoint   ] Safepoint "ICBufferFull", Time since last: 69844928 ns, Reaching safepoint: 93385 ns, Cleanup: 134592 ns, At safepoint: 98104 ns, Total: 326081 ns
[2024-03-07T18:02:28.368+0000][1][safepoint   ] Safepoint "ICBufferFull", Time since last: 82235 ns, Reaching safepoint: 77615 ns, Cleanup: 5210 ns, At safepoint: 13065 ns, Total: 95890 ns
[2024-03-07T18:02:29.350+0000][1][safepoint   ] Safepoint "ICBufferFull", Time since last: 981358851 ns, Reaching safepoint: 9668 ns, Cleanup: 123562 ns, At safepoint: 5901 ns, Total: 139131 ns
[2024-03-07T18:02:30.361+0000][1][safepoint   ] Safepoint "Cleanup", Time since last: 1011070219 ns, Reaching safepoint: 16862 ns, Cleanup: 56225 ns, At safepoint: 5180 ns, Total: 78267 ns
[2024-03-07T18:02:31.361+0000][1][safepoint   ] Safepoint "Cleanup", Time since last: 1000116774 ns, Reaching safepoint: 12914 ns, Cleanup: 8787 ns, At safepoint: 2745 ns, Total: 24446 ns
[2024-03-07T18:02:33.361+0000][1][safepoint   ] Safepoint "Cleanup", Time since last: 2000175359 ns, Reaching safepoint: 19577 ns, Cleanup: 11642 ns, At safepoint: 4158 ns, Total: 35377 ns
[2024-03-07T18:02:34.362+0000][1][safepoint   ] Safepoint "Cleanup", Time since last: 1000124759 ns, Reaching safepoint: 50484 ns, Cleanup: 41759 ns, At safepoint: 11321 ns, Total: 103564 ns
[2024-03-07T18:02:36.362+0000][1][safepoint   ] Safepoint "Cleanup", Time since last: 2000187862 ns, Reaching safepoint: 34816 ns, Cleanup: 16210 ns, At safepoint: 5951 ns, Total: 56977 ns
[2024-03-07T18:02:37.362+0000][1][safepoint   ] Safepoint "Cleanup", Time since last: 1000142121 ns, Reaching safepoint: 18304 ns, Cleanup: 11642 ns, At safepoint: 5400 ns, Total: 35346 ns
[2024-03-07T18:02:38.362+0000][1][safepoint   ] Safepoint "Cleanup", Time since last: 1000151600 ns, Reaching safepoint: 23815 ns, Cleanup: 16180 ns, At safepoint: 7694 ns, Total: 47689 ns
[2024-03-07T18:02:39.363+0000][1][safepoint   ] Safepoint "Cleanup", Time since last: 1000153914 ns, Reaching safepoint: 66014 ns, Cleanup: 72596 ns, At safepoint: 25939 ns, Total: 164549 ns
[2024-03-07T18:02:40.363+0000][1][safepoint   ] Safepoint "Cleanup", Time since last: 1000161197 ns, Reaching safepoint: 54662 ns, Cleanup: 13275 ns, At safepoint: 16321 ns, Total: 84258 ns
[2024-03-07T18:02:44.364+0000][1][safepoint   ] Safepoint "Cleanup", Time since last: 4000720324 ns, Reaching safepoint: 15309 ns, Cleanup: 61536 ns, At safepoint: 5009 ns, Total: 81854 ns
[2024-03-07T18:02:47.364+0000][1][safepoint   ] Safepoint "Cleanup", Time since last: 3000470008 ns, Reaching safepoint: 67978 ns, Cleanup: 24876 ns, At safepoint: 5891 ns, Total: 98745 ns
[2024-03-07T18:02:48.364+0000][1][safepoint   ] Safepoint "Cleanup", Time since last: 1000122696 ns, Reaching safepoint: 17142 ns, Cleanup: 11982 ns, At safepoint: 5461 ns, Total: 34585 ns
[2024-03-07T18:02:49.365+0000][1][safepoint   ] Safepoint "Cleanup", Time since last: 1000123584 ns, Reaching safepoint: 17603 ns, Cleanup: 65904 ns, At safepoint: 5390 ns, Total: 88897 ns
[2024-03-07T18:02:54.365+0000][1][safepoint   ] Safepoint "Cleanup", Time since last: 5000441969 ns, Reaching safepoint: 53550 ns, Cleanup: 49032 ns, At safepoint: 5390 ns, Total: 107972 ns
[2024-03-07T18:02:59.366+0000][1][safepoint   ] Safepoint "Cleanup", Time since last: 5000439962 ns, Reaching safepoint: 18444 ns, Cleanup: 51777 ns, At safepoint: 6382 ns, Total: 76603 ns
[2024-03-07T18:03:00.366+0000][1][safepoint   ] Safepoint "Cleanup", Time since last: 1000529269 ns, Reaching safepoint: 21149 ns, Cleanup: 22392 ns, At safepoint: 9037 ns, Total: 52578 ns
[2024-03-07T18:03:04.367+0000][1][safepoint   ] Safepoint "Cleanup", Time since last: 4000431173 ns, Reaching safepoint: 18044 ns, Cleanup: 27491 ns, At safepoint: 5340 ns, Total: 50875 ns
[2024-03-07T18:03:05.367+0000][1][safepoint   ] Safepoint "Cleanup", Time since last: 1000141621 ns, Reaching safepoint: 17332 ns, Cleanup: 14006 ns, At safepoint: 5220 ns, Total: 36558 ns
[2024-03-07T18:03:09.367+0000][1][safepoint   ] Safepoint "Cleanup", Time since last: 4000298703 ns, Reaching safepoint: 58820 ns, Cleanup: 16682 ns, At safepoint: 4759 ns, Total: 80261 ns
[2024-03-07T18:03:10.367+0000][1][safepoint   ] Safepoint "Cleanup", Time since last: 1000109108 ns, Reaching safepoint: 14627 ns, Cleanup: 33082 ns, At safepoint: 3096 ns, Total: 50805 ns
[2024-03-07T18:03:12.368+0000][1][safepoint   ] Safepoint "Cleanup", Time since last: 2000269233 ns, Reaching safepoint: 70171 ns, Cleanup: 15239 ns, At safepoint: 5490 ns, Total: 90900 ns
[2024-03-07T18:03:14.368+0000][1][safepoint   ] Safepoint "Cleanup", Time since last: 2000198041 ns, Reaching safepoint: 17503 ns, Cleanup: 14587 ns, At safepoint: 4859 ns, Total: 36949 ns
[2024-03-07T18:03:15.368+0000][1][safepoint   ] Safepoint "Cleanup", Time since last: 1000105954 ns, Reaching safepoint: 13966 ns, Cleanup: 22092 ns, At safepoint: 2835 ns, Total: 38893 ns
[2024-03-07T18:03:20.369+0000][1][safepoint   ] Safepoint "Cleanup", Time since last: 5000446150 ns, Reaching safepoint: 58089 ns, Cleanup: 53791 ns, At safepoint: 5410 ns, Total: 117290 ns
[2024-03-07T18:03:21.369+0000][1][safepoint   ] Safepoint "Cleanup", Time since last: 1000156199 ns, Reaching safepoint: 63299 ns, Cleanup: 15539 ns, At safepoint: 17523 ns, Total: 96361 ns
[2024-03-07T18:03:25.700+0000][1][safepoint   ] Safepoint "Cleanup", Time since last: 4331231600 ns, Reaching safepoint: 20869 ns, Cleanup: 58590 ns, At safepoint: 5670 ns, Total: 85129 ns
[2024-03-07T18:03:27.701+0000][1][safepoint   ] Safepoint "Cleanup", Time since last: 2000202591 ns, Reaching safepoint: 19977 ns, Cleanup: 29386 ns, At safepoint: 5199 ns, Total: 54562 ns
[2024-03-07T18:03:28.701+0000][1][safepoint   ] Safepoint "Cleanup", Time since last: 1000131592 ns, Reaching safepoint: 17613 ns, Cleanup: 47449 ns, At safepoint: 5581 ns, Total: 70643 ns
[2024-03-07T18:03:29.701+0000][1][safepoint   ] Safepoint "Cleanup", Time since last: 1000157491 ns, Reaching safepoint: 20057 ns, Cleanup: 17062 ns, At safepoint: 29706 ns, Total: 66825 ns
[2024-03-07T18:03:30.701+0000][1][safepoint   ] Safepoint "Cleanup", Time since last: 1000134436 ns, Reaching safepoint: 18505 ns, Cleanup: 66344 ns, At safepoint: 5150 ns, Total: 89999 ns
[2024-03-07T18:03:31.701+0000][1][safepoint   ] Safepoint "Cleanup", Time since last: 1000184471 ns, Reaching safepoint: 19026 ns, Cleanup: 16271 ns, At safepoint: 5780 ns, Total: 41077 ns
[2024-03-07T18:03:32.702+0000][1][safepoint   ] Safepoint "Cleanup", Time since last: 1000137094 ns, Reaching safepoint: 17863 ns, Cleanup: 13265 ns, At safepoint: 5120 ns, Total: 36248 ns
[2024-03-07T18:03:35.702+0000][1][safepoint   ] Safepoint "Cleanup", Time since last: 3000267206 ns, Reaching safepoint: 49764 ns, Cleanup: 35486 ns, At safepoint: 11342 ns, Total: 96592 ns
[2024-03-07T18:03:36.702+0000][1][safepoint   ] Safepoint "Cleanup", Time since last: 1000111004 ns, Reaching safepoint: 19587 ns, Cleanup: 17082 ns, At safepoint: 5209 ns, Total: 41878 ns
[2024-03-07T18:03:40.703+0000][1][safepoint   ] Safepoint "Cleanup", Time since last: 4000494921 ns, Reaching safepoint: 39885 ns, Cleanup: 35617 ns, At safepoint: 10039 ns, Total: 85541 ns
[2024-03-07T18:03:42.703+0000][1][safepoint   ] Safepoint "Cleanup", Time since last: 2000171993 ns, Reaching safepoint: 21580 ns, Cleanup: 14998 ns, At safepoint: 5270 ns, Total: 41848 ns
[2024-03-07T18:03:44.703+0000][1][safepoint   ] Safepoint "Cleanup", Time since last: 2000199765 ns, Reaching safepoint: 18184 ns, Cleanup: 13556 ns, At safepoint: 6091 ns, Total: 37831 ns
[2024-03-07T18:03:45.703+0000][1][safepoint   ] Safepoint "Cleanup", Time since last: 1000130541 ns, Reaching safepoint: 14137 ns, Cleanup: 21390 ns, At safepoint: 2234 ns, Total: 37761 ns
[2024-03-07T18:03:50.704+0000][1][safepoint   ] Safepoint "Cleanup", Time since last: 5000379143 ns, Reaching safepoint: 26219 ns, Cleanup: 29736 ns, At safepoint: 2665 ns, Total: 58620 ns
[2024-03-07T18:03:53.704+0000][1][safepoint   ] Safepoint "Cleanup", Time since last: 3000223034 ns, Reaching safepoint: 15209 ns, Cleanup: 13365 ns, At safepoint: 3767 ns, Total: 32341 ns
[2024-03-07T18:03:54.704+0000][1][safepoint   ] Safepoint "Cleanup", Time since last: 1000161859 ns, Reaching safepoint: 20498 ns, Cleanup: 18745 ns, At safepoint: 6002 ns, Total: 45245 ns
[2024-03-07T18:03:55.704+0000][1][safepoint   ] Safepoint "Cleanup", Time since last: 1000100121 ns, Reaching safepoint: 18675 ns, Cleanup: 13736 ns, At safepoint: 5981 ns, Total: 38392 ns
[2024-03-07T18:03:56.705+0000][1][safepoint   ] Safepoint "Cleanup", Time since last: 1000169353 ns, Reaching safepoint: 17552 ns, Cleanup: 21571 ns, At safepoint: 5450 ns, Total: 44573 ns
[2024-03-07T18:03:57.705+0000][1][safepoint   ] Safepoint "Cleanup", Time since last: 1000166416 ns, Reaching safepoint: 20499 ns, Cleanup: 19296 ns, At safepoint: 5801 ns, Total: 45596 ns
[2024-03-07T18:04:00.705+0000][1][safepoint   ] Safepoint "Cleanup", Time since last: 3000323552 ns, Reaching safepoint: 20869 ns, Cleanup: 13375 ns, At safepoint: 2786 ns, Total: 37030 ns
[2024-03-07T18:04:01.705+0000][1][safepoint   ] Safepoint "Cleanup", Time since last: 1000094903 ns, Reaching safepoint: 13004 ns, Cleanup: 27101 ns, At safepoint: 2134 ns, Total: 42239 ns
[2024-03-07T18:04:03.706+0000][1][safepoint   ] Safepoint "Cleanup", Time since last: 2000220924 ns, Reaching safepoint: 53170 ns, Cleanup: 22993 ns, At safepoint: 18705 ns, Total: 94868 ns
[2024-03-07T18:04:06.706+0000][1][safepoint   ] Safepoint "Cleanup", Time since last: 3000417838 ns, Reaching safepoint: 27562 ns, Cleanup: 49613 ns, At safepoint: 16781 ns, Total: 93956 ns
[2024-03-07T18:04:07.706+0000][1][safepoint   ] Safepoint "Cleanup", Time since last: 1000150216 ns, Reaching safepoint: 60303 ns, Cleanup: 13806 ns, At safepoint: 16932 ns, Total: 91041 ns
[2024-03-07T18:04:09.707+0000][1][safepoint   ] Safepoint "Cleanup", Time since last: 2000194765 ns, Reaching safepoint: 58320 ns, Cleanup: 16040 ns, At safepoint: 5009 ns, Total: 79369 ns
[2024-03-07T18:04:11.510+0000][1][safepoint   ] Safepoint "Cleanup", Time since last: 1802890183 ns, Reaching safepoint: 19677 ns, Cleanup: 63229 ns, At safepoint: 4859 ns, Total: 87765 ns
[2024-03-07T18:04:12.526+0000][1][safepoint   ] Safepoint "Cleanup", Time since last: 1016083064 ns, Reaching safepoint: 18044 ns, Cleanup: 32330 ns, At safepoint: 5100 ns, Total: 55474 ns
[2024-03-07T18:04:14.526+0000][1][safepoint   ] Safepoint "Cleanup", Time since last: 2000236741 ns, Reaching safepoint: 85861 ns, Cleanup: 20529 ns, At safepoint: 18244 ns, Total: 124634 ns
[2024-03-07T18:04:15.544+0000][1][safepoint   ] Safepoint "Cleanup", Time since last: 1018196156 ns, Reaching safepoint: 59001 ns, Cleanup: 19877 ns, At safepoint: 17172 ns, Total: 96050 ns
[2024-03-07T18:04:16.563+0000][1][safepoint   ] Safepoint "Cleanup", Time since last: 1018384519 ns, Reaching safepoint: 17313 ns, Cleanup: 27832 ns, At safepoint: 4869 ns, Total: 50014 ns
[2024-03-07T18:04:17.584+0000][1][safepoint   ] Safepoint "Cleanup", Time since last: 1020699381 ns, Reaching safepoint: 19116 ns, Cleanup: 54983 ns, At safepoint: 4979 ns, Total: 79078 ns
[2024-03-07T18:04:18.603+0000][1][safepoint   ] Safepoint "Cleanup", Time since last: 1019701460 ns, Reaching safepoint: 64712 ns, Cleanup: 35967 ns, At safepoint: 18315 ns, Total: 118994 ns
[2024-03-07T18:04:19.624+0000][1][safepoint   ] Safepoint "Cleanup", Time since last: 1020490015 ns, Reaching safepoint: 24987 ns, Cleanup: 19146 ns, At safepoint: 5621 ns, Total: 49754 ns
[2024-03-07T18:04:20.645+0000][1][safepoint   ] Safepoint "Cleanup", Time since last: 1020679492 ns, Reaching safepoint: 16341 ns, Cleanup: 28834 ns, At safepoint: 5390 ns, Total: 50565 ns
[2024-03-07T18:04:21.662+0000][1][safepoint   ] Safepoint "Cleanup", Time since last: 1016801911 ns, Reaching safepoint: 8806 ns, Cleanup: 8076 ns, At safepoint: 5099 ns, Total: 21981 ns
[2024-03-07T18:04:22.667+0000][1][safepoint   ] Safepoint "Cleanup", Time since last: 1005022657 ns, Reaching safepoint: 19647 ns, Cleanup: 48410 ns, At safepoint: 5621 ns, Total: 73678 ns
[2024-03-07T18:04:23.681+0000][1][safepoint   ] Safepoint "Cleanup", Time since last: 1014724615 ns, Reaching safepoint: 7043 ns, Cleanup: 13045 ns, At safepoint: 4688 ns, Total: 24776 ns
[2024-03-07T18:04:24.686+0000][1][safepoint   ] Safepoint "Cleanup", Time since last: 1004742370 ns, Reaching safepoint: 20388 ns, Cleanup: 15219 ns, At safepoint: 5811 ns, Total: 41418 ns
[2024-03-07T18:04:25.708+0000][1][safepoint   ] Safepoint "Cleanup", Time since last: 1021488911 ns, Reaching safepoint: 19266 ns, Cleanup: 49142 ns, At safepoint: 5881 ns, Total: 74289 ns
[2024-03-07T18:04:26.722+0000][1][safepoint   ] Safepoint "Cleanup", Time since last: 1014597618 ns, Reaching safepoint: 16250 ns, Cleanup: 36228 ns, At safepoint: 5020 ns, Total: 57498 ns
[2024-03-07T18:04:27.737+0000][1][safepoint   ] Safepoint "Cleanup", Time since last: 1014901144 ns, Reaching safepoint: 19556 ns, Cleanup: 19707 ns, At safepoint: 5080 ns, Total: 44343 ns
[2024-03-07T18:04:28.738+0000][1][safepoint   ] Safepoint "Cleanup", Time since last: 1000160617 ns, Reaching safepoint: 19787 ns, Cleanup: 17042 ns, At safepoint: 5550 ns, Total: 42379 ns
[2024-03-07T18:04:29.756+0000][1][safepoint   ] Safepoint "Cleanup", Time since last: 1018753830 ns, Reaching safepoint: 25638 ns, Cleanup: 60664 ns, At safepoint: 8596 ns, Total: 94898 ns
[2024-03-07T18:04:30.777+0000][1][safepoint   ] Safepoint "Cleanup", Time since last: 1020827359 ns, Reaching safepoint: 20779 ns, Cleanup: 18485 ns, At safepoint: 3957 ns, Total: 43221 ns
[2024-03-07T18:04:31.777+0000][1][safepoint   ] Safepoint "Cleanup", Time since last: 1000148072 ns, Reaching safepoint: 32140 ns, Cleanup: 53641 ns, At safepoint: 17353 ns, Total: 103134 ns
[2024-03-07T18:04:32.794+0000][1][safepoint   ] Safepoint "Cleanup", Time since last: 1016383624 ns, Reaching safepoint: 18735 ns, Cleanup: 24065 ns, At safepoint: 6222 ns, Total: 49022 ns
[2024-03-07T18:04:33.812+0000][1][safepoint   ] Safepoint "Cleanup", Time since last: 1017569782 ns, Reaching safepoint: 18876 ns, Cleanup: 15900 ns, At safepoint: 5149 ns, Total: 39925 ns
[2024-03-07T18:04:34.831+0000][1][safepoint   ] Safepoint "Cleanup", Time since last: 1019370257 ns, Reaching safepoint: 16381 ns, Cleanup: 54983 ns, At safepoint: 5911 ns, Total: 77275 ns
[2024-03-07T18:04:35.850+0000][1][safepoint   ] Safepoint "Cleanup", Time since last: 1018565999 ns, Reaching safepoint: 35687 ns, Cleanup: 13295 ns, At safepoint: 8025 ns, Total: 57007 ns
[2024-03-07T18:04:36.868+0000][1][safepoint   ] Safepoint "Cleanup", Time since last: 1018740445 ns, Reaching safepoint: 19757 ns, Cleanup: 51136 ns, At safepoint: 4589 ns, Total: 75482 ns
[2024-03-07T18:04:37.883+0000][1][safepoint   ] Safepoint "Cleanup", Time since last: 1014896957 ns, Reaching safepoint: 19707 ns, Cleanup: 15028 ns, At safepoint: 5300 ns, Total: 40035 ns
[2024-03-07T18:04:39.901+0000][1][safepoint   ] Safepoint "Cleanup", Time since last: 2017369490 ns, Reaching safepoint: 19898 ns, Cleanup: 21630 ns, At safepoint: 5721 ns, Total: 47249 ns
[2024-03-07T18:04:40.919+0000][1][safepoint   ] Safepoint "Cleanup", Time since last: 1018306474 ns, Reaching safepoint: 81272 ns, Cleanup: 14237 ns, At safepoint: 16100 ns, Total: 111609 ns
[2024-03-07T18:04:41.937+0000][1][safepoint   ] Safepoint "Cleanup", Time since last: 1017354408 ns, Reaching safepoint: 20197 ns, Cleanup: 42530 ns, At safepoint: 5330 ns, Total: 68057 ns
[2024-03-07T18:04:42.957+0000][1][safepoint   ] Safepoint "Cleanup", Time since last: 1020220682 ns, Reaching safepoint: 19808 ns, Cleanup: 71133 ns, At safepoint: 6282 ns, Total: 97223 ns
[2024-03-07T18:04:43.991+0000][1][safepoint   ] Safepoint "Cleanup", Time since last: 1033554834 ns, Reaching safepoint: 16060 ns, Cleanup: 15800 ns, At safepoint: 3406 ns, Total: 35266 ns
[2024-03-07T18:04:44.991+0000][1][safepoint   ] Safepoint "Cleanup", Time since last: 1000131262 ns, Reaching safepoint: 21079 ns, Cleanup: 31269 ns, At safepoint: 5290 ns, Total: 57638 ns
[2024-03-07T18:04:46.005+0000][1][safepoint   ] Safepoint "Cleanup", Time since last: 1014068283 ns, Reaching safepoint: 36108 ns, Cleanup: 52889 ns, At safepoint: 9618 ns, Total: 98615 ns
[2024-03-07T18:04:47.036+0000][1][safepoint   ] Safepoint "Cleanup", Time since last: 1031060714 ns, Reaching safepoint: 13766 ns, Cleanup: 61726 ns, At safepoint: 3447 ns, Total: 78939 ns
[2024-03-07T18:04:48.036+0000][1][safepoint   ] Safepoint "Cleanup", Time since last: 1000101856 ns, Reaching safepoint: 13285 ns, Cleanup: 11021 ns, At safepoint: 2725 ns, Total: 27031 ns
[2024-03-07T18:04:49.036+0000][1][safepoint   ] Safepoint "Cleanup", Time since last: 1000113628 ns, Reaching safepoint: 19417 ns, Cleanup: 21170 ns, At safepoint: 5129 ns, Total: 45716 ns
[2024-03-07T18:04:50.051+0000][1][safepoint   ] Safepoint "Cleanup", Time since last: 1014735875 ns, Reaching safepoint: 21230 ns, Cleanup: 21881 ns, At safepoint: 5069 ns, Total: 48180 ns
[2024-03-07T18:04:51.051+0000][1][safepoint   ] Safepoint "Cleanup", Time since last: 1000126243 ns, Reaching safepoint: 13685 ns, Cleanup: 19327 ns, At safepoint: 4067 ns, Total: 37079 ns
[2024-03-07T18:04:52.063+0000][1][safepoint   ] Safepoint "Cleanup", Time since last: 1011886591 ns, Reaching safepoint: 20318 ns, Cleanup: 35206 ns, At safepoint: 5270 ns, Total: 60794 ns
[2024-03-07T18:04:53.063+0000][1][safepoint   ] Safepoint "Cleanup", Time since last: 1000129829 ns, Reaching safepoint: 19657 ns, Cleanup: 17643 ns, At safepoint: 5370 ns, Total: 42670 ns
[2024-03-07T18:04:54.091+0000][1][safepoint   ] Safepoint "Cleanup", Time since last: 1027898094 ns, Reaching safepoint: 10991 ns, Cleanup: 7123 ns, At safepoint: 2675 ns, Total: 20789 ns
[2024-03-07T18:04:56.102+0000][1][safepoint   ] Safepoint "Cleanup", Time since last: 2010536334 ns, Reaching safepoint: 36138 ns, Cleanup: 15820 ns, At safepoint: 7874 ns, Total: 59832 ns
[2024-03-07T18:04:57.105+0000][1][safepoint   ] Safepoint "Cleanup", Time since last: 1002861675 ns, Reaching safepoint: 56256 ns, Cleanup: 44223 ns, At safepoint: 5420 ns, Total: 105899 ns
[2024-03-07T18:04:58.114+0000][1][safepoint   ] Safepoint "Cleanup", Time since last: 1009170966 ns, Reaching safepoint: 18344 ns, Cleanup: 14167 ns, At safepoint: 6292 ns, Total: 38803 ns
[2024-03-07T18:05:00.114+0000][1][safepoint   ] Safepoint "Cleanup", Time since last: 2000244872 ns, Reaching safepoint: 49903 ns, Cleanup: 14107 ns, At safepoint: 16210 ns, Total: 80220 ns
[2024-03-07T18:05:01.126+0000][1][safepoint   ] Safepoint "Cleanup", Time since last: 1011479396 ns, Reaching safepoint: 19166 ns, Cleanup: 18394 ns, At safepoint: 5681 ns, Total: 43241 ns
[2024-03-07T18:05:02.143+0000][1][safepoint   ] Safepoint "Cleanup", Time since last: 1017093677 ns, Reaching safepoint: 18415 ns, Cleanup: 53380 ns, At safepoint: 4919 ns, Total: 76714 ns
[2024-03-07T18:05:03.158+0000][1][safepoint   ] Safepoint "Cleanup", Time since last: 1015240752 ns, Reaching safepoint: 17232 ns, Cleanup: 32962 ns, At safepoint: 5090 ns, Total: 55284 ns
[2024-03-07T18:05:04.178+0000][1][safepoint   ] Safepoint "Cleanup", Time since last: 1019228340 ns, Reaching safepoint: 42550 ns, Cleanup: 15058 ns, At safepoint: 5310 ns, Total: 62918 ns
[2024-03-07T18:05:05.194+0000][1][safepoint   ] Safepoint "Cleanup", Time since last: 1016655315 ns, Reaching safepoint: 19567 ns, Cleanup: 36859 ns, At safepoint: 5781 ns, Total: 62207 ns
[2024-03-07T18:05:06.219+0000][1][safepoint   ] Safepoint "Cleanup", Time since last: 1025017711 ns, Reaching safepoint: 19075 ns, Cleanup: 24206 ns, At safepoint: 5691 ns, Total: 48972 ns
[2024-03-07T18:05:07.233+0000][1][safepoint   ] Safepoint "Cleanup", Time since last: 1013097832 ns, Reaching safepoint: 19035 ns, Cleanup: 60604 ns, At safepoint: 5500 ns, Total: 85139 ns
[2024-03-07T18:05:08.249+0000][1][safepoint   ] Safepoint "Cleanup", Time since last: 1016070368 ns, Reaching safepoint: 18835 ns, Cleanup: 22202 ns, At safepoint: 5550 ns, Total: 46587 ns
[2024-03-07T18:05:10.260+0000][1][safepoint   ] Safepoint "Cleanup", Time since last: 2011596512 ns, Reaching safepoint: 19386 ns, Cleanup: 16501 ns, At safepoint: 5490 ns, Total: 41377 ns
[2024-03-07T18:05:12.261+0000][1][safepoint   ] Safepoint "Cleanup", Time since last: 2000230444 ns, Reaching safepoint: 24716 ns, Cleanup: 37581 ns, At safepoint: 6001 ns, Total: 68298 ns
[2024-03-07T18:05:13.261+0000][1][safepoint   ] Safepoint "Cleanup", Time since last: 1000178630 ns, Reaching safepoint: 19917 ns, Cleanup: 13726 ns, At safepoint: 5400 ns, Total: 39043 ns
[2024-03-07T18:05:14.261+0000][1][safepoint   ] Safepoint "Cleanup", Time since last: 1000191915 ns, Reaching safepoint: 19206 ns, Cleanup: 13365 ns, At safepoint: 5280 ns, Total: 37851 ns
[2024-03-07T18:05:15.274+0000][1][safepoint   ] Safepoint "Cleanup", Time since last: 1013168436 ns, Reaching safepoint: 23554 ns, Cleanup: 15920 ns, At safepoint: 5741 ns, Total: 45215 ns
[2024-03-07T18:05:16.290+0000][1][safepoint   ] Safepoint "Cleanup", Time since last: 1016043325 ns, Reaching safepoint: 18635 ns, Cleanup: 11671 ns, At safepoint: 4669 ns, Total: 34975 ns
[2024-03-07T18:05:17.291+0000][1][safepoint   ] Safepoint "Cleanup", Time since last: 1000124471 ns, Reaching safepoint: 19777 ns, Cleanup: 19387 ns, At safepoint: 5931 ns, Total: 45095 ns
[2024-03-07T18:05:22.320+0000][1][safepoint   ] Safepoint "Cleanup", Time since last: 5029313667 ns, Reaching safepoint: 102382 ns, Cleanup: 43441 ns, At safepoint: 31349 ns, Total: 177172 ns
[2024-03-07T18:05:23.750+0000][1][safepoint   ] Safepoint "Cleanup", Time since last: 1430304263 ns, Reaching safepoint: 18876 ns, Cleanup: 14367 ns, At safepoint: 6201 ns, Total: 39444 ns
[2024-03-07T18:05:25.342+0000][1][safepoint   ] Safepoint "Cleanup", Time since last: 1591403790 ns, Reaching safepoint: 36338 ns, Cleanup: 26980 ns, At safepoint: 4569 ns, Total: 67887 ns
[2024-03-07T18:05:26.369+0000][1][safepoint   ] Safepoint "Cleanup", Time since last: 1026571646 ns, Reaching safepoint: 20618 ns, Cleanup: 17082 ns, At safepoint: 5641 ns, Total: 43341 ns
[2024-03-07T18:05:27.384+0000][1][safepoint   ] Safepoint "Cleanup", Time since last: 1015185709 ns, Reaching safepoint: 16811 ns, Cleanup: 23745 ns, At safepoint: 5761 ns, Total: 46317 ns
[2024-03-07T18:05:28.398+0000][1][safepoint   ] Safepoint "Cleanup", Time since last: 1014295158 ns, Reaching safepoint: 19496 ns, Cleanup: 16080 ns, At safepoint: 5711 ns, Total: 41287 ns
[2024-03-07T18:05:29.413+0000][1][safepoint   ] Safepoint "Cleanup", Time since last: 1015137157 ns, Reaching safepoint: 19767 ns, Cleanup: 40546 ns, At safepoint: 4950 ns, Total: 65263 ns
[2024-03-07T18:05:30.414+0000][1][safepoint   ] Safepoint "Cleanup", Time since last: 1000131810 ns, Reaching safepoint: 56947 ns, Cleanup: 19446 ns, At safepoint: 15790 ns, Total: 92183 ns
[2024-03-07T18:05:32.429+0000][1][safepoint   ] Safepoint "Cleanup", Time since last: 2015112656 ns, Reaching safepoint: 16310 ns, Cleanup: 31650 ns, At safepoint: 5190 ns, Total: 53150 ns
[2024-03-07T18:05:33.441+0000][1][safepoint   ] Safepoint "Cleanup", Time since last: 1012583881 ns, Reaching safepoint: 18946 ns, Cleanup: 14858 ns, At safepoint: 52699 ns, Total: 86503 ns
[2024-03-07T18:05:34.457+0000][1][safepoint   ] Safepoint "Cleanup", Time since last: 1015602531 ns, Reaching safepoint: 19467 ns, Cleanup: 14537 ns, At safepoint: 5119 ns, Total: 39123 ns
[2024-03-07T18:05:37.458+0000][1][safepoint   ] Safepoint "Cleanup", Time since last: 3000719950 ns, Reaching safepoint: 18465 ns, Cleanup: 23734 ns, At safepoint: 5591 ns, Total: 47790 ns
[2024-03-07T18:05:38.458+0000][1][safepoint   ] Safepoint "Cleanup", Time since last: 1000308927 ns, Reaching safepoint: 98064 ns, Cleanup: 15699 ns, At safepoint: 5470 ns, Total: 119233 ns
[2024-03-07T18:05:39.459+0000][1][safepoint   ] Safepoint "Cleanup", Time since last: 1000511786 ns, Reaching safepoint: 19507 ns, Cleanup: 14888 ns, At safepoint: 5631 ns, Total: 40026 ns
[2024-03-07T18:05:42.460+0000][1][safepoint   ] Safepoint "Cleanup", Time since last: 3001221083 ns, Reaching safepoint: 20608 ns, Cleanup: 28774 ns, At safepoint: 5801 ns, Total: 55183 ns
[2024-03-07T18:05:45.461+0000][1][safepoint   ] Safepoint "Cleanup", Time since last: 3001164843 ns, Reaching safepoint: 60764 ns, Cleanup: 16491 ns, At safepoint: 5811 ns, Total: 83066 ns
[2024-03-07T18:05:47.462+0000][1][safepoint   ] Safepoint "Cleanup", Time since last: 2000698281 ns, Reaching safepoint: 16992 ns, Cleanup: 15950 ns, At safepoint: 5761 ns, Total: 38703 ns
[2024-03-07T18:05:52.463+0000][1][safepoint   ] Safepoint "Cleanup", Time since last: 5000983559 ns, Reaching safepoint: 59893 ns, Cleanup: 26580 ns, At safepoint: 5510 ns, Total: 91983 ns
[2024-03-07T18:05:55.463+0000][1][safepoint   ] Safepoint "Cleanup", Time since last: 3000254729 ns, Reaching safepoint: 58229 ns, Cleanup: 14387 ns, At safepoint: 4819 ns, Total: 77435 ns
[2024-03-07T18:05:57.464+0000][1][safepoint   ] Safepoint "Cleanup", Time since last: 2000237617 ns, Reaching safepoint: 24707 ns, Cleanup: 19336 ns, At safepoint: 7143 ns, Total: 51186 ns
[2024-03-07T18:06:00.464+0000][1][safepoint   ] Safepoint "Cleanup", Time since last: 3000307723 ns, Reaching safepoint: 50845 ns, Cleanup: 24907 ns, At safepoint: 4979 ns, Total: 80731 ns
[2024-03-07T18:06:02.002+0000][1][gc,start    ] GC(10) Pause Young (Prepare Mixed) (G1 Evacuation Pause)
[2024-03-07T18:06:02.002+0000][1][gc,task     ] GC(10) Using 10 workers of 10 for evacuation
[2024-03-07T18:06:02.002+0000][1][gc,age      ] GC(10) Desired survivor size 29884416 bytes, new threshold 15 (max threshold 15)
[2024-03-07T18:06:02.058+0000][1][gc,phases   ] GC(10)   Pre Evacuate Collection Set: 0.3ms
[2024-03-07T18:06:02.058+0000][1][gc,phases   ] GC(10)   Merge Heap Roots: 0.2ms
[2024-03-07T18:06:02.058+0000][1][gc,phases   ] GC(10)   Evacuate Collection Set: 51.2ms
[2024-03-07T18:06:02.058+0000][1][gc,phases   ] GC(10)   Post Evacuate Collection Set: 3.9ms
[2024-03-07T18:06:02.058+0000][1][gc,phases   ] GC(10)   Other: 0.3ms
[2024-03-07T18:06:02.058+0000][1][gc,age      ] GC(10) Age table with threshold 15 (max threshold 15)
[2024-03-07T18:06:02.058+0000][1][gc,age      ] GC(10) - age   1:   16399976 bytes,   16399976 total
[2024-03-07T18:06:02.058+0000][1][gc,age      ] GC(10) - age   2:     123608 bytes,   16523584 total
[2024-03-07T18:06:02.058+0000][1][gc,age      ] GC(10) - age   3:      60160 bytes,   16583744 total
[2024-03-07T18:06:02.058+0000][1][gc,age      ] GC(10) - age   4:    7339080 bytes,   23922824 total
[2024-03-07T18:06:02.058+0000][1][gc,age      ] GC(10) - age   5:    1302872 bytes,   25225696 total
[2024-03-07T18:06:02.058+0000][1][gc,age      ] GC(10) - age   6:     903752 bytes,   26129448 total
[2024-03-07T18:06:02.058+0000][1][gc,age      ] GC(10) - age   7:    1155800 bytes,   27285248 total
[2024-03-07T18:06:02.058+0000][1][gc,heap     ] GC(10) Eden regions: 439->0(586)
[2024-03-07T18:06:02.058+0000][1][gc,heap     ] GC(10) Survivor regions: 12->28(57)
[2024-03-07T18:06:02.058+0000][1][gc,heap     ] GC(10) Old regions: 8->8
[2024-03-07T18:06:02.058+0000][1][gc,heap     ] GC(10) Humongous regions: 13->3
[2024-03-07T18:06:02.058+0000][1][gc,metaspace] GC(10) Metaspace: 88730K(90240K)->88730K(90240K) NonClass: 77148K(77952K)->77148K(77952K) Class: 11582K(12288K)->11582K(12288K)
[2024-03-07T18:06:02.058+0000][1][gc          ] GC(10) Pause Young (Prepare Mixed) (G1 Evacuation Pause) 471M->38M(1024M) 56.206ms
[2024-03-07T18:06:02.058+0000][1][gc,cpu      ] GC(10) User=0.15s Sys=0.09s Real=0.06s
[2024-03-07T18:06:02.061+0000][1][safepoint   ] Safepoint "G1CollectForAllocation", Time since last: 1537818549 ns, Reaching safepoint: 96371 ns, Cleanup: 13646 ns, At safepoint: 59246047 ns, Total: 59356064 ns
[2024-03-07T18:06:03.061+0000][1][safepoint   ] Safepoint "Cleanup", Time since last: 1000157892 ns, Reaching safepoint: 22602 ns, Cleanup: 35637 ns, At safepoint: 6282 ns, Total: 64521 ns
[2024-03-07T18:06:07.063+0000][1][safepoint   ] Safepoint "Cleanup", Time since last: 4001092167 ns, Reaching safepoint: 16030 ns, Cleanup: 23635 ns, At safepoint: 3616 ns, Total: 43281 ns
[2024-03-07T18:06:12.064+0000][1][safepoint   ] Safepoint "Cleanup", Time since last: 5000992549 ns, Reaching safepoint: 59051 ns, Cleanup: 32341 ns, At safepoint: 5460 ns, Total: 96852 ns
[2024-03-07T18:06:15.065+0000][1][safepoint   ] Safepoint "Cleanup", Time since last: 3001410012 ns, Reaching safepoint: 67166 ns, Cleanup: 14828 ns, At safepoint: 18775 ns, Total: 100769 ns
[2024-03-07T18:06:17.065+0000][1][safepoint   ] Safepoint "Cleanup", Time since last: 2000179839 ns, Reaching safepoint: 14517 ns, Cleanup: 16280 ns, At safepoint: 3347 ns, Total: 34144 ns
[2024-03-07T18:06:22.066+0000][1][safepoint   ] Safepoint "Cleanup", Time since last: 5000409561 ns, Reaching safepoint: 66424 ns, Cleanup: 27953 ns, At safepoint: 6362 ns, Total: 100739 ns
[2024-03-07T18:06:25.797+0000][1][safepoint   ] Safepoint "Cleanup", Time since last: 3731303588 ns, Reaching safepoint: 120456 ns, Cleanup: 19487 ns, At safepoint: 18074 ns, Total: 158017 ns
[2024-03-07T18:06:27.798+0000][1][safepoint   ] Safepoint "Cleanup", Time since last: 2000412585 ns, Reaching safepoint: 26690 ns, Cleanup: 26420 ns, At safepoint: 6352 ns, Total: 59462 ns
[2024-03-07T18:06:29.799+0000][1][safepoint   ] Safepoint "Cleanup", Time since last: 2000983185 ns, Reaching safepoint: 20839 ns, Cleanup: 46818 ns, At safepoint: 6051 ns, Total: 73708 ns
[2024-03-07T18:06:30.799+0000][1][safepoint   ] Safepoint "Cleanup", Time since last: 1000389946 ns, Reaching safepoint: 80240 ns, Cleanup: 17062 ns, At safepoint: 6703 ns, Total: 104005 ns
[2024-03-07T18:06:32.800+0000][1][safepoint   ] Safepoint "Cleanup", Time since last: 2000212386 ns, Reaching safepoint: 31629 ns, Cleanup: 27171 ns, At safepoint: 5420 ns, Total: 64220 ns
[2024-03-07T18:06:37.802+0000][1][safepoint   ] Safepoint "Cleanup", Time since last: 5001827884 ns, Reaching safepoint: 70232 ns, Cleanup: 18234 ns, At safepoint: 6282 ns, Total: 94748 ns
[2024-03-07T18:06:38.802+0000][1][safepoint   ] Safepoint "Cleanup", Time since last: 1000129537 ns, Reaching safepoint: 20068 ns, Cleanup: 16971 ns, At safepoint: 5020 ns, Total: 42059 ns
[2024-03-07T18:06:42.802+0000][1][safepoint   ] Safepoint "Cleanup", Time since last: 4000551807 ns, Reaching safepoint: 32921 ns, Cleanup: 20859 ns, At safepoint: 3487 ns, Total: 57267 ns
[2024-03-07T18:06:47.804+0000][1][safepoint   ] Safepoint "Cleanup", Time since last: 5001171293 ns, Reaching safepoint: 20087 ns, Cleanup: 32842 ns, At safepoint: 5771 ns, Total: 58700 ns
[2024-03-07T18:06:52.804+0000][1][safepoint   ] Safepoint "Cleanup", Time since last: 5000578251 ns, Reaching safepoint: 19577 ns, Cleanup: 27712 ns, At safepoint: 31930 ns, Total: 79219 ns
[2024-03-07T18:06:57.805+0000][1][safepoint   ] Safepoint "Cleanup", Time since last: 5001026115 ns, Reaching safepoint: 19676 ns, Cleanup: 45025 ns, At safepoint: 5811 ns, Total: 70512 ns
[2024-03-07T18:06:59.806+0000][1][safepoint   ] Safepoint "Cleanup", Time since last: 2000418844 ns, Reaching safepoint: 20318 ns, Cleanup: 14357 ns, At safepoint: 5721 ns, Total: 40396 ns
[2024-03-07T18:07:02.807+0000][1][safepoint   ] Safepoint "Cleanup", Time since last: 3000680346 ns, Reaching safepoint: 20258 ns, Cleanup: 30928 ns, At safepoint: 6041 ns, Total: 57227 ns
[2024-03-07T18:07:05.807+0000][1][safepoint   ] Safepoint "Cleanup", Time since last: 3000554487 ns, Reaching safepoint: 57177 ns, Cleanup: 15650 ns, At safepoint: 18214 ns, Total: 91041 ns
[2024-03-07T18:07:07.807+0000][1][safepoint   ] Safepoint "Cleanup", Time since last: 2000181250 ns, Reaching safepoint: 20258 ns, Cleanup: 24226 ns, At safepoint: 3877 ns, Total: 48361 ns
[2024-03-07T18:07:11.808+0000][1][safepoint   ] Safepoint "Cleanup", Time since last: 4000313558 ns, Reaching safepoint: 53821 ns, Cleanup: 13606 ns, At safepoint: 5600 ns, Total: 73027 ns
[2024-03-07T18:07:12.808+0000][1][safepoint   ] Safepoint "Cleanup", Time since last: 1000128336 ns, Reaching safepoint: 53580 ns, Cleanup: 25478 ns, At safepoint: 5661 ns, Total: 84719 ns
[2024-03-07T18:07:15.808+0000][1][safepoint   ] Safepoint "Cleanup", Time since last: 3000284339 ns, Reaching safepoint: 24366 ns, Cleanup: 19496 ns, At safepoint: 6984 ns, Total: 50846 ns
[2024-03-07T18:07:17.809+0000][1][safepoint   ] Safepoint "Cleanup", Time since last: 2000227689 ns, Reaching safepoint: 79378 ns, Cleanup: 25899 ns, At safepoint: 23664 ns, Total: 128941 ns
[2024-03-07T18:07:22.809+0000][1][safepoint   ] Safepoint "Cleanup", Time since last: 5000501708 ns, Reaching safepoint: 42941 ns, Cleanup: 14968 ns, At safepoint: 7684 ns, Total: 65593 ns
[2024-03-07T18:07:27.829+0000][1][safepoint   ] Safepoint "Cleanup", Time since last: 5019866098 ns, Reaching safepoint: 49443 ns, Cleanup: 37340 ns, At safepoint: 16801 ns, Total: 103584 ns
[2024-03-07T18:07:28.829+0000][1][safepoint   ] Safepoint "Cleanup", Time since last: 1000130681 ns, Reaching safepoint: 27612 ns, Cleanup: 16842 ns, At safepoint: 6502 ns, Total: 50956 ns
[2024-03-07T18:07:29.830+0000][1][safepoint   ] Safepoint "Cleanup", Time since last: 1000175885 ns, Reaching safepoint: 19006 ns, Cleanup: 44293 ns, At safepoint: 5230 ns, Total: 68529 ns
[2024-03-07T18:07:30.830+0000][1][safepoint   ] Safepoint "Cleanup", Time since last: 1000136962 ns, Reaching safepoint: 20037 ns, Cleanup: 17152 ns, At safepoint: 5521 ns, Total: 42710 ns
[2024-03-07T18:07:31.830+0000][1][safepoint   ] Safepoint "Cleanup", Time since last: 1000140080 ns, Reaching safepoint: 15800 ns, Cleanup: 13054 ns, At safepoint: 5180 ns, Total: 34034 ns
[2024-03-07T18:07:32.830+0000][1][safepoint   ] Safepoint "Cleanup", Time since last: 1000150106 ns, Reaching safepoint: 58380 ns, Cleanup: 36528 ns, At safepoint: 18405 ns, Total: 113313 ns
[2024-03-07T18:07:37.831+0000][1][safepoint   ] Safepoint "Cleanup", Time since last: 5001032917 ns, Reaching safepoint: 64771 ns, Cleanup: 36809 ns, At safepoint: 18185 ns, Total: 119765 ns
[2024-03-07T18:07:42.832+0000][1][safepoint   ] Safepoint "Cleanup", Time since last: 5000707917 ns, Reaching safepoint: 34434 ns, Cleanup: 26350 ns, At safepoint: 17463 ns, Total: 78247 ns
[2024-03-07T18:07:47.833+0000][1][safepoint   ] Safepoint "Cleanup", Time since last: 5001012679 ns, Reaching safepoint: 24586 ns, Cleanup: 27862 ns, At safepoint: 5741 ns, Total: 58189 ns
[2024-03-07T18:07:52.835+0000][1][safepoint   ] Safepoint "Cleanup", Time since last: 5001538051 ns, Reaching safepoint: 70703 ns, Cleanup: 28644 ns, At safepoint: 5570 ns, Total: 104917 ns
[2024-03-07T18:07:57.836+0000][1][safepoint   ] Safepoint "Cleanup", Time since last: 5000829718 ns, Reaching safepoint: 16321 ns, Cleanup: 13836 ns, At safepoint: 4067 ns, Total: 34224 ns
[2024-03-07T18:08:00.836+0000][1][safepoint   ] Safepoint "Cleanup", Time since last: 3000295100 ns, Reaching safepoint: 203071 ns, Cleanup: 20429 ns, At safepoint: 5800 ns, Total: 229300 ns
[2024-03-07T18:08:02.837+0000][1][safepoint   ] Safepoint "Cleanup", Time since last: 2000229331 ns, Reaching safepoint: 14066 ns, Cleanup: 16211 ns, At safepoint: 2845 ns, Total: 33122 ns
[2024-03-07T18:08:03.837+0000][1][safepoint   ] Safepoint "Cleanup", Time since last: 1000091996 ns, Reaching safepoint: 38723 ns, Cleanup: 9648 ns, At safepoint: 7233 ns, Total: 55604 ns
[2024-03-07T18:08:07.837+0000][1][safepoint   ] Safepoint "Cleanup", Time since last: 4000488303 ns, Reaching safepoint: 18936 ns, Cleanup: 23213 ns, At safepoint: 4910 ns, Total: 47059 ns
[2024-03-07T18:08:12.839+0000][1][safepoint   ] Safepoint "Cleanup", Time since last: 5001409078 ns, Reaching safepoint: 16802 ns, Cleanup: 15629 ns, At safepoint: 4298 ns, Total: 36729 ns
[2024-03-07T18:08:14.540+0000][1][safepoint   ] Safepoint "Cleanup", Time since last: 1701005308 ns, Reaching safepoint: 9377 ns, Cleanup: 118713 ns, At safepoint: 6111 ns, Total: 134201 ns
[2024-03-07T18:08:15.558+0000][1][safepoint   ] Safepoint "Cleanup", Time since last: 1017610889 ns, Reaching safepoint: 26028 ns, Cleanup: 77616 ns, At safepoint: 6893 ns, Total: 110537 ns
[2024-03-07T18:08:17.558+0000][1][safepoint   ] Safepoint "Cleanup", Time since last: 2000210537 ns, Reaching safepoint: 17693 ns, Cleanup: 21791 ns, At safepoint: 3958 ns, Total: 43442 ns
[2024-03-07T18:08:22.559+0000][1][safepoint   ] Safepoint "Cleanup", Time since last: 5000820311 ns, Reaching safepoint: 59782 ns, Cleanup: 17032 ns, At safepoint: 5360 ns, Total: 82174 ns
[2024-03-07T18:08:25.864+0000][1][safepoint   ] Safepoint "Cleanup", Time since last: 3305628251 ns, Reaching safepoint: 59391 ns, Cleanup: 14798 ns, At safepoint: 5811 ns, Total: 80000 ns
[2024-03-07T18:08:27.865+0000][1][safepoint   ] Safepoint "Cleanup", Time since last: 2000187583 ns, Reaching safepoint: 23284 ns, Cleanup: 34655 ns, At safepoint: 5831 ns, Total: 63770 ns
[2024-03-07T18:08:29.122+0000][1][safepoint   ] Safepoint "Cleanup", Time since last: 1257608111 ns, Reaching safepoint: 10429 ns, Cleanup: 17233 ns, At safepoint: 5650 ns, Total: 33312 ns
[2024-03-07T18:08:30.452+0000][1][safepoint   ] Safepoint "Cleanup", Time since last: 1329443421 ns, Reaching safepoint: 9087 ns, Cleanup: 142578 ns, At safepoint: 4067 ns, Total: 155732 ns
[2024-03-07T18:08:32.452+0000][1][safepoint   ] Safepoint "Cleanup", Time since last: 2000387161 ns, Reaching safepoint: 19947 ns, Cleanup: 37090 ns, At safepoint: 5139 ns, Total: 62176 ns
[2024-03-07T18:08:37.453+0000][1][safepoint   ] Safepoint "Cleanup", Time since last: 5000869936 ns, Reaching safepoint: 63158 ns, Cleanup: 32141 ns, At safepoint: 6081 ns, Total: 101380 ns
[2024-03-07T18:08:40.454+0000][1][safepoint   ] Safepoint "Cleanup", Time since last: 3000330860 ns, Reaching safepoint: 20398 ns, Cleanup: 16210 ns, At safepoint: 5340 ns, Total: 41948 ns
[2024-03-07T18:08:42.454+0000][1][safepoint   ] Safepoint "Cleanup", Time since last: 2000261533 ns, Reaching safepoint: 19817 ns, Cleanup: 29135 ns, At safepoint: 5179 ns, Total: 54131 ns
[2024-03-07T18:08:45.454+0000][1][safepoint   ] Safepoint "Cleanup", Time since last: 3000335112 ns, Reaching safepoint: 15319 ns, Cleanup: 10539 ns, At safepoint: 36379 ns, Total: 62237 ns
[2024-03-07T18:08:47.455+0000][1][safepoint   ] Safepoint "Cleanup", Time since last: 2000712037 ns, Reaching safepoint: 18284 ns, Cleanup: 14257 ns, At safepoint: 4859 ns, Total: 37400 ns
[2024-03-07T18:08:52.456+0000][1][safepoint   ] Safepoint "Cleanup", Time since last: 5000693586 ns, Reaching safepoint: 19437 ns, Cleanup: 36699 ns, At safepoint: 5570 ns, Total: 61706 ns
[2024-03-07T18:08:57.457+0000][1][safepoint   ] Safepoint "Cleanup", Time since last: 5001113798 ns, Reaching safepoint: 61556 ns, Cleanup: 24335 ns, At safepoint: 6052 ns, Total: 91943 ns
[2024-03-07T18:09:00.458+0000][1][safepoint   ] Safepoint "Cleanup", Time since last: 3000583528 ns, Reaching safepoint: 52989 ns, Cleanup: 14988 ns, At safepoint: 17012 ns, Total: 84989 ns
[2024-03-07T18:09:02.458+0000][1][safepoint   ] Safepoint "Cleanup", Time since last: 2000266751 ns, Reaching safepoint: 18995 ns, Cleanup: 21972 ns, At safepoint: 5600 ns, Total: 46567 ns
[2024-03-07T18:09:07.459+0000][1][safepoint   ] Safepoint "Cleanup", Time since last: 5000983292 ns, Reaching safepoint: 57287 ns, Cleanup: 27492 ns, At safepoint: 5450 ns, Total: 90229 ns
[2024-03-07T18:09:12.460+0000][1][safepoint   ] Safepoint "Cleanup", Time since last: 5000942004 ns, Reaching safepoint: 59722 ns, Cleanup: 21120 ns, At safepoint: 6161 ns, Total: 87003 ns
[2024-03-07T18:09:17.461+0000][1][safepoint   ] Safepoint "Cleanup", Time since last: 5000851913 ns, Reaching safepoint: 44003 ns, Cleanup: 12573 ns, At safepoint: 3046 ns, Total: 59622 ns
[2024-03-07T18:09:22.462+0000][1][safepoint   ] Safepoint "Cleanup", Time since last: 5000425426 ns, Reaching safepoint: 58200 ns, Cleanup: 14908 ns, At safepoint: 5690 ns, Total: 78798 ns
[2024-03-07T18:09:27.898+0000][1][safepoint   ] Safepoint "Cleanup", Time since last: 5436604613 ns, Reaching safepoint: 44133 ns, Cleanup: 19326 ns, At safepoint: 4328 ns, Total: 67787 ns
[2024-03-07T18:09:29.899+0000][1][safepoint   ] Safepoint "Cleanup", Time since last: 2000176091 ns, Reaching safepoint: 16601 ns, Cleanup: 22262 ns, At safepoint: 4559 ns, Total: 43422 ns
[2024-03-07T18:09:32.899+0000][1][safepoint   ] Safepoint "Cleanup", Time since last: 3000266228 ns, Reaching safepoint: 56906 ns, Cleanup: 29526 ns, At safepoint: 5250 ns, Total: 91682 ns
[2024-03-07T18:09:35.899+0000][1][safepoint   ] Safepoint "Cleanup", Time since last: 3000258751 ns, Reaching safepoint: 19196 ns, Cleanup: 14807 ns, At safepoint: 5561 ns, Total: 39564 ns
[2024-03-07T18:09:37.900+0000][1][safepoint   ] Safepoint "Cleanup", Time since last: 2000198962 ns, Reaching safepoint: 54673 ns, Cleanup: 23925 ns, At safepoint: 16431 ns, Total: 95029 ns
[2024-03-07T18:09:42.900+0000][1][safepoint   ] Safepoint "Cleanup", Time since last: 5000388927 ns, Reaching safepoint: 73178 ns, Cleanup: 18134 ns, At safepoint: 10018 ns, Total: 101330 ns
[2024-03-07T18:09:47.901+0000][1][safepoint   ] Safepoint "Cleanup", Time since last: 5000374480 ns, Reaching safepoint: 170610 ns, Cleanup: 32521 ns, At safepoint: 19086 ns, Total: 222217 ns
[2024-03-07T18:09:48.901+0000][1][safepoint   ] Safepoint "Cleanup", Time since last: 1000247468 ns, Reaching safepoint: 19857 ns, Cleanup: 14447 ns, At safepoint: 45375 ns, Total: 79679 ns
[2024-03-07T18:09:50.902+0000][1][safepoint   ] Safepoint "Cleanup", Time since last: 2000819589 ns, Reaching safepoint: 15620 ns, Cleanup: 12733 ns, At safepoint: 3808 ns, Total: 32161 ns
[2024-03-07T18:09:52.903+0000][1][safepoint   ] Safepoint "Cleanup", Time since last: 2000854210 ns, Reaching safepoint: 49283 ns, Cleanup: 20248 ns, At safepoint: 10119 ns, Total: 79650 ns
[2024-03-07T18:09:57.904+0000][1][safepoint   ] Safepoint "Cleanup", Time since last: 5001578728 ns, Reaching safepoint: 62638 ns, Cleanup: 22422 ns, At safepoint: 18745 ns, Total: 103805 ns
[2024-03-07T18:10:02.906+0000][1][safepoint   ] Safepoint "Cleanup", Time since last: 5001611063 ns, Reaching safepoint: 24306 ns, Cleanup: 20058 ns, At safepoint: 5420 ns, Total: 49784 ns
[2024-03-07T18:10:07.907+0000][1][safepoint   ] Safepoint "Cleanup", Time since last: 5000826437 ns, Reaching safepoint: 68959 ns, Cleanup: 19918 ns, At safepoint: 5420 ns, Total: 94297 ns
[2024-03-07T18:10:12.908+0000][1][safepoint   ] Safepoint "Cleanup", Time since last: 5000505146 ns, Reaching safepoint: 45565 ns, Cleanup: 19296 ns, At safepoint: 18425 ns, Total: 83286 ns
[2024-03-07T18:10:17.909+0000][1][safepoint   ] Safepoint "Cleanup", Time since last: 5000936840 ns, Reaching safepoint: 68688 ns, Cleanup: 21952 ns, At safepoint: 6171 ns, Total: 96811 ns
[2024-03-07T18:10:22.910+0000][1][safepoint   ] Safepoint "Cleanup", Time since last: 5001078410 ns, Reaching safepoint: 48410 ns, Cleanup: 18996 ns, At safepoint: 3306 ns, Total: 70712 ns
[2024-03-07T18:10:26.936+0000][1][safepoint   ] Safepoint "Cleanup", Time since last: 4025729350 ns, Reaching safepoint: 35467 ns, Cleanup: 11060 ns, At safepoint: 3056 ns, Total: 49583 ns
[2024-03-07T18:10:27.936+0000][1][safepoint   ] Safepoint "Cleanup", Time since last: 1000165686 ns, Reaching safepoint: 39805 ns, Cleanup: 29014 ns, At safepoint: 8025 ns, Total: 76844 ns
[2024-03-07T18:10:28.936+0000][1][safepoint   ] Safepoint "Cleanup", Time since last: 1000219988 ns, Reaching safepoint: 54773 ns, Cleanup: 13375 ns, At safepoint: 17623 ns, Total: 85771 ns
[2024-03-07T18:10:29.936+0000][1][safepoint   ] Safepoint "Cleanup", Time since last: 1000148013 ns, Reaching safepoint: 19416 ns, Cleanup: 55113 ns, At safepoint: 5801 ns, Total: 80330 ns
[2024-03-07T18:10:32.937+0000][1][safepoint   ] Safepoint "Cleanup", Time since last: 3000647158 ns, Reaching safepoint: 15368 ns, Cleanup: 17283 ns, At safepoint: 3066 ns, Total: 35717 ns
[2024-03-07T18:10:37.939+0000][1][safepoint   ] Safepoint "Cleanup", Time since last: 5001534789 ns, Reaching safepoint: 104526 ns, Cleanup: 14948 ns, At safepoint: 5280 ns, Total: 124754 ns
[2024-03-07T18:10:39.939+0000][1][safepoint   ] Safepoint "Cleanup", Time since last: 2000178193 ns, Reaching safepoint: 66014 ns, Cleanup: 14748 ns, At safepoint: 17032 ns, Total: 97794 ns
[2024-03-07T18:10:42.939+0000][1][safepoint   ] Safepoint "Cleanup", Time since last: 3000266970 ns, Reaching safepoint: 13846 ns, Cleanup: 12534 ns, At safepoint: 2855 ns, Total: 29235 ns
[2024-03-07T18:10:43.939+0000][1][safepoint   ] Safepoint "Cleanup", Time since last: 1000115814 ns, Reaching safepoint: 19427 ns, Cleanup: 15509 ns, At safepoint: 5631 ns, Total: 40567 ns
[2024-03-07T18:10:52.941+0000][1][safepoint   ] Safepoint "Cleanup", Time since last: 9001623699 ns, Reaching safepoint: 19828 ns, Cleanup: 23444 ns, At safepoint: 6221 ns, Total: 49493 ns
[2024-03-07T18:10:57.943+0000][1][safepoint   ] Safepoint "Cleanup", Time since last: 5002019775 ns, Reaching safepoint: 92583 ns, Cleanup: 16271 ns, At safepoint: 5691 ns, Total: 114545 ns
[2024-03-07T18:10:58.943+0000][1][safepoint   ] Safepoint "Cleanup", Time since last: 1000164493 ns, Reaching safepoint: 20298 ns, Cleanup: 14557 ns, At safepoint: 5671 ns, Total: 40526 ns
[2024-03-07T18:11:01.945+0000][1][safepoint   ] Safepoint "Cleanup", Time since last: 3001122742 ns, Reaching safepoint: 104536 ns, Cleanup: 13886 ns, At safepoint: 5961 ns, Total: 124383 ns
[2024-03-07T18:11:02.945+0000][1][safepoint   ] Safepoint "Cleanup", Time since last: 1000191854 ns, Reaching safepoint: 20037 ns, Cleanup: 14407 ns, At safepoint: 5891 ns, Total: 40335 ns
[2024-03-07T18:11:07.946+0000][1][safepoint   ] Safepoint "Cleanup", Time since last: 5001365258 ns, Reaching safepoint: 57177 ns, Cleanup: 19176 ns, At safepoint: 5951 ns, Total: 82304 ns
[2024-03-07T18:11:12.948+0000][1][safepoint   ] Safepoint "Cleanup", Time since last: 5001283541 ns, Reaching safepoint: 51597 ns, Cleanup: 26710 ns, At safepoint: 5240 ns, Total: 83547 ns
[2024-03-07T18:11:15.949+0000][1][safepoint   ] Safepoint "Cleanup", Time since last: 3000841953 ns, Reaching safepoint: 65884 ns, Cleanup: 17994 ns, At safepoint: 6101 ns, Total: 89979 ns
[2024-03-07T18:11:17.949+0000][1][safepoint   ] Safepoint "Cleanup", Time since last: 2000284526 ns, Reaching safepoint: 19877 ns, Cleanup: 21000 ns, At safepoint: 5410 ns, Total: 46287 ns
[2024-03-07T18:11:18.949+0000][1][safepoint   ] Safepoint "Cleanup", Time since last: 1000215740 ns, Reaching safepoint: 17473 ns, Cleanup: 17132 ns, At safepoint: 5119 ns, Total: 39724 ns
[2024-03-07T18:11:24.989+0000][1][safepoint   ] Safepoint "Cleanup", Time since last: 6039721632 ns, Reaching safepoint: 20168 ns, Cleanup: 14698 ns, At safepoint: 4939 ns, Total: 39805 ns
[2024-03-07T18:11:27.989+0000][1][safepoint   ] Safepoint "Cleanup", Time since last: 3000257769 ns, Reaching safepoint: 55774 ns, Cleanup: 19336 ns, At safepoint: 5411 ns, Total: 80521 ns
[2024-03-07T18:11:29.990+0000][1][safepoint   ] Safepoint "Cleanup", Time since last: 2000179748 ns, Reaching safepoint: 16711 ns, Cleanup: 21260 ns, At safepoint: 5530 ns, Total: 43501 ns
[2024-03-07T18:11:32.990+0000][1][safepoint   ] Safepoint "Cleanup", Time since last: 3000281083 ns, Reaching safepoint: 56025 ns, Cleanup: 18003 ns, At safepoint: 4910 ns, Total: 78938 ns
[2024-03-07T18:11:37.990+0000][1][safepoint   ] Safepoint "Cleanup", Time since last: 5000396057 ns, Reaching safepoint: 56506 ns, Cleanup: 21079 ns, At safepoint: 6062 ns, Total: 83647 ns
[2024-03-07T18:11:45.992+0000][1][safepoint   ] Safepoint "Cleanup", Time since last: 8001709017 ns, Reaching safepoint: 104315 ns, Cleanup: 15068 ns, At safepoint: 5280 ns, Total: 124663 ns
[2024-03-07T18:11:47.992+0000][1][safepoint   ] Safepoint "Cleanup", Time since last: 2000185161 ns, Reaching safepoint: 19527 ns, Cleanup: 14968 ns, At safepoint: 5510 ns, Total: 40005 ns
[2024-03-07T18:11:52.993+0000][1][safepoint   ] Safepoint "Cleanup", Time since last: 5000516393 ns, Reaching safepoint: 41908 ns, Cleanup: 10600 ns, At safepoint: 3356 ns, Total: 55864 ns
[2024-03-07T18:11:56.994+0000][1][safepoint   ] Safepoint "Cleanup", Time since last: 4000456800 ns, Reaching safepoint: 19116 ns, Cleanup: 17733 ns, At safepoint: 5320 ns, Total: 42169 ns
[2024-03-07T18:11:57.994+0000][1][safepoint   ] Safepoint "Cleanup", Time since last: 1000178681 ns, Reaching safepoint: 66695 ns, Cleanup: 22913 ns, At safepoint: 5630 ns, Total: 95238 ns
[2024-03-07T18:12:02.994+0000][1][safepoint   ] Safepoint "Cleanup", Time since last: 5000592336 ns, Reaching safepoint: 57137 ns, Cleanup: 14046 ns, At safepoint: 5891 ns, Total: 77074 ns
[2024-03-07T18:12:07.995+0000][1][safepoint   ] Safepoint "Cleanup", Time since last: 5000534858 ns, Reaching safepoint: 61175 ns, Cleanup: 20098 ns, At safepoint: 5901 ns, Total: 87174 ns
[2024-03-07T18:12:12.996+0000][1][safepoint   ] Safepoint "Cleanup", Time since last: 5000465910 ns, Reaching safepoint: 51046 ns, Cleanup: 19576 ns, At safepoint: 5370 ns, Total: 75992 ns
[2024-03-07T18:12:22.997+0000][1][safepoint   ] Safepoint "Cleanup", Time since last: 10001813929 ns, Reaching safepoint: 39404 ns, Cleanup: 10159 ns, At safepoint: 4429 ns, Total: 53992 ns
[2024-03-07T18:12:28.024+0000][1][safepoint   ] Safepoint "Cleanup", Time since last: 5026524486 ns, Reaching safepoint: 69992 ns, Cleanup: 15970 ns, At safepoint: 5260 ns, Total: 91222 ns
[2024-03-07T18:12:30.024+0000][1][safepoint   ] Safepoint "Cleanup", Time since last: 2000170058 ns, Reaching safepoint: 22212 ns, Cleanup: 19777 ns, At safepoint: 5831 ns, Total: 47820 ns
[2024-03-07T18:12:33.025+0000][1][safepoint   ] Safepoint "Cleanup", Time since last: 3000272835 ns, Reaching safepoint: 43221 ns, Cleanup: 15880 ns, At safepoint: 4839 ns, Total: 63940 ns
[2024-03-07T18:12:43.026+0000][1][safepoint   ] Safepoint "Cleanup", Time since last: 10001110797 ns, Reaching safepoint: 44633 ns, Cleanup: 31089 ns, At safepoint: 3326 ns, Total: 79048 ns
[2024-03-07T18:12:48.026+0000][1][safepoint   ] Safepoint "Cleanup", Time since last: 5000368185 ns, Reaching safepoint: 58320 ns, Cleanup: 24666 ns, At safepoint: 5430 ns, Total: 88416 ns
[2024-03-07T18:12:53.027+0000][1][safepoint   ] Safepoint "Cleanup", Time since last: 5000976075 ns, Reaching safepoint: 53781 ns, Cleanup: 13976 ns, At safepoint: 5270 ns, Total: 73027 ns
[2024-03-07T18:12:58.028+0000][1][safepoint   ] Safepoint "Cleanup", Time since last: 5000851861 ns, Reaching safepoint: 46908 ns, Cleanup: 20519 ns, At safepoint: 4638 ns, Total: 72065 ns
[2024-03-07T18:13:03.029+0000][1][safepoint   ] Safepoint "Cleanup", Time since last: 5000535587 ns, Reaching safepoint: 17142 ns, Cleanup: 8596 ns, At safepoint: 4528 ns, Total: 30266 ns
[2024-03-07T18:13:08.030+0000][1][safepoint   ] Safepoint "Cleanup", Time since last: 5000927255 ns, Reaching safepoint: 36628 ns, Cleanup: 16131 ns, At safepoint: 2915 ns, Total: 55674 ns
[2024-03-07T18:13:13.030+0000][1][safepoint   ] Safepoint "Cleanup", Time since last: 5000589427 ns, Reaching safepoint: 43512 ns, Cleanup: 15669 ns, At safepoint: 2906 ns, Total: 62087 ns
[2024-03-07T18:13:16.032+0000][1][safepoint   ] Safepoint "Cleanup", Time since last: 3001055064 ns, Reaching safepoint: 65573 ns, Cleanup: 16421 ns, At safepoint: 18514 ns, Total: 100508 ns
[2024-03-07T18:13:18.032+0000][1][safepoint   ] Safepoint "Cleanup", Time since last: 2000422092 ns, Reaching safepoint: 18014 ns, Cleanup: 13265 ns, At safepoint: 5310 ns, Total: 36589 ns
[2024-03-07T18:13:23.034+0000][1][safepoint   ] Safepoint "Cleanup", Time since last: 5001448325 ns, Reaching safepoint: 53400 ns, Cleanup: 16000 ns, At safepoint: 5210 ns, Total: 74610 ns
[2024-03-07T18:13:26.068+0000][1][safepoint   ] Safepoint "Cleanup", Time since last: 3034469759 ns, Reaching safepoint: 59231 ns, Cleanup: 12253 ns, At safepoint: 5921 ns, Total: 77405 ns
[2024-03-07T18:13:28.069+0000][1][safepoint   ] Safepoint "Cleanup", Time since last: 2000553576 ns, Reaching safepoint: 16361 ns, Cleanup: 23444 ns, At safepoint: 4458 ns, Total: 44263 ns
[2024-03-07T18:13:29.069+0000][1][safepoint   ] Safepoint "Cleanup", Time since last: 1000524090 ns, Reaching safepoint: 19957 ns, Cleanup: 15560 ns, At safepoint: 5790 ns, Total: 41307 ns
[2024-03-07T18:13:31.070+0000][1][safepoint   ] Safepoint "Cleanup", Time since last: 2000602510 ns, Reaching safepoint: 41347 ns, Cleanup: 17353 ns, At safepoint: 2996 ns, Total: 61696 ns
[2024-03-07T18:13:34.071+0000][1][safepoint   ] Safepoint "Cleanup", Time since last: 3000650103 ns, Reaching safepoint: 19637 ns, Cleanup: 15870 ns, At safepoint: 5580 ns, Total: 41087 ns
[2024-03-07T18:13:39.071+0000][1][safepoint   ] Safepoint "Cleanup", Time since last: 5000440853 ns, Reaching safepoint: 64270 ns, Cleanup: 18735 ns, At safepoint: 6813 ns, Total: 89818 ns
[2024-03-07T18:13:44.072+0000][1][safepoint   ] Safepoint "Cleanup", Time since last: 5000409754 ns, Reaching safepoint: 89648 ns, Cleanup: 14617 ns, At safepoint: 5390 ns, Total: 109655 ns
[2024-03-07T18:13:49.073+0000][1][safepoint   ] Safepoint "Cleanup", Time since last: 5000781422 ns, Reaching safepoint: 49202 ns, Cleanup: 16411 ns, At safepoint: 3627 ns, Total: 69240 ns
[2024-03-07T18:13:54.074+0000][1][safepoint   ] Safepoint "Cleanup", Time since last: 5001066497 ns, Reaching safepoint: 58219 ns, Cleanup: 18605 ns, At safepoint: 4989 ns, Total: 81813 ns
[2024-03-07T18:14:09.076+0000][1][safepoint   ] Safepoint "Cleanup", Time since last: 15002524291 ns, Reaching safepoint: 62106 ns, Cleanup: 22262 ns, At safepoint: 5380 ns, Total: 89748 ns
[2024-03-07T18:14:14.077+0000][1][safepoint   ] Safepoint "Cleanup", Time since last: 5000909964 ns, Reaching safepoint: 56646 ns, Cleanup: 25097 ns, At safepoint: 5641 ns, Total: 87384 ns
[2024-03-07T18:14:19.078+0000][1][safepoint   ] Safepoint "Cleanup", Time since last: 5000792428 ns, Reaching safepoint: 64101 ns, Cleanup: 23534 ns, At safepoint: 5751 ns, Total: 93386 ns
[2024-03-07T18:14:24.079+0000][1][safepoint   ] Safepoint "Cleanup", Time since last: 5000493751 ns, Reaching safepoint: 19727 ns, Cleanup: 15168 ns, At safepoint: 5070 ns, Total: 39965 ns
[2024-03-07T18:14:29.080+0000][1][safepoint   ] Safepoint "Cleanup", Time since last: 5000778155 ns, Reaching safepoint: 53250 ns, Cleanup: 13395 ns, At safepoint: 5100 ns, Total: 71745 ns
[2024-03-07T18:14:31.080+0000][1][safepoint   ] Safepoint "Cleanup", Time since last: 2000572433 ns, Reaching safepoint: 103424 ns, Cleanup: 24576 ns, At safepoint: 5621 ns, Total: 133621 ns
[2024-03-07T18:14:34.081+0000][1][safepoint   ] Safepoint "Cleanup", Time since last: 3000313626 ns, Reaching safepoint: 19887 ns, Cleanup: 24636 ns, At safepoint: 5220 ns, Total: 49743 ns
[2024-03-07T18:14:44.084+0000][1][safepoint   ] Safepoint "Cleanup", Time since last: 10003287197 ns, Reaching safepoint: 104857 ns, Cleanup: 14878 ns, At safepoint: 5560 ns, Total: 125295 ns
[2024-03-07T18:14:49.086+0000][1][safepoint   ] Safepoint "Cleanup", Time since last: 5002204197 ns, Reaching safepoint: 106910 ns, Cleanup: 17393 ns, At safepoint: 5631 ns, Total: 129934 ns
[2024-03-07T18:14:52.088+0000][1][safepoint   ] Safepoint "Cleanup", Time since last: 3001041864 ns, Reaching safepoint: 141194 ns, Cleanup: 14418 ns, At safepoint: 19346 ns, Total: 174958 ns
[2024-03-07T18:14:54.089+0000][1][safepoint   ] Safepoint "Cleanup", Time since last: 2000957738 ns, Reaching safepoint: 20188 ns, Cleanup: 15639 ns, At safepoint: 5571 ns, Total: 41398 ns
[2024-03-07T18:14:59.089+0000][1][safepoint   ] Safepoint "Cleanup", Time since last: 5000489391 ns, Reaching safepoint: 47309 ns, Cleanup: 12704 ns, At safepoint: 4588 ns, Total: 64601 ns
[2024-03-07T18:15:00.089+0000][1][safepoint   ] Safepoint "Cleanup", Time since last: 1000104822 ns, Reaching safepoint: 49232 ns, Cleanup: 13356 ns, At safepoint: 9317 ns, Total: 71905 ns
[2024-03-07T18:15:09.090+0000][1][safepoint   ] Safepoint "Cleanup", Time since last: 9000689871 ns, Reaching safepoint: 19857 ns, Cleanup: 15419 ns, At safepoint: 5340 ns, Total: 40616 ns
[2024-03-07T18:15:12.090+0000][1][safepoint   ] Safepoint "Cleanup", Time since last: 3000300671 ns, Reaching safepoint: 59231 ns, Cleanup: 14998 ns, At safepoint: 5731 ns, Total: 79960 ns
[2024-03-07T18:15:13.091+0000][1][safepoint   ] Safepoint "Cleanup", Time since last: 1000125179 ns, Reaching safepoint: 22082 ns, Cleanup: 13325 ns, At safepoint: 6001 ns, Total: 41408 ns
[2024-03-07T18:15:24.141+0000][1][safepoint   ] Safepoint "Cleanup", Time since last: 11050712138 ns, Reaching safepoint: 19116 ns, Cleanup: 14588 ns, At safepoint: 5260 ns, Total: 38964 ns
[2024-03-07T18:15:29.142+0000][1][safepoint   ] Safepoint "Cleanup", Time since last: 5000398966 ns, Reaching safepoint: 60223 ns, Cleanup: 15719 ns, At safepoint: 5781 ns, Total: 81723 ns
[2024-03-07T18:15:31.142+0000][1][safepoint   ] Safepoint "Cleanup", Time since last: 2000159601 ns, Reaching safepoint: 60453 ns, Cleanup: 36910 ns, At safepoint: 5510 ns, Total: 102873 ns
[2024-03-07T18:15:32.142+0000][1][safepoint   ] Safepoint "Cleanup", Time since last: 1000130419 ns, Reaching safepoint: 24126 ns, Cleanup: 18895 ns, At safepoint: 5410 ns, Total: 48431 ns
[2024-03-07T18:15:39.144+0000][1][safepoint   ] Safepoint "Cleanup", Time since last: 7001373322 ns, Reaching safepoint: 103674 ns, Cleanup: 15640 ns, At safepoint: 5530 ns, Total: 124844 ns
[2024-03-07T18:15:42.144+0000][1][safepoint   ] Safepoint "Cleanup", Time since last: 3000308328 ns, Reaching safepoint: 64070 ns, Cleanup: 44063 ns, At safepoint: 17342 ns, Total: 125475 ns
[2024-03-07T18:15:44.145+0000][1][safepoint   ] Safepoint "Cleanup", Time since last: 2000459211 ns, Reaching safepoint: 17011 ns, Cleanup: 13416 ns, At safepoint: 5831 ns, Total: 36258 ns
[2024-03-07T18:15:59.147+0000][1][safepoint   ] Safepoint "Cleanup", Time since last: 15002344226 ns, Reaching safepoint: 64500 ns, Cleanup: 22102 ns, At safepoint: 5931 ns, Total: 92533 ns
[2024-03-07T18:16:02.148+0000][1][safepoint   ] Safepoint "Cleanup", Time since last: 3000301862 ns, Reaching safepoint: 80772 ns, Cleanup: 15168 ns, At safepoint: 5190 ns, Total: 101130 ns
[2024-03-07T18:16:04.148+0000][1][safepoint   ] Safepoint "Cleanup", Time since last: 2000426729 ns, Reaching safepoint: 14117 ns, Cleanup: 11321 ns, At safepoint: 3146 ns, Total: 28584 ns
[2024-03-07T18:16:09.149+0000][1][safepoint   ] Safepoint "Cleanup", Time since last: 5000414401 ns, Reaching safepoint: 64491 ns, Cleanup: 14928 ns, At safepoint: 6141 ns, Total: 85560 ns
[2024-03-07T18:16:14.149+0000][1][safepoint   ] Safepoint "Cleanup", Time since last: 5000806821 ns, Reaching safepoint: 48400 ns, Cleanup: 12033 ns, At safepoint: 5050 ns, Total: 65483 ns
[2024-03-07T18:16:24.151+0000][1][safepoint   ] Safepoint "Cleanup", Time since last: 10001630278 ns, Reaching safepoint: 17302 ns, Cleanup: 20439 ns, At safepoint: 4929 ns, Total: 42670 ns
[2024-03-07T18:16:34.153+0000][1][safepoint   ] Safepoint "Cleanup", Time since last: 10002108847 ns, Reaching safepoint: 67356 ns, Cleanup: 23725 ns, At safepoint: 5961 ns, Total: 97042 ns
[2024-03-07T18:16:49.156+0000][1][safepoint   ] Safepoint "Cleanup", Time since last: 15003123560 ns, Reaching safepoint: 53721 ns, Cleanup: 13495 ns, At safepoint: 5521 ns, Total: 72737 ns
[2024-03-07T18:16:50.157+0000][1][safepoint   ] Safepoint "Cleanup", Time since last: 1000138786 ns, Reaching safepoint: 17613 ns, Cleanup: 13605 ns, At safepoint: 5110 ns, Total: 36328 ns
[2024-03-07T18:16:54.158+0000][1][safepoint   ] Safepoint "Cleanup", Time since last: 4000820681 ns, Reaching safepoint: 59892 ns, Cleanup: 12804 ns, At safepoint: 3336 ns, Total: 76032 ns
[2024-03-07T18:16:59.158+0000][1][safepoint   ] Safepoint "Cleanup", Time since last: 5000470904 ns, Reaching safepoint: 59041 ns, Cleanup: 14878 ns, At safepoint: 5380 ns, Total: 79299 ns
[2024-03-07T18:17:14.160+0000][1][safepoint   ] Safepoint "Cleanup", Time since last: 15001949522 ns, Reaching safepoint: 79930 ns, Cleanup: 18495 ns, At safepoint: 23253 ns, Total: 121678 ns
[2024-03-07T18:17:29.164+0000][1][safepoint   ] Safepoint "Cleanup", Time since last: 15003808100 ns, Reaching safepoint: 103554 ns, Cleanup: 16371 ns, At safepoint: 5490 ns, Total: 125415 ns
[2024-03-07T18:17:30.164+0000][1][safepoint   ] Safepoint "Cleanup", Time since last: 1000121194 ns, Reaching safepoint: 56345 ns, Cleanup: 15169 ns, At safepoint: 16491 ns, Total: 88005 ns
[2024-03-07T18:17:31.164+0000][1][safepoint   ] Safepoint "Cleanup", Time since last: 1000115881 ns, Reaching safepoint: 15359 ns, Cleanup: 16751 ns, At safepoint: 2705 ns, Total: 34815 ns
[2024-03-07T18:17:34.165+0000][1][safepoint   ] Safepoint "Cleanup", Time since last: 3000298916 ns, Reaching safepoint: 23955 ns, Cleanup: 17513 ns, At safepoint: 5521 ns, Total: 46989 ns
[2024-03-07T18:17:39.166+0000][1][safepoint   ] Safepoint "Cleanup", Time since last: 5001231996 ns, Reaching safepoint: 75762 ns, Cleanup: 16000 ns, At safepoint: 5972 ns, Total: 97734 ns
[2024-03-07T18:17:59.169+0000][1][safepoint   ] Safepoint "Cleanup", Time since last: 20003201989 ns, Reaching safepoint: 57888 ns, Cleanup: 18826 ns, At safepoint: 5520 ns, Total: 82234 ns
[2024-03-07T18:18:04.170+0000][1][safepoint   ] Safepoint "Cleanup", Time since last: 5000452721 ns, Reaching safepoint: 46157 ns, Cleanup: 11161 ns, At safepoint: 4959 ns, Total: 62277 ns
[2024-03-07T18:18:19.172+0000][1][safepoint   ] Safepoint "Cleanup", Time since last: 15002003994 ns, Reaching safepoint: 55584 ns, Cleanup: 13094 ns, At safepoint: 5531 ns, Total: 74209 ns
[2024-03-07T18:18:31.174+0000][1][safepoint   ] Safepoint "Cleanup", Time since last: 12001880805 ns, Reaching safepoint: 68969 ns, Cleanup: 15249 ns, At safepoint: 5861 ns, Total: 90079 ns
[2024-03-07T18:18:32.174+0000][1][safepoint   ] Safepoint "Cleanup", Time since last: 1000154467 ns, Reaching safepoint: 86001 ns, Cleanup: 18114 ns, At safepoint: 16581 ns, Total: 120696 ns
[2024-03-07T18:18:34.174+0000][1][safepoint   ] Safepoint "Cleanup", Time since last: 2000179158 ns, Reaching safepoint: 18074 ns, Cleanup: 11031 ns, At safepoint: 4278 ns, Total: 33383 ns
[2024-03-07T18:18:39.175+0000][1][safepoint   ] Safepoint "Cleanup", Time since last: 5000449977 ns, Reaching safepoint: 62236 ns, Cleanup: 21300 ns, At safepoint: 7384 ns, Total: 90920 ns
[2024-03-07T18:18:44.176+0000][1][safepoint   ] Safepoint "Cleanup", Time since last: 5000415951 ns, Reaching safepoint: 59021 ns, Cleanup: 14958 ns, At safepoint: 5681 ns, Total: 79660 ns
[2024-03-07T18:18:54.177+0000][1][safepoint   ] Safepoint "Cleanup", Time since last: 10001635708 ns, Reaching safepoint: 48571 ns, Cleanup: 12483 ns, At safepoint: 4999 ns, Total: 66053 ns
[2024-03-07T18:19:19.180+0000][1][safepoint   ] Safepoint "Cleanup", Time since last: 25002341349 ns, Reaching safepoint: 60744 ns, Cleanup: 15199 ns, At safepoint: 5270 ns, Total: 81213 ns
[2024-03-07T18:19:22.180+0000][1][safepoint   ] Safepoint "Cleanup", Time since last: 3000247078 ns, Reaching safepoint: 19066 ns, Cleanup: 38282 ns, At safepoint: 5510 ns, Total: 62858 ns
[2024-03-07T18:19:24.181+0000][1][safepoint   ] Safepoint "Cleanup", Time since last: 2000663585 ns, Reaching safepoint: 19637 ns, Cleanup: 20749 ns, At safepoint: 5370 ns, Total: 45756 ns
[2024-03-07T18:19:31.182+0000][1][safepoint   ] Safepoint "Cleanup", Time since last: 7001030872 ns, Reaching safepoint: 100268 ns, Cleanup: 15769 ns, At safepoint: 6112 ns, Total: 122149 ns
[2024-03-07T18:19:34.182+0000][1][safepoint   ] Safepoint "Cleanup", Time since last: 3000329946 ns, Reaching safepoint: 52869 ns, Cleanup: 13866 ns, At safepoint: 17714 ns, Total: 84449 ns
[2024-03-07T18:19:39.183+0000][1][safepoint   ] Safepoint "Cleanup", Time since last: 5000851254 ns, Reaching safepoint: 66776 ns, Cleanup: 15839 ns, At safepoint: 17744 ns, Total: 100359 ns
[2024-03-07T18:19:42.183+0000][1][safepoint   ] Safepoint "Cleanup", Time since last: 3000262228 ns, Reaching safepoint: 17674 ns, Cleanup: 17603 ns, At safepoint: 5149 ns, Total: 40426 ns
[2024-03-07T18:20:02.186+0000][1][safepoint   ] Safepoint "Cleanup", Time since last: 20002365754 ns, Reaching safepoint: 24306 ns, Cleanup: 23223 ns, At safepoint: 6072 ns, Total: 53601 ns
[2024-03-07T18:20:04.186+0000][1][safepoint   ] Safepoint "Cleanup", Time since last: 2000309023 ns, Reaching safepoint: 19436 ns, Cleanup: 19286 ns, At safepoint: 6082 ns, Total: 44804 ns
[2024-03-07T18:20:09.188+0000][1][safepoint   ] Safepoint "Cleanup", Time since last: 5001458234 ns, Reaching safepoint: 66675 ns, Cleanup: 14367 ns, At safepoint: 5992 ns, Total: 87034 ns
[2024-03-07T18:20:14.189+0000][1][safepoint   ] Safepoint "Cleanup", Time since last: 5000879426 ns, Reaching safepoint: 60974 ns, Cleanup: 16481 ns, At safepoint: 5310 ns, Total: 82765 ns
[2024-03-07T18:20:17.189+0000][1][safepoint   ] Safepoint "Cleanup", Time since last: 3000256864 ns, Reaching safepoint: 57828 ns, Cleanup: 17573 ns, At safepoint: 5851 ns, Total: 81252 ns
[2024-03-07T18:20:20.189+0000][1][safepoint   ] Safepoint "Cleanup", Time since last: 3000259122 ns, Reaching safepoint: 61115 ns, Cleanup: 20027 ns, At safepoint: 17123 ns, Total: 98265 ns
[2024-03-07T18:20:32.191+0000][1][safepoint   ] Safepoint "Cleanup", Time since last: 12001399801 ns, Reaching safepoint: 57868 ns, Cleanup: 14077 ns, At safepoint: 5610 ns, Total: 77555 ns
[2024-03-07T18:20:35.191+0000][1][safepoint   ] Safepoint "Cleanup", Time since last: 3000297895 ns, Reaching safepoint: 21921 ns, Cleanup: 19506 ns, At safepoint: 8206 ns, Total: 49633 ns
[2024-03-07T18:20:38.192+0000][1][safepoint   ] Safepoint "Cleanup", Time since last: 3000282375 ns, Reaching safepoint: 41217 ns, Cleanup: 11652 ns, At safepoint: 8235 ns, Total: 61104 ns
[2024-03-07T18:20:40.192+0000][1][safepoint   ] Safepoint "Cleanup", Time since last: 2000208473 ns, Reaching safepoint: 19347 ns, Cleanup: 15639 ns, At safepoint: 5791 ns, Total: 40777 ns
[2024-03-07T18:20:45.192+0000][1][safepoint   ] Safepoint "Cleanup", Time since last: 5000437908 ns, Reaching safepoint: 51066 ns, Cleanup: 25007 ns, At safepoint: 5129 ns, Total: 81202 ns
[2024-03-07T18:20:58.195+0000][1][safepoint   ] Safepoint "Cleanup", Time since last: 13002070532 ns, Reaching safepoint: 103164 ns, Cleanup: 14928 ns, At safepoint: 5290 ns, Total: 123382 ns
[2024-03-07T18:21:05.196+0000][1][safepoint   ] Safepoint "Cleanup", Time since last: 7000933915 ns, Reaching safepoint: 18564 ns, Cleanup: 14237 ns, At safepoint: 4569 ns, Total: 37370 ns
[2024-03-07T18:21:08.196+0000][1][safepoint   ] Safepoint "Cleanup", Time since last: 3000729043 ns, Reaching safepoint: 54292 ns, Cleanup: 12604 ns, At safepoint: 16220 ns, Total: 83116 ns
[2024-03-07T18:21:10.197+0000][1][safepoint   ] Safepoint "Cleanup", Time since last: 2000210127 ns, Reaching safepoint: 18244 ns, Cleanup: 19096 ns, At safepoint: 5260 ns, Total: 42600 ns
[2024-03-07T18:21:15.197+0000][1][safepoint   ] Safepoint "Cleanup", Time since last: 5000648781 ns, Reaching safepoint: 62457 ns, Cleanup: 15269 ns, At safepoint: 5260 ns, Total: 82986 ns
[2024-03-07T18:21:16.198+0000][1][safepoint   ] Safepoint "Cleanup", Time since last: 1000128665 ns, Reaching safepoint: 46167 ns, Cleanup: 31910 ns, At safepoint: 5219 ns, Total: 83296 ns
[2024-03-07T18:21:25.324+0000][1][safepoint   ] Safepoint "Cleanup", Time since last: 9126500579 ns, Reaching safepoint: 18525 ns, Cleanup: 15639 ns, At safepoint: 4569 ns, Total: 38733 ns
[2024-03-07T18:21:29.325+0000][1][safepoint   ] Safepoint "Cleanup", Time since last: 4000993411 ns, Reaching safepoint: 69390 ns, Cleanup: 15009 ns, At safepoint: 17212 ns, Total: 101611 ns
[2024-03-07T18:21:32.326+0000][1][safepoint   ] Safepoint "Cleanup", Time since last: 3000305980 ns, Reaching safepoint: 19496 ns, Cleanup: 23645 ns, At safepoint: 5600 ns, Total: 48741 ns
[2024-03-07T18:21:47.327+0000][1][safepoint   ] Safepoint "Cleanup", Time since last: 15001565642 ns, Reaching safepoint: 80381 ns, Cleanup: 18895 ns, At safepoint: 5851 ns, Total: 105127 ns
[2024-03-07T18:21:50.328+0000][1][safepoint   ] Safepoint "Cleanup", Time since last: 3000619230 ns, Reaching safepoint: 68308 ns, Cleanup: 20940 ns, At safepoint: 16961 ns, Total: 106209 ns
[2024-03-07T18:22:06.330+0000][1][safepoint   ] Safepoint "Cleanup", Time since last: 16001688583 ns, Reaching safepoint: 105718 ns, Cleanup: 15289 ns, At safepoint: 15959 ns, Total: 136966 ns
[2024-03-07T18:22:15.332+0000][1][safepoint   ] Safepoint "Cleanup", Time since last: 9002368487 ns, Reaching safepoint: 65674 ns, Cleanup: 22131 ns, At safepoint: 5801 ns, Total: 93606 ns
[2024-03-07T18:22:25.364+0000][1][safepoint   ] Safepoint "Cleanup", Time since last: 10031219651 ns, Reaching safepoint: 67857 ns, Cleanup: 15369 ns, At safepoint: 16591 ns, Total: 99817 ns
[2024-03-07T18:22:28.365+0000][1][safepoint   ] Safepoint "Cleanup", Time since last: 3001415319 ns, Reaching safepoint: 19366 ns, Cleanup: 15188 ns, At safepoint: 5471 ns, Total: 40025 ns
[2024-03-07T18:22:32.367+0000][1][safepoint   ] Safepoint "Cleanup", Time since last: 4001895031 ns, Reaching safepoint: 68117 ns, Cleanup: 15349 ns, At safepoint: 5510 ns, Total: 88976 ns
[2024-03-07T18:22:53.374+0000][1][safepoint   ] Safepoint "Cleanup", Time since last: 21006834618 ns, Reaching safepoint: 61755 ns, Cleanup: 17513 ns, At safepoint: 17283 ns, Total: 96551 ns
[2024-03-07T18:23:00.375+0000][1][safepoint   ] Safepoint "Cleanup", Time since last: 7000835107 ns, Reaching safepoint: 97102 ns, Cleanup: 14337 ns, At safepoint: 5691 ns, Total: 117130 ns
[2024-03-07T18:23:15.379+0000][1][safepoint   ] Safepoint "Cleanup", Time since last: 15004478659 ns, Reaching safepoint: 68318 ns, Cleanup: 16972 ns, At safepoint: 5691 ns, Total: 90981 ns
[2024-03-07T18:23:18.381+0000][1][safepoint   ] Safepoint "Cleanup", Time since last: 3001406433 ns, Reaching safepoint: 66945 ns, Cleanup: 15299 ns, At safepoint: 6252 ns, Total: 88496 ns
[2024-03-07T18:23:20.382+0000][1][safepoint   ] Safepoint "Cleanup", Time since last: 2000961912 ns, Reaching safepoint: 19768 ns, Cleanup: 14697 ns, At safepoint: 5400 ns, Total: 39865 ns
[2024-03-07T18:23:28.385+0000][1][safepoint   ] Safepoint "Cleanup", Time since last: 8002962408 ns, Reaching safepoint: 69571 ns, Cleanup: 15238 ns, At safepoint: 16622 ns, Total: 101431 ns
[2024-03-07T18:23:32.387+0000][1][safepoint   ] Safepoint "Cleanup", Time since last: 4001962648 ns, Reaching safepoint: 66545 ns, Cleanup: 14877 ns, At safepoint: 18185 ns, Total: 99607 ns
[2024-03-07T18:23:35.388+0000][1][safepoint   ] Safepoint "Cleanup", Time since last: 3001061703 ns, Reaching safepoint: 20298 ns, Cleanup: 15559 ns, At safepoint: 5520 ns, Total: 41377 ns
[2024-03-07T18:23:40.391+0000][1][safepoint   ] Safepoint "Cleanup", Time since last: 5002315492 ns, Reaching safepoint: 67006 ns, Cleanup: 15208 ns, At safepoint: 5992 ns, Total: 88206 ns
[2024-03-07T18:23:48.394+0000][1][safepoint   ] Safepoint "Cleanup", Time since last: 8003432643 ns, Reaching safepoint: 67918 ns, Cleanup: 14647 ns, At safepoint: 5931 ns, Total: 88496 ns
[2024-03-07T18:23:50.395+0000][1][safepoint   ] Safepoint "Cleanup", Time since last: 2000983718 ns, Reaching safepoint: 20338 ns, Cleanup: 14908 ns, At safepoint: 5891 ns, Total: 41137 ns
[2024-03-07T18:23:55.397+0000][1][safepoint   ] Safepoint "Cleanup", Time since last: 5001630439 ns, Reaching safepoint: 205145 ns, Cleanup: 16180 ns, At safepoint: 5390 ns, Total: 226715 ns
[2024-03-07T18:23:57.397+0000][1][safepoint   ] Safepoint "Cleanup", Time since last: 2000191462 ns, Reaching safepoint: 20388 ns, Cleanup: 12674 ns, At safepoint: 4458 ns, Total: 37520 ns
[2024-03-07T18:24:00.398+0000][1][safepoint   ] Safepoint "Cleanup", Time since last: 3000278318 ns, Reaching safepoint: 41347 ns, Cleanup: 15088 ns, At safepoint: 2856 ns, Total: 59291 ns
[2024-03-07T18:24:10.401+0000][1][safepoint   ] Safepoint "Cleanup", Time since last: 10003313359 ns, Reaching safepoint: 68128 ns, Cleanup: 22663 ns, At safepoint: 5751 ns, Total: 96542 ns
[2024-03-07T18:24:30.500+0000][1][safepoint   ] Safepoint "Cleanup", Time since last: 20098772022 ns, Reaching safepoint: 66945 ns, Cleanup: 14898 ns, At safepoint: 5851 ns, Total: 87694 ns
[2024-03-07T18:24:32.501+0000][1][safepoint   ] Safepoint "Cleanup", Time since last: 2000968080 ns, Reaching safepoint: 50084 ns, Cleanup: 18415 ns, At safepoint: 6201 ns, Total: 74700 ns
[2024-03-07T18:24:35.502+0000][1][safepoint   ] Safepoint "Cleanup", Time since last: 3001099454 ns, Reaching safepoint: 70903 ns, Cleanup: 17072 ns, At safepoint: 5500 ns, Total: 93475 ns
[2024-03-07T18:24:40.505+0000][1][safepoint   ] Safepoint "Cleanup", Time since last: 5002342159 ns, Reaching safepoint: 67096 ns, Cleanup: 15269 ns, At safepoint: 6201 ns, Total: 88566 ns
[2024-03-07T18:24:45.507+0000][1][safepoint   ] Safepoint "Cleanup", Time since last: 5001957402 ns, Reaching safepoint: 67366 ns, Cleanup: 22933 ns, At safepoint: 6082 ns, Total: 96381 ns
[2024-03-07T18:24:48.508+0000][1][safepoint   ] Safepoint "Cleanup", Time since last: 3001355656 ns, Reaching safepoint: 20057 ns, Cleanup: 16992 ns, At safepoint: 5671 ns, Total: 42720 ns
[2024-03-07T18:24:50.509+0000][1][safepoint   ] Safepoint "Cleanup", Time since last: 2000988456 ns, Reaching safepoint: 19116 ns, Cleanup: 21871 ns, At safepoint: 5961 ns, Total: 46948 ns
[2024-03-07T18:25:00.513+0000][1][safepoint   ] Safepoint "Cleanup", Time since last: 10003664666 ns, Reaching safepoint: 68197 ns, Cleanup: 17994 ns, At safepoint: 16371 ns, Total: 102562 ns
[2024-03-07T18:25:15.516+0000][1][safepoint   ] Safepoint "Cleanup", Time since last: 15003238174 ns, Reaching safepoint: 103224 ns, Cleanup: 16501 ns, At safepoint: 5670 ns, Total: 125395 ns
[2024-03-07T18:25:20.518+0000][1][safepoint   ] Safepoint "Cleanup", Time since last: 5001668826 ns, Reaching safepoint: 105858 ns, Cleanup: 16651 ns, At safepoint: 5310 ns, Total: 127819 ns
[2024-03-07T18:25:30.566+0000][1][safepoint   ] Safepoint "Cleanup", Time since last: 10048356779 ns, Reaching safepoint: 66785 ns, Cleanup: 22663 ns, At safepoint: 6081 ns, Total: 95529 ns
[2024-03-07T18:25:39.570+0000][1][safepoint   ] Safepoint "Cleanup", Time since last: 9003119585 ns, Reaching safepoint: 104306 ns, Cleanup: 15108 ns, At safepoint: 16131 ns, Total: 135545 ns
[2024-03-07T18:25:42.571+0000][1][safepoint   ] Safepoint "Cleanup", Time since last: 3001032434 ns, Reaching safepoint: 69701 ns, Cleanup: 14938 ns, At safepoint: 17402 ns, Total: 102041 ns
[2024-03-07T18:25:55.576+0000][1][safepoint   ] Safepoint "Cleanup", Time since last: 13004869526 ns, Reaching safepoint: 103263 ns, Cleanup: 14979 ns, At safepoint: 5640 ns, Total: 123882 ns
[2024-03-07T18:26:15.582+0000][1][safepoint   ] Safepoint "Cleanup", Time since last: 20006570765 ns, Reaching safepoint: 99467 ns, Cleanup: 17212 ns, At safepoint: 5761 ns, Total: 122440 ns
[2024-03-07T18:26:20.584+0000][1][safepoint   ] Safepoint "Cleanup", Time since last: 5001283736 ns, Reaching safepoint: 105027 ns, Cleanup: 17222 ns, At safepoint: 16230 ns, Total: 138479 ns
[2024-03-07T18:26:32.589+0000][1][safepoint   ] Safepoint "Cleanup", Time since last: 12004906883 ns, Reaching safepoint: 105488 ns, Cleanup: 14577 ns, At safepoint: 5551 ns, Total: 125616 ns
[2024-03-07T18:26:35.590+0000][1][safepoint   ] Safepoint "Cleanup", Time since last: 3001379154 ns, Reaching safepoint: 103494 ns, Cleanup: 17513 ns, At safepoint: 5520 ns, Total: 126527 ns
[2024-03-07T18:26:40.592+0000][1][safepoint   ] Safepoint "Cleanup", Time since last: 5001957180 ns, Reaching safepoint: 105067 ns, Cleanup: 14467 ns, At safepoint: 5310 ns, Total: 124844 ns
[2024-03-07T18:26:45.595+0000][1][safepoint   ] Safepoint "Cleanup", Time since last: 5002005344 ns, Reaching safepoint: 66936 ns, Cleanup: 15419 ns, At safepoint: 5550 ns, Total: 87905 ns
[2024-03-07T18:26:50.597+0000][1][safepoint   ] Safepoint "Cleanup", Time since last: 5001996456 ns, Reaching safepoint: 109425 ns, Cleanup: 16651 ns, At safepoint: 5661 ns, Total: 131737 ns
[2024-03-07T18:26:55.599+0000][1][safepoint   ] Safepoint "Cleanup", Time since last: 5001644730 ns, Reaching safepoint: 181941 ns, Cleanup: 19116 ns, At safepoint: 5410 ns, Total: 206467 ns
[2024-03-07T18:27:20.604+0000][1][safepoint   ] Safepoint "Cleanup", Time since last: 25005766179 ns, Reaching safepoint: 68478 ns, Cleanup: 17864 ns, At safepoint: 6602 ns, Total: 92944 ns
[2024-03-07T18:27:25.605+0000][1][safepoint   ] Safepoint "Cleanup", Time since last: 5000432730 ns, Reaching safepoint: 62468 ns, Cleanup: 13445 ns, At safepoint: 18695 ns, Total: 94608 ns
[2024-03-07T18:27:32.606+0000][1][safepoint   ] Safepoint "Cleanup", Time since last: 7000590841 ns, Reaching safepoint: 56676 ns, Cleanup: 18024 ns, At safepoint: 4809 ns, Total: 79509 ns
[2024-03-07T18:27:33.606+0000][1][safepoint   ] Safepoint "Cleanup", Time since last: 1000122455 ns, Reaching safepoint: 19316 ns, Cleanup: 14237 ns, At safepoint: 5951 ns, Total: 39504 ns
[2024-03-07T18:27:35.606+0000][1][safepoint   ] Safepoint "Cleanup", Time since last: 2000231773 ns, Reaching safepoint: 19748 ns, Cleanup: 16821 ns, At safepoint: 5751 ns, Total: 42320 ns
[2024-03-07T18:27:50.609+0000][1][safepoint   ] Safepoint "Cleanup", Time since last: 15003063117 ns, Reaching safepoint: 69520 ns, Cleanup: 11352 ns, At safepoint: 3727 ns, Total: 84599 ns
[2024-03-07T18:28:00.612+0000][1][safepoint   ] Safepoint "Cleanup", Time since last: 10002334981 ns, Reaching safepoint: 68568 ns, Cleanup: 13806 ns, At safepoint: 5651 ns, Total: 88025 ns
[2024-03-07T18:28:06.071+0000][1][safepoint   ] Safepoint "ICBufferFull", Time since last: 5459243319 ns, Reaching safepoint: 18224 ns, Cleanup: 139151 ns, At safepoint: 7084 ns, Total: 164459 ns
[2024-03-07T18:28:07.071+0000][1][safepoint   ] Safepoint "Cleanup", Time since last: 1000104973 ns, Reaching safepoint: 19336 ns, Cleanup: 134923 ns, At safepoint: 5590 ns, Total: 159849 ns
[2024-03-07T18:28:10.072+0000][1][safepoint   ] Safepoint "Cleanup", Time since last: 3000695391 ns, Reaching safepoint: 17202 ns, Cleanup: 29155 ns, At safepoint: 5069 ns, Total: 51426 ns
[2024-03-07T18:28:15.073+0000][1][safepoint   ] Safepoint "Cleanup", Time since last: 5000517231 ns, Reaching safepoint: 19367 ns, Cleanup: 15579 ns, At safepoint: 5460 ns, Total: 40406 ns
[2024-03-07T18:28:16.073+0000][1][safepoint   ] Safepoint "Cleanup", Time since last: 1000151770 ns, Reaching safepoint: 21009 ns, Cleanup: 14618 ns, At safepoint: 5630 ns, Total: 41257 ns
[2024-03-07T18:28:22.074+0000][1][safepoint   ] Safepoint "Cleanup", Time since last: 6000941272 ns, Reaching safepoint: 50054 ns, Cleanup: 14908 ns, At safepoint: 18194 ns, Total: 83156 ns
[2024-03-07T18:28:25.741+0000][1][safepoint   ] Safepoint "Cleanup", Time since last: 3666999155 ns, Reaching safepoint: 26209 ns, Cleanup: 23635 ns, At safepoint: 4678 ns, Total: 54522 ns
[2024-03-07T18:28:26.741+0000][1][safepoint   ] Safepoint "Cleanup", Time since last: 1000131201 ns, Reaching safepoint: 18635 ns, Cleanup: 25268 ns, At safepoint: 4699 ns, Total: 48602 ns
[2024-03-07T18:28:28.024+0000][1][safepoint   ] Safepoint "Cleanup", Time since last: 1283190284 ns, Reaching safepoint: 52919 ns, Cleanup: 27071 ns, At safepoint: 4288 ns, Total: 84278 ns
[2024-03-07T18:28:30.025+0000][1][safepoint   ] Safepoint "Cleanup", Time since last: 2000191029 ns, Reaching safepoint: 63960 ns, Cleanup: 15068 ns, At safepoint: 11151 ns, Total: 90179 ns
[2024-03-07T18:28:31.036+0000][1][safepoint   ] Safepoint "Cleanup", Time since last: 1011297164 ns, Reaching safepoint: 15810 ns, Cleanup: 12503 ns, At safepoint: 3347 ns, Total: 31660 ns
[2024-03-07T18:28:32.036+0000][1][safepoint   ] Safepoint "Cleanup", Time since last: 1000098680 ns, Reaching safepoint: 16050 ns, Cleanup: 18665 ns, At safepoint: 3046 ns, Total: 37761 ns
[2024-03-07T18:28:36.058+0000][1][safepoint   ] Safepoint "Cleanup", Time since last: 4021756979 ns, Reaching safepoint: 51446 ns, Cleanup: 9137 ns, At safepoint: 4569 ns, Total: 65152 ns
[2024-03-07T18:28:38.058+0000][1][safepoint   ] Safepoint "Cleanup", Time since last: 2000214497 ns, Reaching safepoint: 20428 ns, Cleanup: 14106 ns, At safepoint: 6513 ns, Total: 41047 ns
[2024-03-07T18:28:41.059+0000][1][safepoint   ] Safepoint "Cleanup", Time since last: 3000707198 ns, Reaching safepoint: 20479 ns, Cleanup: 20007 ns, At safepoint: 5260 ns, Total: 45746 ns
[2024-03-07T18:28:46.060+0000][1][safepoint   ] Safepoint "Cleanup", Time since last: 5001314736 ns, Reaching safepoint: 78457 ns, Cleanup: 17563 ns, At safepoint: 5580 ns, Total: 101600 ns
[2024-03-07T18:28:48.061+0000][1][safepoint   ] Safepoint "Cleanup", Time since last: 2000216828 ns, Reaching safepoint: 19367 ns, Cleanup: 78617 ns, At safepoint: 5771 ns, Total: 103755 ns
[2024-03-07T18:28:51.061+0000][1][safepoint   ] Safepoint "Cleanup", Time since last: 3000301009 ns, Reaching safepoint: 61105 ns, Cleanup: 56225 ns, At safepoint: 5671 ns, Total: 123001 ns
[2024-03-07T18:28:56.062+0000][1][safepoint   ] Safepoint "Cleanup", Time since last: 5000409723 ns, Reaching safepoint: 59912 ns, Cleanup: 38172 ns, At safepoint: 5280 ns, Total: 103364 ns
[2024-03-07T18:28:59.062+0000][1][safepoint   ] Safepoint "Cleanup", Time since last: 3000240147 ns, Reaching safepoint: 14657 ns, Cleanup: 11071 ns, At safepoint: 2565 ns, Total: 28293 ns
[2024-03-07T18:29:00.081+0000][1][safepoint   ] Safepoint "Cleanup", Time since last: 1018813222 ns, Reaching safepoint: 54322 ns, Cleanup: 14186 ns, At safepoint: 5260 ns, Total: 73768 ns
[2024-03-07T18:29:01.081+0000][1][safepoint   ] Safepoint "Cleanup", Time since last: 1000117246 ns, Reaching safepoint: 20258 ns, Cleanup: 31659 ns, At safepoint: 6102 ns, Total: 58019 ns
[2024-03-07T18:29:06.082+0000][1][safepoint   ] Safepoint "Cleanup", Time since last: 5000572601 ns, Reaching safepoint: 57218 ns, Cleanup: 17422 ns, At safepoint: 5200 ns, Total: 79840 ns
[2024-03-07T18:29:11.082+0000][1][safepoint   ] Safepoint "Cleanup", Time since last: 5000493160 ns, Reaching safepoint: 62337 ns, Cleanup: 17593 ns, At safepoint: 5781 ns, Total: 85711 ns
[2024-03-07T18:29:18.083+0000][1][safepoint   ] Safepoint "Cleanup", Time since last: 7000560851 ns, Reaching safepoint: 19938 ns, Cleanup: 18745 ns, At safepoint: 5180 ns, Total: 43863 ns
[2024-03-07T18:29:21.083+0000][1][safepoint   ] Safepoint "Cleanup", Time since last: 3000262478 ns, Reaching safepoint: 60113 ns, Cleanup: 54773 ns, At safepoint: 5310 ns, Total: 120196 ns
[2024-03-07T18:29:25.769+0000][1][safepoint   ] Safepoint "Cleanup", Time since last: 4686125311 ns, Reaching safepoint: 21430 ns, Cleanup: 20319 ns, At safepoint: 5951 ns, Total: 47700 ns
[2024-03-07T18:29:29.770+0000][1][safepoint   ] Safepoint "Cleanup", Time since last: 4000723773 ns, Reaching safepoint: 20899 ns, Cleanup: 17122 ns, At safepoint: 6041 ns, Total: 44062 ns
[2024-03-07T18:29:30.771+0000][1][safepoint   ] Safepoint "Cleanup", Time since last: 1000433478 ns, Reaching safepoint: 21621 ns, Cleanup: 25307 ns, At safepoint: 6413 ns, Total: 53341 ns
[2024-03-07T18:29:32.771+0000][1][safepoint   ] Safepoint "Cleanup", Time since last: 2000476141 ns, Reaching safepoint: 20729 ns, Cleanup: 29235 ns, At safepoint: 5631 ns, Total: 55595 ns
[2024-03-07T18:29:35.771+0000][1][safepoint   ] Safepoint "Cleanup", Time since last: 3000298366 ns, Reaching safepoint: 53611 ns, Cleanup: 17132 ns, At safepoint: 4819 ns, Total: 75562 ns
[2024-03-07T18:29:40.772+0000][1][safepoint   ] Safepoint "Cleanup", Time since last: 5000400006 ns, Reaching safepoint: 15610 ns, Cleanup: 11682 ns, At safepoint: 3186 ns, Total: 30478 ns
[2024-03-07T18:29:45.772+0000][1][safepoint   ] Safepoint "Cleanup", Time since last: 5000505201 ns, Reaching safepoint: 57037 ns, Cleanup: 11672 ns, At safepoint: 5270 ns, Total: 73979 ns
[2024-03-07T18:29:53.774+0000][1][safepoint   ] Safepoint "Cleanup", Time since last: 8001247978 ns, Reaching safepoint: 60424 ns, Cleanup: 14116 ns, At safepoint: 5590 ns, Total: 80130 ns
[2024-03-07T18:29:55.774+0000][1][safepoint   ] Safepoint "Cleanup", Time since last: 2000220621 ns, Reaching safepoint: 18866 ns, Cleanup: 12132 ns, At safepoint: 5531 ns, Total: 36529 ns
[2024-03-07T18:29:58.775+0000][1][safepoint   ] Safepoint "Cleanup", Time since last: 3000766414 ns, Reaching safepoint: 105107 ns, Cleanup: 17683 ns, At safepoint: 5330 ns, Total: 128120 ns
[2024-03-07T18:30:00.775+0000][1][safepoint   ] Safepoint "Cleanup", Time since last: 2000196569 ns, Reaching safepoint: 17323 ns, Cleanup: 18064 ns, At safepoint: 5530 ns, Total: 40917 ns
[2024-03-07T18:30:15.777+0000][1][safepoint   ] Safepoint "Cleanup", Time since last: 15001399572 ns, Reaching safepoint: 63459 ns, Cleanup: 41868 ns, At safepoint: 6432 ns, Total: 111759 ns
[2024-03-07T18:30:18.777+0000][1][safepoint   ] Safepoint "Cleanup", Time since last: 3000302383 ns, Reaching safepoint: 51567 ns, Cleanup: 12313 ns, At safepoint: 5470 ns, Total: 69350 ns
[2024-03-07T18:30:20.777+0000][1][safepoint   ] Safepoint "Cleanup", Time since last: 2000224806 ns, Reaching safepoint: 19818 ns, Cleanup: 13615 ns, At safepoint: 5310 ns, Total: 38743 ns
[2024-03-07T18:30:21.778+0000][1][safepoint   ] Safepoint "Cleanup", Time since last: 1000145468 ns, Reaching safepoint: 21380 ns, Cleanup: 15830 ns, At safepoint: 5670 ns, Total: 42880 ns
[2024-03-07T18:30:25.799+0000][1][safepoint   ] Safepoint "Cleanup", Time since last: 4021804006 ns, Reaching safepoint: 18695 ns, Cleanup: 14577 ns, At safepoint: 6322 ns, Total: 39594 ns
[2024-03-07T18:30:30.800+0000][1][safepoint   ] Safepoint "Cleanup", Time since last: 5000437587 ns, Reaching safepoint: 19597 ns, Cleanup: 19897 ns, At safepoint: 5751 ns, Total: 45245 ns
[2024-03-07T18:30:31.800+0000][1][safepoint   ] Safepoint "Cleanup", Time since last: 1000175922 ns, Reaching safepoint: 25197 ns, Cleanup: 16081 ns, At safepoint: 6141 ns, Total: 47419 ns
[2024-03-07T18:30:32.800+0000][1][safepoint   ] Safepoint "Cleanup", Time since last: 1000132935 ns, Reaching safepoint: 57478 ns, Cleanup: 20809 ns, At safepoint: 5630 ns, Total: 83917 ns
[2024-03-07T18:30:36.801+0000][1][safepoint   ] Safepoint "Cleanup", Time since last: 4000361099 ns, Reaching safepoint: 17483 ns, Cleanup: 16360 ns, At safepoint: 5450 ns, Total: 39293 ns
[2024-03-07T18:30:45.801+0000][1][safepoint   ] Safepoint "Cleanup", Time since last: 9000683329 ns, Reaching safepoint: 60043 ns, Cleanup: 11291 ns, At safepoint: 5751 ns, Total: 77085 ns
[2024-03-07T18:30:50.802+0000][1][safepoint   ] Safepoint "Cleanup", Time since last: 5000385319 ns, Reaching safepoint: 54151 ns, Cleanup: 21341 ns, At safepoint: 8495 ns, Total: 83987 ns
[2024-03-07T18:30:55.802+0000][1][safepoint   ] Safepoint "Cleanup", Time since last: 5000407809 ns, Reaching safepoint: 55464 ns, Cleanup: 14999 ns, At safepoint: 5470 ns, Total: 75933 ns
[2024-03-07T18:31:00.803+0000][1][safepoint   ] Safepoint "Cleanup", Time since last: 5000421017 ns, Reaching safepoint: 74710 ns, Cleanup: 18234 ns, At safepoint: 7123 ns, Total: 100067 ns
[2024-03-07T18:31:10.822+0000][1][gc,start    ] GC(11) Pause Young (Mixed) (G1 Evacuation Pause)
[2024-03-07T18:31:10.822+0000][1][gc,task     ] GC(11) Using 10 workers of 10 for evacuation
[2024-03-07T18:31:10.822+0000][1][gc,age      ] GC(11) Desired survivor size 40370176 bytes, new threshold 15 (max threshold 15)
[2024-03-07T18:31:10.865+0000][1][gc,phases   ] GC(11)   Pre Evacuate Collection Set: 0.4ms
[2024-03-07T18:31:10.865+0000][1][gc,phases   ] GC(11)   Merge Heap Roots: 0.2ms
[2024-03-07T18:31:10.865+0000][1][gc,phases   ] GC(11)   Evacuate Collection Set: 39.9ms
[2024-03-07T18:31:10.865+0000][1][gc,phases   ] GC(11)   Post Evacuate Collection Set: 1.7ms
[2024-03-07T18:31:10.865+0000][1][gc,phases   ] GC(11)   Other: 0.7ms
[2024-03-07T18:31:10.865+0000][1][gc,age      ] GC(11) Age table with threshold 15 (max threshold 15)
[2024-03-07T18:31:10.865+0000][1][gc,age      ] GC(11) - age   1:    5213504 bytes,    5213504 total
[2024-03-07T18:31:10.865+0000][1][gc,age      ] GC(11) - age   2:   15291080 bytes,   20504584 total
[2024-03-07T18:31:10.865+0000][1][gc,age      ] GC(11) - age   3:     123608 bytes,   20628192 total
[2024-03-07T18:31:10.865+0000][1][gc,age      ] GC(11) - age   4:      54936 bytes,   20683128 total
[2024-03-07T18:31:10.865+0000][1][gc,age      ] GC(11) - age   5:    7339000 bytes,   28022128 total
[2024-03-07T18:31:10.865+0000][1][gc,age      ] GC(11) - age   6:    1302032 bytes,   29324160 total
[2024-03-07T18:31:10.865+0000][1][gc,age      ] GC(11) - age   7:     903752 bytes,   30227912 total
[2024-03-07T18:31:10.865+0000][1][gc,age      ] GC(11) - age   8:    1155608 bytes,   31383520 total
[2024-03-07T18:31:10.866+0000][1][gc,heap     ] GC(11) Eden regions: 586->0(581)
[2024-03-07T18:31:10.866+0000][1][gc,heap     ] GC(11) Survivor regions: 28->33(77)
[2024-03-07T18:31:10.866+0000][1][gc,heap     ] GC(11) Old regions: 8->8
[2024-03-07T18:31:10.866+0000][1][gc,heap     ] GC(11) Humongous regions: 3->3
[2024-03-07T18:31:10.866+0000][1][gc,metaspace] GC(11) Metaspace: 95587K(97152K)->95587K(97152K) NonClass: 83334K(84160K)->83334K(84160K) Class: 12252K(12992K)->12252K(12992K)
[2024-03-07T18:31:10.866+0000][1][gc          ] GC(11) Pause Young (Mixed) (G1 Evacuation Pause) 624M->42M(1024M) 43.231ms
[2024-03-07T18:31:10.866+0000][1][gc,cpu      ] GC(11) User=0.20s Sys=0.09s Real=0.05s
[2024-03-07T18:31:10.866+0000][1][safepoint   ] Safepoint "G1CollectForAllocation", Time since last: 10019280676 ns, Reaching safepoint: 71724 ns, Cleanup: 19677 ns, At safepoint: 43335555 ns, Total: 43426956 ns
[2024-03-07T18:31:11.866+0000][1][safepoint   ] Safepoint "Cleanup", Time since last: 1000092018 ns, Reaching safepoint: 23825 ns, Cleanup: 11792 ns, At safepoint: 4999 ns, Total: 40616 ns
[2024-03-07T18:31:15.866+0000][1][safepoint   ] Safepoint "Cleanup", Time since last: 4000331372 ns, Reaching safepoint: 66194 ns, Cleanup: 18054 ns, At safepoint: 5380 ns, Total: 89628 ns
[2024-03-07T18:31:21.867+0000][1][safepoint   ] Safepoint "Cleanup", Time since last: 6000649590 ns, Reaching safepoint: 58250 ns, Cleanup: 25417 ns, At safepoint: 5270 ns, Total: 88937 ns
[2024-03-07T18:31:23.822+0000][1][safepoint   ] Safepoint "Cleanup", Time since last: 1954920244 ns, Reaching safepoint: 10570 ns, Cleanup: 11581 ns, At safepoint: 5250 ns, Total: 27401 ns
[2024-03-07T18:31:25.822+0000][1][safepoint   ] Safepoint "Cleanup", Time since last: 2000239711 ns, Reaching safepoint: 53581 ns, Cleanup: 11571 ns, At safepoint: 4459 ns, Total: 69611 ns
[2024-03-07T18:31:33.823+0000][1][safepoint   ] Safepoint "Cleanup", Time since last: 8000626256 ns, Reaching safepoint: 53731 ns, Cleanup: 20398 ns, At safepoint: 5531 ns, Total: 79660 ns
[2024-03-07T18:31:36.823+0000][1][safepoint   ] Safepoint "Cleanup", Time since last: 3000256113 ns, Reaching safepoint: 64260 ns, Cleanup: 16371 ns, At safepoint: 5580 ns, Total: 86211 ns
[2024-03-07T18:31:41.824+0000][1][safepoint   ] Safepoint "Cleanup", Time since last: 5000423301 ns, Reaching safepoint: 22422 ns, Cleanup: 18665 ns, At safepoint: 5360 ns, Total: 46447 ns
[2024-03-07T18:31:44.093+0000][1][gc,start    ] GC(12) Pause Young (Concurrent Start) (CodeCache GC Threshold)
[2024-03-07T18:31:44.093+0000][1][gc,task     ] GC(12) Using 10 workers of 10 for evacuation
[2024-03-07T18:31:44.093+0000][1][gc,age      ] GC(12) Desired survivor size 40370176 bytes, new threshold 15 (max threshold 15)
[2024-03-07T18:31:44.128+0000][1][gc,phases   ] GC(12)   Pre Evacuate Collection Set: 0.8ms
[2024-03-07T18:31:44.128+0000][1][gc,phases   ] GC(12)   Merge Heap Roots: 0.1ms
[2024-03-07T18:31:44.128+0000][1][gc,phases   ] GC(12)   Evacuate Collection Set: 32.4ms
[2024-03-07T18:31:44.128+0000][1][gc,phases   ] GC(12)   Post Evacuate Collection Set: 2.2ms
[2024-03-07T18:31:44.128+0000][1][gc,phases   ] GC(12)   Other: 0.1ms
[2024-03-07T18:31:44.129+0000][1][gc,age      ] GC(12) Age table with threshold 15 (max threshold 15)
[2024-03-07T18:31:44.129+0000][1][gc,age      ] GC(12) - age   1:      75304 bytes,      75304 total
[2024-03-07T18:31:44.129+0000][1][gc,age      ] GC(12) - age   2:    4941208 bytes,    5016512 total
[2024-03-07T18:31:44.129+0000][1][gc,age      ] GC(12) - age   3:   14725448 bytes,   19741960 total
[2024-03-07T18:31:44.129+0000][1][gc,age      ] GC(12) - age   4:     122064 bytes,   19864024 total
[2024-03-07T18:31:44.129+0000][1][gc,age      ] GC(12) - age   5:      54936 bytes,   19918960 total
[2024-03-07T18:31:44.129+0000][1][gc,age      ] GC(12) - age   6:    6794568 bytes,   26713528 total
[2024-03-07T18:31:44.129+0000][1][gc,age      ] GC(12) - age   7:     914976 bytes,   27628504 total
[2024-03-07T18:31:44.129+0000][1][gc,age      ] GC(12) - age   8:     797728 bytes,   28426232 total
[2024-03-07T18:31:44.129+0000][1][gc,age      ] GC(12) - age   9:    1083848 bytes,   29510080 total
[2024-03-07T18:31:44.129+0000][1][gc,heap     ] GC(12) Eden regions: 23->0(583)
[2024-03-07T18:31:44.129+0000][1][gc,heap     ] GC(12) Survivor regions: 33->31(77)
[2024-03-07T18:31:44.129+0000][1][gc,heap     ] GC(12) Old regions: 8->8
[2024-03-07T18:31:44.129+0000][1][gc,heap     ] GC(12) Humongous regions: 3->3
[2024-03-07T18:31:44.129+0000][1][gc,metaspace] GC(12) Metaspace: 95616K(97216K)->95616K(97216K) NonClass: 83363K(84224K)->83363K(84224K) Class: 12252K(12992K)->12252K(12992K)
[2024-03-07T18:31:44.129+0000][1][gc          ] GC(12) Pause Young (Concurrent Start) (CodeCache GC Threshold) 65M->41M(1024M) 36.335ms
[2024-03-07T18:31:44.129+0000][1][gc,cpu      ] GC(12) User=0.16s Sys=0.02s Real=0.04s
[2024-03-07T18:31:44.129+0000][1][safepoint   ] Safepoint "G1TryInitiateConcMark", Time since last: 2268904914 ns, Reaching safepoint: 20549 ns, Cleanup: 4398 ns, At safepoint: 36500173 ns, Total: 36525120 ns
[2024-03-07T18:31:44.129+0000][1][gc          ] GC(13) Concurrent Mark Cycle
[2024-03-07T18:31:44.129+0000][1][gc,marking  ] GC(13) Concurrent Scan Root Regions
[2024-03-07T18:31:44.137+0000][1][gc,marking  ] GC(13) Concurrent Scan Root Regions 7.292ms
[2024-03-07T18:31:44.137+0000][1][gc,marking  ] GC(13) Concurrent Mark
[2024-03-07T18:31:44.137+0000][1][gc,marking  ] GC(13) Concurrent Mark From Roots
[2024-03-07T18:31:44.137+0000][1][gc,task     ] GC(13) Using 3 workers of 3 for marking
[2024-03-07T18:31:44.141+0000][1][gc,marking  ] GC(13) Concurrent Mark From Roots 4.339ms
[2024-03-07T18:31:44.141+0000][1][gc,marking  ] GC(13) Concurrent Preclean
[2024-03-07T18:31:44.141+0000][1][gc,marking  ] GC(13) Concurrent Preclean 0.077ms
[2024-03-07T18:31:44.142+0000][1][gc,start    ] GC(13) Pause Remark
[2024-03-07T18:31:44.213+0000][1][gc          ] GC(13) Pause Remark 42M->42M(1024M) 71.039ms
[2024-03-07T18:31:44.213+0000][1][gc,cpu      ] GC(13) User=0.07s Sys=0.07s Real=0.07s
[2024-03-07T18:31:44.213+0000][1][safepoint   ] Safepoint "G1PauseRemark", Time since last: 13163451 ns, Reaching safepoint: 16551 ns, Cleanup: 5320 ns, At safepoint: 71182316 ns, Total: 71204187 ns
[2024-03-07T18:31:44.214+0000][1][gc,marking  ] GC(13) Concurrent Mark 76.966ms
[2024-03-07T18:31:44.214+0000][1][gc,marking  ] GC(13) Concurrent Rebuild Remembered Sets and Scrub Regions
[2024-03-07T18:31:44.215+0000][1][gc,marking  ] GC(13) Concurrent Rebuild Remembered Sets and Scrub Regions 1.887ms
[2024-03-07T18:31:44.216+0000][1][gc,start    ] GC(13) Pause Cleanup
[2024-03-07T18:31:44.216+0000][1][gc          ] GC(13) Pause Cleanup 42M->42M(1024M) 0.235ms
[2024-03-07T18:31:44.216+0000][1][gc,cpu      ] GC(13) User=0.00s Sys=0.00s Real=0.00s
[2024-03-07T18:31:44.216+0000][1][safepoint   ] Safepoint "G1PauseCleanup", Time since last: 2020480 ns, Reaching safepoint: 11051 ns, Cleanup: 5951 ns, At safepoint: 313708 ns, Total: 330710 ns
[2024-03-07T18:31:44.216+0000][1][gc,marking  ] GC(13) Concurrent Clear Claimed Marks
[2024-03-07T18:31:44.216+0000][1][gc,marking  ] GC(13) Concurrent Clear Claimed Marks 0.183ms
[2024-03-07T18:31:44.216+0000][1][gc,marking  ] GC(13) Concurrent Cleanup for Next Mark
[2024-03-07T18:31:44.241+0000][1][gc,marking  ] GC(13) Concurrent Cleanup for Next Mark 24.737ms
[2024-03-07T18:31:44.241+0000][1][gc          ] GC(13) Concurrent Mark Cycle 111.745ms
[2024-03-07T18:31:45.216+0000][1][safepoint   ] Safepoint "Cleanup", Time since last: 1000103359 ns, Reaching safepoint: 17763 ns, Cleanup: 13766 ns, At safepoint: 5400 ns, Total: 36929 ns
[2024-03-07T18:32:06.218+0000][1][safepoint   ] Safepoint "Cleanup", Time since last: 21001749303 ns, Reaching safepoint: 93676 ns, Cleanup: 16140 ns, At safepoint: 9869 ns, Total: 119685 ns
[2024-03-07T18:32:12.219+0000][1][safepoint   ] Safepoint "Cleanup", Time since last: 6000829235 ns, Reaching safepoint: 69220 ns, Cleanup: 14958 ns, At safepoint: 5831 ns, Total: 90009 ns
[2024-03-07T18:32:16.220+0000][1][safepoint   ] Safepoint "Cleanup", Time since last: 4000788459 ns, Reaching safepoint: 81163 ns, Cleanup: 17693 ns, At safepoint: 29515 ns, Total: 128371 ns
[2024-03-07T18:32:22.221+0000][1][safepoint   ] Safepoint "Cleanup", Time since last: 6001487477 ns, Reaching safepoint: 67587 ns, Cleanup: 14507 ns, At safepoint: 5660 ns, Total: 87754 ns
[2024-03-07T18:32:26.846+0000][1][safepoint   ] Safepoint "Cleanup", Time since last: 4624505422 ns, Reaching safepoint: 20618 ns, Cleanup: 18275 ns, At safepoint: 4949 ns, Total: 43842 ns
[2024-03-07T18:32:30.847+0000][1][safepoint   ] Safepoint "Cleanup", Time since last: 4001152476 ns, Reaching safepoint: 65864 ns, Cleanup: 15589 ns, At safepoint: 18485 ns, Total: 99938 ns
[2024-03-07T18:32:31.848+0000][1][safepoint   ] Safepoint "Cleanup", Time since last: 1000457885 ns, Reaching safepoint: 21400 ns, Cleanup: 21159 ns, At safepoint: 5661 ns, Total: 48220 ns
[2024-03-07T18:32:36.848+0000][1][safepoint   ] Safepoint "Cleanup", Time since last: 5000594523 ns, Reaching safepoint: 69300 ns, Cleanup: 15068 ns, At safepoint: 5330 ns, Total: 89698 ns
[2024-03-07T18:32:46.849+0000][1][safepoint   ] Safepoint "Cleanup", Time since last: 10001100484 ns, Reaching safepoint: 41658 ns, Cleanup: 14568 ns, At safepoint: 2995 ns, Total: 59221 ns
[2024-03-07T18:32:48.850+0000][1][safepoint   ] Safepoint "Cleanup", Time since last: 2000239261 ns, Reaching safepoint: 104716 ns, Cleanup: 21140 ns, At safepoint: 16481 ns, Total: 142337 ns
[2024-03-07T18:32:51.850+0000][1][safepoint   ] Safepoint "Cleanup", Time since last: 3000396588 ns, Reaching safepoint: 97563 ns, Cleanup: 14978 ns, At safepoint: 5511 ns, Total: 118052 ns
[2024-03-07T18:32:53.851+0000][1][safepoint   ] Safepoint "Cleanup", Time since last: 2000315143 ns, Reaching safepoint: 20609 ns, Cleanup: 20809 ns, At safepoint: 5781 ns, Total: 47199 ns
[2024-03-07T18:32:55.851+0000][1][safepoint   ] Safepoint "Cleanup", Time since last: 2000299269 ns, Reaching safepoint: 20038 ns, Cleanup: 19376 ns, At safepoint: 5761 ns, Total: 45175 ns
[2024-03-07T18:32:56.851+0000][1][safepoint   ] Safepoint "Cleanup", Time since last: 1000181878 ns, Reaching safepoint: 22281 ns, Cleanup: 20599 ns, At safepoint: 4779 ns, Total: 47659 ns
[2024-03-07T18:33:01.853+0000][1][safepoint   ] Safepoint "Cleanup", Time since last: 5001372181 ns, Reaching safepoint: 52699 ns, Cleanup: 21070 ns, At safepoint: 3897 ns, Total: 77666 ns
[2024-03-07T18:33:06.854+0000][1][safepoint   ] Safepoint "Cleanup", Time since last: 5001155751 ns, Reaching safepoint: 20238 ns, Cleanup: 25358 ns, At safepoint: 5149 ns, Total: 50745 ns
[2024-03-07T18:33:21.856+0000][1][safepoint   ] Safepoint "Cleanup", Time since last: 15001919335 ns, Reaching safepoint: 18535 ns, Cleanup: 16601 ns, At safepoint: 5620 ns, Total: 40756 ns
[2024-03-07T18:33:26.885+0000][1][safepoint   ] Safepoint "Cleanup", Time since last: 5028761327 ns, Reaching safepoint: 57257 ns, Cleanup: 15810 ns, At safepoint: 5080 ns, Total: 78147 ns
[2024-03-07T18:33:34.886+0000][1][safepoint   ] Safepoint "Cleanup", Time since last: 8000688835 ns, Reaching safepoint: 72265 ns, Cleanup: 106029 ns, At safepoint: 25198 ns, Total: 203492 ns
[2024-03-07T18:33:39.888+0000][1][safepoint   ] Safepoint "Cleanup", Time since last: 5001925234 ns, Reaching safepoint: 20218 ns, Cleanup: 17683 ns, At safepoint: 5801 ns, Total: 43702 ns
[2024-03-07T18:33:50.890+0000][1][safepoint   ] Safepoint "Cleanup", Time since last: 11002405222 ns, Reaching safepoint: 50886 ns, Cleanup: 14367 ns, At safepoint: 8806 ns, Total: 74059 ns
[2024-03-07T18:33:53.890+0000][1][safepoint   ] Safepoint "Cleanup", Time since last: 3000314688 ns, Reaching safepoint: 14407 ns, Cleanup: 10530 ns, At safepoint: 3497 ns, Total: 28434 ns
[2024-03-07T18:33:55.891+0000][1][safepoint   ] Safepoint "Cleanup", Time since last: 2000177603 ns, Reaching safepoint: 44724 ns, Cleanup: 11411 ns, At safepoint: 3808 ns, Total: 59943 ns
[2024-03-07T18:34:00.891+0000][1][safepoint   ] Safepoint "Cleanup", Time since last: 5000735349 ns, Reaching safepoint: 37109 ns, Cleanup: 10540 ns, At safepoint: 8146 ns, Total: 55795 ns
[2024-03-07T18:34:05.892+0000][1][safepoint   ] Safepoint "Cleanup", Time since last: 5000402636 ns, Reaching safepoint: 45224 ns, Cleanup: 21481 ns, At safepoint: 7564 ns, Total: 74269 ns
[2024-03-07T18:34:10.892+0000][1][safepoint   ] Safepoint "Cleanup", Time since last: 5000382805 ns, Reaching safepoint: 35647 ns, Cleanup: 10580 ns, At safepoint: 10089 ns, Total: 56316 ns
[2024-03-07T18:34:15.893+0000][1][safepoint   ] Safepoint "Cleanup", Time since last: 5000777635 ns, Reaching safepoint: 45475 ns, Cleanup: 14437 ns, At safepoint: 4419 ns, Total: 64331 ns
[2024-03-07T18:34:25.916+0000][1][safepoint   ] Safepoint "Cleanup", Time since last: 10023023619 ns, Reaching safepoint: 20369 ns, Cleanup: 20438 ns, At safepoint: 5721 ns, Total: 46528 ns
[2024-03-07T18:34:34.918+0000][1][safepoint   ] Safepoint "Cleanup", Time since last: 9001786896 ns, Reaching safepoint: 68949 ns, Cleanup: 17773 ns, At safepoint: 15750 ns, Total: 102472 ns
[2024-03-07T18:34:36.918+0000][1][safepoint   ] Safepoint "Cleanup", Time since last: 2000234199 ns, Reaching safepoint: 21951 ns, Cleanup: 14658 ns, At safepoint: 5821 ns, Total: 42430 ns
[2024-03-07T18:34:40.919+0000][1][safepoint   ] Safepoint "Cleanup", Time since last: 4000357383 ns, Reaching safepoint: 38682 ns, Cleanup: 13536 ns, At safepoint: 3506 ns, Total: 55724 ns
[2024-03-07T18:34:45.920+0000][1][safepoint   ] Safepoint "Cleanup", Time since last: 5001132724 ns, Reaching safepoint: 68779 ns, Cleanup: 14186 ns, At safepoint: 5941 ns, Total: 88906 ns
[2024-03-07T18:34:55.922+0000][1][safepoint   ] Safepoint "Cleanup", Time since last: 10001500891 ns, Reaching safepoint: 60113 ns, Cleanup: 20799 ns, At safepoint: 5811 ns, Total: 86723 ns
[2024-03-07T18:35:11.926+0000][1][safepoint   ] Safepoint "Cleanup", Time since last: 16004542148 ns, Reaching safepoint: 38112 ns, Cleanup: 10058 ns, At safepoint: 2986 ns, Total: 51156 ns
[2024-03-07T18:35:21.928+0000][1][safepoint   ] Safepoint "Cleanup", Time since last: 10001177547 ns, Reaching safepoint: 85140 ns, Cleanup: 18374 ns, At safepoint: 5781 ns, Total: 109295 ns
[2024-03-07T18:35:30.965+0000][1][safepoint   ] Safepoint "Cleanup", Time since last: 9037666583 ns, Reaching safepoint: 68779 ns, Cleanup: 15449 ns, At safepoint: 19156 ns, Total: 103384 ns
[2024-03-07T18:35:31.965+0000][1][safepoint   ] Safepoint "Cleanup", Time since last: 1000148001 ns, Reaching safepoint: 17733 ns, Cleanup: 17363 ns, At safepoint: 5360 ns, Total: 40456 ns
[2024-03-07T18:35:34.966+0000][1][safepoint   ] Safepoint "Cleanup", Time since last: 3000949644 ns, Reaching safepoint: 20799 ns, Cleanup: 15348 ns, At safepoint: 5030 ns, Total: 41177 ns
[2024-03-07T18:35:36.967+0000][1][safepoint   ] Safepoint "Cleanup", Time since last: 2000248698 ns, Reaching safepoint: 34946 ns, Cleanup: 12553 ns, At safepoint: 2315 ns, Total: 49814 ns
[2024-03-07T18:35:41.968+0000][1][safepoint   ] Safepoint "Cleanup", Time since last: 5000599783 ns, Reaching safepoint: 116308 ns, Cleanup: 13886 ns, At safepoint: 6833 ns, Total: 137027 ns
[2024-03-07T18:35:46.968+0000][1][safepoint   ] Safepoint "Cleanup", Time since last: 5000445907 ns, Reaching safepoint: 48831 ns, Cleanup: 12173 ns, At safepoint: 3968 ns, Total: 64972 ns
[2024-03-07T18:35:51.968+0000][1][safepoint   ] Safepoint "Cleanup", Time since last: 5000360440 ns, Reaching safepoint: 12624 ns, Cleanup: 9608 ns, At safepoint: 1933 ns, Total: 24165 ns
[2024-03-07T18:36:06.970+0000][1][safepoint   ] Safepoint "Cleanup", Time since last: 15001057767 ns, Reaching safepoint: 101411 ns, Cleanup: 19126 ns, At safepoint: 5440 ns, Total: 125977 ns
[2024-03-07T18:36:11.970+0000][1][safepoint   ] Safepoint "Cleanup", Time since last: 5000438348 ns, Reaching safepoint: 35636 ns, Cleanup: 11482 ns, At safepoint: 3517 ns, Total: 50635 ns
[2024-03-07T18:36:27.010+0000][1][safepoint   ] Safepoint "Cleanup", Time since last: 15039912017 ns, Reaching safepoint: 51607 ns, Cleanup: 12043 ns, At safepoint: 9618 ns, Total: 73268 ns
[2024-03-07T18:36:31.011+0000][1][safepoint   ] Safepoint "Cleanup", Time since last: 4000411623 ns, Reaching safepoint: 105217 ns, Cleanup: 14878 ns, At safepoint: 6302 ns, Total: 126397 ns
[2024-03-07T18:36:35.012+0000][1][safepoint   ] Safepoint "Cleanup", Time since last: 4001025432 ns, Reaching safepoint: 67667 ns, Cleanup: 15409 ns, At safepoint: 5550 ns, Total: 88626 ns
[2024-03-07T18:36:37.012+0000][1][safepoint   ] Safepoint "Cleanup", Time since last: 2000505638 ns, Reaching safepoint: 16451 ns, Cleanup: 15319 ns, At safepoint: 3867 ns, Total: 35637 ns
[2024-03-07T18:36:47.015+0000][1][safepoint   ] Safepoint "Cleanup", Time since last: 10002723917 ns, Reaching safepoint: 67227 ns, Cleanup: 14888 ns, At safepoint: 5540 ns, Total: 87655 ns
[2024-03-07T18:36:52.016+0000][1][safepoint   ] Safepoint "Cleanup", Time since last: 5000501559 ns, Reaching safepoint: 66234 ns, Cleanup: 15228 ns, At safepoint: 5421 ns, Total: 86883 ns
[2024-03-07T18:36:57.018+0000][1][safepoint   ] Safepoint "Cleanup", Time since last: 5002119432 ns, Reaching safepoint: 70332 ns, Cleanup: 17513 ns, At safepoint: 5601 ns, Total: 93446 ns
[2024-03-07T18:37:04.020+0000][1][safepoint   ] Safepoint "Cleanup", Time since last: 7002271560 ns, Reaching safepoint: 57708 ns, Cleanup: 10359 ns, At safepoint: 5581 ns, Total: 73648 ns
[2024-03-07T18:37:08.021+0000][1][safepoint   ] Safepoint "Cleanup", Time since last: 4000327976 ns, Reaching safepoint: 19085 ns, Cleanup: 14648 ns, At safepoint: 5120 ns, Total: 38853 ns
[2024-03-07T18:37:14.021+0000][1][safepoint   ] Safepoint "Cleanup", Time since last: 6000784860 ns, Reaching safepoint: 42490 ns, Cleanup: 11582 ns, At safepoint: 10129 ns, Total: 64201 ns
[2024-03-07T18:37:19.022+0000][1][safepoint   ] Safepoint "Cleanup", Time since last: 5000420927 ns, Reaching safepoint: 34204 ns, Cleanup: 11101 ns, At safepoint: 9768 ns, Total: 55073 ns
[2024-03-07T18:37:34.051+0000][1][safepoint   ] Safepoint "Cleanup", Time since last: 15028777602 ns, Reaching safepoint: 15389 ns, Cleanup: 11221 ns, At safepoint: 32501 ns, Total: 59111 ns
[2024-03-07T18:37:36.051+0000][1][safepoint   ] Safepoint "Cleanup", Time since last: 2000463029 ns, Reaching safepoint: 43531 ns, Cleanup: 10490 ns, At safepoint: 8045 ns, Total: 62066 ns
[2024-03-07T18:37:49.053+0000][1][safepoint   ] Safepoint "Cleanup", Time since last: 13001646496 ns, Reaching safepoint: 69981 ns, Cleanup: 16612 ns, At safepoint: 7143 ns, Total: 93736 ns
[2024-03-07T18:38:04.055+0000][1][safepoint   ] Safepoint "Cleanup", Time since last: 15002099593 ns, Reaching safepoint: 62286 ns, Cleanup: 26310 ns, At safepoint: 5089 ns, Total: 93685 ns
[2024-03-07T18:38:06.055+0000][1][safepoint   ] Safepoint "Cleanup", Time since last: 2000209886 ns, Reaching safepoint: 15860 ns, Cleanup: 8837 ns, At safepoint: 4468 ns, Total: 29165 ns
[2024-03-07T18:38:14.057+0000][1][safepoint   ] Safepoint "Cleanup", Time since last: 8001676640 ns, Reaching safepoint: 50164 ns, Cleanup: 13074 ns, At safepoint: 3196 ns, Total: 66434 ns
[2024-03-07T18:38:16.347+0000][1][safepoint   ] Safepoint "Cleanup", Time since last: 2290003769 ns, Reaching safepoint: 85411 ns, Cleanup: 33753 ns, At safepoint: 7454 ns, Total: 126618 ns
[2024-03-07T18:38:17.351+0000][1][safepoint   ] Safepoint "Cleanup", Time since last: 1003880936 ns, Reaching safepoint: 62287 ns, Cleanup: 29325 ns, At safepoint: 16340 ns, Total: 107952 ns
[2024-03-07T18:38:33.089+0000][1][safepoint   ] Safepoint "Cleanup", Time since last: 15738036224 ns, Reaching safepoint: 58770 ns, Cleanup: 14226 ns, At safepoint: 5922 ns, Total: 78918 ns
[2024-03-07T18:38:34.090+0000][1][safepoint   ] Safepoint "Cleanup", Time since last: 1000514461 ns, Reaching safepoint: 20819 ns, Cleanup: 16150 ns, At safepoint: 5541 ns, Total: 42510 ns
[2024-03-07T18:38:36.090+0000][1][safepoint   ] Safepoint "Cleanup", Time since last: 2000231005 ns, Reaching safepoint: 13656 ns, Cleanup: 9788 ns, At safepoint: 2324 ns, Total: 25768 ns
[2024-03-07T18:38:39.091+0000][1][safepoint   ] Safepoint "Cleanup", Time since last: 3000235368 ns, Reaching safepoint: 20558 ns, Cleanup: 15058 ns, At safepoint: 4950 ns, Total: 40566 ns
[2024-03-07T18:38:44.091+0000][1][safepoint   ] Safepoint "Cleanup", Time since last: 5000466007 ns, Reaching safepoint: 20178 ns, Cleanup: 15058 ns, At safepoint: 5290 ns, Total: 40526 ns
[2024-03-07T18:38:49.091+0000][1][safepoint   ] Safepoint "Cleanup", Time since last: 5000383918 ns, Reaching safepoint: 40897 ns, Cleanup: 13505 ns, At safepoint: 8757 ns, Total: 63159 ns
[2024-03-07T18:39:04.095+0000][1][safepoint   ] Safepoint "Cleanup", Time since last: 15003412545 ns, Reaching safepoint: 67778 ns, Cleanup: 18264 ns, At safepoint: 18364 ns, Total: 104406 ns
[2024-03-07T18:39:14.098+0000][1][safepoint   ] Safepoint "Cleanup", Time since last: 10003110892 ns, Reaching safepoint: 59381 ns, Cleanup: 26370 ns, At safepoint: 18404 ns, Total: 104155 ns
[2024-03-07T18:39:29.132+0000][1][safepoint   ] Safepoint "Cleanup", Time since last: 15034127265 ns, Reaching safepoint: 56966 ns, Cleanup: 18836 ns, At safepoint: 19056 ns, Total: 94858 ns
[2024-03-07T18:39:36.134+0000][1][safepoint   ] Safepoint "Cleanup", Time since last: 7001534292 ns, Reaching safepoint: 57979 ns, Cleanup: 19887 ns, At safepoint: 5841 ns, Total: 83707 ns
[2024-03-07T18:39:54.136+0000][1][safepoint   ] Safepoint "Cleanup", Time since last: 18001458181 ns, Reaching safepoint: 60634 ns, Cleanup: 16651 ns, At safepoint: 5861 ns, Total: 83146 ns
[2024-03-07T18:40:02.137+0000][1][safepoint   ] Safepoint "Cleanup", Time since last: 8001214168 ns, Reaching safepoint: 104516 ns, Cleanup: 17734 ns, At safepoint: 16501 ns, Total: 138751 ns
[2024-03-07T18:40:14.138+0000][1][safepoint   ] Safepoint "Cleanup", Time since last: 12001321413 ns, Reaching safepoint: 58379 ns, Cleanup: 17203 ns, At safepoint: 5640 ns, Total: 81222 ns
[2024-03-07T18:40:19.139+0000][1][safepoint   ] Safepoint "Cleanup", Time since last: 5000752809 ns, Reaching safepoint: 57417 ns, Cleanup: 14137 ns, At safepoint: 4649 ns, Total: 76203 ns
[2024-03-07T18:40:24.140+0000][1][safepoint   ] Safepoint "Cleanup", Time since last: 5000878452 ns, Reaching safepoint: 86062 ns, Cleanup: 22472 ns, At safepoint: 5670 ns, Total: 114204 ns
[2024-03-07T18:40:29.141+0000][1][safepoint   ] Safepoint "Cleanup", Time since last: 5000996076 ns, Reaching safepoint: 53771 ns, Cleanup: 16992 ns, At safepoint: 16661 ns, Total: 87424 ns
[2024-03-07T18:40:30.141+0000][1][safepoint   ] Safepoint "Cleanup", Time since last: 1000137613 ns, Reaching safepoint: 17432 ns, Cleanup: 12935 ns, At safepoint: 5300 ns, Total: 35667 ns
[2024-03-07T18:40:36.142+0000][1][safepoint   ] Safepoint "Cleanup", Time since last: 6000484877 ns, Reaching safepoint: 65363 ns, Cleanup: 20468 ns, At safepoint: 5441 ns, Total: 91272 ns
[2024-03-07T18:40:39.142+0000][1][safepoint   ] Safepoint "Cleanup", Time since last: 3000263287 ns, Reaching safepoint: 87834 ns, Cleanup: 20699 ns, At safepoint: 5090 ns, Total: 113623 ns
[2024-03-07T18:41:04.145+0000][1][safepoint   ] Safepoint "Cleanup", Time since last: 25002575045 ns, Reaching safepoint: 39124 ns, Cleanup: 19456 ns, At safepoint: 15088 ns, Total: 73668 ns
[2024-03-07T18:41:09.145+0000][1][safepoint   ] Safepoint "Cleanup", Time since last: 5000416071 ns, Reaching safepoint: 17512 ns, Cleanup: 13977 ns, At safepoint: 5300 ns, Total: 36789 ns
[2024-03-07T18:41:14.146+0000][1][safepoint   ] Safepoint "Cleanup", Time since last: 5000457868 ns, Reaching safepoint: 58260 ns, Cleanup: 21781 ns, At safepoint: 5139 ns, Total: 85180 ns
[2024-03-07T18:41:29.188+0000][1][safepoint   ] Safepoint "Cleanup", Time since last: 15042440680 ns, Reaching safepoint: 19066 ns, Cleanup: 12553 ns, At safepoint: 4349 ns, Total: 35968 ns
[2024-03-07T18:41:36.190+0000][1][safepoint   ] Safepoint "Cleanup", Time since last: 7001115446 ns, Reaching safepoint: 57188 ns, Cleanup: 22021 ns, At safepoint: 5069 ns, Total: 84278 ns
[2024-03-07T18:41:44.191+0000][1][safepoint   ] Safepoint "Cleanup", Time since last: 8001308754 ns, Reaching safepoint: 55945 ns, Cleanup: 11191 ns, At safepoint: 4789 ns, Total: 71925 ns
[2024-03-07T18:41:49.192+0000][1][safepoint   ] Safepoint "Cleanup", Time since last: 5001115256 ns, Reaching safepoint: 54352 ns, Cleanup: 17302 ns, At safepoint: 5009 ns, Total: 76663 ns
[2024-03-07T18:41:54.193+0000][1][safepoint   ] Safepoint "Cleanup", Time since last: 5000660792 ns, Reaching safepoint: 56907 ns, Cleanup: 10069 ns, At safepoint: 5030 ns, Total: 72006 ns
[2024-03-07T18:41:59.194+0000][1][safepoint   ] Safepoint "Cleanup", Time since last: 5001026557 ns, Reaching safepoint: 61185 ns, Cleanup: 12703 ns, At safepoint: 4118 ns, Total: 78006 ns
[2024-03-07T18:42:00.195+0000][1][safepoint   ] Safepoint "Cleanup", Time since last: 1000308855 ns, Reaching safepoint: 191890 ns, Cleanup: 131216 ns, At safepoint: 64371 ns, Total: 387477 ns
[2024-03-07T18:42:30.220+0000][1][safepoint   ] Safepoint "Cleanup", Time since last: 30024720878 ns, Reaching safepoint: 69109 ns, Cleanup: 15199 ns, At safepoint: 6322 ns, Total: 90630 ns
[2024-03-07T18:42:36.221+0000][1][safepoint   ] Safepoint "Cleanup", Time since last: 6001602032 ns, Reaching safepoint: 54793 ns, Cleanup: 14557 ns, At safepoint: 5270 ns, Total: 74620 ns
[2024-03-07T18:42:49.223+0000][1][safepoint   ] Safepoint "Cleanup", Time since last: 13001230576 ns, Reaching safepoint: 56736 ns, Cleanup: 11883 ns, At safepoint: 16260 ns, Total: 84879 ns
[2024-03-07T18:43:06.225+0000][1][safepoint   ] Safepoint "Cleanup", Time since last: 17002229827 ns, Reaching safepoint: 62297 ns, Cleanup: 20639 ns, At safepoint: 5510 ns, Total: 88446 ns
[2024-03-07T18:43:09.225+0000][1][safepoint   ] Safepoint "Cleanup", Time since last: 3000258330 ns, Reaching safepoint: 21040 ns, Cleanup: 17873 ns, At safepoint: 4739 ns, Total: 43652 ns
[2024-03-07T18:43:14.226+0000][1][safepoint   ] Safepoint "Cleanup", Time since last: 5000404844 ns, Reaching safepoint: 58891 ns, Cleanup: 13866 ns, At safepoint: 20007 ns, Total: 92764 ns
[2024-03-07T18:43:21.227+0000][1][safepoint   ] Safepoint "Cleanup", Time since last: 7001061798 ns, Reaching safepoint: 67818 ns, Cleanup: 15198 ns, At safepoint: 5470 ns, Total: 88486 ns
[2024-03-07T18:43:27.251+0000][1][safepoint   ] Safepoint "Cleanup", Time since last: 6023680273 ns, Reaching safepoint: 19817 ns, Cleanup: 15740 ns, At safepoint: 5410 ns, Total: 40967 ns
[2024-03-07T18:43:34.252+0000][1][safepoint   ] Safepoint "Cleanup", Time since last: 7000882858 ns, Reaching safepoint: 57187 ns, Cleanup: 14307 ns, At safepoint: 5530 ns, Total: 77024 ns
[2024-03-07T18:43:40.252+0000][1][safepoint   ] Safepoint "Cleanup", Time since last: 6000485347 ns, Reaching safepoint: 59482 ns, Cleanup: 19797 ns, At safepoint: 18875 ns, Total: 98154 ns
[2024-03-07T18:44:00.254+0000][1][safepoint   ] Safepoint "Cleanup", Time since last: 20001582192 ns, Reaching safepoint: 43972 ns, Cleanup: 12283 ns, At safepoint: 3257 ns, Total: 59512 ns
[2024-03-07T18:44:05.254+0000][1][safepoint   ] Safepoint "Cleanup", Time since last: 5000447915 ns, Reaching safepoint: 26440 ns, Cleanup: 9648 ns, At safepoint: 7464 ns, Total: 43552 ns
[2024-03-07T18:44:37.274+0000][1][safepoint   ] Safepoint "Cleanup", Time since last: 32019624746 ns, Reaching safepoint: 57779 ns, Cleanup: 23123 ns, At safepoint: 19797 ns, Total: 100699 ns
[2024-03-07T18:44:45.275+0000][1][safepoint   ] Safepoint "Cleanup", Time since last: 8001388385 ns, Reaching safepoint: 49693 ns, Cleanup: 12183 ns, At safepoint: 4659 ns, Total: 66535 ns
[2024-03-07T18:45:08.278+0000][1][safepoint   ] Safepoint "Cleanup", Time since last: 23002969746 ns, Reaching safepoint: 55494 ns, Cleanup: 12925 ns, At safepoint: 17743 ns, Total: 86162 ns
[2024-03-07T18:45:10.279+0000][1][safepoint   ] Safepoint "Cleanup", Time since last: 2000189628 ns, Reaching safepoint: 17733 ns, Cleanup: 13666 ns, At safepoint: 5150 ns, Total: 36549 ns
[2024-03-07T18:45:18.279+0000][1][safepoint   ] Safepoint "Cleanup", Time since last: 8000667233 ns, Reaching safepoint: 55243 ns, Cleanup: 17203 ns, At safepoint: 16080 ns, Total: 88526 ns
[2024-03-07T18:45:20.280+0000][1][safepoint   ] Safepoint "Cleanup", Time since last: 2000212727 ns, Reaching safepoint: 19206 ns, Cleanup: 15229 ns, At safepoint: 5711 ns, Total: 40146 ns
[2024-03-07T18:45:23.280+0000][1][safepoint   ] Safepoint "Cleanup", Time since last: 3000354218 ns, Reaching safepoint: 50414 ns, Cleanup: 17162 ns, At safepoint: 14117 ns, Total: 81693 ns
[2024-03-07T18:45:35.297+0000][1][safepoint   ] Safepoint "Cleanup", Time since last: 12017078219 ns, Reaching safepoint: 63930 ns, Cleanup: 15218 ns, At safepoint: 5310 ns, Total: 84458 ns
[2024-03-07T18:45:59.303+0000][1][safepoint   ] Safepoint "Cleanup", Time since last: 24005352399 ns, Reaching safepoint: 65073 ns, Cleanup: 16010 ns, At safepoint: 5901 ns, Total: 86984 ns
[2024-03-07T18:46:05.304+0000][1][safepoint   ] Safepoint "Cleanup", Time since last: 6001180892 ns, Reaching safepoint: 60023 ns, Cleanup: 14637 ns, At safepoint: 33713 ns, Total: 108373 ns
[2024-03-07T18:46:20.306+0000][1][safepoint   ] Safepoint "Cleanup", Time since last: 15002063985 ns, Reaching safepoint: 67216 ns, Cleanup: 15369 ns, At safepoint: 17363 ns, Total: 99948 ns
[2024-03-07T18:46:30.339+0000][1][safepoint   ] Safepoint "Cleanup", Time since last: 10032595360 ns, Reaching safepoint: 14688 ns, Cleanup: 11231 ns, At safepoint: 3457 ns, Total: 29376 ns
[2024-03-07T18:46:35.340+0000][1][safepoint   ] Safepoint "Cleanup", Time since last: 5000677908 ns, Reaching safepoint: 61094 ns, Cleanup: 15730 ns, At safepoint: 16771 ns, Total: 93595 ns
[2024-03-07T18:46:55.341+0000][1][safepoint   ] Safepoint "Cleanup", Time since last: 20001662062 ns, Reaching safepoint: 52489 ns, Cleanup: 17252 ns, At safepoint: 3507 ns, Total: 73248 ns
[2024-03-07T18:47:00.342+0000][1][safepoint   ] Safepoint "Cleanup", Time since last: 5000384389 ns, Reaching safepoint: 46848 ns, Cleanup: 11772 ns, At safepoint: 4799 ns, Total: 63419 ns
[2024-03-07T18:47:10.344+0000][1][safepoint   ] Safepoint "Cleanup", Time since last: 10001986892 ns, Reaching safepoint: 68328 ns, Cleanup: 17432 ns, At safepoint: 5791 ns, Total: 91551 ns
[2024-03-07T18:47:15.344+0000][1][safepoint   ] Safepoint "Cleanup", Time since last: 5000439934 ns, Reaching safepoint: 54813 ns, Cleanup: 10560 ns, At safepoint: 4869 ns, Total: 70242 ns
[2024-03-07T18:47:20.345+0000][1][safepoint   ] Safepoint "Cleanup", Time since last: 5000857237 ns, Reaching safepoint: 68579 ns, Cleanup: 15128 ns, At safepoint: 5240 ns, Total: 88947 ns
[2024-03-07T18:47:25.365+0000][1][safepoint   ] Safepoint "Cleanup", Time since last: 5019323702 ns, Reaching safepoint: 19978 ns, Cleanup: 14186 ns, At safepoint: 5190 ns, Total: 39354 ns
[2024-03-07T18:47:37.366+0000][1][safepoint   ] Safepoint "Cleanup", Time since last: 12000963747 ns, Reaching safepoint: 54683 ns, Cleanup: 20418 ns, At safepoint: 4358 ns, Total: 79459 ns
[2024-03-07T18:47:45.367+0000][1][safepoint   ] Safepoint "Cleanup", Time since last: 8000869943 ns, Reaching safepoint: 61285 ns, Cleanup: 14397 ns, At safepoint: 5440 ns, Total: 81122 ns
[2024-03-07T18:48:05.368+0000][1][safepoint   ] Safepoint "Cleanup", Time since last: 20001450562 ns, Reaching safepoint: 56546 ns, Cleanup: 13616 ns, At safepoint: 5139 ns, Total: 75301 ns
[2024-03-07T18:48:06.369+0000][1][safepoint   ] Safepoint "Cleanup", Time since last: 1000281090 ns, Reaching safepoint: 19998 ns, Cleanup: 22091 ns, At safepoint: 5500 ns, Total: 47589 ns
[2024-03-07T18:48:10.369+0000][1][safepoint   ] Safepoint "Cleanup", Time since last: 4000350305 ns, Reaching safepoint: 17633 ns, Cleanup: 11702 ns, At safepoint: 4999 ns, Total: 34334 ns
[2024-03-07T18:48:20.370+0000][1][safepoint   ] Safepoint "Cleanup", Time since last: 10000784966 ns, Reaching safepoint: 24716 ns, Cleanup: 19527 ns, At safepoint: 7213 ns, Total: 51456 ns
[2024-03-07T18:48:37.390+0000][1][safepoint   ] Safepoint "Cleanup", Time since last: 17019934351 ns, Reaching safepoint: 55734 ns, Cleanup: 17183 ns, At safepoint: 4989 ns, Total: 77906 ns
[2024-03-07T18:48:40.390+0000][1][safepoint   ] Safepoint "Cleanup", Time since last: 3000303338 ns, Reaching safepoint: 58860 ns, Cleanup: 15118 ns, At safepoint: 5451 ns, Total: 79429 ns
[2024-03-07T18:48:45.391+0000][1][safepoint   ] Safepoint "Cleanup", Time since last: 5000581656 ns, Reaching safepoint: 77646 ns, Cleanup: 17041 ns, At safepoint: 27151 ns, Total: 121838 ns
[2024-03-07T18:48:55.392+0000][1][safepoint   ] Safepoint "Cleanup", Time since last: 10000807908 ns, Reaching safepoint: 19266 ns, Cleanup: 17493 ns, At safepoint: 5180 ns, Total: 41939 ns
[2024-03-07T18:49:05.393+0000][1][safepoint   ] Safepoint "Cleanup", Time since last: 10000753550 ns, Reaching safepoint: 55144 ns, Cleanup: 14096 ns, At safepoint: 16060 ns, Total: 85300 ns
[2024-03-07T18:49:10.393+0000][1][safepoint   ] Safepoint "Cleanup", Time since last: 5000594855 ns, Reaching safepoint: 61736 ns, Cleanup: 15048 ns, At safepoint: 5520 ns, Total: 82304 ns
[2024-03-07T18:49:40.419+0000][1][safepoint   ] Safepoint "Cleanup", Time since last: 30025879205 ns, Reaching safepoint: 57979 ns, Cleanup: 14347 ns, At safepoint: 6011 ns, Total: 78337 ns
[2024-03-07T18:49:55.421+0000][1][safepoint   ] Safepoint "Cleanup", Time since last: 15001322535 ns, Reaching safepoint: 49784 ns, Cleanup: 8897 ns, At safepoint: 4949 ns, Total: 63630 ns
[2024-03-07T18:50:00.421+0000][1][safepoint   ] Safepoint "Cleanup", Time since last: 5000422976 ns, Reaching safepoint: 55043 ns, Cleanup: 19477 ns, At safepoint: 5139 ns, Total: 79659 ns
[2024-03-07T18:50:33.424+0000][1][safepoint   ] Safepoint "Cleanup", Time since last: 33003221828 ns, Reaching safepoint: 15188 ns, Cleanup: 8446 ns, At safepoint: 2194 ns, Total: 25828 ns
[2024-03-07T18:50:38.425+0000][1][safepoint   ] Safepoint "Cleanup", Time since last: 5000356087 ns, Reaching safepoint: 16681 ns, Cleanup: 10971 ns, At safepoint: 4739 ns, Total: 32391 ns
[2024-03-07T18:50:42.425+0000][1][safepoint   ] Safepoint "Cleanup", Time since last: 4000321117 ns, Reaching safepoint: 14718 ns, Cleanup: 11702 ns, At safepoint: 5129 ns, Total: 31549 ns
[2024-03-07T18:50:46.425+0000][1][safepoint   ] Safepoint "Cleanup", Time since last: 4000328545 ns, Reaching safepoint: 54292 ns, Cleanup: 12543 ns, At safepoint: 5631 ns, Total: 72466 ns
[2024-03-07T18:50:48.426+0000][1][safepoint   ] Safepoint "Cleanup", Time since last: 2000181018 ns, Reaching safepoint: 14517 ns, Cleanup: 14267 ns, At safepoint: 4699 ns, Total: 33483 ns
[2024-03-07T18:51:00.428+0000][1][safepoint   ] Safepoint "Cleanup", Time since last: 12002201447 ns, Reaching safepoint: 58410 ns, Cleanup: 15078 ns, At safepoint: 4499 ns, Total: 77987 ns
[2024-03-07T18:51:01.428+0000][1][safepoint   ] Safepoint "Cleanup", Time since last: 1000124118 ns, Reaching safepoint: 23714 ns, Cleanup: 20038 ns, At safepoint: 6332 ns, Total: 50084 ns
[2024-03-07T18:51:11.431+0000][1][safepoint   ] Safepoint "Cleanup", Time since last: 10002289225 ns, Reaching safepoint: 19737 ns, Cleanup: 18915 ns, At safepoint: 45095 ns, Total: 83747 ns
[2024-03-07T18:51:34.471+0000][1][safepoint   ] Safepoint "Cleanup", Time since last: 23040046112 ns, Reaching safepoint: 50725 ns, Cleanup: 12514 ns, At safepoint: 16831 ns, Total: 80070 ns
[2024-03-07T18:51:36.471+0000][1][safepoint   ] Safepoint "Cleanup", Time since last: 2000236306 ns, Reaching safepoint: 19086 ns, Cleanup: 15018 ns, At safepoint: 5521 ns, Total: 39625 ns
[2024-03-07T18:51:51.473+0000][1][safepoint   ] Safepoint "Cleanup", Time since last: 15001670028 ns, Reaching safepoint: 61876 ns, Cleanup: 21019 ns, At safepoint: 5260 ns, Total: 88155 ns
[2024-03-07T18:51:54.473+0000][1][safepoint   ] Safepoint "Cleanup", Time since last: 3000351236 ns, Reaching safepoint: 67356 ns, Cleanup: 14798 ns, At safepoint: 17593 ns, Total: 99747 ns
[2024-03-07T18:51:56.474+0000][1][safepoint   ] Safepoint "Cleanup", Time since last: 2000375234 ns, Reaching safepoint: 19697 ns, Cleanup: 15650 ns, At safepoint: 5430 ns, Total: 40777 ns
[2024-03-07T18:52:00.474+0000][1][safepoint   ] Safepoint "Cleanup", Time since last: 4000760743 ns, Reaching safepoint: 68168 ns, Cleanup: 14928 ns, At safepoint: 5801 ns, Total: 88897 ns
[2024-03-07T18:52:11.476+0000][1][safepoint   ] Safepoint "Cleanup", Time since last: 11001360802 ns, Reaching safepoint: 64401 ns, Cleanup: 14918 ns, At safepoint: 11983 ns, Total: 91302 ns
[2024-03-07T18:52:38.501+0000][1][safepoint   ] Safepoint "Cleanup", Time since last: 27025451406 ns, Reaching safepoint: 66445 ns, Cleanup: 17032 ns, At safepoint: 4969 ns, Total: 88446 ns
[2024-03-07T18:53:06.505+0000][1][safepoint   ] Safepoint "Cleanup", Time since last: 28003387370 ns, Reaching safepoint: 78337 ns, Cleanup: 26980 ns, At safepoint: 5731 ns, Total: 111048 ns
[2024-03-07T18:53:09.505+0000][1][safepoint   ] Safepoint "Cleanup", Time since last: 3000290544 ns, Reaching safepoint: 20188 ns, Cleanup: 16772 ns, At safepoint: 5059 ns, Total: 42019 ns
[2024-03-07T18:53:30.532+0000][1][safepoint   ] Safepoint "Cleanup", Time since last: 21026492546 ns, Reaching safepoint: 68298 ns, Cleanup: 18585 ns, At safepoint: 5631 ns, Total: 92514 ns
[2024-03-07T18:53:38.534+0000][1][safepoint   ] Safepoint "Cleanup", Time since last: 8002380393 ns, Reaching safepoint: 65062 ns, Cleanup: 17233 ns, At safepoint: 5520 ns, Total: 87815 ns
[2024-03-07T18:53:56.536+0000][1][safepoint   ] Safepoint "Cleanup", Time since last: 18001609701 ns, Reaching safepoint: 67637 ns, Cleanup: 14818 ns, At safepoint: 5510 ns, Total: 87965 ns
[2024-03-07T18:53:57.536+0000][1][safepoint   ] Safepoint "Cleanup", Time since last: 1000170205 ns, Reaching safepoint: 68328 ns, Cleanup: 14708 ns, At safepoint: 5701 ns, Total: 88737 ns
[2024-03-07T18:53:59.537+0000][1][safepoint   ] Safepoint "Cleanup", Time since last: 2000540792 ns, Reaching safepoint: 19977 ns, Cleanup: 18766 ns, At safepoint: 5590 ns, Total: 44333 ns
[2024-03-07T18:54:01.537+0000][1][safepoint   ] Safepoint "Cleanup", Time since last: 2000274576 ns, Reaching safepoint: 17052 ns, Cleanup: 10731 ns, At safepoint: 4889 ns, Total: 32672 ns
[2024-03-07T18:54:06.538+0000][1][safepoint   ] Safepoint "Cleanup", Time since last: 5000857630 ns, Reaching safepoint: 19526 ns, Cleanup: 35036 ns, At safepoint: 5991 ns, Total: 60553 ns
[2024-03-07T18:54:11.539+0000][1][safepoint   ] Safepoint "Cleanup", Time since last: 5000841744 ns, Reaching safepoint: 66896 ns, Cleanup: 14627 ns, At safepoint: 5420 ns, Total: 86943 ns
[2024-03-07T18:54:26.576+0000][1][safepoint   ] Safepoint "Cleanup", Time since last: 15036659332 ns, Reaching safepoint: 19827 ns, Cleanup: 14357 ns, At safepoint: 4959 ns, Total: 39143 ns
[2024-03-07T18:54:36.577+0000][1][safepoint   ] Safepoint "Cleanup", Time since last: 10001486841 ns, Reaching safepoint: 64771 ns, Cleanup: 14517 ns, At safepoint: 5521 ns, Total: 84809 ns
[2024-03-07T18:54:38.578+0000][1][safepoint   ] Safepoint "Cleanup", Time since last: 2000495363 ns, Reaching safepoint: 67336 ns, Cleanup: 21190 ns, At safepoint: 5871 ns, Total: 94397 ns
[2024-03-07T18:54:41.578+0000][1][safepoint   ] Safepoint "Cleanup", Time since last: 3000367382 ns, Reaching safepoint: 20128 ns, Cleanup: 21631 ns, At safepoint: 5650 ns, Total: 47409 ns
[2024-03-07T18:54:46.580+0000][1][safepoint   ] Safepoint "Cleanup", Time since last: 5001273312 ns, Reaching safepoint: 58380 ns, Cleanup: 16491 ns, At safepoint: 5470 ns, Total: 80341 ns
[2024-03-07T18:55:38.586+0000][1][safepoint   ] Safepoint "Cleanup", Time since last: 52006670871 ns, Reaching safepoint: 58109 ns, Cleanup: 14668 ns, At safepoint: 17032 ns, Total: 89809 ns
[2024-03-07T18:55:51.365+0000][1][safepoint   ] Safepoint "Cleanup", Time since last: 12778633824 ns, Reaching safepoint: 32511 ns, Cleanup: 9668 ns, At safepoint: 4309 ns, Total: 46488 ns
[2024-03-07T18:55:52.368+0000][1][safepoint   ] Safepoint "Cleanup", Time since last: 1002763820 ns, Reaching safepoint: 92183 ns, Cleanup: 44653 ns, At safepoint: 17243 ns, Total: 154079 ns
[2024-03-07T18:56:00.369+0000][1][safepoint   ] Safepoint "Cleanup", Time since last: 8001025789 ns, Reaching safepoint: 64030 ns, Cleanup: 17042 ns, At safepoint: 17613 ns, Total: 98685 ns
[2024-03-07T18:56:27.373+0000][1][safepoint   ] Safepoint "Cleanup", Time since last: 27004257424 ns, Reaching safepoint: 20088 ns, Cleanup: 20999 ns, At safepoint: 5962 ns, Total: 47049 ns
[2024-03-07T18:56:32.375+0000][1][safepoint   ] Safepoint "Cleanup", Time since last: 5001779780 ns, Reaching safepoint: 67266 ns, Cleanup: 32972 ns, At safepoint: 6011 ns, Total: 106249 ns
[2024-03-07T18:56:47.377+0000][1][safepoint   ] Safepoint "Cleanup", Time since last: 15001707799 ns, Reaching safepoint: 64090 ns, Cleanup: 18104 ns, At safepoint: 5631 ns, Total: 87825 ns
[2024-03-07T18:56:52.378+0000][1][safepoint   ] Safepoint "Cleanup", Time since last: 5000818707 ns, Reaching safepoint: 20078 ns, Cleanup: 28753 ns, At safepoint: 5922 ns, Total: 54753 ns
[2024-03-07T18:57:22.385+0000][1][safepoint   ] Safepoint "Cleanup", Time since last: 30007315286 ns, Reaching safepoint: 62277 ns, Cleanup: 18575 ns, At safepoint: 5430 ns, Total: 86282 ns
[2024-03-07T18:57:27.386+0000][1][safepoint   ] Safepoint "Cleanup", Time since last: 5000709489 ns, Reaching safepoint: 20198 ns, Cleanup: 18094 ns, At safepoint: 53470 ns, Total: 91762 ns
[2024-03-07T18:57:31.623+0000][1][gc,start    ] GC(14) Pause Young (Prepare Mixed) (G1 Evacuation Pause)
[2024-03-07T18:57:31.623+0000][1][gc,task     ] GC(14) Using 10 workers of 10 for evacuation
[2024-03-07T18:57:31.623+0000][1][gc,age      ] GC(14) Desired survivor size 40370176 bytes, new threshold 15 (max threshold 15)
[2024-03-07T18:57:31.664+0000][1][gc,phases   ] GC(14)   Pre Evacuate Collection Set: 0.6ms
[2024-03-07T18:57:31.664+0000][1][gc,phases   ] GC(14)   Merge Heap Roots: 0.2ms
[2024-03-07T18:57:31.664+0000][1][gc,phases   ] GC(14)   Evacuate Collection Set: 37.5ms
[2024-03-07T18:57:31.664+0000][1][gc,phases   ] GC(14)   Post Evacuate Collection Set: 2.5ms
[2024-03-07T18:57:31.664+0000][1][gc,phases   ] GC(14)   Other: 0.3ms
[2024-03-07T18:57:31.664+0000][1][gc,age      ] GC(14) Age table with threshold 15 (max threshold 15)
[2024-03-07T18:57:31.664+0000][1][gc,age      ] GC(14) - age   1:    2098504 bytes,    2098504 total
[2024-03-07T18:57:31.664+0000][1][gc,age      ] GC(14) - age   2:      30360 bytes,    2128864 total
[2024-03-07T18:57:31.664+0000][1][gc,age      ] GC(14) - age   3:    4903608 bytes,    7032472 total
[2024-03-07T18:57:31.664+0000][1][gc,age      ] GC(14) - age   4:   14669904 bytes,   21702376 total
[2024-03-07T18:57:31.664+0000][1][gc,age      ] GC(14) - age   5:     122064 bytes,   21824440 total
[2024-03-07T18:57:31.664+0000][1][gc,age      ] GC(14) - age   6:      54936 bytes,   21879376 total
[2024-03-07T18:57:31.664+0000][1][gc,age      ] GC(14) - age   7:    6716568 bytes,   28595944 total
[2024-03-07T18:57:31.664+0000][1][gc,age      ] GC(14) - age   8:     913992 bytes,   29509936 total
[2024-03-07T18:57:31.664+0000][1][gc,age      ] GC(14) - age   9:     786920 bytes,   30296856 total
[2024-03-07T18:57:31.664+0000][1][gc,age      ] GC(14) - age  10:    1066560 bytes,   31363416 total
[2024-03-07T18:57:31.664+0000][1][gc,heap     ] GC(14) Eden regions: 583->0(580)
[2024-03-07T18:57:31.664+0000][1][gc,heap     ] GC(14) Survivor regions: 31->34(77)
[2024-03-07T18:57:31.664+0000][1][gc,heap     ] GC(14) Old regions: 8->8
[2024-03-07T18:57:31.664+0000][1][gc,heap     ] GC(14) Humongous regions: 13->3
[2024-03-07T18:57:31.664+0000][1][gc,metaspace] GC(14) Metaspace: 95868K(97472K)->95868K(97472K) NonClass: 83631K(84480K)->83631K(84480K) Class: 12237K(12992K)->12237K(12992K)
[2024-03-07T18:57:31.664+0000][1][gc          ] GC(14) Pause Young (Prepare Mixed) (G1 Evacuation Pause) 634M->43M(1024M) 41.573ms
[2024-03-07T18:57:31.664+0000][1][gc,cpu      ] GC(14) User=0.17s Sys=0.04s Real=0.05s
[2024-03-07T18:57:31.664+0000][1][safepoint   ] Safepoint "G1CollectForAllocation", Time since last: 4236527165 ns, Reaching safepoint: 65082 ns, Cleanup: 5922 ns, At safepoint: 41755350 ns, Total: 41826354 ns
[2024-03-07T18:57:39.667+0000][1][safepoint   ] Safepoint "Cleanup", Time since last: 8002516743 ns, Reaching safepoint: 68077 ns, Cleanup: 15449 ns, At safepoint: 16882 ns, Total: 100408 ns
[2024-03-07T18:57:40.667+0000][1][safepoint   ] Safepoint "Cleanup", Time since last: 1000160917 ns, Reaching safepoint: 19817 ns, Cleanup: 52088 ns, At safepoint: 6722 ns, Total: 78627 ns
[2024-03-07T18:57:45.668+0000][1][safepoint   ] Safepoint "Cleanup", Time since last: 5000650646 ns, Reaching safepoint: 49203 ns, Cleanup: 13655 ns, At safepoint: 11552 ns, Total: 74410 ns
[2024-03-07T18:57:47.668+0000][1][safepoint   ] Safepoint "Cleanup", Time since last: 2000218062 ns, Reaching safepoint: 20328 ns, Cleanup: 15128 ns, At safepoint: 5981 ns, Total: 41437 ns
[2024-03-07T18:57:52.669+0000][1][safepoint   ] Safepoint "Cleanup", Time since last: 5000683565 ns, Reaching safepoint: 69501 ns, Cleanup: 22412 ns, At safepoint: 6011 ns, Total: 97924 ns
[2024-03-07T18:57:57.670+0000][1][safepoint   ] Safepoint "Cleanup", Time since last: 5000843825 ns, Reaching safepoint: 63730 ns, Cleanup: 14106 ns, At safepoint: 5060 ns, Total: 82896 ns
[2024-03-07T18:58:32.677+0000][1][safepoint   ] Safepoint "Cleanup", Time since last: 35006673939 ns, Reaching safepoint: 62207 ns, Cleanup: 14447 ns, At safepoint: 5139 ns, Total: 81793 ns
[2024-03-07T18:58:39.679+0000][1][safepoint   ] Safepoint "Cleanup", Time since last: 7001874089 ns, Reaching safepoint: 68598 ns, Cleanup: 19818 ns, At safepoint: 5320 ns, Total: 93736 ns
[2024-03-07T18:58:42.680+0000][1][safepoint   ] Safepoint "Cleanup", Time since last: 3001078327 ns, Reaching safepoint: 68509 ns, Cleanup: 15299 ns, At safepoint: 17122 ns, Total: 100930 ns
[2024-03-07T18:58:55.683+0000][1][safepoint   ] Safepoint "Cleanup", Time since last: 13002591417 ns, Reaching safepoint: 38472 ns, Cleanup: 10761 ns, At safepoint: 4007 ns, Total: 53240 ns
[2024-03-07T18:59:02.684+0000][1][safepoint   ] Safepoint "Cleanup", Time since last: 7001804884 ns, Reaching safepoint: 67576 ns, Cleanup: 31740 ns, At safepoint: 16841 ns, Total: 116157 ns
[2024-03-07T18:59:17.686+0000][1][safepoint   ] Safepoint "Cleanup", Time since last: 15001850668 ns, Reaching safepoint: 64301 ns, Cleanup: 15429 ns, At safepoint: 16972 ns, Total: 96702 ns
[2024-03-07T18:59:47.691+0000][1][safepoint   ] Safepoint "Cleanup", Time since last: 30004465161 ns, Reaching safepoint: 92584 ns, Cleanup: 23895 ns, At safepoint: 16821 ns, Total: 133300 ns
[2024-03-07T19:00:00.692+0000][1][safepoint   ] Safepoint "Cleanup", Time since last: 13001009059 ns, Reaching safepoint: 26239 ns, Cleanup: 15730 ns, At safepoint: 6151 ns, Total: 48120 ns
[2024-03-07T19:00:17.697+0000][1][safepoint   ] Safepoint "Cleanup", Time since last: 17004886427 ns, Reaching safepoint: 73317 ns, Cleanup: 14828 ns, At safepoint: 5641 ns, Total: 93786 ns
[2024-03-07T19:01:07.801+0000][1][safepoint   ] Safepoint "Cleanup", Time since last: 50103635573 ns, Reaching safepoint: 51256 ns, Cleanup: 14557 ns, At safepoint: 9558 ns, Total: 75371 ns
[2024-03-07T19:01:32.821+0000][1][safepoint   ] Safepoint "Cleanup", Time since last: 25020146896 ns, Reaching safepoint: 57829 ns, Cleanup: 24025 ns, At safepoint: 5690 ns, Total: 87544 ns
[2024-03-07T19:01:42.822+0000][1][safepoint   ] Safepoint "Cleanup", Time since last: 10000772062 ns, Reaching safepoint: 24206 ns, Cleanup: 24956 ns, At safepoint: 6392 ns, Total: 55554 ns
[2024-03-07T19:01:47.822+0000][1][safepoint   ] Safepoint "Cleanup", Time since last: 5000410788 ns, Reaching safepoint: 43872 ns, Cleanup: 11482 ns, At safepoint: 9928 ns, Total: 65282 ns
[2024-03-07T19:02:02.824+0000][1][safepoint   ] Safepoint "Cleanup", Time since last: 15001123210 ns, Reaching safepoint: 62458 ns, Cleanup: 14497 ns, At safepoint: 5831 ns, Total: 82786 ns
[2024-03-07T19:02:11.824+0000][1][safepoint   ] Safepoint "Cleanup", Time since last: 9000876308 ns, Reaching safepoint: 53280 ns, Cleanup: 12333 ns, At safepoint: 16731 ns, Total: 82344 ns
[2024-03-07T19:02:30.837+0000][1][safepoint   ] Safepoint "Cleanup", Time since last: 19012653634 ns, Reaching safepoint: 45595 ns, Cleanup: 12744 ns, At safepoint: 3186 ns, Total: 61525 ns
[2024-03-07T19:02:39.838+0000][1][safepoint   ] Safepoint "Cleanup", Time since last: 9000755145 ns, Reaching safepoint: 40907 ns, Cleanup: 14266 ns, At safepoint: 3407 ns, Total: 58580 ns
[2024-03-07T19:03:22.845+0000][1][safepoint   ] Safepoint "Cleanup", Time since last: 43006653697 ns, Reaching safepoint: 53270 ns, Cleanup: 11922 ns, At safepoint: 12744 ns, Total: 77936 ns
[2024-03-07T19:03:30.846+0000][1][safepoint   ] Safepoint "Cleanup", Time since last: 8000688484 ns, Reaching safepoint: 60032 ns, Cleanup: 13866 ns, At safepoint: 6122 ns, Total: 80020 ns
[2024-03-07T19:03:39.847+0000][1][safepoint   ] Safepoint "Cleanup", Time since last: 9001513974 ns, Reaching safepoint: 69781 ns, Cleanup: 15459 ns, At safepoint: 6052 ns, Total: 91292 ns
[2024-03-07T19:04:00.851+0000][1][safepoint   ] Safepoint "Cleanup", Time since last: 21003612681 ns, Reaching safepoint: 64130 ns, Cleanup: 15509 ns, At safepoint: 17654 ns, Total: 97293 ns
[2024-03-07T19:04:28.892+0000][1][safepoint   ] Safepoint "Cleanup", Time since last: 28040815399 ns, Reaching safepoint: 66354 ns, Cleanup: 21821 ns, At safepoint: 6763 ns, Total: 94938 ns
[2024-03-07T19:04:30.892+0000][1][safepoint   ] Safepoint "Cleanup", Time since last: 2000208321 ns, Reaching safepoint: 56055 ns, Cleanup: 18084 ns, At safepoint: 16902 ns, Total: 91041 ns
[2024-03-07T19:04:38.893+0000][1][safepoint   ] Safepoint "Cleanup", Time since last: 8001203936 ns, Reaching safepoint: 67547 ns, Cleanup: 16070 ns, At safepoint: 6181 ns, Total: 89798 ns
[2024-03-07T19:04:48.896+0000][1][safepoint   ] Safepoint "Cleanup", Time since last: 10002799484 ns, Reaching safepoint: 68018 ns, Cleanup: 14627 ns, At safepoint: 18184 ns, Total: 100829 ns
[2024-03-07T19:05:04.899+0000][1][safepoint   ] Safepoint "Cleanup", Time since last: 16002294571 ns, Reaching safepoint: 70453 ns, Cleanup: 14727 ns, At safepoint: 5721 ns, Total: 90901 ns
[2024-03-07T19:05:06.899+0000][1][safepoint   ] Safepoint "Cleanup", Time since last: 2000286228 ns, Reaching safepoint: 20258 ns, Cleanup: 18305 ns, At safepoint: 6312 ns, Total: 44875 ns
[2024-03-07T19:05:08.899+0000][1][safepoint   ] Safepoint "Cleanup", Time since last: 2000260016 ns, Reaching safepoint: 70092 ns, Cleanup: 14707 ns, At safepoint: 6092 ns, Total: 90891 ns
[2024-03-07T19:05:18.901+0000][1][safepoint   ] Safepoint "Cleanup", Time since last: 10001131418 ns, Reaching safepoint: 69992 ns, Cleanup: 16060 ns, At safepoint: 17983 ns, Total: 104035 ns
[2024-03-07T19:05:38.939+0000][1][safepoint   ] Safepoint "Cleanup", Time since last: 20038687517 ns, Reaching safepoint: 57919 ns, Cleanup: 13746 ns, At safepoint: 15318 ns, Total: 86983 ns
[2024-03-07T19:05:39.939+0000][1][safepoint   ] Safepoint "Cleanup", Time since last: 1000118398 ns, Reaching safepoint: 20318 ns, Cleanup: 23644 ns, At safepoint: 4007 ns, Total: 47969 ns
[2024-03-07T19:05:53.943+0000][1][safepoint   ] Safepoint "Cleanup", Time since last: 14003703464 ns, Reaching safepoint: 68258 ns, Cleanup: 17183 ns, At safepoint: 18024 ns, Total: 103465 ns
[2024-03-07T19:05:58.945+0000][1][safepoint   ] Safepoint "Cleanup", Time since last: 5001203712 ns, Reaching safepoint: 67436 ns, Cleanup: 13656 ns, At safepoint: 5500 ns, Total: 86592 ns
[2024-03-07T19:06:23.950+0000][1][safepoint   ] Safepoint "Cleanup", Time since last: 25004934754 ns, Reaching safepoint: 59661 ns, Cleanup: 17413 ns, At safepoint: 5240 ns, Total: 82314 ns
[2024-03-07T19:06:40.953+0000][1][safepoint   ] Safepoint "Cleanup", Time since last: 17002926628 ns, Reaching safepoint: 92564 ns, Cleanup: 21430 ns, At safepoint: 16371 ns, Total: 130365 ns
[2024-03-07T19:06:43.954+0000][1][safepoint   ] Safepoint "Cleanup", Time since last: 3000994633 ns, Reaching safepoint: 16591 ns, Cleanup: 12794 ns, At safepoint: 2996 ns, Total: 32381 ns
[2024-03-07T19:06:48.955+0000][1][safepoint   ] Safepoint "Cleanup", Time since last: 5000802653 ns, Reaching safepoint: 68048 ns, Cleanup: 19747 ns, At safepoint: 5791 ns, Total: 93586 ns
[2024-03-07T19:06:58.957+0000][1][safepoint   ] Safepoint "Cleanup", Time since last: 10002507300 ns, Reaching safepoint: 64131 ns, Cleanup: 20258 ns, At safepoint: 6021 ns, Total: 90410 ns
[2024-03-07T19:07:00.958+0000][1][safepoint   ] Safepoint "Cleanup", Time since last: 2001017045 ns, Reaching safepoint: 20569 ns, Cleanup: 14347 ns, At safepoint: 5871 ns, Total: 40787 ns
[2024-03-07T19:07:03.960+0000][1][safepoint   ] Safepoint "Cleanup", Time since last: 3001468507 ns, Reaching safepoint: 103364 ns, Cleanup: 14136 ns, At safepoint: 5350 ns, Total: 122850 ns
[2024-03-07T19:07:08.961+0000][1][safepoint   ] Safepoint "Cleanup", Time since last: 5001233919 ns, Reaching safepoint: 67977 ns, Cleanup: 16882 ns, At safepoint: 6232 ns, Total: 91091 ns
[2024-03-07T19:07:13.963+0000][1][safepoint   ] Safepoint "Cleanup", Time since last: 5001271300 ns, Reaching safepoint: 57027 ns, Cleanup: 13546 ns, At safepoint: 5410 ns, Total: 75983 ns
[2024-03-07T19:07:28.965+0000][1][safepoint   ] Safepoint "Cleanup", Time since last: 15002762228 ns, Reaching safepoint: 63500 ns, Cleanup: 18033 ns, At safepoint: 15720 ns, Total: 97253 ns
[2024-03-07T19:07:31.966+0000][1][safepoint   ] Safepoint "Cleanup", Time since last: 3000627540 ns, Reaching safepoint: 17804 ns, Cleanup: 15549 ns, At safepoint: 5821 ns, Total: 39174 ns
[2024-03-07T19:07:38.967+0000][1][safepoint   ] Safepoint "Cleanup", Time since last: 7000612907 ns, Reaching safepoint: 53230 ns, Cleanup: 14497 ns, At safepoint: 5119 ns, Total: 72846 ns
[2024-03-07T19:07:40.967+0000][1][safepoint   ] Safepoint "Cleanup", Time since last: 2000183162 ns, Reaching safepoint: 17843 ns, Cleanup: 18254 ns, At safepoint: 5120 ns, Total: 41217 ns
[2024-03-07T19:07:48.968+0000][1][safepoint   ] Safepoint "Cleanup", Time since last: 8000787078 ns, Reaching safepoint: 54503 ns, Cleanup: 12653 ns, At safepoint: 5471 ns, Total: 72627 ns
[2024-03-07T19:07:53.969+0000][1][safepoint   ] Safepoint "Cleanup", Time since last: 5000662790 ns, Reaching safepoint: 43462 ns, Cleanup: 12383 ns, At safepoint: 3206 ns, Total: 59051 ns
[2024-03-07T19:07:58.969+0000][1][safepoint   ] Safepoint "Cleanup", Time since last: 5000391098 ns, Reaching safepoint: 27672 ns, Cleanup: 10490 ns, At safepoint: 3015 ns, Total: 41177 ns
[2024-03-07T19:08:03.970+0000][1][safepoint   ] Safepoint "Cleanup", Time since last: 5000668673 ns, Reaching safepoint: 39895 ns, Cleanup: 11642 ns, At safepoint: 3296 ns, Total: 54833 ns
[2024-03-07T19:08:06.971+0000][1][safepoint   ] Safepoint "Cleanup", Time since last: 3000757298 ns, Reaching safepoint: 58429 ns, Cleanup: 14127 ns, At safepoint: 5630 ns, Total: 78186 ns
[2024-03-07T19:08:08.971+0000][1][safepoint   ] Safepoint "Cleanup", Time since last: 2000243635 ns, Reaching safepoint: 16321 ns, Cleanup: 12473 ns, At safepoint: 3717 ns, Total: 32511 ns
[2024-03-07T19:08:13.972+0000][1][safepoint   ] Safepoint "Cleanup", Time since last: 5001168205 ns, Reaching safepoint: 59001 ns, Cleanup: 13856 ns, At safepoint: 5690 ns, Total: 78547 ns
[2024-03-07T19:08:18.974+0000][1][safepoint   ] Safepoint "Cleanup", Time since last: 5001979697 ns, Reaching safepoint: 67697 ns, Cleanup: 15088 ns, At safepoint: 17763 ns, Total: 100548 ns
[2024-03-07T19:08:39.055+0000][1][safepoint   ] Safepoint "Cleanup", Time since last: 20081151473 ns, Reaching safepoint: 56797 ns, Cleanup: 15188 ns, At safepoint: 16431 ns, Total: 88416 ns
[2024-03-07T19:08:41.056+0000][1][safepoint   ] Safepoint "Cleanup", Time since last: 2000174217 ns, Reaching safepoint: 42981 ns, Cleanup: 12193 ns, At safepoint: 8526 ns, Total: 63700 ns
[2024-03-07T19:08:54.059+0000][1][safepoint   ] Safepoint "Cleanup", Time since last: 13003449653 ns, Reaching safepoint: 104727 ns, Cleanup: 18785 ns, At safepoint: 5781 ns, Total: 129293 ns
[2024-03-07T19:09:09.061+0000][1][safepoint   ] Safepoint "Cleanup", Time since last: 15001627730 ns, Reaching safepoint: 99657 ns, Cleanup: 15499 ns, At safepoint: 5390 ns, Total: 120546 ns
[2024-03-07T19:09:14.063+0000][1][safepoint   ] Safepoint "Cleanup", Time since last: 5001547779 ns, Reaching safepoint: 68248 ns, Cleanup: 15700 ns, At safepoint: 17793 ns, Total: 101741 ns
[2024-03-07T19:09:29.089+0000][1][safepoint   ] Safepoint "Cleanup", Time since last: 15026544825 ns, Reaching safepoint: 62147 ns, Cleanup: 15218 ns, At safepoint: 5941 ns, Total: 83306 ns
[2024-03-07T19:09:49.091+0000][1][safepoint   ] Safepoint "Cleanup", Time since last: 20001993739 ns, Reaching safepoint: 40806 ns, Cleanup: 11382 ns, At safepoint: 15168 ns, Total: 67356 ns
[2024-03-07T19:10:41.097+0000][1][safepoint   ] Safepoint "Cleanup", Time since last: 52005647988 ns, Reaching safepoint: 87204 ns, Cleanup: 13545 ns, At safepoint: 5480 ns, Total: 106229 ns
[2024-03-07T19:10:44.097+0000][1][safepoint   ] Safepoint "Cleanup", Time since last: 3000255343 ns, Reaching safepoint: 19526 ns, Cleanup: 18896 ns, At safepoint: 5961 ns, Total: 44383 ns
[2024-03-07T19:10:51.099+0000][1][safepoint   ] Safepoint "Cleanup", Time since last: 7001605465 ns, Reaching safepoint: 58019 ns, Cleanup: 18785 ns, At safepoint: 6422 ns, Total: 83226 ns
[2024-03-07T19:11:09.102+0000][1][safepoint   ] Safepoint "Cleanup", Time since last: 18003137361 ns, Reaching safepoint: 17493 ns, Cleanup: 42780 ns, At safepoint: 5650 ns, Total: 65923 ns
[2024-03-07T19:11:20.104+0000][1][safepoint   ] Safepoint "Cleanup", Time since last: 11001556751 ns, Reaching safepoint: 24837 ns, Cleanup: 25408 ns, At safepoint: 101971 ns, Total: 152216 ns
[2024-03-07T19:11:21.753+0000][1][safepoint   ] Safepoint "Cleanup", Time since last: 1649046319 ns, Reaching safepoint: 6553 ns, Cleanup: 56486 ns, At safepoint: 2895 ns, Total: 65934 ns
[2024-03-07T19:11:22.754+0000][1][safepoint   ] Safepoint "Cleanup", Time since last: 1000829793 ns, Reaching safepoint: 67286 ns, Cleanup: 18585 ns, At safepoint: 18104 ns, Total: 103975 ns
[2024-03-07T19:11:24.754+0000][1][safepoint   ] Safepoint "Cleanup", Time since last: 2000203540 ns, Reaching safepoint: 18735 ns, Cleanup: 32250 ns, At safepoint: 4288 ns, Total: 55273 ns
[2024-03-07T19:11:26.152+0000][1][safepoint   ] Safepoint "Cleanup", Time since last: 1398055025 ns, Reaching safepoint: 18304 ns, Cleanup: 84719 ns, At safepoint: 4989 ns, Total: 108012 ns
[2024-03-07T19:11:30.153+0000][1][safepoint   ] Safepoint "Cleanup", Time since last: 4000378508 ns, Reaching safepoint: 19838 ns, Cleanup: 16400 ns, At safepoint: 5260 ns, Total: 41498 ns
[2024-03-07T19:11:31.153+0000][1][safepoint   ] Safepoint "Cleanup", Time since last: 1000159184 ns, Reaching safepoint: 17993 ns, Cleanup: 13676 ns, At safepoint: 5410 ns, Total: 37079 ns
[2024-03-07T19:11:35.153+0000][1][safepoint   ] Safepoint "Cleanup", Time since last: 4000454245 ns, Reaching safepoint: 14928 ns, Cleanup: 10450 ns, At safepoint: 3386 ns, Total: 28764 ns
[2024-03-07T19:11:41.154+0000][1][safepoint   ] Safepoint "Cleanup", Time since last: 6000498235 ns, Reaching safepoint: 54472 ns, Cleanup: 13535 ns, At safepoint: 16331 ns, Total: 84338 ns
[2024-03-07T19:11:42.154+0000][1][safepoint   ] Safepoint "Cleanup", Time since last: 1000128948 ns, Reaching safepoint: 19918 ns, Cleanup: 14356 ns, At safepoint: 5912 ns, Total: 40186 ns
[2024-03-07T19:11:45.155+0000][1][safepoint   ] Safepoint "Cleanup", Time since last: 3000331288 ns, Reaching safepoint: 16791 ns, Cleanup: 12233 ns, At safepoint: 5761 ns, Total: 34785 ns
[2024-03-07T19:11:55.157+0000][1][safepoint   ] Safepoint "Cleanup", Time since last: 10001842328 ns, Reaching safepoint: 19256 ns, Cleanup: 14788 ns, At safepoint: 44063 ns, Total: 78107 ns
[2024-03-07T19:12:33.190+0000][1][safepoint   ] Safepoint "Cleanup", Time since last: 38033127321 ns, Reaching safepoint: 53350 ns, Cleanup: 13015 ns, At safepoint: 5039 ns, Total: 71404 ns
[2024-03-07T19:12:42.191+0000][1][safepoint   ] Safepoint "Cleanup", Time since last: 9001321441 ns, Reaching safepoint: 45706 ns, Cleanup: 10520 ns, At safepoint: 5009 ns, Total: 61235 ns
[2024-03-07T19:12:45.192+0000][1][safepoint   ] Safepoint "Cleanup", Time since last: 3000496227 ns, Reaching safepoint: 18074 ns, Cleanup: 16371 ns, At safepoint: 5650 ns, Total: 40095 ns
[2024-03-07T19:13:20.197+0000][1][safepoint   ] Safepoint "Cleanup", Time since last: 35005587679 ns, Reaching safepoint: 59592 ns, Cleanup: 14988 ns, At safepoint: 5701 ns, Total: 80281 ns
[2024-03-07T19:13:25.198+0000][1][safepoint   ] Safepoint "Cleanup", Time since last: 5000748178 ns, Reaching safepoint: 20148 ns, Cleanup: 15078 ns, At safepoint: 5410 ns, Total: 40636 ns
[2024-03-07T19:13:41.818+0000][1][safepoint   ] Safepoint "Cleanup", Time since last: 16619501625 ns, Reaching safepoint: 68208 ns, Cleanup: 19306 ns, At safepoint: 8476 ns, Total: 95990 ns
[2024-03-07T19:13:42.822+0000][1][safepoint   ] Safepoint "Cleanup", Time since last: 1003976365 ns, Reaching safepoint: 19105 ns, Cleanup: 46448 ns, At safepoint: 6392 ns, Total: 71945 ns
[2024-03-07T19:14:14.825+0000][1][safepoint   ] Safepoint "Cleanup", Time since last: 32003072907 ns, Reaching safepoint: 61916 ns, Cleanup: 14878 ns, At safepoint: 5911 ns, Total: 82705 ns
[2024-03-07T19:14:34.251+0000][1][safepoint   ] Safepoint "Cleanup", Time since last: 19425585061 ns, Reaching safepoint: 19216 ns, Cleanup: 52248 ns, At safepoint: 6362 ns, Total: 77826 ns
[2024-03-07T19:14:35.251+0000][1][safepoint   ] Safepoint "Cleanup", Time since last: 1000134608 ns, Reaching safepoint: 19056 ns, Cleanup: 14326 ns, At safepoint: 5681 ns, Total: 39063 ns
[2024-03-07T19:14:42.251+0000][1][safepoint   ] Safepoint "Cleanup", Time since last: 7000549167 ns, Reaching safepoint: 39233 ns, Cleanup: 15459 ns, At safepoint: 2916 ns, Total: 57608 ns
