[2024-03-07T16:53:25.862+0000][1][gc,init] CardTable entry size: 512
[2024-03-07T16:53:25.862+0000][1][gc     ] Using G1
[2024-03-07T16:53:25.880+0000][1][gc,init] Version: 21.0.2+13-LTS (release)
[2024-03-07T16:53:25.880+0000][1][gc,init] CPUs: 12 total, 12 available
[2024-03-07T16:53:25.880+0000][1][gc,init] Memory: 7867M
[2024-03-07T16:53:25.880+0000][1][gc,init] Large Page Support: Disabled
[2024-03-07T16:53:25.880+0000][1][gc,init] NUMA Support: Disabled
[2024-03-07T16:53:25.880+0000][1][gc,init] Compressed Oops: Enabled (32-bit)
[2024-03-07T16:53:25.880+0000][1][gc,init] Heap Region Size: 1M
[2024-03-07T16:53:25.880+0000][1][gc,init] Heap Min Capacity: 1G
[2024-03-07T16:53:25.880+0000][1][gc,init] Heap Initial Capacity: 1G
[2024-03-07T16:53:25.880+0000][1][gc,init] Heap Max Capacity: 1G
[2024-03-07T16:53:25.880+0000][1][gc,init] Pre-touch: Disabled
[2024-03-07T16:53:25.880+0000][1][gc,init] Parallel Workers: 10
[2024-03-07T16:53:25.880+0000][1][gc,init] Concurrent Workers: 3
[2024-03-07T16:53:25.880+0000][1][gc,init] Concurrent Refinement Workers: 10
[2024-03-07T16:53:25.880+0000][1][gc,init] Periodic GC: Disabled
[2024-03-07T16:53:25.880+0000][1][gc,metaspace] CDS archive(s) not mapped
[2024-03-07T16:53:25.880+0000][1][gc,metaspace] Compressed class space mapped at: 0x0000000100000000-0x0000000140000000, reserved size: 1073741824
[2024-03-07T16:53:25.880+0000][1][gc,metaspace] Narrow klass base: 0x0000000000000000, Narrow klass shift: 3, Narrow klass range: 0x140000000
[2024-03-07T16:53:26.955+0000][1][safepoint   ] Safepoint "Cleanup", Time since last: 1038230364 ns, Reaching safepoint: 3176 ns, Cleanup: 111729 ns, At safepoint: 2916 ns, Total: 117821 ns
[2024-03-07T16:53:27.310+0000][1][gc,start    ] GC(0) Pause Young (Concurrent Start) (Metadata GC Threshold)
[2024-03-07T16:53:27.314+0000][1][gc,task     ] GC(0) Using 10 workers of 10 for evacuation
[2024-03-07T16:53:27.314+0000][1][gc,age      ] GC(0) Desired survivor size 3670016 bytes, new threshold 15 (max threshold 15)
[2024-03-07T16:53:27.340+0000][1][gc,phases   ] GC(0)   Pre Evacuate Collection Set: 0.3ms
[2024-03-07T16:53:27.340+0000][1][gc,phases   ] GC(0)   Merge Heap Roots: 0.1ms
[2024-03-07T16:53:27.340+0000][1][gc,phases   ] GC(0)   Evacuate Collection Set: 23.5ms
[2024-03-07T16:53:27.340+0000][1][gc,phases   ] GC(0)   Post Evacuate Collection Set: 2.3ms
[2024-03-07T16:53:27.340+0000][1][gc,phases   ] GC(0)   Other: 4.2ms
[2024-03-07T16:53:27.341+0000][1][gc,age      ] GC(0) Age table with threshold 15 (max threshold 15)
[2024-03-07T16:53:27.341+0000][1][gc,age      ] GC(0) - age   1:    7092352 bytes,    7092352 total
[2024-03-07T16:53:27.341+0000][1][gc,heap     ] GC(0) Eden regions: 39->0(44)
[2024-03-07T16:53:27.341+0000][1][gc,heap     ] GC(0) Survivor regions: 0->7(7)
[2024-03-07T16:53:27.341+0000][1][gc,heap     ] GC(0) Old regions: 0->1
[2024-03-07T16:53:27.341+0000][1][gc,heap     ] GC(0) Humongous regions: 3->3
[2024-03-07T16:53:27.341+0000][1][gc,metaspace] GC(0) Metaspace: 21253K(21504K)->21253K(21504K) NonClass: 19005K(19136K)->19005K(19136K) Class: 2248K(2368K)->2248K(2368K)
[2024-03-07T16:53:27.341+0000][1][gc          ] GC(0) Pause Young (Concurrent Start) (Metadata GC Threshold) 42M->10M(1024M) 30.877ms
[2024-03-07T16:53:27.341+0000][1][gc,cpu      ] GC(0) User=0.05s Sys=0.01s Real=0.03s
[2024-03-07T16:53:27.341+0000][1][safepoint   ] Safepoint "CollectForMetadataAllocation", Time since last: 354515793 ns, Reaching safepoint: 7925 ns, Cleanup: 98875 ns, At safepoint: 31015256 ns, Total: 31122056 ns
[2024-03-07T16:53:27.341+0000][1][gc          ] GC(1) Concurrent Mark Cycle
[2024-03-07T16:53:27.341+0000][1][gc,marking  ] GC(1) Concurrent Scan Root Regions
[2024-03-07T16:53:27.344+0000][1][gc,marking  ] GC(1) Concurrent Scan Root Regions 2.833ms
[2024-03-07T16:53:27.344+0000][1][gc,marking  ] GC(1) Concurrent Mark
[2024-03-07T16:53:27.344+0000][1][gc,marking  ] GC(1) Concurrent Mark From Roots
[2024-03-07T16:53:27.344+0000][1][gc,task     ] GC(1) Using 3 workers of 3 for marking
[2024-03-07T16:53:27.345+0000][1][gc,marking  ] GC(1) Concurrent Mark From Roots 1.570ms
[2024-03-07T16:53:27.345+0000][1][gc,marking  ] GC(1) Concurrent Preclean
[2024-03-07T16:53:27.345+0000][1][gc,marking  ] GC(1) Concurrent Preclean 0.018ms
[2024-03-07T16:53:27.346+0000][1][gc,start    ] GC(1) Pause Remark
[2024-03-07T16:53:27.349+0000][1][gc          ] GC(1) Pause Remark 10M->10M(1024M) 2.636ms
[2024-03-07T16:53:27.349+0000][1][gc,cpu      ] GC(1) User=0.00s Sys=0.00s Real=0.00s
[2024-03-07T16:53:27.349+0000][1][safepoint   ] Safepoint "G1PauseRemark", Time since last: 4684957 ns, Reaching safepoint: 523081 ns, Cleanup: 3938 ns, At safepoint: 2709853 ns, Total: 3236872 ns
[2024-03-07T16:53:27.349+0000][1][gc,marking  ] GC(1) Concurrent Mark 5.140ms
[2024-03-07T16:53:27.349+0000][1][gc,marking  ] GC(1) Concurrent Rebuild Remembered Sets and Scrub Regions
[2024-03-07T16:53:27.350+0000][1][gc,marking  ] GC(1) Concurrent Rebuild Remembered Sets and Scrub Regions 0.769ms
[2024-03-07T16:53:27.352+0000][1][gc,start    ] GC(1) Pause Cleanup
[2024-03-07T16:53:27.352+0000][1][gc          ] GC(1) Pause Cleanup 10M->10M(1024M) 0.238ms
[2024-03-07T16:53:27.352+0000][1][gc,cpu      ] GC(1) User=0.00s Sys=0.00s Real=0.00s
[2024-03-07T16:53:27.352+0000][1][safepoint   ] Safepoint "G1PauseCleanup", Time since last: 1019121 ns, Reaching safepoint: 2096562 ns, Cleanup: 4008 ns, At safepoint: 347422 ns, Total: 2447992 ns
[2024-03-07T16:53:27.352+0000][1][gc,marking  ] GC(1) Concurrent Clear Claimed Marks
[2024-03-07T16:53:27.352+0000][1][gc,marking  ] GC(1) Concurrent Clear Claimed Marks 0.037ms
[2024-03-07T16:53:27.352+0000][1][gc,marking  ] GC(1) Concurrent Cleanup for Next Mark
[2024-03-07T16:53:27.359+0000][1][gc,marking  ] GC(1) Concurrent Cleanup for Next Mark 6.693ms
[2024-03-07T16:53:27.359+0000][1][gc          ] GC(1) Concurrent Mark Cycle 18.183ms
[2024-03-07T16:53:28.118+0000][1][gc,start    ] GC(2) Pause Young (Normal) (G1 Evacuation Pause)
[2024-03-07T16:53:28.118+0000][1][gc,task     ] GC(2) Using 10 workers of 10 for evacuation
[2024-03-07T16:53:28.118+0000][1][gc,age      ] GC(2) Desired survivor size 3670016 bytes, new threshold 1 (max threshold 15)
[2024-03-07T16:53:28.134+0000][1][gc,phases   ] GC(2)   Pre Evacuate Collection Set: 0.3ms
[2024-03-07T16:53:28.135+0000][1][gc,phases   ] GC(2)   Merge Heap Roots: 0.2ms
[2024-03-07T16:53:28.135+0000][1][gc,phases   ] GC(2)   Evacuate Collection Set: 15.1ms
[2024-03-07T16:53:28.135+0000][1][gc,phases   ] GC(2)   Post Evacuate Collection Set: 1.2ms
[2024-03-07T16:53:28.135+0000][1][gc,phases   ] GC(2)   Other: 0.1ms
[2024-03-07T16:53:28.135+0000][1][gc,age      ] GC(2) Age table with threshold 1 (max threshold 15)
[2024-03-07T16:53:28.135+0000][1][gc,age      ] GC(2) - age   1:    1272704 bytes,    1272704 total
[2024-03-07T16:53:28.135+0000][1][gc,heap     ] GC(2) Eden regions: 44->0(70)
[2024-03-07T16:53:28.135+0000][1][gc,heap     ] GC(2) Survivor regions: 7->2(7)
[2024-03-07T16:53:28.135+0000][1][gc,heap     ] GC(2) Old regions: 1->8
[2024-03-07T16:53:28.135+0000][1][gc,heap     ] GC(2) Humongous regions: 3->3
[2024-03-07T16:53:28.135+0000][1][gc,metaspace] GC(2) Metaspace: 29340K(29696K)->29340K(29696K) NonClass: 26161K(26368K)->26161K(26368K) Class: 3178K(3328K)->3178K(3328K)
[2024-03-07T16:53:28.135+0000][1][gc          ] GC(2) Pause Young (Normal) (G1 Evacuation Pause) 54M->12M(1024M) 17.219ms
[2024-03-07T16:53:28.135+0000][1][gc,cpu      ] GC(2) User=0.05s Sys=0.01s Real=0.02s
[2024-03-07T16:53:28.135+0000][1][safepoint   ] Safepoint "G1CollectForAllocation", Time since last: 765248132 ns, Reaching safepoint: 7524 ns, Cleanup: 115306 ns, At safepoint: 17294440 ns, Total: 17417270 ns
[2024-03-07T16:53:28.683+0000][1][gc,start    ] GC(3) Pause Young (Normal) (G1 Evacuation Pause)
[2024-03-07T16:53:28.684+0000][1][gc,task     ] GC(3) Using 10 workers of 10 for evacuation
[2024-03-07T16:53:28.684+0000][1][gc,age      ] GC(3) Desired survivor size 4718592 bytes, new threshold 15 (max threshold 15)
[2024-03-07T16:53:28.705+0000][1][gc,phases   ] GC(3)   Pre Evacuate Collection Set: 0.4ms
[2024-03-07T16:53:28.705+0000][1][gc,phases   ] GC(3)   Merge Heap Roots: 0.1ms
[2024-03-07T16:53:28.706+0000][1][gc,phases   ] GC(3)   Evacuate Collection Set: 19.9ms
[2024-03-07T16:53:28.706+0000][1][gc,phases   ] GC(3)   Post Evacuate Collection Set: 1.2ms
[2024-03-07T16:53:28.706+0000][1][gc,phases   ] GC(3)   Other: 0.2ms
[2024-03-07T16:53:28.706+0000][1][gc,age      ] GC(3) Age table with threshold 15 (max threshold 15)
[2024-03-07T16:53:28.706+0000][1][gc,age      ] GC(3) - age   1:    4366392 bytes,    4366392 total
[2024-03-07T16:53:28.706+0000][1][gc,age      ] GC(3) - age   2:    1219104 bytes,    5585496 total
[2024-03-07T16:53:28.706+0000][1][gc,heap     ] GC(3) Eden regions: 70->0(608)
[2024-03-07T16:53:28.706+0000][1][gc,heap     ] GC(3) Survivor regions: 2->6(9)
[2024-03-07T16:53:28.706+0000][1][gc,heap     ] GC(3) Old regions: 8->8
[2024-03-07T16:53:28.706+0000][1][gc,heap     ] GC(3) Humongous regions: 3->3
[2024-03-07T16:53:28.706+0000][1][gc,metaspace] GC(3) Metaspace: 32558K(32896K)->32558K(32896K) NonClass: 28936K(29120K)->28936K(29120K) Class: 3622K(3776K)->3622K(3776K)
[2024-03-07T16:53:28.706+0000][1][gc          ] GC(3) Pause Young (Normal) (G1 Evacuation Pause) 82M->16M(1024M) 22.321ms
[2024-03-07T16:53:28.706+0000][1][gc,cpu      ] GC(3) User=0.07s Sys=0.01s Real=0.03s
[2024-03-07T16:53:28.706+0000][1][safepoint   ] Safepoint "G1CollectForAllocation", Time since last: 548419297 ns, Reaching safepoint: 11652 ns, Cleanup: 184386 ns, At safepoint: 22447334 ns, Total: 22643372 ns
[2024-03-07T16:53:29.546+0000][1][gc,start    ] GC(4) Pause Young (Concurrent Start) (Metadata GC Threshold)
[2024-03-07T16:53:29.546+0000][1][gc,task     ] GC(4) Using 10 workers of 10 for evacuation
[2024-03-07T16:53:29.546+0000][1][gc,age      ] GC(4) Desired survivor size 40370176 bytes, new threshold 15 (max threshold 15)
[2024-03-07T16:53:29.556+0000][1][gc,phases   ] GC(4)   Pre Evacuate Collection Set: 0.5ms
[2024-03-07T16:53:29.556+0000][1][gc,phases   ] GC(4)   Merge Heap Roots: 0.1ms
[2024-03-07T16:53:29.556+0000][1][gc,phases   ] GC(4)   Evacuate Collection Set: 8.1ms
[2024-03-07T16:53:29.556+0000][1][gc,phases   ] GC(4)   Post Evacuate Collection Set: 1.2ms
[2024-03-07T16:53:29.556+0000][1][gc,phases   ] GC(4)   Other: 0.2ms
[2024-03-07T16:53:29.556+0000][1][gc,age      ] GC(4) Age table with threshold 15 (max threshold 15)
[2024-03-07T16:53:29.556+0000][1][gc,age      ] GC(4) - age   1:    1344720 bytes,    1344720 total
[2024-03-07T16:53:29.556+0000][1][gc,age      ] GC(4) - age   2:     958944 bytes,    2303664 total
[2024-03-07T16:53:29.556+0000][1][gc,age      ] GC(4) - age   3:    1206344 bytes,    3510008 total
[2024-03-07T16:53:29.557+0000][1][gc,heap     ] GC(4) Eden regions: 107->0(610)
[2024-03-07T16:53:29.557+0000][1][gc,heap     ] GC(4) Survivor regions: 6->4(77)
[2024-03-07T16:53:29.557+0000][1][gc,heap     ] GC(4) Old regions: 8->8
[2024-03-07T16:53:29.557+0000][1][gc,heap     ] GC(4) Humongous regions: 3->3
[2024-03-07T16:53:29.557+0000][1][gc,metaspace] GC(4) Metaspace: 35767K(36096K)->35767K(36096K) NonClass: 31760K(31936K)->31760K(31936K) Class: 4006K(4160K)->4006K(4160K)
[2024-03-07T16:53:29.557+0000][1][gc          ] GC(4) Pause Young (Concurrent Start) (Metadata GC Threshold) 123M->14M(1024M) 10.539ms
[2024-03-07T16:53:29.557+0000][1][gc          ] GC(5) Concurrent Mark Cycle
[2024-03-07T16:53:29.557+0000][1][gc,marking  ] GC(5) Concurrent Scan Root Regions
[2024-03-07T16:53:29.558+0000][1][gc,cpu      ] GC(4) User=0.03s Sys=0.00s Real=0.01s
[2024-03-07T16:53:29.558+0000][1][safepoint   ] Safepoint "CollectForMetadataAllocation", Time since last: 839955010 ns, Reaching safepoint: 12753 ns, Cleanup: 203392 ns, At safepoint: 11868492 ns, Total: 12084637 ns
[2024-03-07T16:53:29.558+0000][1][gc,marking  ] GC(5) Concurrent Scan Root Regions 1.695ms
[2024-03-07T16:53:29.558+0000][1][gc,marking  ] GC(5) Concurrent Mark
[2024-03-07T16:53:29.558+0000][1][gc,marking  ] GC(5) Concurrent Mark From Roots
[2024-03-07T16:53:29.558+0000][1][gc,task     ] GC(5) Using 3 workers of 3 for marking
[2024-03-07T16:53:29.563+0000][1][gc,marking  ] GC(5) Concurrent Mark From Roots 4.948ms
[2024-03-07T16:53:29.563+0000][1][gc,marking  ] GC(5) Concurrent Preclean
[2024-03-07T16:53:29.563+0000][1][gc,marking  ] GC(5) Concurrent Preclean 0.057ms
[2024-03-07T16:53:29.564+0000][1][gc,start    ] GC(5) Pause Remark
[2024-03-07T16:53:29.566+0000][1][gc          ] GC(5) Pause Remark 15M->15M(1024M) 2.495ms
[2024-03-07T16:53:29.566+0000][1][gc,cpu      ] GC(5) User=0.00s Sys=0.00s Real=0.01s
[2024-03-07T16:53:29.566+0000][1][safepoint   ] Safepoint "G1PauseRemark", Time since last: 5639297 ns, Reaching safepoint: 142347 ns, Cleanup: 8075 ns, At safepoint: 2599696 ns, Total: 2750118 ns
[2024-03-07T16:53:29.566+0000][1][gc,marking  ] GC(5) Concurrent Mark 7.912ms
[2024-03-07T16:53:29.566+0000][1][gc,marking  ] GC(5) Concurrent Rebuild Remembered Sets and Scrub Regions
[2024-03-07T16:53:29.568+0000][1][gc,marking  ] GC(5) Concurrent Rebuild Remembered Sets and Scrub Regions 1.628ms
[2024-03-07T16:53:29.568+0000][1][gc,start    ] GC(5) Pause Cleanup
[2024-03-07T16:53:29.568+0000][1][gc          ] GC(5) Pause Cleanup 15M->15M(1024M) 0.250ms
[2024-03-07T16:53:29.568+0000][1][gc,cpu      ] GC(5) User=0.00s Sys=0.00s Real=0.00s
[2024-03-07T16:53:29.568+0000][1][safepoint   ] Safepoint "G1PauseCleanup", Time since last: 1792022 ns, Reaching safepoint: 76844 ns, Cleanup: 4047 ns, At safepoint: 302638 ns, Total: 383529 ns
[2024-03-07T16:53:29.568+0000][1][gc,marking  ] GC(5) Concurrent Clear Claimed Marks
[2024-03-07T16:53:29.569+0000][1][gc,marking  ] GC(5) Concurrent Clear Claimed Marks 0.043ms
[2024-03-07T16:53:29.569+0000][1][gc,marking  ] GC(5) Concurrent Cleanup for Next Mark
[2024-03-07T16:53:29.572+0000][1][gc,marking  ] GC(5) Concurrent Cleanup for Next Mark 3.400ms
[2024-03-07T16:53:29.572+0000][1][gc          ] GC(5) Concurrent Mark Cycle 15.440ms
[2024-03-07T16:53:30.394+0000][1][safepoint   ] Safepoint "ICBufferFull", Time since last: 825543027 ns, Reaching safepoint: 7454 ns, Cleanup: 152697 ns, At safepoint: 3086 ns, Total: 163237 ns
[2024-03-07T16:53:31.427+0000][1][safepoint   ] Safepoint "ICBufferFull", Time since last: 1032667108 ns, Reaching safepoint: 9588 ns, Cleanup: 175830 ns, At safepoint: 4789 ns, Total: 190207 ns
[2024-03-07T16:53:31.940+0000][1][gc,start    ] GC(6) Pause Young (Prepare Mixed) (Metadata GC Threshold)
[2024-03-07T16:53:31.941+0000][1][gc,task     ] GC(6) Using 10 workers of 10 for evacuation
[2024-03-07T16:53:31.941+0000][1][gc,age      ] GC(6) Desired survivor size 40370176 bytes, new threshold 15 (max threshold 15)
[2024-03-07T16:53:31.973+0000][1][gc,phases   ] GC(6)   Pre Evacuate Collection Set: 0.3ms
[2024-03-07T16:53:31.973+0000][1][gc,phases   ] GC(6)   Merge Heap Roots: 0.1ms
[2024-03-07T16:53:31.973+0000][1][gc,phases   ] GC(6)   Evacuate Collection Set: 24.9ms
[2024-03-07T16:53:31.973+0000][1][gc,phases   ] GC(6)   Post Evacuate Collection Set: 7.5ms
[2024-03-07T16:53:31.973+0000][1][gc,phases   ] GC(6)   Other: 0.1ms
[2024-03-07T16:53:31.974+0000][1][gc,age      ] GC(6) Age table with threshold 15 (max threshold 15)
[2024-03-07T16:53:31.974+0000][1][gc,age      ] GC(6) - age   1:    7811840 bytes,    7811840 total
[2024-03-07T16:53:31.974+0000][1][gc,age      ] GC(6) - age   2:    1302264 bytes,    9114104 total
[2024-03-07T16:53:31.974+0000][1][gc,age      ] GC(6) - age   3:     909176 bytes,   10023280 total
[2024-03-07T16:53:31.974+0000][1][gc,age      ] GC(6) - age   4:    1162120 bytes,   11185400 total
[2024-03-07T16:53:31.974+0000][1][gc,heap     ] GC(6) Eden regions: 91->0(602)
[2024-03-07T16:53:31.974+0000][1][gc,heap     ] GC(6) Survivor regions: 4->12(77)
[2024-03-07T16:53:31.974+0000][1][gc,heap     ] GC(6) Old regions: 8->8
[2024-03-07T16:53:31.974+0000][1][gc,heap     ] GC(6) Humongous regions: 3->3
[2024-03-07T16:53:31.974+0000][1][gc,metaspace] GC(6) Metaspace: 59717K(60288K)->59717K(60288K) NonClass: 52227K(52544K)->52227K(52544K) Class: 7490K(7744K)->7490K(7744K)
[2024-03-07T16:53:31.974+0000][1][gc          ] GC(6) Pause Young (Prepare Mixed) (Metadata GC Threshold) 105M->22M(1024M) 33.174ms
[2024-03-07T16:53:31.974+0000][1][gc,cpu      ] GC(6) User=0.06s Sys=0.00s Real=0.03s
[2024-03-07T16:53:31.975+0000][1][safepoint   ] Safepoint "CollectForMetadataAllocation", Time since last: 511194475 ns, Reaching safepoint: 2138361 ns, Cleanup: 89949 ns, At safepoint: 34338599 ns, Total: 36566909 ns
[2024-03-07T16:53:31.980+0000][1][safepoint   ] Safepoint "CollectForMetadataAllocation", Time since last: 3315278 ns, Reaching safepoint: 2090110 ns, Cleanup: 20148 ns, At safepoint: 23715 ns, Total: 2133973 ns
[2024-03-07T16:53:32.030+0000][1][gc,start    ] GC(7) Pause Young (Mixed) (Metadata GC Threshold)
[2024-03-07T16:53:32.030+0000][1][gc,task     ] GC(7) Using 10 workers of 10 for evacuation
[2024-03-07T16:53:32.030+0000][1][gc,age      ] GC(7) Desired survivor size 40370176 bytes, new threshold 15 (max threshold 15)
[2024-03-07T16:53:32.049+0000][1][gc,phases   ] GC(7)   Pre Evacuate Collection Set: 1.4ms
[2024-03-07T16:53:32.049+0000][1][gc,phases   ] GC(7)   Merge Heap Roots: 0.1ms
[2024-03-07T16:53:32.049+0000][1][gc,phases   ] GC(7)   Evacuate Collection Set: 15.1ms
[2024-03-07T16:53:32.049+0000][1][gc,phases   ] GC(7)   Post Evacuate Collection Set: 1.7ms
[2024-03-07T16:53:32.049+0000][1][gc,phases   ] GC(7)   Other: 0.1ms
[2024-03-07T16:53:32.049+0000][1][gc,age      ] GC(7) Age table with threshold 15 (max threshold 15)
[2024-03-07T16:53:32.049+0000][1][gc,age      ] GC(7) - age   1:     162216 bytes,     162216 total
[2024-03-07T16:53:32.049+0000][1][gc,age      ] GC(7) - age   2:    7557632 bytes,    7719848 total
[2024-03-07T16:53:32.049+0000][1][gc,age      ] GC(7) - age   3:    1302200 bytes,    9022048 total
[2024-03-07T16:53:32.049+0000][1][gc,age      ] GC(7) - age   4:     908984 bytes,    9931032 total
[2024-03-07T16:53:32.049+0000][1][gc,age      ] GC(7) - age   5:    1161800 bytes,   11092832 total
[2024-03-07T16:53:32.049+0000][1][gc,heap     ] GC(7) Eden regions: 2->0(602)
[2024-03-07T16:53:32.049+0000][1][gc,heap     ] GC(7) Survivor regions: 12->12(77)
[2024-03-07T16:53:32.049+0000][1][gc,heap     ] GC(7) Old regions: 8->8
[2024-03-07T16:53:32.049+0000][1][gc,heap     ] GC(7) Humongous regions: 3->3
[2024-03-07T16:53:32.049+0000][1][gc,metaspace] GC(7) Metaspace: 59996K(60608K)->59996K(60608K) NonClass: 52484K(52800K)->52484K(52800K) Class: 7511K(7808K)->7511K(7808K)
[2024-03-07T16:53:32.049+0000][1][gc          ] GC(7) Pause Young (Mixed) (Metadata GC Threshold) 24M->22M(1024M) 18.831ms
[2024-03-07T16:53:32.049+0000][1][gc,cpu      ] GC(7) User=0.04s Sys=0.00s Real=0.02s
[2024-03-07T16:53:32.049+0000][1][safepoint   ] Safepoint "CollectForMetadataAllocation", Time since last: 49631303 ns, Reaching safepoint: 81453 ns, Cleanup: 31198 ns, At safepoint: 18949103 ns, Total: 19061754 ns
[2024-03-07T16:53:32.078+0000][1][gc,start    ] GC(8) Pause Young (Concurrent Start) (Metadata GC Threshold)
[2024-03-07T16:53:32.079+0000][1][gc,task     ] GC(8) Using 10 workers of 10 for evacuation
[2024-03-07T16:53:32.079+0000][1][gc,age      ] GC(8) Desired survivor size 40370176 bytes, new threshold 15 (max threshold 15)
[2024-03-07T16:53:32.092+0000][1][gc,phases   ] GC(8)   Pre Evacuate Collection Set: 0.3ms
[2024-03-07T16:53:32.092+0000][1][gc,phases   ] GC(8)   Merge Heap Roots: 0.1ms
[2024-03-07T16:53:32.092+0000][1][gc,phases   ] GC(8)   Evacuate Collection Set: 11.2ms
[2024-03-07T16:53:32.092+0000][1][gc,phases   ] GC(8)   Post Evacuate Collection Set: 1.4ms
[2024-03-07T16:53:32.092+0000][1][gc,phases   ] GC(8)   Other: 0.6ms
[2024-03-07T16:53:32.092+0000][1][gc,age      ] GC(8) Age table with threshold 15 (max threshold 15)
[2024-03-07T16:53:32.092+0000][1][gc,age      ] GC(8) - age   1:      51984 bytes,      51984 total
[2024-03-07T16:53:32.092+0000][1][gc,age      ] GC(8) - age   2:     157384 bytes,     209368 total
[2024-03-07T16:53:32.092+0000][1][gc,age      ] GC(8) - age   3:    7557632 bytes,    7767000 total
[2024-03-07T16:53:32.092+0000][1][gc,age      ] GC(8) - age   4:    1302200 bytes,    9069200 total
[2024-03-07T16:53:32.092+0000][1][gc,age      ] GC(8) - age   5:     908984 bytes,    9978184 total
[2024-03-07T16:53:32.092+0000][1][gc,age      ] GC(8) - age   6:    1161800 bytes,   11139984 total
[2024-03-07T16:53:32.092+0000][1][gc,heap     ] GC(8) Eden regions: 2->0(602)
[2024-03-07T16:53:32.092+0000][1][gc,heap     ] GC(8) Survivor regions: 12->12(77)
[2024-03-07T16:53:32.092+0000][1][gc,heap     ] GC(8) Old regions: 8->8
[2024-03-07T16:53:32.092+0000][1][gc,heap     ] GC(8) Humongous regions: 3->3
[2024-03-07T16:53:32.092+0000][1][gc,metaspace] GC(8) Metaspace: 60333K(60928K)->60333K(60928K) NonClass: 52810K(53120K)->52810K(53120K) Class: 7522K(7808K)->7522K(7808K)
[2024-03-07T16:53:32.093+0000][1][gc          ] GC(8) Pause Young (Concurrent Start) (Metadata GC Threshold) 24M->22M(1024M) 14.049ms
[2024-03-07T16:53:32.093+0000][1][gc,cpu      ] GC(8) User=0.04s Sys=0.00s Real=0.01s
[2024-03-07T16:53:32.093+0000][1][safepoint   ] Safepoint "CollectForMetadataAllocation", Time since last: 29484273 ns, Reaching safepoint: 7264 ns, Cleanup: 23334 ns, At safepoint: 14179186 ns, Total: 14209784 ns
[2024-03-07T16:53:32.093+0000][1][gc          ] GC(9) Concurrent Mark Cycle
[2024-03-07T16:53:32.093+0000][1][gc,marking  ] GC(9) Concurrent Scan Root Regions
[2024-03-07T16:53:32.101+0000][1][gc,marking  ] GC(9) Concurrent Scan Root Regions 7.872ms
[2024-03-07T16:53:32.101+0000][1][gc,marking  ] GC(9) Concurrent Mark
[2024-03-07T16:53:32.101+0000][1][gc,marking  ] GC(9) Concurrent Mark From Roots
[2024-03-07T16:53:32.101+0000][1][gc,task     ] GC(9) Using 3 workers of 3 for marking
[2024-03-07T16:53:32.110+0000][1][gc,marking  ] GC(9) Concurrent Mark From Roots 9.774ms
[2024-03-07T16:53:32.110+0000][1][gc,marking  ] GC(9) Concurrent Preclean
[2024-03-07T16:53:32.111+0000][1][gc,marking  ] GC(9) Concurrent Preclean 0.082ms
[2024-03-07T16:53:32.111+0000][1][gc,start    ] GC(9) Pause Remark
[2024-03-07T16:53:32.115+0000][1][gc          ] GC(9) Pause Remark 22M->22M(1024M) 4.549ms
[2024-03-07T16:53:32.115+0000][1][gc,cpu      ] GC(9) User=0.02s Sys=0.00s Real=0.01s
[2024-03-07T16:53:32.115+0000][1][safepoint   ] Safepoint "G1PauseRemark", Time since last: 17943476 ns, Reaching safepoint: 77185 ns, Cleanup: 17292 ns, At safepoint: 4683245 ns, Total: 4777722 ns
[2024-03-07T16:53:32.115+0000][1][gc,marking  ] GC(9) Concurrent Mark 14.782ms
[2024-03-07T16:53:32.115+0000][1][gc,marking  ] GC(9) Concurrent Rebuild Remembered Sets and Scrub Regions
[2024-03-07T16:53:32.117+0000][1][gc,marking  ] GC(9) Concurrent Rebuild Remembered Sets and Scrub Regions 1.940ms
[2024-03-07T16:53:32.118+0000][1][gc,start    ] GC(9) Pause Cleanup
[2024-03-07T16:53:32.118+0000][1][gc          ] GC(9) Pause Cleanup 22M->22M(1024M) 0.261ms
[2024-03-07T16:53:32.118+0000][1][gc,cpu      ] GC(9) User=0.00s Sys=0.00s Real=0.00s
[2024-03-07T16:53:32.118+0000][1][safepoint   ] Safepoint "G1PauseCleanup", Time since last: 2141837 ns, Reaching safepoint: 82304 ns, Cleanup: 5871 ns, At safepoint: 317155 ns, Total: 405330 ns
[2024-03-07T16:53:32.119+0000][1][gc,marking  ] GC(9) Concurrent Clear Claimed Marks
[2024-03-07T16:53:32.119+0000][1][gc,marking  ] GC(9) Concurrent Clear Claimed Marks 0.079ms
[2024-03-07T16:53:32.119+0000][1][gc,marking  ] GC(9) Concurrent Cleanup for Next Mark
[2024-03-07T16:53:32.122+0000][1][gc,marking  ] GC(9) Concurrent Cleanup for Next Mark 2.701ms
[2024-03-07T16:53:32.122+0000][1][gc          ] GC(9) Concurrent Mark Cycle 29.477ms
[2024-03-07T16:53:32.745+0000][1][safepoint   ] Safepoint "ICBufferFull", Time since last: 626854218 ns, Reaching safepoint: 80882 ns, Cleanup: 181199 ns, At safepoint: 7184 ns, Total: 269265 ns
[2024-03-07T16:53:33.748+0000][1][safepoint   ] Safepoint "Cleanup", Time since last: 1000173370 ns, Reaching safepoint: 2819228 ns, Cleanup: 259878 ns, At safepoint: 29505 ns, Total: 3108611 ns
[2024-03-07T16:53:34.749+0000][1][safepoint   ] Safepoint "Cleanup", Time since last: 1000146971 ns, Reaching safepoint: 79249 ns, Cleanup: 66835 ns, At safepoint: 11742 ns, Total: 157826 ns
[2024-03-07T16:53:35.523+0000][1][safepoint   ] Safepoint "ICBufferFull", Time since last: 774035565 ns, Reaching safepoint: 15088 ns, Cleanup: 161303 ns, At safepoint: 4488 ns, Total: 180879 ns
[2024-03-07T16:53:36.606+0000][1][safepoint   ] Safepoint "Cleanup", Time since last: 1083229288 ns, Reaching safepoint: 9147 ns, Cleanup: 69601 ns, At safepoint: 4458 ns, Total: 83206 ns
[2024-03-07T16:53:38.606+0000][1][safepoint   ] Safepoint "Cleanup", Time since last: 2000215204 ns, Reaching safepoint: 47579 ns, Cleanup: 20739 ns, At safepoint: 5611 ns, Total: 73929 ns
[2024-03-07T16:53:41.607+0000][1][safepoint   ] Safepoint "Cleanup", Time since last: 3000262278 ns, Reaching safepoint: 10469 ns, Cleanup: 13786 ns, At safepoint: 3968 ns, Total: 28223 ns
[2024-03-07T16:53:42.607+0000][1][safepoint   ] Safepoint "Cleanup", Time since last: 1000158853 ns, Reaching safepoint: 11301 ns, Cleanup: 19397 ns, At safepoint: 4368 ns, Total: 35066 ns
[2024-03-07T16:53:46.607+0000][1][safepoint   ] Safepoint "Cleanup", Time since last: 4000344028 ns, Reaching safepoint: 46046 ns, Cleanup: 12734 ns, At safepoint: 4278 ns, Total: 63058 ns
[2024-03-07T16:53:49.608+0000][1][safepoint   ] Safepoint "Cleanup", Time since last: 3000277457 ns, Reaching safepoint: 8636 ns, Cleanup: 8175 ns, At safepoint: 3968 ns, Total: 20779 ns
[2024-03-07T16:53:51.608+0000][1][safepoint   ] Safepoint "Cleanup", Time since last: 2000581420 ns, Reaching safepoint: 57197 ns, Cleanup: 15089 ns, At safepoint: 4338 ns, Total: 76624 ns
[2024-03-07T16:53:52.608+0000][1][safepoint   ] Safepoint "Cleanup", Time since last: 1000122224 ns, Reaching safepoint: 30807 ns, Cleanup: 11021 ns, At safepoint: 2835 ns, Total: 44663 ns
[2024-03-07T16:53:53.609+0000][1][safepoint   ] Safepoint "Cleanup", Time since last: 1000098060 ns, Reaching safepoint: 42750 ns, Cleanup: 10450 ns, At safepoint: 3977 ns, Total: 57177 ns
[2024-03-07T16:53:54.574+0000][1][gc,heap,exit] Heap
[2024-03-07T16:53:54.574+0000][1][gc,heap,exit]  garbage-first heap   total 1048576K, used 131700K [0x00000000c0000000, 0x0000000100000000)
[2024-03-07T16:53:54.574+0000][1][gc,heap,exit]   region size 1024K, 119 young (121856K), 12 survivors (12288K)
[2024-03-07T16:53:54.575+0000][1][gc,heap,exit]  Metaspace       used 78471K, committed 79872K, reserved 1179648K
[2024-03-07T16:53:54.575+0000][1][gc,heap,exit]   class space    used 10436K, committed 11072K, reserved 1048576K
