[2024-03-06T18:12:48.601+0000][1][gc,init] CardTable entry size: 512
[2024-03-06T18:12:48.601+0000][1][gc     ] Using G1
[2024-03-06T18:12:48.607+0000][1][gc,init] Version: 21.0.2+13-LTS (release)
[2024-03-06T18:12:48.607+0000][1][gc,init] CPUs: 12 total, 12 available
[2024-03-06T18:12:48.607+0000][1][gc,init] Memory: 7867M
[2024-03-06T18:12:48.607+0000][1][gc,init] Large Page Support: Disabled
[2024-03-06T18:12:48.607+0000][1][gc,init] NUMA Support: Disabled
[2024-03-06T18:12:48.607+0000][1][gc,init] Compressed Oops: Enabled (32-bit)
[2024-03-06T18:12:48.607+0000][1][gc,init] Heap Region Size: 1M
[2024-03-06T18:12:48.607+0000][1][gc,init] Heap Min Capacity: 512M
[2024-03-06T18:12:48.607+0000][1][gc,init] Heap Initial Capacity: 512M
[2024-03-06T18:12:48.607+0000][1][gc,init] Heap Max Capacity: 512M
[2024-03-06T18:12:48.607+0000][1][gc,init] Pre-touch: Disabled
[2024-03-06T18:12:48.607+0000][1][gc,init] Parallel Workers: 10
[2024-03-06T18:12:48.607+0000][1][gc,init] Concurrent Workers: 3
[2024-03-06T18:12:48.607+0000][1][gc,init] Concurrent Refinement Workers: 10
[2024-03-06T18:12:48.607+0000][1][gc,init] Periodic GC: Disabled
[2024-03-06T18:12:48.607+0000][1][gc,metaspace] CDS archive(s) not mapped
[2024-03-06T18:12:48.607+0000][1][gc,metaspace] Compressed class space mapped at: 0x0000000100000000-0x0000000140000000, reserved size: 1073741824
[2024-03-06T18:12:48.607+0000][1][gc,metaspace] Narrow klass base: 0x0000000000000000, Narrow klass shift: 3, Narrow klass range: 0x140000000
[2024-03-06T18:12:49.124+0000][1][gc,start    ] GC(0) Pause Young (Normal) (G1 Evacuation Pause)
[2024-03-06T18:12:49.125+0000][1][gc,task     ] GC(0) Using 10 workers of 10 for evacuation
[2024-03-06T18:12:49.126+0000][1][gc,age      ] GC(0) Desired survivor size 2097152 bytes, new threshold 15 (max threshold 15)
[2024-03-06T18:12:49.139+0000][1][gc,phases   ] GC(0)   Pre Evacuate Collection Set: 0.2ms
[2024-03-06T18:12:49.139+0000][1][gc,phases   ] GC(0)   Merge Heap Roots: 0.1ms
[2024-03-06T18:12:49.139+0000][1][gc,phases   ] GC(0)   Evacuate Collection Set: 12.4ms
[2024-03-06T18:12:49.139+0000][1][gc,phases   ] GC(0)   Post Evacuate Collection Set: 0.6ms
[2024-03-06T18:12:49.139+0000][1][gc,phases   ] GC(0)   Other: 1.2ms
[2024-03-06T18:12:49.139+0000][1][gc,age      ] GC(0) Age table with threshold 15 (max threshold 15)
[2024-03-06T18:12:49.139+0000][1][gc,age      ] GC(0) - age   1:    4064648 bytes,    4064648 total
[2024-03-06T18:12:49.139+0000][1][gc,heap     ] GC(0) Eden regions: 25->0(29)
[2024-03-06T18:12:49.139+0000][1][gc,heap     ] GC(0) Survivor regions: 0->4(4)
[2024-03-06T18:12:49.139+0000][1][gc,heap     ] GC(0) Old regions: 0->3
[2024-03-06T18:12:49.139+0000][1][gc,heap     ] GC(0) Humongous regions: 3->3
[2024-03-06T18:12:49.139+0000][1][gc,metaspace] GC(0) Metaspace: 16623K(16832K)->16623K(16832K) NonClass: 14991K(15104K)->14991K(15104K) Class: 1631K(1728K)->1631K(1728K)
[2024-03-06T18:12:49.139+0000][1][gc          ] GC(0) Pause Young (Normal) (G1 Evacuation Pause) 28M->9M(512M) 14.742ms
[2024-03-06T18:12:49.139+0000][1][gc,cpu      ] GC(0) User=0.00s Sys=0.08s Real=0.01s
[2024-03-06T18:12:49.139+0000][1][safepoint   ] Safepoint "G1CollectForAllocation", Time since last: 503776852 ns, Reaching safepoint: 3696 ns, Cleanup: 99607 ns, At safepoint: 14788249 ns, Total: 14891552 ns
[2024-03-06T18:12:49.430+0000][1][gc,start    ] GC(1) Pause Young (Concurrent Start) (Metadata GC Threshold)
[2024-03-06T18:12:49.430+0000][1][gc,task     ] GC(1) Using 10 workers of 10 for evacuation
[2024-03-06T18:12:49.430+0000][1][gc,age      ] GC(1) Desired survivor size 2621440 bytes, new threshold 1 (max threshold 15)
[2024-03-06T18:12:49.440+0000][1][gc,phases   ] GC(1)   Pre Evacuate Collection Set: 0.3ms
[2024-03-06T18:12:49.440+0000][1][gc,phases   ] GC(1)   Merge Heap Roots: 0.1ms
[2024-03-06T18:12:49.440+0000][1][gc,phases   ] GC(1)   Evacuate Collection Set: 8.5ms
[2024-03-06T18:12:49.440+0000][1][gc,phases   ] GC(1)   Post Evacuate Collection Set: 0.5ms
[2024-03-06T18:12:49.440+0000][1][gc,phases   ] GC(1)   Other: 0.1ms
[2024-03-06T18:12:49.440+0000][1][gc,age      ] GC(1) Age table with threshold 1 (max threshold 15)
[2024-03-06T18:12:49.440+0000][1][gc,age      ] GC(1) - age   1:    1294192 bytes,    1294192 total
[2024-03-06T18:12:49.440+0000][1][gc,heap     ] GC(1) Eden regions: 15->0(49)
[2024-03-06T18:12:49.440+0000][1][gc,heap     ] GC(1) Survivor regions: 4->2(5)
[2024-03-06T18:12:49.440+0000][1][gc,heap     ] GC(1) Old regions: 3->7
[2024-03-06T18:12:49.440+0000][1][gc,heap     ] GC(1) Humongous regions: 3->3
[2024-03-06T18:12:49.440+0000][1][gc,metaspace] GC(1) Metaspace: 21266K(21504K)->21266K(21504K) NonClass: 19018K(19136K)->19018K(19136K) Class: 2248K(2368K)->2248K(2368K)
[2024-03-06T18:12:49.440+0000][1][gc          ] GC(1) Pause Young (Concurrent Start) (Metadata GC Threshold) 24M->10M(512M) 9.712ms
[2024-03-06T18:12:49.440+0000][1][gc,cpu      ] GC(1) User=0.03s Sys=0.01s Real=0.01s
[2024-03-06T18:12:49.440+0000][1][gc          ] GC(2) Concurrent Mark Cycle
[2024-03-06T18:12:49.440+0000][1][gc,marking  ] GC(2) Concurrent Scan Root Regions
[2024-03-06T18:12:49.440+0000][1][safepoint   ] Safepoint "CollectForMetadataAllocation", Time since last: 290825310 ns, Reaching safepoint: 5079 ns, Cleanup: 100388 ns, At safepoint: 9839346 ns, Total: 9944813 ns
[2024-03-06T18:12:49.442+0000][1][gc,marking  ] GC(2) Concurrent Scan Root Regions 2.080ms
[2024-03-06T18:12:49.442+0000][1][gc,marking  ] GC(2) Concurrent Mark
[2024-03-06T18:12:49.442+0000][1][gc,marking  ] GC(2) Concurrent Mark From Roots
[2024-03-06T18:12:49.442+0000][1][gc,task     ] GC(2) Using 3 workers of 3 for marking
[2024-03-06T18:12:49.443+0000][1][gc,marking  ] GC(2) Concurrent Mark From Roots 1.391ms
[2024-03-06T18:12:49.443+0000][1][gc,marking  ] GC(2) Concurrent Preclean
[2024-03-06T18:12:49.443+0000][1][gc,marking  ] GC(2) Concurrent Preclean 0.015ms
[2024-03-06T18:12:49.444+0000][1][gc,start    ] GC(2) Pause Remark
[2024-03-06T18:12:49.445+0000][1][gc          ] GC(2) Pause Remark 11M->11M(512M) 1.701ms
[2024-03-06T18:12:49.445+0000][1][gc,cpu      ] GC(2) User=0.01s Sys=0.00s Real=0.00s
[2024-03-06T18:12:49.445+0000][1][safepoint   ] Safepoint "G1PauseRemark", Time since last: 3590224 ns, Reaching safepoint: 130214 ns, Cleanup: 12444 ns, At safepoint: 1785458 ns, Total: 1928116 ns
[2024-03-06T18:12:49.445+0000][1][gc,marking  ] GC(2) Concurrent Mark 3.456ms
[2024-03-06T18:12:49.445+0000][1][gc,marking  ] GC(2) Concurrent Rebuild Remembered Sets and Scrub Regions
[2024-03-06T18:12:49.446+0000][1][gc,marking  ] GC(2) Concurrent Rebuild Remembered Sets and Scrub Regions 0.889ms
[2024-03-06T18:12:49.446+0000][1][gc,start    ] GC(2) Pause Cleanup
[2024-03-06T18:12:49.447+0000][1][gc          ] GC(2) Pause Cleanup 11M->11M(512M) 0.160ms
[2024-03-06T18:12:49.447+0000][1][gc,cpu      ] GC(2) User=0.00s Sys=0.00s Real=0.00s
[2024-03-06T18:12:49.447+0000][1][safepoint   ] Safepoint "G1PauseCleanup", Time since last: 1022378 ns, Reaching safepoint: 71093 ns, Cleanup: 3798 ns, At safepoint: 196478 ns, Total: 271369 ns
[2024-03-06T18:12:49.447+0000][1][gc,marking  ] GC(2) Concurrent Clear Claimed Marks
[2024-03-06T18:12:49.447+0000][1][gc,marking  ] GC(2) Concurrent Clear Claimed Marks 0.036ms
[2024-03-06T18:12:49.447+0000][1][gc,marking  ] GC(2) Concurrent Cleanup for Next Mark
[2024-03-06T18:12:49.450+0000][1][gc,marking  ] GC(2) Concurrent Cleanup for Next Mark 3.430ms
[2024-03-06T18:12:49.450+0000][1][gc          ] GC(2) Concurrent Mark Cycle 10.665ms
[2024-03-06T18:12:49.950+0000][1][gc,start    ] GC(3) Pause Young (Normal) (G1 Evacuation Pause)
[2024-03-06T18:12:49.951+0000][1][gc,task     ] GC(3) Using 10 workers of 10 for evacuation
[2024-03-06T18:12:49.951+0000][1][gc,age      ] GC(3) Desired survivor size 3670016 bytes, new threshold 15 (max threshold 15)
[2024-03-06T18:12:49.963+0000][1][gc,phases   ] GC(3)   Pre Evacuate Collection Set: 0.2ms
[2024-03-06T18:12:49.963+0000][1][gc,phases   ] GC(3)   Merge Heap Roots: 0.1ms
[2024-03-06T18:12:49.963+0000][1][gc,phases   ] GC(3)   Evacuate Collection Set: 11.1ms
[2024-03-06T18:12:49.963+0000][1][gc,phases   ] GC(3)   Post Evacuate Collection Set: 0.8ms
[2024-03-06T18:12:49.963+0000][1][gc,phases   ] GC(3)   Other: 0.1ms
[2024-03-06T18:12:49.963+0000][1][gc,age      ] GC(3) Age table with threshold 15 (max threshold 15)
[2024-03-06T18:12:49.963+0000][1][gc,age      ] GC(3) - age   1:    2857320 bytes,    2857320 total
[2024-03-06T18:12:49.963+0000][1][gc,age      ] GC(3) - age   2:    1206704 bytes,    4064024 total
[2024-03-06T18:12:49.963+0000][1][gc,heap     ] GC(3) Eden regions: 49->0(93)
[2024-03-06T18:12:49.963+0000][1][gc,heap     ] GC(3) Survivor regions: 2->5(7)
[2024-03-06T18:12:49.963+0000][1][gc,heap     ] GC(3) Old regions: 7->7
[2024-03-06T18:12:49.963+0000][1][gc,heap     ] GC(3) Humongous regions: 3->3
[2024-03-06T18:12:49.963+0000][1][gc,metaspace] GC(3) Metaspace: 29018K(29376K)->29018K(29376K) NonClass: 25859K(26048K)->25859K(26048K) Class: 3159K(3328K)->3159K(3328K)
[2024-03-06T18:12:49.963+0000][1][gc          ] GC(3) Pause Young (Normal) (G1 Evacuation Pause) 59M->13M(512M) 12.506ms
[2024-03-06T18:12:49.963+0000][1][gc,cpu      ] GC(3) User=0.03s Sys=0.02s Real=0.01s
[2024-03-06T18:12:49.963+0000][1][safepoint   ] Safepoint "G1CollectForAllocation", Time since last: 503601353 ns, Reaching safepoint: 8566 ns, Cleanup: 138550 ns, At safepoint: 12565429 ns, Total: 12712545 ns
[2024-03-06T18:12:50.388+0000][1][gc,start    ] GC(4) Pause Young (Normal) (G1 Evacuation Pause)
[2024-03-06T18:12:50.388+0000][1][gc,task     ] GC(4) Using 10 workers of 10 for evacuation
[2024-03-06T18:12:50.388+0000][1][gc,age      ] GC(4) Desired survivor size 6815744 bytes, new threshold 15 (max threshold 15)
[2024-03-06T18:12:50.398+0000][1][gc,phases   ] GC(4)   Pre Evacuate Collection Set: 0.2ms
[2024-03-06T18:12:50.398+0000][1][gc,phases   ] GC(4)   Merge Heap Roots: 0.1ms
[2024-03-06T18:12:50.398+0000][1][gc,phases   ] GC(4)   Evacuate Collection Set: 7.7ms
[2024-03-06T18:12:50.398+0000][1][gc,phases   ] GC(4)   Post Evacuate Collection Set: 1.3ms
[2024-03-06T18:12:50.398+0000][1][gc,phases   ] GC(4)   Other: 0.1ms
[2024-03-06T18:12:50.398+0000][1][gc,age      ] GC(4) Age table with threshold 15 (max threshold 15)
[2024-03-06T18:12:50.398+0000][1][gc,age      ] GC(4) - age   1:     774488 bytes,     774488 total
[2024-03-06T18:12:50.398+0000][1][gc,age      ] GC(4) - age   2:    1316576 bytes,    2091064 total
[2024-03-06T18:12:50.398+0000][1][gc,age      ] GC(4) - age   3:    1206672 bytes,    3297736 total
[2024-03-06T18:12:50.398+0000][1][gc,heap     ] GC(4) Eden regions: 93->0(303)
[2024-03-06T18:12:50.398+0000][1][gc,heap     ] GC(4) Survivor regions: 5->4(13)
[2024-03-06T18:12:50.398+0000][1][gc,heap     ] GC(4) Old regions: 7->7
[2024-03-06T18:12:50.398+0000][1][gc,heap     ] GC(4) Humongous regions: 3->3
[2024-03-06T18:12:50.398+0000][1][gc,metaspace] GC(4) Metaspace: 31502K(31872K)->31502K(31872K) NonClass: 27994K(28160K)->27994K(28160K) Class: 3508K(3712K)->3508K(3712K)
[2024-03-06T18:12:50.398+0000][1][gc          ] GC(4) Pause Young (Normal) (G1 Evacuation Pause) 106M->13M(512M) 9.703ms
[2024-03-06T18:12:50.398+0000][1][gc,cpu      ] GC(4) User=0.03s Sys=0.01s Real=0.01s
[2024-03-06T18:12:50.398+0000][1][safepoint   ] Safepoint "G1CollectForAllocation", Time since last: 424945097 ns, Reaching safepoint: 7935 ns, Cleanup: 88265 ns, At safepoint: 9761250 ns, Total: 9857450 ns
[2024-03-06T18:12:50.942+0000][1][gc,start    ] GC(5) Pause Young (Concurrent Start) (Metadata GC Threshold)
[2024-03-06T18:12:50.943+0000][1][gc,task     ] GC(5) Using 10 workers of 10 for evacuation
[2024-03-06T18:12:50.943+0000][1][gc,age      ] GC(5) Desired survivor size 20447232 bytes, new threshold 15 (max threshold 15)
[2024-03-06T18:12:50.947+0000][1][gc,phases   ] GC(5)   Pre Evacuate Collection Set: 0.2ms
[2024-03-06T18:12:50.947+0000][1][gc,phases   ] GC(5)   Merge Heap Roots: 0.1ms
[2024-03-06T18:12:50.947+0000][1][gc,phases   ] GC(5)   Evacuate Collection Set: 3.4ms
[2024-03-06T18:12:50.947+0000][1][gc,phases   ] GC(5)   Post Evacuate Collection Set: 0.6ms
[2024-03-06T18:12:50.947+0000][1][gc,phases   ] GC(5)   Other: 0.1ms
[2024-03-06T18:12:50.947+0000][1][gc,age      ] GC(5) Age table with threshold 15 (max threshold 15)
[2024-03-06T18:12:50.947+0000][1][gc,age      ] GC(5) - age   1:    1550112 bytes,    1550112 total
[2024-03-06T18:12:50.947+0000][1][gc,age      ] GC(5) - age   2:     748536 bytes,    2298648 total
[2024-03-06T18:12:50.947+0000][1][gc,age      ] GC(5) - age   3:    1297592 bytes,    3596240 total
[2024-03-06T18:12:50.947+0000][1][gc,age      ] GC(5) - age   4:    1185312 bytes,    4781552 total
[2024-03-06T18:12:50.947+0000][1][gc,heap     ] GC(5) Eden regions: 79->0(302)
[2024-03-06T18:12:50.947+0000][1][gc,heap     ] GC(5) Survivor regions: 4->5(39)
[2024-03-06T18:12:50.947+0000][1][gc,heap     ] GC(5) Old regions: 7->7
[2024-03-06T18:12:50.947+0000][1][gc,heap     ] GC(5) Humongous regions: 3->3
[2024-03-06T18:12:50.947+0000][1][gc,metaspace] GC(5) Metaspace: 35527K(35968K)->35527K(35968K) NonClass: 31521K(31744K)->31521K(31744K) Class: 4006K(4224K)->4006K(4224K)
[2024-03-06T18:12:50.947+0000][1][gc          ] GC(5) Pause Young (Concurrent Start) (Metadata GC Threshold) 92M->14M(512M) 4.552ms
[2024-03-06T18:12:50.947+0000][1][gc,cpu      ] GC(5) User=0.03s Sys=0.01s Real=0.00s
[2024-03-06T18:12:50.947+0000][1][gc          ] GC(6) Concurrent Mark Cycle
[2024-03-06T18:12:50.947+0000][1][gc,marking  ] GC(6) Concurrent Scan Root Regions
[2024-03-06T18:12:50.947+0000][1][safepoint   ] Safepoint "CollectForMetadataAllocation", Time since last: 544596407 ns, Reaching safepoint: 3797 ns, Cleanup: 77866 ns, At safepoint: 4628902 ns, Total: 4710565 ns
[2024-03-06T18:12:50.949+0000][1][gc,marking  ] GC(6) Concurrent Scan Root Regions 1.940ms
[2024-03-06T18:12:50.949+0000][1][gc,marking  ] GC(6) Concurrent Mark
[2024-03-06T18:12:50.949+0000][1][gc,marking  ] GC(6) Concurrent Mark From Roots
[2024-03-06T18:12:50.949+0000][1][gc,task     ] GC(6) Using 3 workers of 3 for marking
[2024-03-06T18:12:50.951+0000][1][gc,marking  ] GC(6) Concurrent Mark From Roots 1.769ms
[2024-03-06T18:12:50.951+0000][1][gc,marking  ] GC(6) Concurrent Preclean
[2024-03-06T18:12:50.951+0000][1][gc,marking  ] GC(6) Concurrent Preclean 0.026ms
[2024-03-06T18:12:50.951+0000][1][gc,start    ] GC(6) Pause Remark
[2024-03-06T18:12:50.953+0000][1][gc          ] GC(6) Pause Remark 15M->15M(512M) 1.659ms
[2024-03-06T18:12:50.953+0000][1][gc,cpu      ] GC(6) User=0.01s Sys=0.00s Real=0.00s
[2024-03-06T18:12:50.953+0000][1][safepoint   ] Safepoint "G1PauseRemark", Time since last: 3856834 ns, Reaching safepoint: 69851 ns, Cleanup: 7615 ns, At safepoint: 1734143 ns, Total: 1811609 ns
[2024-03-06T18:12:50.953+0000][1][gc,marking  ] GC(6) Concurrent Mark 3.709ms
[2024-03-06T18:12:50.953+0000][1][gc,marking  ] GC(6) Concurrent Rebuild Remembered Sets and Scrub Regions
[2024-03-06T18:12:50.953+0000][1][gc,marking  ] GC(6) Concurrent Rebuild Remembered Sets and Scrub Regions 0.681ms
[2024-03-06T18:12:50.954+0000][1][gc,start    ] GC(6) Pause Cleanup
[2024-03-06T18:12:50.954+0000][1][gc          ] GC(6) Pause Cleanup 15M->15M(512M) 0.096ms
[2024-03-06T18:12:50.954+0000][1][gc,cpu      ] GC(6) User=0.00s Sys=0.00s Real=0.00s
[2024-03-06T18:12:50.954+0000][1][safepoint   ] Safepoint "G1PauseCleanup", Time since last: 762039 ns, Reaching safepoint: 51737 ns, Cleanup: 2865 ns, At safepoint: 125596 ns, Total: 180198 ns
[2024-03-06T18:12:50.954+0000][1][gc,marking  ] GC(6) Concurrent Clear Claimed Marks
[2024-03-06T18:12:50.954+0000][1][gc,marking  ] GC(6) Concurrent Clear Claimed Marks 0.033ms
[2024-03-06T18:12:50.954+0000][1][gc,marking  ] GC(6) Concurrent Cleanup for Next Mark
[2024-03-06T18:12:50.955+0000][1][gc,marking  ] GC(6) Concurrent Cleanup for Next Mark 0.871ms
[2024-03-06T18:12:50.955+0000][1][gc          ] GC(6) Concurrent Mark Cycle 7.614ms
[2024-03-06T18:12:51.482+0000][1][safepoint   ] Safepoint "ICBufferFull", Time since last: 528176388 ns, Reaching safepoint: 4929 ns, Cleanup: 107191 ns, At safepoint: 3186 ns, Total: 115306 ns
[2024-03-06T18:12:51.969+0000][1][safepoint   ] Safepoint "ICBufferFull", Time since last: 486692156 ns, Reaching safepoint: 6612 ns, Cleanup: 155322 ns, At safepoint: 7925 ns, Total: 169859 ns
[2024-03-06T18:12:52.640+0000][1][gc,start    ] GC(7) Pause Young (Concurrent Start) (Metadata GC Threshold)
[2024-03-06T18:12:52.640+0000][1][gc,task     ] GC(7) Using 10 workers of 10 for evacuation
[2024-03-06T18:12:52.640+0000][1][gc,age      ] GC(7) Desired survivor size 20447232 bytes, new threshold 15 (max threshold 15)
[2024-03-06T18:12:52.660+0000][1][gc,phases   ] GC(7)   Pre Evacuate Collection Set: 0.2ms
[2024-03-06T18:12:52.660+0000][1][gc,phases   ] GC(7)   Merge Heap Roots: 0.1ms
[2024-03-06T18:12:52.660+0000][1][gc,phases   ] GC(7)   Evacuate Collection Set: 18.6ms
[2024-03-06T18:12:52.660+0000][1][gc,phases   ] GC(7)   Post Evacuate Collection Set: 1.2ms
[2024-03-06T18:12:52.660+0000][1][gc,phases   ] GC(7)   Other: 0.1ms
[2024-03-06T18:12:52.660+0000][1][gc,age      ] GC(7) Age table with threshold 15 (max threshold 15)
[2024-03-06T18:12:52.660+0000][1][gc,age      ] GC(7) - age   1:    8115824 bytes,    8115824 total
[2024-03-06T18:12:52.660+0000][1][gc,age      ] GC(7) - age   2:    1454696 bytes,    9570520 total
[2024-03-06T18:12:52.660+0000][1][gc,age      ] GC(7) - age   3:     736992 bytes,   10307512 total
[2024-03-06T18:12:52.660+0000][1][gc,age      ] GC(7) - age   4:    1252240 bytes,   11559752 total
[2024-03-06T18:12:52.660+0000][1][gc,age      ] GC(7) - age   5:    1167168 bytes,   12726920 total
[2024-03-06T18:12:52.660+0000][1][gc,heap     ] GC(7) Eden regions: 91->0(294)
[2024-03-06T18:12:52.660+0000][1][gc,heap     ] GC(7) Survivor regions: 5->13(39)
[2024-03-06T18:12:52.660+0000][1][gc,heap     ] GC(7) Old regions: 7->7
[2024-03-06T18:12:52.660+0000][1][gc,heap     ] GC(7) Humongous regions: 3->3
[2024-03-06T18:12:52.660+0000][1][gc,metaspace] GC(7) Metaspace: 59459K(60096K)->59459K(60096K) NonClass: 52020K(52352K)->52020K(52352K) Class: 7438K(7744K)->7438K(7744K)
[2024-03-06T18:12:52.660+0000][1][gc          ] GC(7) Pause Young (Concurrent Start) (Metadata GC Threshold) 104M->22M(512M) 20.325ms
[2024-03-06T18:12:52.660+0000][1][gc,cpu      ] GC(7) User=0.12s Sys=0.05s Real=0.02s
[2024-03-06T18:12:52.660+0000][1][gc          ] GC(8) Concurrent Mark Cycle
[2024-03-06T18:12:52.660+0000][1][gc,marking  ] GC(8) Concurrent Scan Root Regions
[2024-03-06T18:12:52.660+0000][1][safepoint   ] Safepoint "CollectForMetadataAllocation", Time since last: 670772896 ns, Reaching safepoint: 5991 ns, Cleanup: 107862 ns, At safepoint: 20419611 ns, Total: 20533464 ns
[2024-03-06T18:12:52.665+0000][1][gc,marking  ] GC(8) Concurrent Scan Root Regions 5.333ms
[2024-03-06T18:12:52.666+0000][1][gc,marking  ] GC(8) Concurrent Mark
[2024-03-06T18:12:52.666+0000][1][gc,marking  ] GC(8) Concurrent Mark From Roots
[2024-03-06T18:12:52.666+0000][1][gc,task     ] GC(8) Using 3 workers of 3 for marking
[2024-03-06T18:12:52.673+0000][1][gc,marking  ] GC(8) Concurrent Mark From Roots 7.503ms
[2024-03-06T18:12:52.673+0000][1][gc,marking  ] GC(8) Concurrent Preclean
[2024-03-06T18:12:52.674+0000][1][gc,marking  ] GC(8) Concurrent Preclean 0.262ms
[2024-03-06T18:12:52.674+0000][1][gc,start    ] GC(8) Pause Remark
[2024-03-06T18:12:52.680+0000][1][gc          ] GC(8) Pause Remark 23M->23M(512M) 5.765ms
[2024-03-06T18:12:52.680+0000][1][gc,cpu      ] GC(8) User=0.01s Sys=0.00s Real=0.00s
[2024-03-06T18:12:52.680+0000][1][safepoint   ] Safepoint "G1PauseRemark", Time since last: 13653730 ns, Reaching safepoint: 31038 ns, Cleanup: 15970 ns, At safepoint: 5890920 ns, Total: 5937928 ns
[2024-03-06T18:12:52.680+0000][1][gc,marking  ] GC(8) Concurrent Mark 14.245ms
[2024-03-06T18:12:52.680+0000][1][gc,marking  ] GC(8) Concurrent Rebuild Remembered Sets and Scrub Regions
[2024-03-06T18:12:52.684+0000][1][gc,marking  ] GC(8) Concurrent Rebuild Remembered Sets and Scrub Regions 3.672ms
[2024-03-06T18:12:52.684+0000][1][gc,start    ] GC(8) Pause Cleanup
[2024-03-06T18:12:52.684+0000][1][gc          ] GC(8) Pause Cleanup 23M->23M(512M) 0.201ms
[2024-03-06T18:12:52.684+0000][1][gc,cpu      ] GC(8) User=0.00s Sys=0.00s Real=0.00s
[2024-03-06T18:12:52.684+0000][1][safepoint   ] Safepoint "G1PauseCleanup", Time since last: 3882171 ns, Reaching safepoint: 77185 ns, Cleanup: 7444 ns, At safepoint: 249198 ns, Total: 333827 ns
[2024-03-06T18:12:52.684+0000][1][gc,marking  ] GC(8) Concurrent Clear Claimed Marks
[2024-03-06T18:12:52.684+0000][1][gc,marking  ] GC(8) Concurrent Clear Claimed Marks 0.073ms
[2024-03-06T18:12:52.684+0000][1][gc,marking  ] GC(8) Concurrent Cleanup for Next Mark
[2024-03-06T18:12:52.685+0000][1][gc,marking  ] GC(8) Concurrent Cleanup for Next Mark 1.146ms
[2024-03-06T18:12:52.685+0000][1][gc          ] GC(8) Concurrent Mark Cycle 25.218ms
[2024-03-06T18:12:53.084+0000][1][safepoint   ] Safepoint "ICBufferFull", Time since last: 400144589 ns, Reaching safepoint: 77185 ns, Cleanup: 150742 ns, At safepoint: 4359 ns, Total: 232286 ns
[2024-03-06T18:12:53.602+0000][1][gc,heap,exit] Heap
[2024-03-06T18:12:53.602+0000][1][gc,heap,exit]  garbage-first heap   total 524288K, used 93940K [0x00000000e0000000, 0x0000000100000000)
[2024-03-06T18:12:53.602+0000][1][gc,heap,exit]   region size 1024K, 83 young (84992K), 13 survivors (13312K)
[2024-03-06T18:12:53.602+0000][1][gc,heap,exit]  Metaspace       used 71437K, committed 72704K, reserved 1114112K
[2024-03-06T18:12:53.602+0000][1][gc,heap,exit]   class space    used 9442K, committed 10048K, reserved 1048576K
