[2024-03-06T18:01:35.742+0000][1][gc,init] CardTable entry size: 512
[2024-03-06T18:01:35.742+0000][1][gc     ] Using G1
[2024-03-06T18:01:35.748+0000][1][gc,init] Version: 21.0.2+13-LTS (release)
[2024-03-06T18:01:35.748+0000][1][gc,init] CPUs: 12 total, 12 available
[2024-03-06T18:01:35.748+0000][1][gc,init] Memory: 7867M
[2024-03-06T18:01:35.748+0000][1][gc,init] Large Page Support: Disabled
[2024-03-06T18:01:35.748+0000][1][gc,init] NUMA Support: Disabled
[2024-03-06T18:01:35.748+0000][1][gc,init] Compressed Oops: Enabled (32-bit)
[2024-03-06T18:01:35.748+0000][1][gc,init] Heap Region Size: 1M
[2024-03-06T18:01:35.748+0000][1][gc,init] Heap Min Capacity: 512M
[2024-03-06T18:01:35.748+0000][1][gc,init] Heap Initial Capacity: 512M
[2024-03-06T18:01:35.748+0000][1][gc,init] Heap Max Capacity: 512M
[2024-03-06T18:01:35.748+0000][1][gc,init] Pre-touch: Disabled
[2024-03-06T18:01:35.748+0000][1][gc,init] Parallel Workers: 10
[2024-03-06T18:01:35.748+0000][1][gc,init] Concurrent Workers: 3
[2024-03-06T18:01:35.748+0000][1][gc,init] Concurrent Refinement Workers: 10
[2024-03-06T18:01:35.748+0000][1][gc,init] Periodic GC: Disabled
[2024-03-06T18:01:35.748+0000][1][gc,metaspace] CDS archive(s) not mapped
[2024-03-06T18:01:35.748+0000][1][gc,metaspace] Compressed class space mapped at: 0x0000000100000000-0x0000000140000000, reserved size: 1073741824
[2024-03-06T18:01:35.748+0000][1][gc,metaspace] Narrow klass base: 0x0000000000000000, Narrow klass shift: 3, Narrow klass range: 0x140000000
[2024-03-06T18:01:36.369+0000][1][gc,start    ] GC(0) Pause Young (Normal) (G1 Evacuation Pause)
[2024-03-06T18:01:36.370+0000][1][gc,task     ] GC(0) Using 10 workers of 10 for evacuation
[2024-03-06T18:01:36.370+0000][1][gc,age      ] GC(0) Desired survivor size 2097152 bytes, new threshold 15 (max threshold 15)
[2024-03-06T18:01:36.383+0000][1][gc,phases   ] GC(0)   Pre Evacuate Collection Set: 0.1ms
[2024-03-06T18:01:36.383+0000][1][gc,phases   ] GC(0)   Merge Heap Roots: 0.1ms
[2024-03-06T18:01:36.383+0000][1][gc,phases   ] GC(0)   Evacuate Collection Set: 12.2ms
[2024-03-06T18:01:36.383+0000][1][gc,phases   ] GC(0)   Post Evacuate Collection Set: 0.7ms
[2024-03-06T18:01:36.383+0000][1][gc,phases   ] GC(0)   Other: 0.8ms
[2024-03-06T18:01:36.383+0000][1][gc,age      ] GC(0) Age table with threshold 15 (max threshold 15)
[2024-03-06T18:01:36.383+0000][1][gc,age      ] GC(0) - age   1:    3772880 bytes,    3772880 total
[2024-03-06T18:01:36.383+0000][1][gc,heap     ] GC(0) Eden regions: 25->0(29)
[2024-03-06T18:01:36.383+0000][1][gc,heap     ] GC(0) Survivor regions: 0->4(4)
[2024-03-06T18:01:36.383+0000][1][gc,heap     ] GC(0) Old regions: 0->3
[2024-03-06T18:01:36.383+0000][1][gc,heap     ] GC(0) Humongous regions: 3->3
[2024-03-06T18:01:36.383+0000][1][gc,metaspace] GC(0) Metaspace: 16634K(16832K)->16634K(16832K) NonClass: 15003K(15104K)->15003K(15104K) Class: 1631K(1728K)->1631K(1728K)
[2024-03-06T18:01:36.383+0000][1][gc          ] GC(0) Pause Young (Normal) (G1 Evacuation Pause) 28M->9M(512M) 14.232ms
[2024-03-06T18:01:36.383+0000][1][gc,cpu      ] GC(0) User=0.04s Sys=0.02s Real=0.02s
[2024-03-06T18:01:36.383+0000][1][safepoint   ] Safepoint "G1CollectForAllocation", Time since last: 602123881 ns, Reaching safepoint: 3125 ns, Cleanup: 75342 ns, At safepoint: 14277871 ns, Total: 14356338 ns
[2024-03-06T18:01:36.772+0000][1][gc,start    ] GC(1) Pause Young (Concurrent Start) (Metadata GC Threshold)
[2024-03-06T18:01:36.772+0000][1][gc,task     ] GC(1) Using 10 workers of 10 for evacuation
[2024-03-06T18:01:36.772+0000][1][gc,age      ] GC(1) Desired survivor size 2621440 bytes, new threshold 1 (max threshold 15)
[2024-03-06T18:01:36.783+0000][1][gc,phases   ] GC(1)   Pre Evacuate Collection Set: 1.3ms
[2024-03-06T18:01:36.783+0000][1][gc,phases   ] GC(1)   Merge Heap Roots: 0.1ms
[2024-03-06T18:01:36.783+0000][1][gc,phases   ] GC(1)   Evacuate Collection Set: 8.3ms
[2024-03-06T18:01:36.783+0000][1][gc,phases   ] GC(1)   Post Evacuate Collection Set: 0.8ms
[2024-03-06T18:01:36.783+0000][1][gc,phases   ] GC(1)   Other: 0.2ms
[2024-03-06T18:01:36.783+0000][1][gc,age      ] GC(1) Age table with threshold 1 (max threshold 15)
[2024-03-06T18:01:36.783+0000][1][gc,age      ] GC(1) - age   1:    1294688 bytes,    1294688 total
[2024-03-06T18:01:36.783+0000][1][gc,heap     ] GC(1) Eden regions: 15->0(49)
[2024-03-06T18:01:36.783+0000][1][gc,heap     ] GC(1) Survivor regions: 4->2(5)
[2024-03-06T18:01:36.783+0000][1][gc,heap     ] GC(1) Old regions: 3->7
[2024-03-06T18:01:36.783+0000][1][gc,heap     ] GC(1) Humongous regions: 3->3
[2024-03-06T18:01:36.783+0000][1][gc,metaspace] GC(1) Metaspace: 21272K(21504K)->21272K(21504K) NonClass: 19023K(19136K)->19023K(19136K) Class: 2248K(2368K)->2248K(2368K)
[2024-03-06T18:01:36.783+0000][1][gc          ] GC(1) Pause Young (Concurrent Start) (Metadata GC Threshold) 24M->10M(512M) 10.968ms
[2024-03-06T18:01:36.783+0000][1][gc,cpu      ] GC(1) User=0.02s Sys=0.01s Real=0.01s
[2024-03-06T18:01:36.783+0000][1][safepoint   ] Safepoint "CollectForMetadataAllocation", Time since last: 388785994 ns, Reaching safepoint: 7153 ns, Cleanup: 126537 ns, At safepoint: 11076106 ns, Total: 11209796 ns
[2024-03-06T18:01:36.783+0000][1][gc          ] GC(2) Concurrent Mark Cycle
[2024-03-06T18:01:36.783+0000][1][gc,marking  ] GC(2) Concurrent Scan Root Regions
[2024-03-06T18:01:36.786+0000][1][gc,marking  ] GC(2) Concurrent Scan Root Regions 2.508ms
[2024-03-06T18:01:36.786+0000][1][gc,marking  ] GC(2) Concurrent Mark
[2024-03-06T18:01:36.786+0000][1][gc,marking  ] GC(2) Concurrent Mark From Roots
[2024-03-06T18:01:36.786+0000][1][gc,task     ] GC(2) Using 3 workers of 3 for marking
[2024-03-06T18:01:36.790+0000][1][gc,marking  ] GC(2) Concurrent Mark From Roots 3.509ms
[2024-03-06T18:01:36.790+0000][1][gc,marking  ] GC(2) Concurrent Preclean
[2024-03-06T18:01:36.790+0000][1][gc,marking  ] GC(2) Concurrent Preclean 0.031ms
[2024-03-06T18:01:36.790+0000][1][gc,start    ] GC(2) Pause Remark
[2024-03-06T18:01:36.794+0000][1][gc          ] GC(2) Pause Remark 11M->11M(512M) 4.097ms
[2024-03-06T18:01:36.794+0000][1][gc,cpu      ] GC(2) User=0.00s Sys=0.00s Real=0.01s
[2024-03-06T18:01:36.794+0000][1][safepoint   ] Safepoint "G1PauseRemark", Time since last: 6287493 ns, Reaching safepoint: 5010 ns, Cleanup: 11451 ns, At safepoint: 4202853 ns, Total: 4219314 ns
[2024-03-06T18:01:36.794+0000][1][gc,marking  ] GC(2) Concurrent Mark 7.921ms
[2024-03-06T18:01:36.794+0000][1][gc,marking  ] GC(2) Concurrent Rebuild Remembered Sets and Scrub Regions
[2024-03-06T18:01:36.796+0000][1][gc,marking  ] GC(2) Concurrent Rebuild Remembered Sets and Scrub Regions 1.918ms
[2024-03-06T18:01:36.796+0000][1][gc,start    ] GC(2) Pause Cleanup
[2024-03-06T18:01:36.797+0000][1][gc          ] GC(2) Pause Cleanup 11M->11M(512M) 0.393ms
[2024-03-06T18:01:36.797+0000][1][gc,cpu      ] GC(2) User=0.00s Sys=0.00s Real=0.00s
[2024-03-06T18:01:36.797+0000][1][safepoint   ] Safepoint "G1PauseCleanup", Time since last: 2086554 ns, Reaching safepoint: 300764 ns, Cleanup: 3687 ns, At safepoint: 435968 ns, Total: 740419 ns
[2024-03-06T18:01:36.797+0000][1][gc,marking  ] GC(2) Concurrent Clear Claimed Marks
[2024-03-06T18:01:36.797+0000][1][gc,marking  ] GC(2) Concurrent Clear Claimed Marks 0.030ms
[2024-03-06T18:01:36.797+0000][1][gc,marking  ] GC(2) Concurrent Cleanup for Next Mark
[2024-03-06T18:01:36.800+0000][1][gc,marking  ] GC(2) Concurrent Cleanup for Next Mark 3.248ms
[2024-03-06T18:01:36.800+0000][1][gc          ] GC(2) Concurrent Mark Cycle 16.773ms
[2024-03-06T18:01:37.433+0000][1][gc,start    ] GC(3) Pause Young (Prepare Mixed) (G1 Evacuation Pause)
[2024-03-06T18:01:37.433+0000][1][gc,task     ] GC(3) Using 10 workers of 10 for evacuation
[2024-03-06T18:01:37.433+0000][1][gc,age      ] GC(3) Desired survivor size 3670016 bytes, new threshold 15 (max threshold 15)
[2024-03-06T18:01:37.447+0000][1][gc,phases   ] GC(3)   Pre Evacuate Collection Set: 0.3ms
[2024-03-06T18:01:37.447+0000][1][gc,phases   ] GC(3)   Merge Heap Roots: 0.1ms
[2024-03-06T18:01:37.447+0000][1][gc,phases   ] GC(3)   Evacuate Collection Set: 11.8ms
[2024-03-06T18:01:37.447+0000][1][gc,phases   ] GC(3)   Post Evacuate Collection Set: 1.6ms
[2024-03-06T18:01:37.447+0000][1][gc,phases   ] GC(3)   Other: 0.1ms
[2024-03-06T18:01:37.447+0000][1][gc,age      ] GC(3) Age table with threshold 15 (max threshold 15)
[2024-03-06T18:01:37.447+0000][1][gc,age      ] GC(3) - age   1:    2597296 bytes,    2597296 total
[2024-03-06T18:01:37.447+0000][1][gc,age      ] GC(3) - age   2:    1207224 bytes,    3804520 total
[2024-03-06T18:01:37.447+0000][1][gc,heap     ] GC(3) Eden regions: 48->0(90)
[2024-03-06T18:01:37.447+0000][1][gc,heap     ] GC(3) Survivor regions: 2->4(7)
[2024-03-06T18:01:37.447+0000][1][gc,heap     ] GC(3) Old regions: 7->7
[2024-03-06T18:01:37.447+0000][1][gc,heap     ] GC(3) Humongous regions: 3->3
[2024-03-06T18:01:37.447+0000][1][gc,metaspace] GC(3) Metaspace: 29058K(29440K)->29058K(29440K) NonClass: 25893K(26112K)->25893K(26112K) Class: 3164K(3328K)->3164K(3328K)
[2024-03-06T18:01:37.447+0000][1][gc          ] GC(3) Pause Young (Prepare Mixed) (G1 Evacuation Pause) 58M->13M(512M) 14.341ms
[2024-03-06T18:01:37.447+0000][1][gc,cpu      ] GC(3) User=0.03s Sys=0.01s Real=0.01s
[2024-03-06T18:01:37.447+0000][1][safepoint   ] Safepoint "G1CollectForAllocation", Time since last: 636021452 ns, Reaching safepoint: 9298 ns, Cleanup: 131035 ns, At safepoint: 14469541 ns, Total: 14609874 ns
[2024-03-06T18:01:37.965+0000][1][gc,start    ] GC(4) Pause Young (Mixed) (G1 Evacuation Pause)
[2024-03-06T18:01:37.965+0000][1][gc,task     ] GC(4) Using 10 workers of 10 for evacuation
[2024-03-06T18:01:37.965+0000][1][gc,age      ] GC(4) Desired survivor size 6291456 bytes, new threshold 15 (max threshold 15)
[2024-03-06T18:01:38.017+0000][1][gc,phases   ] GC(4)   Pre Evacuate Collection Set: 5.6ms
[2024-03-06T18:01:38.017+0000][1][gc,phases   ] GC(4)   Merge Heap Roots: 0.2ms
[2024-03-06T18:01:38.017+0000][1][gc,phases   ] GC(4)   Evacuate Collection Set: 38.3ms
[2024-03-06T18:01:38.017+0000][1][gc,phases   ] GC(4)   Post Evacuate Collection Set: 7.9ms
[2024-03-06T18:01:38.017+0000][1][gc,phases   ] GC(4)   Other: 0.1ms
[2024-03-06T18:01:38.017+0000][1][gc,age      ] GC(4) Age table with threshold 15 (max threshold 15)
[2024-03-06T18:01:38.017+0000][1][gc,age      ] GC(4) - age   1:    6016648 bytes,    6016648 total
[2024-03-06T18:01:38.017+0000][1][gc,age      ] GC(4) - age   2:    1319016 bytes,    7335664 total
[2024-03-06T18:01:38.017+0000][1][gc,age      ] GC(4) - age   3:    1207192 bytes,    8542856 total
[2024-03-06T18:01:38.017+0000][1][gc,heap     ] GC(4) Eden regions: 92->0(298)
[2024-03-06T18:01:38.017+0000][1][gc,heap     ] GC(4) Survivor regions: 4->9(12)
[2024-03-06T18:01:38.017+0000][1][gc,heap     ] GC(4) Old regions: 7->7
[2024-03-06T18:01:38.017+0000][1][gc,heap     ] GC(4) Humongous regions: 3->3
[2024-03-06T18:01:38.017+0000][1][gc,metaspace] GC(4) Metaspace: 31572K(31936K)->31572K(31936K) NonClass: 28058K(28224K)->28058K(28224K) Class: 3513K(3712K)->3513K(3712K)
[2024-03-06T18:01:38.017+0000][1][gc          ] GC(4) Pause Young (Mixed) (G1 Evacuation Pause) 105M->18M(512M) 52.534ms
[2024-03-06T18:01:38.017+0000][1][gc,cpu      ] GC(4) User=0.09s Sys=0.02s Real=0.05s
[2024-03-06T18:01:38.017+0000][1][safepoint   ] Safepoint "G1CollectForAllocation", Time since last: 517331977 ns, Reaching safepoint: 10891 ns, Cleanup: 127268 ns, At safepoint: 52626692 ns, Total: 52764851 ns
[2024-03-06T18:01:38.751+0000][1][gc,start    ] GC(5) Pause Young (Concurrent Start) (Metadata GC Threshold)
[2024-03-06T18:01:38.751+0000][1][gc,task     ] GC(5) Using 10 workers of 10 for evacuation
[2024-03-06T18:01:38.751+0000][1][gc,age      ] GC(5) Desired survivor size 20447232 bytes, new threshold 15 (max threshold 15)
[2024-03-06T18:01:38.759+0000][1][gc,phases   ] GC(5)   Pre Evacuate Collection Set: 0.3ms
[2024-03-06T18:01:38.759+0000][1][gc,phases   ] GC(5)   Merge Heap Roots: 0.1ms
[2024-03-06T18:01:38.759+0000][1][gc,phases   ] GC(5)   Evacuate Collection Set: 5.5ms
[2024-03-06T18:01:38.759+0000][1][gc,phases   ] GC(5)   Post Evacuate Collection Set: 2.0ms
[2024-03-06T18:01:38.759+0000][1][gc,phases   ] GC(5)   Other: 0.1ms
[2024-03-06T18:01:38.759+0000][1][gc,age      ] GC(5) Age table with threshold 15 (max threshold 15)
[2024-03-06T18:01:38.759+0000][1][gc,age      ] GC(5) - age   1:    1665664 bytes,    1665664 total
[2024-03-06T18:01:38.759+0000][1][gc,age      ] GC(5) - age   2:     744328 bytes,    2409992 total
[2024-03-06T18:01:38.759+0000][1][gc,age      ] GC(5) - age   3:    1299104 bytes,    3709096 total
[2024-03-06T18:01:38.759+0000][1][gc,age      ] GC(5) - age   4:    1184488 bytes,    4893584 total
[2024-03-06T18:01:38.759+0000][1][gc,heap     ] GC(5) Eden regions: 82->0(301)
[2024-03-06T18:01:38.759+0000][1][gc,heap     ] GC(5) Survivor regions: 9->6(39)
[2024-03-06T18:01:38.759+0000][1][gc,heap     ] GC(5) Old regions: 7->7
[2024-03-06T18:01:38.759+0000][1][gc,heap     ] GC(5) Humongous regions: 3->3
[2024-03-06T18:01:38.759+0000][1][gc,metaspace] GC(5) Metaspace: 35746K(36160K)->35746K(36160K) NonClass: 31705K(31936K)->31705K(31936K) Class: 4041K(4224K)->4041K(4224K)
[2024-03-06T18:01:38.759+0000][1][gc          ] GC(5) Pause Young (Concurrent Start) (Metadata GC Threshold) 99M->15M(512M) 8.408ms
[2024-03-06T18:01:38.759+0000][1][gc,cpu      ] GC(5) User=0.02s Sys=0.01s Real=0.00s
[2024-03-06T18:01:38.759+0000][1][safepoint   ] Safepoint "CollectForMetadataAllocation", Time since last: 732892042 ns, Reaching safepoint: 14006 ns, Cleanup: 138350 ns, At safepoint: 8520712 ns, Total: 8673068 ns
[2024-03-06T18:01:38.759+0000][1][gc          ] GC(6) Concurrent Mark Cycle
[2024-03-06T18:01:38.759+0000][1][gc,marking  ] GC(6) Concurrent Scan Root Regions
[2024-03-06T18:01:38.762+0000][1][gc,marking  ] GC(6) Concurrent Scan Root Regions 3.040ms
[2024-03-06T18:01:38.762+0000][1][gc,marking  ] GC(6) Concurrent Mark
[2024-03-06T18:01:38.762+0000][1][gc,marking  ] GC(6) Concurrent Mark From Roots
[2024-03-06T18:01:38.762+0000][1][gc,task     ] GC(6) Using 3 workers of 3 for marking
[2024-03-06T18:01:38.765+0000][1][gc,marking  ] GC(6) Concurrent Mark From Roots 2.927ms
[2024-03-06T18:01:38.765+0000][1][gc,marking  ] GC(6) Concurrent Preclean
[2024-03-06T18:01:38.765+0000][1][gc,marking  ] GC(6) Concurrent Preclean 0.034ms
[2024-03-06T18:01:38.765+0000][1][gc,start    ] GC(6) Pause Remark
[2024-03-06T18:01:38.768+0000][1][gc          ] GC(6) Pause Remark 16M->16M(512M) 2.361ms
[2024-03-06T18:01:38.768+0000][1][gc,cpu      ] GC(6) User=0.01s Sys=0.00s Real=0.00s
[2024-03-06T18:01:38.768+0000][1][safepoint   ] Safepoint "G1PauseRemark", Time since last: 6211150 ns, Reaching safepoint: 75091 ns, Cleanup: 2976 ns, At safepoint: 2444635 ns, Total: 2522702 ns
[2024-03-06T18:01:38.768+0000][1][gc,marking  ] GC(6) Concurrent Mark 5.598ms
[2024-03-06T18:01:38.768+0000][1][gc,marking  ] GC(6) Concurrent Rebuild Remembered Sets and Scrub Regions
[2024-03-06T18:01:38.769+0000][1][gc,marking  ] GC(6) Concurrent Rebuild Remembered Sets and Scrub Regions 1.066ms
[2024-03-06T18:01:38.769+0000][1][gc,start    ] GC(6) Pause Cleanup
[2024-03-06T18:01:38.769+0000][1][gc          ] GC(6) Pause Cleanup 16M->16M(512M) 0.158ms
[2024-03-06T18:01:38.769+0000][1][gc,cpu      ] GC(6) User=0.00s Sys=0.00s Real=0.00s
[2024-03-06T18:01:38.769+0000][1][safepoint   ] Safepoint "G1PauseCleanup", Time since last: 1172650 ns, Reaching safepoint: 8215 ns, Cleanup: 5741 ns, At safepoint: 199774 ns, Total: 213730 ns
[2024-03-06T18:01:38.769+0000][1][gc,marking  ] GC(6) Concurrent Clear Claimed Marks
[2024-03-06T18:01:38.769+0000][1][gc,marking  ] GC(6) Concurrent Clear Claimed Marks 0.049ms
[2024-03-06T18:01:38.769+0000][1][gc,marking  ] GC(6) Concurrent Cleanup for Next Mark
[2024-03-06T18:01:38.771+0000][1][gc,marking  ] GC(6) Concurrent Cleanup for Next Mark 1.538ms
[2024-03-06T18:01:38.771+0000][1][gc          ] GC(6) Concurrent Mark Cycle 11.806ms
[2024-03-06T18:01:39.112+0000][1][gc,heap,exit] Heap
[2024-03-06T18:01:39.112+0000][1][gc,heap,exit]  garbage-first heap   total 524288K, used 35963K [0x00000000e0000000, 0x0000000100000000)
[2024-03-06T18:01:39.112+0000][1][gc,heap,exit]   region size 1024K, 26 young (26624K), 6 survivors (6144K)
[2024-03-06T18:01:39.112+0000][1][gc,heap,exit]  Metaspace       used 39228K, committed 39680K, reserved 1114112K
[2024-03-06T18:01:39.112+0000][1][gc,heap,exit]   class space    used 4585K, committed 4800K, reserved 1048576K
