[2024-03-07T03:31:38.441+0000][1][gc,init] CardTable entry size: 512
[2024-03-07T03:31:38.441+0000][1][gc     ] Using G1
[2024-03-07T03:31:38.453+0000][1][gc,init] Version: 21.0.2+13-LTS (release)
[2024-03-07T03:31:38.453+0000][1][gc,init] CPUs: 12 total, 12 available
[2024-03-07T03:31:38.453+0000][1][gc,init] Memory: 7867M
[2024-03-07T03:31:38.453+0000][1][gc,init] Large Page Support: Disabled
[2024-03-07T03:31:38.453+0000][1][gc,init] NUMA Support: Disabled
[2024-03-07T03:31:38.453+0000][1][gc,init] Compressed Oops: Enabled (32-bit)
[2024-03-07T03:31:38.453+0000][1][gc,init] Heap Region Size: 1M
[2024-03-07T03:31:38.453+0000][1][gc,init] Heap Min Capacity: 1G
[2024-03-07T03:31:38.453+0000][1][gc,init] Heap Initial Capacity: 1G
[2024-03-07T03:31:38.453+0000][1][gc,init] Heap Max Capacity: 1G
[2024-03-07T03:31:38.453+0000][1][gc,init] Pre-touch: Disabled
[2024-03-07T03:31:38.453+0000][1][gc,init] Parallel Workers: 10
[2024-03-07T03:31:38.453+0000][1][gc,init] Concurrent Workers: 3
[2024-03-07T03:31:38.453+0000][1][gc,init] Concurrent Refinement Workers: 10
[2024-03-07T03:31:38.453+0000][1][gc,init] Periodic GC: Disabled
[2024-03-07T03:31:38.453+0000][1][gc,metaspace] CDS archive(s) not mapped
[2024-03-07T03:31:38.453+0000][1][gc,metaspace] Compressed class space mapped at: 0x0000000100000000-0x0000000140000000, reserved size: 1073741824
[2024-03-07T03:31:38.453+0000][1][gc,metaspace] Narrow klass base: 0x0000000000000000, Narrow klass shift: 3, Narrow klass range: 0x140000000
[2024-03-07T03:31:39.164+0000][1][safepoint   ] Safepoint "ICBufferFull", Time since last: 694489006 ns, Reaching safepoint: 5280 ns, Cleanup: 124303 ns, At safepoint: 3266 ns, Total: 132849 ns
[2024-03-07T03:31:39.308+0000][1][gc,start    ] GC(0) Pause Young (Concurrent Start) (Metadata GC Threshold)
[2024-03-07T03:31:39.309+0000][1][gc,task     ] GC(0) Using 10 workers of 10 for evacuation
[2024-03-07T03:31:39.309+0000][1][gc,age      ] GC(0) Desired survivor size 3670016 bytes, new threshold 15 (max threshold 15)
[2024-03-07T03:31:39.327+0000][1][gc,phases   ] GC(0)   Pre Evacuate Collection Set: 0.2ms
[2024-03-07T03:31:39.327+0000][1][gc,phases   ] GC(0)   Merge Heap Roots: 0.1ms
[2024-03-07T03:31:39.327+0000][1][gc,phases   ] GC(0)   Evacuate Collection Set: 17.6ms
[2024-03-07T03:31:39.327+0000][1][gc,phases   ] GC(0)   Post Evacuate Collection Set: 0.7ms
[2024-03-07T03:31:39.327+0000][1][gc,phases   ] GC(0)   Other: 0.8ms
[2024-03-07T03:31:39.327+0000][1][gc,age      ] GC(0) Age table with threshold 15 (max threshold 15)
[2024-03-07T03:31:39.327+0000][1][gc,age      ] GC(0) - age   1:    6963544 bytes,    6963544 total
[2024-03-07T03:31:39.327+0000][1][gc,heap     ] GC(0) Eden regions: 40->0(44)
[2024-03-07T03:31:39.327+0000][1][gc,heap     ] GC(0) Survivor regions: 0->7(7)
[2024-03-07T03:31:39.327+0000][1][gc,heap     ] GC(0) Old regions: 0->1
[2024-03-07T03:31:39.327+0000][1][gc,heap     ] GC(0) Humongous regions: 3->3
[2024-03-07T03:31:39.327+0000][1][gc,metaspace] GC(0) Metaspace: 21271K(21504K)->21271K(21504K) NonClass: 19022K(19136K)->19022K(19136K) Class: 2248K(2368K)->2248K(2368K)
[2024-03-07T03:31:39.328+0000][1][gc          ] GC(0) Pause Young (Concurrent Start) (Metadata GC Threshold) 42M->10M(1024M) 19.707ms
[2024-03-07T03:31:39.328+0000][1][gc,cpu      ] GC(0) User=0.04s Sys=0.09s Real=0.02s
[2024-03-07T03:31:39.328+0000][1][gc          ] GC(1) Concurrent Mark Cycle
[2024-03-07T03:31:39.328+0000][1][gc,marking  ] GC(1) Concurrent Scan Root Regions
[2024-03-07T03:31:39.328+0000][1][safepoint   ] Safepoint "CollectForMetadataAllocation", Time since last: 143933468 ns, Reaching safepoint: 3767 ns, Cleanup: 49823 ns, At safepoint: 19812433 ns, Total: 19866023 ns
[2024-03-07T03:31:39.329+0000][1][gc,marking  ] GC(1) Concurrent Scan Root Regions 1.637ms
[2024-03-07T03:31:39.329+0000][1][gc,marking  ] GC(1) Concurrent Mark
[2024-03-07T03:31:39.329+0000][1][gc,marking  ] GC(1) Concurrent Mark From Roots
[2024-03-07T03:31:39.329+0000][1][gc,task     ] GC(1) Using 3 workers of 3 for marking
[2024-03-07T03:31:39.330+0000][1][gc,marking  ] GC(1) Concurrent Mark From Roots 0.426ms
[2024-03-07T03:31:39.330+0000][1][gc,marking  ] GC(1) Concurrent Preclean
[2024-03-07T03:31:39.330+0000][1][gc,marking  ] GC(1) Concurrent Preclean 0.024ms
[2024-03-07T03:31:39.339+0000][1][gc,start    ] GC(1) Pause Remark
[2024-03-07T03:31:39.347+0000][1][gc          ] GC(1) Pause Remark 11M->11M(1024M) 8.600ms
[2024-03-07T03:31:39.347+0000][1][gc,cpu      ] GC(1) User=0.02s Sys=0.00s Real=0.01s
[2024-03-07T03:31:39.348+0000][1][safepoint   ] Safepoint "G1PauseRemark", Time since last: 2593697 ns, Reaching safepoint: 8451818 ns, Cleanup: 62387 ns, At safepoint: 8796655 ns, Total: 17310860 ns
[2024-03-07T03:31:39.348+0000][1][gc,marking  ] GC(1) Concurrent Mark 18.260ms
[2024-03-07T03:31:39.348+0000][1][gc,marking  ] GC(1) Concurrent Rebuild Remembered Sets and Scrub Regions
[2024-03-07T03:31:39.348+0000][1][gc,marking  ] GC(1) Concurrent Rebuild Remembered Sets and Scrub Regions 0.704ms
[2024-03-07T03:31:39.349+0000][1][gc,start    ] GC(1) Pause Cleanup
[2024-03-07T03:31:39.349+0000][1][gc          ] GC(1) Pause Cleanup 11M->11M(1024M) 0.174ms
[2024-03-07T03:31:39.349+0000][1][gc,cpu      ] GC(1) User=0.00s Sys=0.00s Real=0.00s
[2024-03-07T03:31:39.349+0000][1][safepoint   ] Safepoint "G1PauseCleanup", Time since last: 810340 ns, Reaching safepoint: 212920 ns, Cleanup: 3005 ns, At safepoint: 278393 ns, Total: 494318 ns
[2024-03-07T03:31:39.349+0000][1][gc,marking  ] GC(1) Concurrent Clear Claimed Marks
[2024-03-07T03:31:39.349+0000][1][gc,marking  ] GC(1) Concurrent Clear Claimed Marks 0.045ms
[2024-03-07T03:31:39.349+0000][1][gc,marking  ] GC(1) Concurrent Cleanup for Next Mark
[2024-03-07T03:31:39.355+0000][1][gc,marking  ] GC(1) Concurrent Cleanup for Next Mark 5.474ms
[2024-03-07T03:31:39.355+0000][1][gc          ] GC(1) Concurrent Mark Cycle 27.176ms
[2024-03-07T03:31:39.811+0000][1][gc,start    ] GC(2) Pause Young (Normal) (G1 Evacuation Pause)
[2024-03-07T03:31:39.811+0000][1][gc,task     ] GC(2) Using 10 workers of 10 for evacuation
[2024-03-07T03:31:39.811+0000][1][gc,age      ] GC(2) Desired survivor size 3670016 bytes, new threshold 1 (max threshold 15)
[2024-03-07T03:31:39.832+0000][1][gc,phases   ] GC(2)   Pre Evacuate Collection Set: 0.3ms
[2024-03-07T03:31:39.832+0000][1][gc,phases   ] GC(2)   Merge Heap Roots: 0.1ms
[2024-03-07T03:31:39.832+0000][1][gc,phases   ] GC(2)   Evacuate Collection Set: 18.4ms
[2024-03-07T03:31:39.832+0000][1][gc,phases   ] GC(2)   Post Evacuate Collection Set: 2.6ms
[2024-03-07T03:31:39.832+0000][1][gc,phases   ] GC(2)   Other: 0.1ms
[2024-03-07T03:31:39.832+0000][1][gc,age      ] GC(2) Age table with threshold 1 (max threshold 15)
[2024-03-07T03:31:39.832+0000][1][gc,age      ] GC(2) - age   1:    1282840 bytes,    1282840 total
[2024-03-07T03:31:39.832+0000][1][gc,heap     ] GC(2) Eden regions: 44->0(63)
[2024-03-07T03:31:39.832+0000][1][gc,heap     ] GC(2) Survivor regions: 7->2(7)
[2024-03-07T03:31:39.832+0000][1][gc,heap     ] GC(2) Old regions: 1->8
[2024-03-07T03:31:39.832+0000][1][gc,heap     ] GC(2) Humongous regions: 3->3
[2024-03-07T03:31:39.833+0000][1][gc,metaspace] GC(2) Metaspace: 29388K(29760K)->29388K(29760K) NonClass: 26206K(26432K)->26206K(26432K) Class: 3181K(3328K)->3181K(3328K)
[2024-03-07T03:31:39.833+0000][1][gc          ] GC(2) Pause Young (Normal) (G1 Evacuation Pause) 54M->12M(1024M) 22.004ms
[2024-03-07T03:31:39.833+0000][1][gc,cpu      ] GC(2) User=0.03s Sys=0.09s Real=0.02s
[2024-03-07T03:31:39.833+0000][1][safepoint   ] Safepoint "G1CollectForAllocation", Time since last: 461605744 ns, Reaching safepoint: 6923 ns, Cleanup: 92784 ns, At safepoint: 22078496 ns, Total: 22178203 ns
[2024-03-07T03:31:40.224+0000][1][gc,start    ] GC(3) Pause Young (Normal) (G1 Evacuation Pause)
[2024-03-07T03:31:40.225+0000][1][gc,task     ] GC(3) Using 10 workers of 10 for evacuation
[2024-03-07T03:31:40.225+0000][1][gc,age      ] GC(3) Desired survivor size 4718592 bytes, new threshold 15 (max threshold 15)
[2024-03-07T03:31:40.236+0000][1][gc,phases   ] GC(3)   Pre Evacuate Collection Set: 0.3ms
[2024-03-07T03:31:40.236+0000][1][gc,phases   ] GC(3)   Merge Heap Roots: 0.1ms
[2024-03-07T03:31:40.236+0000][1][gc,phases   ] GC(3)   Evacuate Collection Set: 10.1ms
[2024-03-07T03:31:40.236+0000][1][gc,phases   ] GC(3)   Post Evacuate Collection Set: 0.9ms
[2024-03-07T03:31:40.236+0000][1][gc,phases   ] GC(3)   Other: 0.1ms
[2024-03-07T03:31:40.236+0000][1][gc,age      ] GC(3) Age table with threshold 15 (max threshold 15)
[2024-03-07T03:31:40.236+0000][1][gc,age      ] GC(3) - age   1:    2472928 bytes,    2472928 total
[2024-03-07T03:31:40.236+0000][1][gc,age      ] GC(3) - age   2:    1217968 bytes,    3690896 total
[2024-03-07T03:31:40.236+0000][1][gc,heap     ] GC(3) Eden regions: 63->0(610)
[2024-03-07T03:31:40.236+0000][1][gc,heap     ] GC(3) Survivor regions: 2->4(9)
[2024-03-07T03:31:40.236+0000][1][gc,heap     ] GC(3) Old regions: 8->8
[2024-03-07T03:31:40.236+0000][1][gc,heap     ] GC(3) Humongous regions: 3->3
[2024-03-07T03:31:40.236+0000][1][gc,metaspace] GC(3) Metaspace: 32638K(33024K)->32638K(33024K) NonClass: 29016K(29248K)->29016K(29248K) Class: 3621K(3776K)->3621K(3776K)
[2024-03-07T03:31:40.236+0000][1][gc          ] GC(3) Pause Young (Normal) (G1 Evacuation Pause) 75M->14M(1024M) 11.897ms
[2024-03-07T03:31:40.236+0000][1][gc,cpu      ] GC(3) User=0.05s Sys=0.02s Real=0.01s
[2024-03-07T03:31:40.236+0000][1][safepoint   ] Safepoint "G1CollectForAllocation", Time since last: 391604203 ns, Reaching safepoint: 86642 ns, Cleanup: 145313 ns, At safepoint: 11992792 ns, Total: 12224747 ns
[2024-03-07T03:31:40.656+0000][1][gc,start    ] GC(4) Pause Young (Concurrent Start) (Metadata GC Threshold)
[2024-03-07T03:31:40.656+0000][1][gc,task     ] GC(4) Using 10 workers of 10 for evacuation
[2024-03-07T03:31:40.656+0000][1][gc,age      ] GC(4) Desired survivor size 40370176 bytes, new threshold 15 (max threshold 15)
[2024-03-07T03:31:40.667+0000][1][gc,phases   ] GC(4)   Pre Evacuate Collection Set: 0.3ms
[2024-03-07T03:31:40.668+0000][1][gc,phases   ] GC(4)   Merge Heap Roots: 0.1ms
[2024-03-07T03:31:40.668+0000][1][gc,phases   ] GC(4)   Evacuate Collection Set: 10.0ms
[2024-03-07T03:31:40.668+0000][1][gc,phases   ] GC(4)   Post Evacuate Collection Set: 0.7ms
[2024-03-07T03:31:40.668+0000][1][gc,phases   ] GC(4)   Other: 0.1ms
[2024-03-07T03:31:40.668+0000][1][gc,age      ] GC(4) Age table with threshold 15 (max threshold 15)
[2024-03-07T03:31:40.668+0000][1][gc,age      ] GC(4) - age   1:    1675816 bytes,    1675816 total
[2024-03-07T03:31:40.668+0000][1][gc,age      ] GC(4) - age   2:     956904 bytes,    2632720 total
[2024-03-07T03:31:40.668+0000][1][gc,age      ] GC(4) - age   3:    1205208 bytes,    3837928 total
[2024-03-07T03:31:40.668+0000][1][gc,heap     ] GC(4) Eden regions: 113->0(609)
[2024-03-07T03:31:40.668+0000][1][gc,heap     ] GC(4) Survivor regions: 4->5(77)
[2024-03-07T03:31:40.668+0000][1][gc,heap     ] GC(4) Old regions: 8->8
[2024-03-07T03:31:40.668+0000][1][gc,heap     ] GC(4) Humongous regions: 3->3
[2024-03-07T03:31:40.668+0000][1][gc,metaspace] GC(4) Metaspace: 35616K(35968K)->35616K(35968K) NonClass: 31629K(31808K)->31629K(31808K) Class: 3987K(4160K)->3987K(4160K)
[2024-03-07T03:31:40.668+0000][1][gc          ] GC(4) Pause Young (Concurrent Start) (Metadata GC Threshold) 127M->14M(1024M) 11.764ms
[2024-03-07T03:31:40.668+0000][1][gc,cpu      ] GC(4) User=0.04s Sys=0.05s Real=0.01s
[2024-03-07T03:31:40.668+0000][1][safepoint   ] Safepoint "CollectForMetadataAllocation", Time since last: 419519309 ns, Reaching safepoint: 5771 ns, Cleanup: 97162 ns, At safepoint: 11906310 ns, Total: 12009243 ns
[2024-03-07T03:31:40.668+0000][1][gc          ] GC(5) Concurrent Mark Cycle
[2024-03-07T03:31:40.668+0000][1][gc,marking  ] GC(5) Concurrent Scan Root Regions
[2024-03-07T03:31:40.670+0000][1][gc,marking  ] GC(5) Concurrent Scan Root Regions 2.232ms
[2024-03-07T03:31:40.670+0000][1][gc,marking  ] GC(5) Concurrent Mark
[2024-03-07T03:31:40.670+0000][1][gc,marking  ] GC(5) Concurrent Mark From Roots
[2024-03-07T03:31:40.670+0000][1][gc,task     ] GC(5) Using 3 workers of 3 for marking
[2024-03-07T03:31:40.675+0000][1][gc,marking  ] GC(5) Concurrent Mark From Roots 4.211ms
[2024-03-07T03:31:40.675+0000][1][gc,marking  ] GC(5) Concurrent Preclean
[2024-03-07T03:31:40.675+0000][1][gc,marking  ] GC(5) Concurrent Preclean 0.040ms
[2024-03-07T03:31:40.675+0000][1][gc,start    ] GC(5) Pause Remark
[2024-03-07T03:31:40.677+0000][1][gc          ] GC(5) Pause Remark 15M->15M(1024M) 2.544ms
[2024-03-07T03:31:40.677+0000][1][gc,cpu      ] GC(5) User=0.01s Sys=0.00s Real=0.00s
[2024-03-07T03:31:40.677+0000][1][safepoint   ] Safepoint "G1PauseRemark", Time since last: 6801171 ns, Reaching safepoint: 9167 ns, Cleanup: 15880 ns, At safepoint: 2641566 ns, Total: 2666613 ns
[2024-03-07T03:31:40.677+0000][1][gc,marking  ] GC(5) Concurrent Mark 7.085ms
[2024-03-07T03:31:40.677+0000][1][gc,marking  ] GC(5) Concurrent Rebuild Remembered Sets and Scrub Regions
[2024-03-07T03:31:40.679+0000][1][gc,marking  ] GC(5) Concurrent Rebuild Remembered Sets and Scrub Regions 1.233ms
[2024-03-07T03:31:40.679+0000][1][gc,start    ] GC(5) Pause Cleanup
[2024-03-07T03:31:40.679+0000][1][gc          ] GC(5) Pause Cleanup 15M->15M(1024M) 0.195ms
[2024-03-07T03:31:40.679+0000][1][gc,cpu      ] GC(5) User=0.00s Sys=0.00s Real=0.00s
[2024-03-07T03:31:40.679+0000][1][safepoint   ] Safepoint "G1PauseCleanup", Time since last: 1363308 ns, Reaching safepoint: 4448 ns, Cleanup: 4990 ns, At safepoint: 230602 ns, Total: 240040 ns
[2024-03-07T03:31:40.679+0000][1][gc,marking  ] GC(5) Concurrent Clear Claimed Marks
[2024-03-07T03:31:40.679+0000][1][gc,marking  ] GC(5) Concurrent Clear Claimed Marks 0.042ms
[2024-03-07T03:31:40.679+0000][1][gc,marking  ] GC(5) Concurrent Cleanup for Next Mark
[2024-03-07T03:31:40.682+0000][1][gc,marking  ] GC(5) Concurrent Cleanup for Next Mark 2.540ms
[2024-03-07T03:31:40.682+0000][1][gc          ] GC(5) Concurrent Mark Cycle 13.769ms
[2024-03-07T03:31:41.151+0000][1][safepoint   ] Safepoint "ICBufferFull", Time since last: 471557938 ns, Reaching safepoint: 3687 ns, Cleanup: 93205 ns, At safepoint: 2685 ns, Total: 99577 ns
[2024-03-07T03:31:41.687+0000][1][safepoint   ] Safepoint "ICBufferFull", Time since last: 536147134 ns, Reaching safepoint: 83958 ns, Cleanup: 179376 ns, At safepoint: 8937 ns, Total: 272271 ns
[2024-03-07T03:31:42.312+0000][1][gc,start    ] GC(6) Pause Young (Prepare Mixed) (Metadata GC Threshold)
[2024-03-07T03:31:42.313+0000][1][gc,task     ] GC(6) Using 10 workers of 10 for evacuation
[2024-03-07T03:31:42.313+0000][1][gc,age      ] GC(6) Desired survivor size 40370176 bytes, new threshold 15 (max threshold 15)
[2024-03-07T03:31:42.323+0000][1][gc,phases   ] GC(6)   Pre Evacuate Collection Set: 0.3ms
[2024-03-07T03:31:42.323+0000][1][gc,phases   ] GC(6)   Merge Heap Roots: 0.1ms
[2024-03-07T03:31:42.323+0000][1][gc,phases   ] GC(6)   Evacuate Collection Set: 8.8ms
[2024-03-07T03:31:42.323+0000][1][gc,phases   ] GC(6)   Post Evacuate Collection Set: 0.9ms
[2024-03-07T03:31:42.323+0000][1][gc,phases   ] GC(6)   Other: 0.1ms
[2024-03-07T03:31:42.323+0000][1][gc,age      ] GC(6) Age table with threshold 15 (max threshold 15)
[2024-03-07T03:31:42.323+0000][1][gc,age      ] GC(6) - age   1:    6933680 bytes,    6933680 total
[2024-03-07T03:31:42.323+0000][1][gc,age      ] GC(6) - age   2:    1201568 bytes,    8135248 total
[2024-03-07T03:31:42.323+0000][1][gc,age      ] GC(6) - age   3:     905344 bytes,    9040592 total
[2024-03-07T03:31:42.323+0000][1][gc,age      ] GC(6) - age   4:    1161400 bytes,   10201992 total
[2024-03-07T03:31:42.323+0000][1][gc,heap     ] GC(6) Eden regions: 90->0(583)
[2024-03-07T03:31:42.323+0000][1][gc,heap     ] GC(6) Survivor regions: 5->11(77)
[2024-03-07T03:31:42.323+0000][1][gc,heap     ] GC(6) Old regions: 8->8
[2024-03-07T03:31:42.323+0000][1][gc,heap     ] GC(6) Humongous regions: 3->3
[2024-03-07T03:31:42.323+0000][1][gc,metaspace] GC(6) Metaspace: 59564K(60160K)->59564K(60160K) NonClass: 52090K(52416K)->52090K(52416K) Class: 7473K(7744K)->7473K(7744K)
[2024-03-07T03:31:42.323+0000][1][gc          ] GC(6) Pause Young (Prepare Mixed) (Metadata GC Threshold) 104M->21M(1024M) 10.565ms
[2024-03-07T03:31:42.323+0000][1][gc,cpu      ] GC(6) User=0.07s Sys=0.00s Real=0.01s
[2024-03-07T03:31:42.323+0000][1][safepoint   ] Safepoint "CollectForMetadataAllocation", Time since last: 625170897 ns, Reaching safepoint: 4829 ns, Cleanup: 119053 ns, At safepoint: 10708141 ns, Total: 10832023 ns
[2024-03-07T03:31:42.406+0000][1][gc,start    ] GC(7) Pause Young (Mixed) (Metadata GC Threshold)
[2024-03-07T03:31:42.407+0000][1][gc,task     ] GC(7) Using 10 workers of 10 for evacuation
[2024-03-07T03:31:42.407+0000][1][gc,age      ] GC(7) Desired survivor size 39321600 bytes, new threshold 15 (max threshold 15)
[2024-03-07T03:31:42.417+0000][1][gc,phases   ] GC(7)   Pre Evacuate Collection Set: 0.3ms
[2024-03-07T03:31:42.417+0000][1][gc,phases   ] GC(7)   Merge Heap Roots: 0.1ms
[2024-03-07T03:31:42.417+0000][1][gc,phases   ] GC(7)   Evacuate Collection Set: 8.5ms
[2024-03-07T03:31:42.417+0000][1][gc,phases   ] GC(7)   Post Evacuate Collection Set: 1.2ms
[2024-03-07T03:31:42.417+0000][1][gc,phases   ] GC(7)   Other: 0.1ms
[2024-03-07T03:31:42.417+0000][1][gc,age      ] GC(7) Age table with threshold 15 (max threshold 15)
[2024-03-07T03:31:42.417+0000][1][gc,age      ] GC(7) - age   1:    1106384 bytes,    1106384 total
[2024-03-07T03:31:42.417+0000][1][gc,age      ] GC(7) - age   2:    6728952 bytes,    7835336 total
[2024-03-07T03:31:42.417+0000][1][gc,age      ] GC(7) - age   3:    1201376 bytes,    9036712 total
[2024-03-07T03:31:42.417+0000][1][gc,age      ] GC(7) - age   4:     905056 bytes,    9941768 total
[2024-03-07T03:31:42.417+0000][1][gc,age      ] GC(7) - age   5:    1160536 bytes,   11102304 total
[2024-03-07T03:31:42.417+0000][1][gc,heap     ] GC(7) Eden regions: 4->0(555)
[2024-03-07T03:31:42.417+0000][1][gc,heap     ] GC(7) Survivor regions: 11->12(75)
[2024-03-07T03:31:42.417+0000][1][gc,heap     ] GC(7) Old regions: 8->8
[2024-03-07T03:31:42.417+0000][1][gc,heap     ] GC(7) Humongous regions: 3->3
[2024-03-07T03:31:42.417+0000][1][gc,metaspace] GC(7) Metaspace: 59906K(60480K)->59906K(60480K) NonClass: 52413K(52736K)->52413K(52736K) Class: 7493K(7744K)->7493K(7744K)
[2024-03-07T03:31:42.417+0000][1][gc          ] GC(7) Pause Young (Mixed) (Metadata GC Threshold) 24M->21M(1024M) 10.534ms
[2024-03-07T03:31:42.417+0000][1][gc,cpu      ] GC(7) User=0.07s Sys=0.01s Real=0.01s
[2024-03-07T03:31:42.417+0000][1][safepoint   ] Safepoint "CollectForMetadataAllocation", Time since last: 83239850 ns, Reaching safepoint: 6512 ns, Cleanup: 28303 ns, At safepoint: 10631278 ns, Total: 10666093 ns
[2024-03-07T03:31:42.443+0000][1][gc,start    ] GC(8) Pause Young (Concurrent Start) (Metadata GC Threshold)
[2024-03-07T03:31:42.443+0000][1][gc,task     ] GC(8) Using 10 workers of 10 for evacuation
[2024-03-07T03:31:42.443+0000][1][gc,age      ] GC(8) Desired survivor size 37224448 bytes, new threshold 15 (max threshold 15)
[2024-03-07T03:31:42.451+0000][1][gc,phases   ] GC(8)   Pre Evacuate Collection Set: 0.2ms
[2024-03-07T03:31:42.451+0000][1][gc,phases   ] GC(8)   Merge Heap Roots: 0.0ms
[2024-03-07T03:31:42.451+0000][1][gc,phases   ] GC(8)   Evacuate Collection Set: 6.7ms
[2024-03-07T03:31:42.451+0000][1][gc,phases   ] GC(8)   Post Evacuate Collection Set: 0.9ms
[2024-03-07T03:31:42.451+0000][1][gc,phases   ] GC(8)   Other: 0.1ms
[2024-03-07T03:31:42.451+0000][1][gc,age      ] GC(8) Age table with threshold 15 (max threshold 15)
[2024-03-07T03:31:42.451+0000][1][gc,age      ] GC(8) - age   1:     284624 bytes,     284624 total
[2024-03-07T03:31:42.451+0000][1][gc,age      ] GC(8) - age   2:     972688 bytes,    1257312 total
[2024-03-07T03:31:42.451+0000][1][gc,age      ] GC(8) - age   3:    6728952 bytes,    7986264 total
[2024-03-07T03:31:42.451+0000][1][gc,age      ] GC(8) - age   4:    1201376 bytes,    9187640 total
[2024-03-07T03:31:42.451+0000][1][gc,age      ] GC(8) - age   5:     905056 bytes,   10092696 total
[2024-03-07T03:31:42.451+0000][1][gc,age      ] GC(8) - age   6:    1160536 bytes,   11253232 total
[2024-03-07T03:31:42.451+0000][1][gc,heap     ] GC(8) Eden regions: 2->0(602)
[2024-03-07T03:31:42.451+0000][1][gc,heap     ] GC(8) Survivor regions: 12->12(71)
[2024-03-07T03:31:42.451+0000][1][gc,heap     ] GC(8) Old regions: 8->8
[2024-03-07T03:31:42.451+0000][1][gc,heap     ] GC(8) Humongous regions: 3->3
[2024-03-07T03:31:42.451+0000][1][gc,metaspace] GC(8) Metaspace: 60194K(60800K)->60194K(60800K) NonClass: 52677K(52992K)->52677K(52992K) Class: 7516K(7808K)->7516K(7808K)
[2024-03-07T03:31:42.451+0000][1][gc          ] GC(8) Pause Young (Concurrent Start) (Metadata GC Threshold) 23M->22M(1024M) 8.297ms
[2024-03-07T03:31:42.451+0000][1][gc,cpu      ] GC(8) User=0.04s Sys=0.00s Real=0.01s
[2024-03-07T03:31:42.451+0000][1][safepoint   ] Safepoint "CollectForMetadataAllocation", Time since last: 25576027 ns, Reaching safepoint: 3757 ns, Cleanup: 28133 ns, At safepoint: 8389661 ns, Total: 8421551 ns
[2024-03-07T03:31:42.451+0000][1][gc          ] GC(9) Concurrent Mark Cycle
[2024-03-07T03:31:42.451+0000][1][gc,marking  ] GC(9) Concurrent Scan Root Regions
[2024-03-07T03:31:42.455+0000][1][gc,marking  ] GC(9) Concurrent Scan Root Regions 4.156ms
[2024-03-07T03:31:42.455+0000][1][gc,marking  ] GC(9) Concurrent Mark
[2024-03-07T03:31:42.455+0000][1][gc,marking  ] GC(9) Concurrent Mark From Roots
[2024-03-07T03:31:42.455+0000][1][gc,task     ] GC(9) Using 3 workers of 3 for marking
[2024-03-07T03:31:42.459+0000][1][gc,marking  ] GC(9) Concurrent Mark From Roots 3.368ms
[2024-03-07T03:31:42.459+0000][1][gc,marking  ] GC(9) Concurrent Preclean
[2024-03-07T03:31:42.459+0000][1][gc,marking  ] GC(9) Concurrent Preclean 0.040ms
[2024-03-07T03:31:42.459+0000][1][gc,start    ] GC(9) Pause Remark
[2024-03-07T03:31:42.461+0000][1][gc          ] GC(9) Pause Remark 23M->23M(1024M) 2.326ms
[2024-03-07T03:31:42.461+0000][1][gc,cpu      ] GC(9) User=0.01s Sys=0.00s Real=0.00s
[2024-03-07T03:31:42.461+0000][1][safepoint   ] Safepoint "G1PauseRemark", Time since last: 7742377 ns, Reaching safepoint: 75452 ns, Cleanup: 2665 ns, At safepoint: 2418187 ns, Total: 2496304 ns
[2024-03-07T03:31:42.461+0000][1][gc,marking  ] GC(9) Concurrent Mark 6.012ms
[2024-03-07T03:31:42.461+0000][1][gc,marking  ] GC(9) Concurrent Rebuild Remembered Sets and Scrub Regions
[2024-03-07T03:31:42.463+0000][1][gc,marking  ] GC(9) Concurrent Rebuild Remembered Sets and Scrub Regions 1.530ms
[2024-03-07T03:31:42.463+0000][1][gc,start    ] GC(9) Pause Cleanup
[2024-03-07T03:31:42.463+0000][1][gc          ] GC(9) Pause Cleanup 23M->23M(1024M) 0.209ms
[2024-03-07T03:31:42.463+0000][1][gc,cpu      ] GC(9) User=0.00s Sys=0.00s Real=0.01s
[2024-03-07T03:31:42.463+0000][1][safepoint   ] Safepoint "G1PauseCleanup", Time since last: 1651909 ns, Reaching safepoint: 78136 ns, Cleanup: 4118 ns, At safepoint: 256702 ns, Total: 338956 ns
[2024-03-07T03:31:42.463+0000][1][gc,marking  ] GC(9) Concurrent Clear Claimed Marks
[2024-03-07T03:31:42.463+0000][1][gc,marking  ] GC(9) Concurrent Clear Claimed Marks 0.064ms
[2024-03-07T03:31:42.463+0000][1][gc,marking  ] GC(9) Concurrent Cleanup for Next Mark
[2024-03-07T03:31:42.466+0000][1][gc,marking  ] GC(9) Concurrent Cleanup for Next Mark 2.609ms
[2024-03-07T03:31:42.466+0000][1][gc          ] GC(9) Concurrent Mark Cycle 15.102ms
[2024-03-07T03:31:42.841+0000][1][safepoint   ] Safepoint "ICBufferFull", Time since last: 377327306 ns, Reaching safepoint: 6643 ns, Cleanup: 157315 ns, At safepoint: 5119 ns, Total: 169077 ns
[2024-03-07T03:31:43.514+0000][1][safepoint   ] Safepoint "ICBufferFull", Time since last: 673207657 ns, Reaching safepoint: 18795 ns, Cleanup: 225563 ns, At safepoint: 7173 ns, Total: 251531 ns
[2024-03-07T03:31:44.514+0000][1][safepoint   ] Safepoint "Cleanup", Time since last: 1000181126 ns, Reaching safepoint: 11070 ns, Cleanup: 70252 ns, At safepoint: 4459 ns, Total: 85781 ns
[2024-03-07T03:31:45.515+0000][1][safepoint   ] Safepoint "Cleanup", Time since last: 1000179670 ns, Reaching safepoint: 11241 ns, Cleanup: 38332 ns, At safepoint: 4318 ns, Total: 53891 ns
[2024-03-07T03:31:46.515+0000][1][safepoint   ] Safepoint "Cleanup", Time since last: 1000615232 ns, Reaching safepoint: 11402 ns, Cleanup: 15589 ns, At safepoint: 4428 ns, Total: 31419 ns
[2024-03-07T03:31:47.516+0000][1][safepoint   ] Safepoint "Cleanup", Time since last: 1000220958 ns, Reaching safepoint: 10590 ns, Cleanup: 24125 ns, At safepoint: 4008 ns, Total: 38723 ns
[2024-03-07T03:31:48.516+0000][1][safepoint   ] Safepoint "Cleanup", Time since last: 1000537744 ns, Reaching safepoint: 11051 ns, Cleanup: 15248 ns, At safepoint: 4409 ns, Total: 30708 ns
[2024-03-07T03:31:50.517+0000][1][safepoint   ] Safepoint "Cleanup", Time since last: 2000251484 ns, Reaching safepoint: 61926 ns, Cleanup: 36619 ns, At safepoint: 4268 ns, Total: 102813 ns
[2024-03-07T03:31:52.033+0000][1][safepoint   ] Safepoint "Cleanup", Time since last: 1516706273 ns, Reaching safepoint: 15069 ns, Cleanup: 50925 ns, At safepoint: 4789 ns, Total: 70783 ns
[2024-03-07T03:31:53.033+0000][1][safepoint   ] Safepoint "Cleanup", Time since last: 1000148554 ns, Reaching safepoint: 12474 ns, Cleanup: 15118 ns, At safepoint: 3827 ns, Total: 31419 ns
[2024-03-07T03:31:54.034+0000][1][safepoint   ] Safepoint "Cleanup", Time since last: 1000148695 ns, Reaching safepoint: 61295 ns, Cleanup: 30217 ns, At safepoint: 24145 ns, Total: 115657 ns
[2024-03-07T03:31:55.034+0000][1][safepoint   ] Safepoint "Cleanup", Time since last: 1000131383 ns, Reaching safepoint: 8346 ns, Cleanup: 9638 ns, At safepoint: 2224 ns, Total: 20208 ns
[2024-03-07T03:31:55.588+0000][1][safepoint   ] Safepoint "ICBufferFull", Time since last: 553563211 ns, Reaching safepoint: 18886 ns, Cleanup: 149601 ns, At safepoint: 3797 ns, Total: 172284 ns
[2024-03-07T03:31:56.588+0000][1][safepoint   ] Safepoint "Cleanup", Time since last: 1000154716 ns, Reaching safepoint: 21971 ns, Cleanup: 162294 ns, At safepoint: 7324 ns, Total: 191589 ns
[2024-03-07T03:31:57.588+0000][1][safepoint   ] Safepoint "Cleanup", Time since last: 1000172129 ns, Reaching safepoint: 18635 ns, Cleanup: 35867 ns, At safepoint: 5090 ns, Total: 59592 ns
[2024-03-07T03:32:01.589+0000][1][safepoint   ] Safepoint "Cleanup", Time since last: 4000626531 ns, Reaching safepoint: 80922 ns, Cleanup: 22282 ns, At safepoint: 7414 ns, Total: 110618 ns
[2024-03-07T03:32:02.589+0000][1][safepoint   ] Safepoint "Cleanup", Time since last: 1000165766 ns, Reaching safepoint: 13756 ns, Cleanup: 18505 ns, At safepoint: 4488 ns, Total: 36749 ns
[2024-03-07T03:32:05.589+0000][1][safepoint   ] Safepoint "Cleanup", Time since last: 3000289555 ns, Reaching safepoint: 39935 ns, Cleanup: 5550 ns, At safepoint: 3086 ns, Total: 48571 ns
[2024-03-07T03:32:07.590+0000][1][safepoint   ] Safepoint "Cleanup", Time since last: 2000171065 ns, Reaching safepoint: 10950 ns, Cleanup: 9208 ns, At safepoint: 2534 ns, Total: 22692 ns
[2024-03-07T03:32:08.590+0000][1][safepoint   ] Safepoint "Cleanup", Time since last: 1000114429 ns, Reaching safepoint: 12453 ns, Cleanup: 15059 ns, At safepoint: 2725 ns, Total: 30237 ns
[2024-03-07T03:32:12.590+0000][1][safepoint   ] Safepoint "Cleanup", Time since last: 4000332293 ns, Reaching safepoint: 48281 ns, Cleanup: 10529 ns, At safepoint: 2715 ns, Total: 61525 ns
[2024-03-07T03:32:13.590+0000][1][safepoint   ] Safepoint "Cleanup", Time since last: 1000108168 ns, Reaching safepoint: 17754 ns, Cleanup: 15088 ns, At safepoint: 9979 ns, Total: 42821 ns
[2024-03-07T03:32:14.591+0000][1][safepoint   ] Safepoint "Cleanup", Time since last: 1000116153 ns, Reaching safepoint: 42901 ns, Cleanup: 18835 ns, At safepoint: 2885 ns, Total: 64621 ns
[2024-03-07T03:32:18.591+0000][1][safepoint   ] Safepoint "Cleanup", Time since last: 4000349621 ns, Reaching safepoint: 97673 ns, Cleanup: 15930 ns, At safepoint: 10961 ns, Total: 124564 ns
[2024-03-07T03:32:19.591+0000][1][safepoint   ] Safepoint "Cleanup", Time since last: 1000295992 ns, Reaching safepoint: 40255 ns, Cleanup: 16952 ns, At safepoint: 3146 ns, Total: 60353 ns
[2024-03-07T03:32:24.592+0000][1][safepoint   ] Safepoint "Cleanup", Time since last: 5000379024 ns, Reaching safepoint: 41408 ns, Cleanup: 21711 ns, At safepoint: 14317 ns, Total: 77436 ns
[2024-03-07T03:32:28.592+0000][1][safepoint   ] Safepoint "Cleanup", Time since last: 4000460426 ns, Reaching safepoint: 129232 ns, Cleanup: 17223 ns, At safepoint: 30317 ns, Total: 176772 ns
[2024-03-07T03:32:29.593+0000][1][safepoint   ] Safepoint "Cleanup", Time since last: 1000250123 ns, Reaching safepoint: 22542 ns, Cleanup: 18976 ns, At safepoint: 5029 ns, Total: 46547 ns
[2024-03-07T03:32:31.593+0000][1][safepoint   ] Safepoint "Cleanup", Time since last: 2000228768 ns, Reaching safepoint: 72937 ns, Cleanup: 12984 ns, At safepoint: 5280 ns, Total: 91201 ns
[2024-03-07T03:32:32.593+0000][1][safepoint   ] Safepoint "Cleanup", Time since last: 1000133907 ns, Reaching safepoint: 19066 ns, Cleanup: 14908 ns, At safepoint: 4588 ns, Total: 38562 ns
[2024-03-07T03:32:33.593+0000][1][safepoint   ] Safepoint "Cleanup", Time since last: 1000151388 ns, Reaching safepoint: 20679 ns, Cleanup: 20789 ns, At safepoint: 5470 ns, Total: 46938 ns
[2024-03-07T03:32:34.594+0000][1][safepoint   ] Safepoint "Cleanup", Time since last: 1000159645 ns, Reaching safepoint: 17002 ns, Cleanup: 25428 ns, At safepoint: 4899 ns, Total: 47329 ns
[2024-03-07T03:32:35.594+0000][1][safepoint   ] Safepoint "Cleanup", Time since last: 1000135209 ns, Reaching safepoint: 33473 ns, Cleanup: 10309 ns, At safepoint: 2936 ns, Total: 46718 ns
[2024-03-07T03:32:39.514+0000][1][safepoint   ] Safepoint "Cleanup", Time since last: 3919753066 ns, Reaching safepoint: 16461 ns, Cleanup: 23925 ns, At safepoint: 3166 ns, Total: 43552 ns
[2024-03-07T03:32:40.514+0000][1][safepoint   ] Safepoint "Cleanup", Time since last: 1000144586 ns, Reaching safepoint: 47489 ns, Cleanup: 21040 ns, At safepoint: 5119 ns, Total: 73648 ns
[2024-03-07T03:32:41.514+0000][1][safepoint   ] Safepoint "Cleanup", Time since last: 1000107768 ns, Reaching safepoint: 14226 ns, Cleanup: 11011 ns, At safepoint: 4178 ns, Total: 29415 ns
[2024-03-07T03:32:43.514+0000][1][safepoint   ] Safepoint "Cleanup", Time since last: 2000245982 ns, Reaching safepoint: 10299 ns, Cleanup: 17382 ns, At safepoint: 4960 ns, Total: 32641 ns
[2024-03-07T03:32:44.515+0000][1][safepoint   ] Safepoint "Cleanup", Time since last: 1000170384 ns, Reaching safepoint: 15720 ns, Cleanup: 38762 ns, At safepoint: 13095 ns, Total: 67577 ns
[2024-03-07T03:32:45.515+0000][1][safepoint   ] Safepoint "Cleanup", Time since last: 1000555978 ns, Reaching safepoint: 20699 ns, Cleanup: 14176 ns, At safepoint: 5220 ns, Total: 40095 ns
[2024-03-07T03:32:46.516+0000][1][safepoint   ] Safepoint "Cleanup", Time since last: 1000413280 ns, Reaching safepoint: 24726 ns, Cleanup: 17042 ns, At safepoint: 4769 ns, Total: 46537 ns
[2024-03-07T03:32:47.516+0000][1][safepoint   ] Safepoint "Cleanup", Time since last: 1000196463 ns, Reaching safepoint: 24095 ns, Cleanup: 27782 ns, At safepoint: 5180 ns, Total: 57057 ns
[2024-03-07T03:32:48.517+0000][1][safepoint   ] Safepoint "Cleanup", Time since last: 1000520100 ns, Reaching safepoint: 253706 ns, Cleanup: 15218 ns, At safepoint: 20729 ns, Total: 289653 ns
[2024-03-07T03:32:49.517+0000][1][safepoint   ] Safepoint "Cleanup", Time since last: 1000135992 ns, Reaching safepoint: 22682 ns, Cleanup: 28805 ns, At safepoint: 5600 ns, Total: 57087 ns
[2024-03-07T03:32:50.517+0000][1][safepoint   ] Safepoint "Cleanup", Time since last: 1000186434 ns, Reaching safepoint: 22662 ns, Cleanup: 15279 ns, At safepoint: 5160 ns, Total: 43101 ns
[2024-03-07T03:32:51.517+0000][1][safepoint   ] Safepoint "Cleanup", Time since last: 1000160365 ns, Reaching safepoint: 20688 ns, Cleanup: 15229 ns, At safepoint: 4809 ns, Total: 40726 ns
[2024-03-07T03:32:52.518+0000][1][safepoint   ] Safepoint "Cleanup", Time since last: 1000424693 ns, Reaching safepoint: 22983 ns, Cleanup: 15429 ns, At safepoint: 5761 ns, Total: 44173 ns
[2024-03-07T03:32:53.518+0000][1][safepoint   ] Safepoint "Cleanup", Time since last: 1000539858 ns, Reaching safepoint: 76092 ns, Cleanup: 32562 ns, At safepoint: 17573 ns, Total: 126227 ns
[2024-03-07T03:32:56.520+0000][1][safepoint   ] Safepoint "Cleanup", Time since last: 3001093577 ns, Reaching safepoint: 21801 ns, Cleanup: 22162 ns, At safepoint: 5740 ns, Total: 49703 ns
[2024-03-07T03:32:58.520+0000][1][safepoint   ] Safepoint "Cleanup", Time since last: 2000513856 ns, Reaching safepoint: 58821 ns, Cleanup: 13826 ns, At safepoint: 20408 ns, Total: 93055 ns
[2024-03-07T03:33:00.520+0000][1][safepoint   ] Safepoint "Cleanup", Time since last: 2000231087 ns, Reaching safepoint: 15990 ns, Cleanup: 15008 ns, At safepoint: 4618 ns, Total: 35616 ns
[2024-03-07T03:33:01.521+0000][1][safepoint   ] Safepoint "Cleanup", Time since last: 1000546431 ns, Reaching safepoint: 25237 ns, Cleanup: 18595 ns, At safepoint: 5230 ns, Total: 49062 ns
[2024-03-07T03:33:02.522+0000][1][safepoint   ] Safepoint "Cleanup", Time since last: 1000523629 ns, Reaching safepoint: 24436 ns, Cleanup: 22191 ns, At safepoint: 5410 ns, Total: 52037 ns
[2024-03-07T03:33:05.522+0000][1][safepoint   ] Safepoint "Cleanup", Time since last: 3000771320 ns, Reaching safepoint: 77345 ns, Cleanup: 25307 ns, At safepoint: 5050 ns, Total: 107702 ns
[2024-03-07T03:33:08.524+0000][1][safepoint   ] Safepoint "Cleanup", Time since last: 3001122671 ns, Reaching safepoint: 18885 ns, Cleanup: 15219 ns, At safepoint: 5040 ns, Total: 39144 ns
[2024-03-07T03:33:10.525+0000][1][safepoint   ] Safepoint "Cleanup", Time since last: 2000861506 ns, Reaching safepoint: 68318 ns, Cleanup: 20538 ns, At safepoint: 5320 ns, Total: 94176 ns
[2024-03-07T03:33:11.525+0000][1][safepoint   ] Safepoint "Cleanup", Time since last: 1000176255 ns, Reaching safepoint: 24155 ns, Cleanup: 15349 ns, At safepoint: 5891 ns, Total: 45395 ns
[2024-03-07T03:33:13.525+0000][1][safepoint   ] Safepoint "Cleanup", Time since last: 2000498645 ns, Reaching safepoint: 17403 ns, Cleanup: 17242 ns, At safepoint: 4810 ns, Total: 39455 ns
[2024-03-07T03:33:14.526+0000][1][safepoint   ] Safepoint "Cleanup", Time since last: 1000180674 ns, Reaching safepoint: 41518 ns, Cleanup: 13195 ns, At safepoint: 3987 ns, Total: 58700 ns
[2024-03-07T03:33:15.526+0000][1][safepoint   ] Safepoint "Cleanup", Time since last: 1000112296 ns, Reaching safepoint: 18705 ns, Cleanup: 21831 ns, At safepoint: 5220 ns, Total: 45756 ns
[2024-03-07T03:33:20.526+0000][1][safepoint   ] Safepoint "Cleanup", Time since last: 5000543833 ns, Reaching safepoint: 18615 ns, Cleanup: 14076 ns, At safepoint: 6422 ns, Total: 39113 ns
[2024-03-07T03:33:25.527+0000][1][safepoint   ] Safepoint "Cleanup", Time since last: 5000606887 ns, Reaching safepoint: 19607 ns, Cleanup: 25177 ns, At safepoint: 5831 ns, Total: 50615 ns
[2024-03-07T03:33:26.527+0000][1][safepoint   ] Safepoint "Cleanup", Time since last: 1000148183 ns, Reaching safepoint: 19267 ns, Cleanup: 14557 ns, At safepoint: 5170 ns, Total: 38994 ns
[2024-03-07T03:33:28.527+0000][1][safepoint   ] Safepoint "Cleanup", Time since last: 2000214442 ns, Reaching safepoint: 20469 ns, Cleanup: 18284 ns, At safepoint: 3386 ns, Total: 42139 ns
[2024-03-07T03:33:29.528+0000][1][safepoint   ] Safepoint "Cleanup", Time since last: 1000148844 ns, Reaching safepoint: 55174 ns, Cleanup: 26169 ns, At safepoint: 5450 ns, Total: 86793 ns
[2024-03-07T03:33:30.528+0000][1][safepoint   ] Safepoint "Cleanup", Time since last: 1000155155 ns, Reaching safepoint: 15760 ns, Cleanup: 33713 ns, At safepoint: 4779 ns, Total: 54252 ns
[2024-03-07T03:33:32.528+0000][1][safepoint   ] Safepoint "Cleanup", Time since last: 2000366188 ns, Reaching safepoint: 16621 ns, Cleanup: 15078 ns, At safepoint: 4970 ns, Total: 36669 ns
[2024-03-07T03:33:33.528+0000][1][safepoint   ] Safepoint "Cleanup", Time since last: 1000139766 ns, Reaching safepoint: 11712 ns, Cleanup: 13956 ns, At safepoint: 2986 ns, Total: 28654 ns
[2024-03-07T03:33:34.529+0000][1][safepoint   ] Safepoint "Cleanup", Time since last: 1000108308 ns, Reaching safepoint: 37040 ns, Cleanup: 18685 ns, At safepoint: 2404 ns, Total: 58129 ns
[2024-03-07T03:33:35.529+0000][1][safepoint   ] Safepoint "Cleanup", Time since last: 1000108386 ns, Reaching safepoint: 15910 ns, Cleanup: 26129 ns, At safepoint: 4990 ns, Total: 47029 ns
[2024-03-07T03:33:38.529+0000][1][safepoint   ] Safepoint "Cleanup", Time since last: 3000279400 ns, Reaching safepoint: 10911 ns, Cleanup: 13565 ns, At safepoint: 2435 ns, Total: 26911 ns
[2024-03-07T03:33:40.549+0000][1][safepoint   ] Safepoint "Cleanup", Time since last: 2019570790 ns, Reaching safepoint: 35827 ns, Cleanup: 12894 ns, At safepoint: 3066 ns, Total: 51787 ns
[2024-03-07T03:33:41.549+0000][1][safepoint   ] Safepoint "Cleanup", Time since last: 1000114450 ns, Reaching safepoint: 14908 ns, Cleanup: 23995 ns, At safepoint: 4558 ns, Total: 43461 ns
[2024-03-07T03:33:43.549+0000][1][safepoint   ] Safepoint "Cleanup", Time since last: 2000232969 ns, Reaching safepoint: 13996 ns, Cleanup: 18825 ns, At safepoint: 3136 ns, Total: 35957 ns
[2024-03-07T03:33:45.549+0000][1][safepoint   ] Safepoint "Cleanup", Time since last: 2000184256 ns, Reaching safepoint: 46568 ns, Cleanup: 15990 ns, At safepoint: 2685 ns, Total: 65243 ns
[2024-03-07T03:33:48.550+0000][1][safepoint   ] Safepoint "Cleanup", Time since last: 3000308602 ns, Reaching safepoint: 35096 ns, Cleanup: 38342 ns, At safepoint: 5751 ns, Total: 79189 ns
[2024-03-07T03:33:49.550+0000][1][safepoint   ] Safepoint "Cleanup", Time since last: 1000189070 ns, Reaching safepoint: 46867 ns, Cleanup: 15089 ns, At safepoint: 21690 ns, Total: 83646 ns
[2024-03-07T03:33:50.550+0000][1][safepoint   ] Safepoint "Cleanup", Time since last: 1000142654 ns, Reaching safepoint: 14237 ns, Cleanup: 40395 ns, At safepoint: 5481 ns, Total: 60113 ns
[2024-03-07T03:33:52.551+0000][1][safepoint   ] Safepoint "Cleanup", Time since last: 2000508817 ns, Reaching safepoint: 53500 ns, Cleanup: 13796 ns, At safepoint: 5030 ns, Total: 72326 ns
[2024-03-07T03:33:53.551+0000][1][safepoint   ] Safepoint "Cleanup", Time since last: 1000131271 ns, Reaching safepoint: 17543 ns, Cleanup: 32771 ns, At safepoint: 4769 ns, Total: 55083 ns
[2024-03-07T03:33:55.551+0000][1][safepoint   ] Safepoint "Cleanup", Time since last: 2000212150 ns, Reaching safepoint: 23293 ns, Cleanup: 17553 ns, At safepoint: 5421 ns, Total: 46267 ns
[2024-03-07T03:33:58.552+0000][1][safepoint   ] Safepoint "Cleanup", Time since last: 3000325536 ns, Reaching safepoint: 14166 ns, Cleanup: 17203 ns, At safepoint: 3576 ns, Total: 34945 ns
[2024-03-07T03:34:00.552+0000][1][safepoint   ] Safepoint "Cleanup", Time since last: 2000218548 ns, Reaching safepoint: 15970 ns, Cleanup: 17393 ns, At safepoint: 5360 ns, Total: 38723 ns
[2024-03-07T03:34:01.552+0000][1][safepoint   ] Safepoint "Cleanup", Time since last: 1000179391 ns, Reaching safepoint: 71133 ns, Cleanup: 16511 ns, At safepoint: 17874 ns, Total: 105518 ns
[2024-03-07T03:34:03.552+0000][1][safepoint   ] Safepoint "Cleanup", Time since last: 2000196870 ns, Reaching safepoint: 10871 ns, Cleanup: 8716 ns, At safepoint: 2395 ns, Total: 21982 ns
[2024-03-07T03:34:05.553+0000][1][safepoint   ] Safepoint "Cleanup", Time since last: 2000233841 ns, Reaching safepoint: 16140 ns, Cleanup: 15289 ns, At safepoint: 4999 ns, Total: 36428 ns
[2024-03-07T03:34:08.553+0000][1][safepoint   ] Safepoint "Cleanup", Time since last: 3000325860 ns, Reaching safepoint: 77365 ns, Cleanup: 15028 ns, At safepoint: 5691 ns, Total: 98084 ns
[2024-03-07T03:34:10.554+0000][1][safepoint   ] Safepoint "Cleanup", Time since last: 2000612654 ns, Reaching safepoint: 16050 ns, Cleanup: 16190 ns, At safepoint: 5240 ns, Total: 37480 ns
[2024-03-07T03:34:13.554+0000][1][safepoint   ] Safepoint "Cleanup", Time since last: 3000698047 ns, Reaching safepoint: 42409 ns, Cleanup: 19366 ns, At safepoint: 3748 ns, Total: 65523 ns
[2024-03-07T03:34:15.555+0000][1][safepoint   ] Safepoint "Cleanup", Time since last: 2000230234 ns, Reaching safepoint: 15920 ns, Cleanup: 14737 ns, At safepoint: 5330 ns, Total: 35987 ns
[2024-03-07T03:34:18.555+0000][1][safepoint   ] Safepoint "Cleanup", Time since last: 3000352225 ns, Reaching safepoint: 57979 ns, Cleanup: 21891 ns, At safepoint: 5550 ns, Total: 85420 ns
[2024-03-07T03:34:20.556+0000][1][safepoint   ] Safepoint "Cleanup", Time since last: 2000675369 ns, Reaching safepoint: 16090 ns, Cleanup: 23153 ns, At safepoint: 4929 ns, Total: 44172 ns
[2024-03-07T03:34:23.556+0000][1][safepoint   ] Safepoint "Cleanup", Time since last: 3000275291 ns, Reaching safepoint: 39194 ns, Cleanup: 9768 ns, At safepoint: 2444 ns, Total: 51406 ns
[2024-03-07T03:34:25.556+0000][1][safepoint   ] Safepoint "Cleanup", Time since last: 2000178234 ns, Reaching safepoint: 11592 ns, Cleanup: 14046 ns, At safepoint: 3046 ns, Total: 28684 ns
[2024-03-07T03:34:28.557+0000][1][safepoint   ] Safepoint "Cleanup", Time since last: 3000243745 ns, Reaching safepoint: 39915 ns, Cleanup: 8856 ns, At safepoint: 2315 ns, Total: 51086 ns
[2024-03-07T03:34:30.557+0000][1][safepoint   ] Safepoint "Cleanup", Time since last: 2000199575 ns, Reaching safepoint: 20579 ns, Cleanup: 44253 ns, At safepoint: 4438 ns, Total: 69270 ns
[2024-03-07T03:34:33.557+0000][1][safepoint   ] Safepoint "Cleanup", Time since last: 3000276833 ns, Reaching safepoint: 37791 ns, Cleanup: 15018 ns, At safepoint: 2855 ns, Total: 55664 ns
[2024-03-07T03:34:34.557+0000][1][safepoint   ] Safepoint "Cleanup", Time since last: 1000101988 ns, Reaching safepoint: 15178 ns, Cleanup: 14989 ns, At safepoint: 4678 ns, Total: 34845 ns
[2024-03-07T03:34:35.558+0000][1][safepoint   ] Safepoint "Cleanup", Time since last: 1000126793 ns, Reaching safepoint: 11442 ns, Cleanup: 12704 ns, At safepoint: 2935 ns, Total: 27081 ns
[2024-03-07T03:34:36.558+0000][1][safepoint   ] Safepoint "Cleanup", Time since last: 1000552363 ns, Reaching safepoint: 16371 ns, Cleanup: 17663 ns, At safepoint: 5069 ns, Total: 39103 ns
[2024-03-07T03:34:39.574+0000][1][safepoint   ] Safepoint "Cleanup", Time since last: 3015312424 ns, Reaching safepoint: 13646 ns, Cleanup: 12032 ns, At safepoint: 4930 ns, Total: 30608 ns
[2024-03-07T03:34:40.574+0000][1][safepoint   ] Safepoint "Cleanup", Time since last: 1000517326 ns, Reaching safepoint: 15349 ns, Cleanup: 17613 ns, At safepoint: 4688 ns, Total: 37650 ns
[2024-03-07T03:34:43.575+0000][1][safepoint   ] Safepoint "Cleanup", Time since last: 3000965698 ns, Reaching safepoint: 50384 ns, Cleanup: 12293 ns, At safepoint: 5140 ns, Total: 67817 ns
[2024-03-07T03:34:44.575+0000][1][safepoint   ] Safepoint "Cleanup", Time since last: 1000116962 ns, Reaching safepoint: 13816 ns, Cleanup: 10870 ns, At safepoint: 3867 ns, Total: 28553 ns
[2024-03-07T03:34:45.576+0000][1][safepoint   ] Safepoint "Cleanup", Time since last: 1000460175 ns, Reaching safepoint: 16461 ns, Cleanup: 16521 ns, At safepoint: 4899 ns, Total: 37881 ns
[2024-03-07T03:34:53.577+0000][1][safepoint   ] Safepoint "Cleanup", Time since last: 8001560858 ns, Reaching safepoint: 13866 ns, Cleanup: 17964 ns, At safepoint: 4228 ns, Total: 36058 ns
[2024-03-07T03:34:55.578+0000][1][safepoint   ] Safepoint "Cleanup", Time since last: 2000191760 ns, Reaching safepoint: 15669 ns, Cleanup: 29916 ns, At safepoint: 5300 ns, Total: 50885 ns
[2024-03-07T03:35:00.578+0000][1][safepoint   ] Safepoint "Cleanup", Time since last: 5000412729 ns, Reaching safepoint: 50855 ns, Cleanup: 14588 ns, At safepoint: 4548 ns, Total: 69991 ns
[2024-03-07T03:35:01.578+0000][1][safepoint   ] Safepoint "Cleanup", Time since last: 1000148134 ns, Reaching safepoint: 14688 ns, Cleanup: 13726 ns, At safepoint: 5069 ns, Total: 33483 ns
[2024-03-07T03:35:06.580+0000][1][safepoint   ] Safepoint "Cleanup", Time since last: 5001956543 ns, Reaching safepoint: 64460 ns, Cleanup: 15750 ns, At safepoint: 5180 ns, Total: 85390 ns
[2024-03-07T03:35:07.581+0000][1][safepoint   ] Safepoint "Cleanup", Time since last: 1000489101 ns, Reaching safepoint: 16361 ns, Cleanup: 19266 ns, At safepoint: 4960 ns, Total: 40587 ns
[2024-03-07T03:35:10.582+0000][1][safepoint   ] Safepoint "Cleanup", Time since last: 3000937466 ns, Reaching safepoint: 48651 ns, Cleanup: 14988 ns, At safepoint: 3166 ns, Total: 66805 ns
[2024-03-07T03:35:13.583+0000][1][safepoint   ] Safepoint "Cleanup", Time since last: 3001170026 ns, Reaching safepoint: 44263 ns, Cleanup: 16871 ns, At safepoint: 4719 ns, Total: 65853 ns
[2024-03-07T03:35:16.584+0000][1][safepoint   ] Safepoint "Cleanup", Time since last: 3000643813 ns, Reaching safepoint: 13465 ns, Cleanup: 13866 ns, At safepoint: 3166 ns, Total: 30497 ns
[2024-03-07T03:35:20.585+0000][1][safepoint   ] Safepoint "Cleanup", Time since last: 4001337200 ns, Reaching safepoint: 19306 ns, Cleanup: 24947 ns, At safepoint: 5249 ns, Total: 49502 ns
[2024-03-07T03:35:21.585+0000][1][safepoint   ] Safepoint "Cleanup", Time since last: 1000181234 ns, Reaching safepoint: 15669 ns, Cleanup: 15369 ns, At safepoint: 5170 ns, Total: 36208 ns
[2024-03-07T03:35:25.586+0000][1][safepoint   ] Safepoint "Cleanup", Time since last: 4000778211 ns, Reaching safepoint: 59762 ns, Cleanup: 16341 ns, At safepoint: 5100 ns, Total: 81203 ns
[2024-03-07T03:35:26.587+0000][1][safepoint   ] Safepoint "Cleanup", Time since last: 1000506764 ns, Reaching safepoint: 16381 ns, Cleanup: 16621 ns, At safepoint: 5761 ns, Total: 38763 ns
[2024-03-07T03:35:30.588+0000][1][safepoint   ] Safepoint "Cleanup", Time since last: 4000792969 ns, Reaching safepoint: 32360 ns, Cleanup: 8206 ns, At safepoint: 2895 ns, Total: 43461 ns
[2024-03-07T03:35:31.588+0000][1][safepoint   ] Safepoint "Cleanup", Time since last: 1000084486 ns, Reaching safepoint: 10730 ns, Cleanup: 8997 ns, At safepoint: 2305 ns, Total: 22032 ns
[2024-03-07T03:35:32.588+0000][1][safepoint   ] Safepoint "Cleanup", Time since last: 1000505071 ns, Reaching safepoint: 16080 ns, Cleanup: 14477 ns, At safepoint: 4639 ns, Total: 35196 ns
[2024-03-07T03:35:35.589+0000][1][safepoint   ] Safepoint "Cleanup", Time since last: 3000431700 ns, Reaching safepoint: 15560 ns, Cleanup: 12603 ns, At safepoint: 2836 ns, Total: 30999 ns
[2024-03-07T03:35:40.625+0000][1][safepoint   ] Safepoint "Cleanup", Time since last: 5036058308 ns, Reaching safepoint: 68669 ns, Cleanup: 24105 ns, At safepoint: 5050 ns, Total: 97824 ns
[2024-03-07T03:35:41.625+0000][1][safepoint   ] Safepoint "Cleanup", Time since last: 1000506275 ns, Reaching safepoint: 19777 ns, Cleanup: 14928 ns, At safepoint: 5351 ns, Total: 40056 ns
[2024-03-07T03:35:43.626+0000][1][safepoint   ] Safepoint "Cleanup", Time since last: 2000520237 ns, Reaching safepoint: 25087 ns, Cleanup: 18054 ns, At safepoint: 5861 ns, Total: 49002 ns
[2024-03-07T03:35:45.627+0000][1][safepoint   ] Safepoint "Cleanup", Time since last: 2000597539 ns, Reaching safepoint: 46498 ns, Cleanup: 8716 ns, At safepoint: 2375 ns, Total: 57589 ns
[2024-03-07T03:35:50.629+0000][1][safepoint   ] Safepoint "Cleanup", Time since last: 5002007525 ns, Reaching safepoint: 65583 ns, Cleanup: 30177 ns, At safepoint: 3997 ns, Total: 99757 ns
[2024-03-07T03:35:51.629+0000][1][safepoint   ] Safepoint "Cleanup", Time since last: 1000484664 ns, Reaching safepoint: 24917 ns, Cleanup: 18855 ns, At safepoint: 5861 ns, Total: 49633 ns
[2024-03-07T03:35:53.630+0000][1][safepoint   ] Safepoint "Cleanup", Time since last: 2000629929 ns, Reaching safepoint: 15960 ns, Cleanup: 16861 ns, At safepoint: 5270 ns, Total: 38091 ns
[2024-03-07T03:35:56.631+0000][1][safepoint   ] Safepoint "Cleanup", Time since last: 3000796789 ns, Reaching safepoint: 64301 ns, Cleanup: 14817 ns, At safepoint: 5110 ns, Total: 84228 ns
[2024-03-07T03:36:00.632+0000][1][safepoint   ] Safepoint "Cleanup", Time since last: 4000644141 ns, Reaching safepoint: 72666 ns, Cleanup: 18144 ns, At safepoint: 4900 ns, Total: 95710 ns
[2024-03-07T03:36:01.632+0000][1][safepoint   ] Safepoint "Cleanup", Time since last: 1000142733 ns, Reaching safepoint: 12203 ns, Cleanup: 15178 ns, At safepoint: 3777 ns, Total: 31158 ns
[2024-03-07T03:36:04.633+0000][1][safepoint   ] Safepoint "Cleanup", Time since last: 3001048694 ns, Reaching safepoint: 64361 ns, Cleanup: 14897 ns, At safepoint: 17363 ns, Total: 96621 ns
[2024-03-07T03:36:05.633+0000][1][safepoint   ] Safepoint "Cleanup", Time since last: 1000326308 ns, Reaching safepoint: 81493 ns, Cleanup: 19377 ns, At safepoint: 22001 ns, Total: 122871 ns
[2024-03-07T03:36:06.634+0000][1][safepoint   ] Safepoint "Cleanup", Time since last: 1000173311 ns, Reaching safepoint: 15359 ns, Cleanup: 17994 ns, At safepoint: 4889 ns, Total: 38242 ns
[2024-03-07T03:36:10.635+0000][1][safepoint   ] Safepoint "Cleanup", Time since last: 4001511918 ns, Reaching safepoint: 70572 ns, Cleanup: 22653 ns, At safepoint: 20088 ns, Total: 113313 ns
[2024-03-07T03:36:11.636+0000][1][safepoint   ] Safepoint "Cleanup", Time since last: 1000344112 ns, Reaching safepoint: 16371 ns, Cleanup: 16351 ns, At safepoint: 4679 ns, Total: 37401 ns
[2024-03-07T03:36:12.636+0000][1][safepoint   ] Safepoint "Cleanup", Time since last: 1000550024 ns, Reaching safepoint: 15599 ns, Cleanup: 14588 ns, At safepoint: 4939 ns, Total: 35126 ns
[2024-03-07T03:36:16.637+0000][1][safepoint   ] Safepoint "Cleanup", Time since last: 4000621189 ns, Reaching safepoint: 47399 ns, Cleanup: 11912 ns, At safepoint: 3216 ns, Total: 62527 ns
[2024-03-07T03:36:17.637+0000][1][safepoint   ] Safepoint "Cleanup", Time since last: 1000455570 ns, Reaching safepoint: 12894 ns, Cleanup: 12393 ns, At safepoint: 3306 ns, Total: 28593 ns
[2024-03-07T03:36:18.638+0000][1][safepoint   ] Safepoint "Cleanup", Time since last: 1000502348 ns, Reaching safepoint: 16150 ns, Cleanup: 17713 ns, At safepoint: 4679 ns, Total: 38542 ns
[2024-03-07T03:36:20.639+0000][1][safepoint   ] Safepoint "Cleanup", Time since last: 2000598973 ns, Reaching safepoint: 81763 ns, Cleanup: 26249 ns, At safepoint: 30758 ns, Total: 138770 ns
[2024-03-07T03:36:21.639+0000][1][safepoint   ] Safepoint "Cleanup", Time since last: 1000509461 ns, Reaching safepoint: 12974 ns, Cleanup: 13476 ns, At safepoint: 3166 ns, Total: 29616 ns
[2024-03-07T03:36:25.643+0000][1][safepoint   ] Safepoint "Cleanup", Time since last: 4003900433 ns, Reaching safepoint: 23925 ns, Cleanup: 22011 ns, At safepoint: 16140 ns, Total: 62076 ns
[2024-03-07T03:36:28.644+0000][1][safepoint   ] Safepoint "Cleanup", Time since last: 3001165147 ns, Reaching safepoint: 98535 ns, Cleanup: 15059 ns, At safepoint: 5169 ns, Total: 118763 ns
[2024-03-07T03:36:30.645+0000][1][safepoint   ] Safepoint "Cleanup", Time since last: 2000606378 ns, Reaching safepoint: 26710 ns, Cleanup: 43031 ns, At safepoint: 16952 ns, Total: 86693 ns
[2024-03-07T03:36:31.645+0000][1][safepoint   ] Safepoint "Cleanup", Time since last: 1000176225 ns, Reaching safepoint: 14888 ns, Cleanup: 14888 ns, At safepoint: 4458 ns, Total: 34234 ns
[2024-03-07T03:36:32.646+0000][1][safepoint   ] Safepoint "Cleanup", Time since last: 1000163099 ns, Reaching safepoint: 15629 ns, Cleanup: 15229 ns, At safepoint: 4859 ns, Total: 35717 ns
[2024-03-07T03:36:35.646+0000][1][safepoint   ] Safepoint "Cleanup", Time since last: 3000623041 ns, Reaching safepoint: 13125 ns, Cleanup: 15479 ns, At safepoint: 3386 ns, Total: 31990 ns
[2024-03-07T03:36:36.647+0000][1][safepoint   ] Safepoint "Cleanup", Time since last: 1000487880 ns, Reaching safepoint: 64511 ns, Cleanup: 25458 ns, At safepoint: 5380 ns, Total: 95349 ns
[2024-03-07T03:36:40.687+0000][1][safepoint   ] Safepoint "Cleanup", Time since last: 4039724305 ns, Reaching safepoint: 20599 ns, Cleanup: 22933 ns, At safepoint: 5540 ns, Total: 49072 ns
[2024-03-07T03:36:43.688+0000][1][safepoint   ] Safepoint "Cleanup", Time since last: 3001336446 ns, Reaching safepoint: 70742 ns, Cleanup: 12263 ns, At safepoint: 3537 ns, Total: 86542 ns
[2024-03-07T03:36:50.690+0000][1][safepoint   ] Safepoint "Cleanup", Time since last: 7002149591 ns, Reaching safepoint: 16030 ns, Cleanup: 18514 ns, At safepoint: 4870 ns, Total: 39414 ns
[2024-03-07T03:36:51.691+0000][1][safepoint   ] Safepoint "Cleanup", Time since last: 1000539966 ns, Reaching safepoint: 103975 ns, Cleanup: 15509 ns, At safepoint: 16080 ns, Total: 135564 ns
[2024-03-07T03:36:53.692+0000][1][safepoint   ] Safepoint "Cleanup", Time since last: 2001008102 ns, Reaching safepoint: 16531 ns, Cleanup: 18776 ns, At safepoint: 5250 ns, Total: 40557 ns
[2024-03-07T03:36:55.693+0000][1][safepoint   ] Safepoint "Cleanup", Time since last: 2000985749 ns, Reaching safepoint: 15699 ns, Cleanup: 28133 ns, At safepoint: 5380 ns, Total: 49212 ns
[2024-03-07T03:36:56.694+0000][1][safepoint   ] Safepoint "Cleanup", Time since last: 1000533989 ns, Reaching safepoint: 66665 ns, Cleanup: 22232 ns, At safepoint: 19035 ns, Total: 107932 ns
[2024-03-07T03:37:02.696+0000][1][safepoint   ] Safepoint "Cleanup", Time since last: 6002363582 ns, Reaching safepoint: 16812 ns, Cleanup: 15168 ns, At safepoint: 5220 ns, Total: 37200 ns
[2024-03-07T03:37:12.698+0000][1][safepoint   ] Safepoint "Cleanup", Time since last: 10002066732 ns, Reaching safepoint: 41979 ns, Cleanup: 13325 ns, At safepoint: 15970 ns, Total: 71274 ns
[2024-03-07T03:37:20.700+0000][1][safepoint   ] Safepoint "Cleanup", Time since last: 8002272881 ns, Reaching safepoint: 16671 ns, Cleanup: 15770 ns, At safepoint: 5129 ns, Total: 37570 ns
[2024-03-07T03:37:22.701+0000][1][safepoint   ] Safepoint "Cleanup", Time since last: 2000623148 ns, Reaching safepoint: 15489 ns, Cleanup: 14487 ns, At safepoint: 4709 ns, Total: 34685 ns
[2024-03-07T03:37:27.703+0000][1][safepoint   ] Safepoint "Cleanup", Time since last: 5001407345 ns, Reaching safepoint: 105157 ns, Cleanup: 37531 ns, At safepoint: 5280 ns, Total: 147968 ns
[2024-03-07T03:37:32.704+0000][1][safepoint   ] Safepoint "Cleanup", Time since last: 5001195588 ns, Reaching safepoint: 80771 ns, Cleanup: 29445 ns, At safepoint: 6142 ns, Total: 116358 ns
[2024-03-07T03:37:33.704+0000][1][safepoint   ] Safepoint "Cleanup", Time since last: 1000153443 ns, Reaching safepoint: 72897 ns, Cleanup: 20608 ns, At safepoint: 23705 ns, Total: 117210 ns
[2024-03-07T03:37:43.739+0000][1][safepoint   ] Safepoint "Cleanup", Time since last: 10034317778 ns, Reaching safepoint: 61656 ns, Cleanup: 18615 ns, At safepoint: 17663 ns, Total: 97934 ns
[2024-03-07T03:37:45.739+0000][1][safepoint   ] Safepoint "Cleanup", Time since last: 2000590894 ns, Reaching safepoint: 21731 ns, Cleanup: 19797 ns, At safepoint: 5620 ns, Total: 47148 ns
[2024-03-07T03:37:47.740+0000][1][safepoint   ] Safepoint "Cleanup", Time since last: 2000624405 ns, Reaching safepoint: 21400 ns, Cleanup: 25909 ns, At safepoint: 4559 ns, Total: 51868 ns
[2024-03-07T03:37:48.740+0000][1][safepoint   ] Safepoint "Cleanup", Time since last: 1000191656 ns, Reaching safepoint: 67317 ns, Cleanup: 15729 ns, At safepoint: 17914 ns, Total: 100960 ns
[2024-03-07T03:37:50.741+0000][1][safepoint   ] Safepoint "Cleanup", Time since last: 2000352141 ns, Reaching safepoint: 16111 ns, Cleanup: 21139 ns, At safepoint: 5130 ns, Total: 42380 ns
[2024-03-07T03:37:53.741+0000][1][safepoint   ] Safepoint "Cleanup", Time since last: 3000696018 ns, Reaching safepoint: 63379 ns, Cleanup: 19126 ns, At safepoint: 17273 ns, Total: 99778 ns
[2024-03-07T03:37:55.742+0000][1][safepoint   ] Safepoint "Cleanup", Time since last: 2000597859 ns, Reaching safepoint: 17453 ns, Cleanup: 26029 ns, At safepoint: 4959 ns, Total: 48441 ns
[2024-03-07T03:37:57.743+0000][1][safepoint   ] Safepoint "Cleanup", Time since last: 2000557216 ns, Reaching safepoint: 22252 ns, Cleanup: 19727 ns, At safepoint: 5590 ns, Total: 47569 ns
[2024-03-07T03:38:03.745+0000][1][safepoint   ] Safepoint "Cleanup", Time since last: 6002142735 ns, Reaching safepoint: 100288 ns, Cleanup: 24727 ns, At safepoint: 5530 ns, Total: 130545 ns
[2024-03-07T03:38:04.746+0000][1][safepoint   ] Safepoint "Cleanup", Time since last: 1000450261 ns, Reaching safepoint: 104116 ns, Cleanup: 14377 ns, At safepoint: 15599 ns, Total: 134092 ns
[2024-03-07T03:38:05.746+0000][1][safepoint   ] Safepoint "Cleanup", Time since last: 1000305295 ns, Reaching safepoint: 16581 ns, Cleanup: 15108 ns, At safepoint: 5160 ns, Total: 36849 ns
[2024-03-07T03:38:09.748+0000][1][safepoint   ] Safepoint "Cleanup", Time since last: 4001842363 ns, Reaching safepoint: 102222 ns, Cleanup: 16351 ns, At safepoint: 4709 ns, Total: 123282 ns
[2024-03-07T03:38:10.748+0000][1][safepoint   ] Safepoint "Cleanup", Time since last: 1000338688 ns, Reaching safepoint: 16952 ns, Cleanup: 33363 ns, At safepoint: 5139 ns, Total: 55454 ns
[2024-03-07T03:38:13.749+0000][1][safepoint   ] Safepoint "Cleanup", Time since last: 3000537277 ns, Reaching safepoint: 14347 ns, Cleanup: 19376 ns, At safepoint: 3186 ns, Total: 36909 ns
[2024-03-07T03:38:15.749+0000][1][safepoint   ] Safepoint "Cleanup", Time since last: 2000194005 ns, Reaching safepoint: 49252 ns, Cleanup: 14667 ns, At safepoint: 3427 ns, Total: 67346 ns
[2024-03-07T03:38:18.749+0000][1][safepoint   ] Safepoint "Cleanup", Time since last: 3000231071 ns, Reaching safepoint: 11641 ns, Cleanup: 10841 ns, At safepoint: 2905 ns, Total: 25387 ns
[2024-03-07T03:38:20.750+0000][1][safepoint   ] Safepoint "Cleanup", Time since last: 2000665366 ns, Reaching safepoint: 67326 ns, Cleanup: 25277 ns, At safepoint: 5320 ns, Total: 97923 ns
[2024-03-07T03:38:27.753+0000][1][safepoint   ] Safepoint "Cleanup", Time since last: 7002839980 ns, Reaching safepoint: 66154 ns, Cleanup: 14487 ns, At safepoint: 5430 ns, Total: 86071 ns
[2024-03-07T03:38:30.754+0000][1][safepoint   ] Safepoint "Cleanup", Time since last: 3001088136 ns, Reaching safepoint: 66455 ns, Cleanup: 23724 ns, At safepoint: 18054 ns, Total: 108233 ns
[2024-03-07T03:38:41.799+0000][1][safepoint   ] Safepoint "Cleanup", Time since last: 11044262069 ns, Reaching safepoint: 66855 ns, Cleanup: 14307 ns, At safepoint: 5350 ns, Total: 86512 ns
[2024-03-07T03:38:42.799+0000][1][safepoint   ] Safepoint "Cleanup", Time since last: 1000365393 ns, Reaching safepoint: 16181 ns, Cleanup: 14427 ns, At safepoint: 5099 ns, Total: 35707 ns
[2024-03-07T03:38:43.799+0000][1][safepoint   ] Safepoint "Cleanup", Time since last: 1000182638 ns, Reaching safepoint: 15269 ns, Cleanup: 11972 ns, At safepoint: 4408 ns, Total: 31649 ns
[2024-03-07T03:38:45.800+0000][1][safepoint   ] Safepoint "Cleanup", Time since last: 2000876423 ns, Reaching safepoint: 70983 ns, Cleanup: 16401 ns, At safepoint: 18104 ns, Total: 105488 ns
[2024-03-07T03:38:48.801+0000][1][safepoint   ] Safepoint "Cleanup", Time since last: 3000809424 ns, Reaching safepoint: 16241 ns, Cleanup: 18695 ns, At safepoint: 5360 ns, Total: 40296 ns
[2024-03-07T03:38:53.803+0000][1][safepoint   ] Safepoint "Cleanup", Time since last: 5001882843 ns, Reaching safepoint: 16411 ns, Cleanup: 17463 ns, At safepoint: 5139 ns, Total: 39013 ns
[2024-03-07T03:38:54.803+0000][1][safepoint   ] Safepoint "Cleanup", Time since last: 1000545516 ns, Reaching safepoint: 16992 ns, Cleanup: 15269 ns, At safepoint: 5109 ns, Total: 37370 ns
[2024-03-07T03:39:03.807+0000][1][safepoint   ] Safepoint "Cleanup", Time since last: 9003357206 ns, Reaching safepoint: 67216 ns, Cleanup: 23044 ns, At safepoint: 5891 ns, Total: 96151 ns
[2024-03-07T03:39:05.808+0000][1][safepoint   ] Safepoint "Cleanup", Time since last: 2000684532 ns, Reaching safepoint: 14697 ns, Cleanup: 16301 ns, At safepoint: 4278 ns, Total: 35276 ns
[2024-03-07T03:39:08.809+0000][1][safepoint   ] Safepoint "Cleanup", Time since last: 3001158265 ns, Reaching safepoint: 106590 ns, Cleanup: 18605 ns, At safepoint: 5400 ns, Total: 130595 ns
[2024-03-07T03:39:10.810+0000][1][safepoint   ] Safepoint "Cleanup", Time since last: 2000617006 ns, Reaching safepoint: 16110 ns, Cleanup: 15579 ns, At safepoint: 4859 ns, Total: 36548 ns
[2024-03-07T03:39:18.813+0000][1][safepoint   ] Safepoint "Cleanup", Time since last: 8003226647 ns, Reaching safepoint: 103494 ns, Cleanup: 14558 ns, At safepoint: 5249 ns, Total: 123301 ns
[2024-03-07T03:39:32.816+0000][1][safepoint   ] Safepoint "Cleanup", Time since last: 14002577327 ns, Reaching safepoint: 106530 ns, Cleanup: 17804 ns, At safepoint: 5009 ns, Total: 129343 ns
[2024-03-07T03:39:33.816+0000][1][safepoint   ] Safepoint "Cleanup", Time since last: 1000494685 ns, Reaching safepoint: 16611 ns, Cleanup: 20850 ns, At safepoint: 5269 ns, Total: 42730 ns
[2024-03-07T03:39:34.817+0000][1][safepoint   ] Safepoint "Cleanup", Time since last: 1000535821 ns, Reaching safepoint: 16150 ns, Cleanup: 15138 ns, At safepoint: 5230 ns, Total: 36518 ns
[2024-03-07T03:39:35.817+0000][1][safepoint   ] Safepoint "Cleanup", Time since last: 1000195291 ns, Reaching safepoint: 16461 ns, Cleanup: 16010 ns, At safepoint: 5721 ns, Total: 38192 ns
[2024-03-07T03:39:38.818+0000][1][safepoint   ] Safepoint "Cleanup", Time since last: 3000511444 ns, Reaching safepoint: 69681 ns, Cleanup: 16852 ns, At safepoint: 5550 ns, Total: 92083 ns
[2024-03-07T03:39:40.858+0000][1][safepoint   ] Safepoint "Cleanup", Time since last: 2040535896 ns, Reaching safepoint: 16420 ns, Cleanup: 15590 ns, At safepoint: 5099 ns, Total: 37109 ns
[2024-03-07T03:39:48.860+0000][1][safepoint   ] Safepoint "Cleanup", Time since last: 8001946100 ns, Reaching safepoint: 56426 ns, Cleanup: 20528 ns, At safepoint: 5210 ns, Total: 82164 ns
[2024-03-07T03:39:50.861+0000][1][safepoint   ] Safepoint "Cleanup", Time since last: 2000384771 ns, Reaching safepoint: 16180 ns, Cleanup: 15850 ns, At safepoint: 5170 ns, Total: 37200 ns
[2024-03-07T03:39:51.861+0000][1][safepoint   ] Safepoint "Cleanup", Time since last: 1000535802 ns, Reaching safepoint: 16461 ns, Cleanup: 14317 ns, At safepoint: 4969 ns, Total: 35747 ns
[2024-03-07T03:39:53.862+0000][1][safepoint   ] Safepoint "Cleanup", Time since last: 2000756628 ns, Reaching safepoint: 99657 ns, Cleanup: 19576 ns, At safepoint: 5461 ns, Total: 124694 ns
[2024-03-07T03:39:55.862+0000][1][safepoint   ] Safepoint "Cleanup", Time since last: 2000247929 ns, Reaching safepoint: 15850 ns, Cleanup: 18975 ns, At safepoint: 4879 ns, Total: 39704 ns
[2024-03-07T03:40:00.864+0000][1][safepoint   ] Safepoint "Cleanup", Time since last: 5001593739 ns, Reaching safepoint: 65472 ns, Cleanup: 15209 ns, At safepoint: 5320 ns, Total: 86001 ns
[2024-03-07T03:40:01.865+0000][1][safepoint   ] Safepoint "Cleanup", Time since last: 1000488703 ns, Reaching safepoint: 16361 ns, Cleanup: 15349 ns, At safepoint: 5310 ns, Total: 37020 ns
[2024-03-07T03:40:03.865+0000][1][safepoint   ] Safepoint "Cleanup", Time since last: 2000545743 ns, Reaching safepoint: 105969 ns, Cleanup: 16020 ns, At safepoint: 5501 ns, Total: 127490 ns
[2024-03-07T03:40:13.869+0000][1][safepoint   ] Safepoint "Cleanup", Time since last: 10003894851 ns, Reaching safepoint: 104757 ns, Cleanup: 16180 ns, At safepoint: 5060 ns, Total: 125997 ns
[2024-03-07T03:40:15.870+0000][1][safepoint   ] Safepoint "Cleanup", Time since last: 2000578961 ns, Reaching safepoint: 16451 ns, Cleanup: 22933 ns, At safepoint: 5009 ns, Total: 44393 ns
[2024-03-07T03:40:23.873+0000][1][safepoint   ] Safepoint "Cleanup", Time since last: 8002848885 ns, Reaching safepoint: 105538 ns, Cleanup: 20488 ns, At safepoint: 16521 ns, Total: 142547 ns
[2024-03-07T03:40:25.873+0000][1][safepoint   ] Safepoint "Cleanup", Time since last: 2000218309 ns, Reaching safepoint: 16791 ns, Cleanup: 15890 ns, At safepoint: 4809 ns, Total: 37490 ns
[2024-03-07T03:40:30.874+0000][1][safepoint   ] Safepoint "Cleanup", Time since last: 5000449880 ns, Reaching safepoint: 19246 ns, Cleanup: 14287 ns, At safepoint: 3837 ns, Total: 37370 ns
[2024-03-07T03:40:32.874+0000][1][safepoint   ] Safepoint "Cleanup", Time since last: 2000209344 ns, Reaching safepoint: 20769 ns, Cleanup: 25327 ns, At safepoint: 3857 ns, Total: 49953 ns
[2024-03-07T03:40:33.874+0000][1][safepoint   ] Safepoint "Cleanup", Time since last: 1000137824 ns, Reaching safepoint: 41929 ns, Cleanup: 18976 ns, At safepoint: 15839 ns, Total: 76744 ns
[2024-03-07T03:40:40.906+0000][1][safepoint   ] Safepoint "Cleanup", Time since last: 7031377541 ns, Reaching safepoint: 63118 ns, Cleanup: 14788 ns, At safepoint: 5440 ns, Total: 83346 ns
[2024-03-07T03:40:43.906+0000][1][safepoint   ] Safepoint "Cleanup", Time since last: 3000468232 ns, Reaching safepoint: 16110 ns, Cleanup: 20278 ns, At safepoint: 4839 ns, Total: 41227 ns
[2024-03-07T03:40:45.907+0000][1][safepoint   ] Safepoint "Cleanup", Time since last: 2000376539 ns, Reaching safepoint: 64090 ns, Cleanup: 14968 ns, At safepoint: 16822 ns, Total: 95880 ns
[2024-03-07T03:40:53.910+0000][1][safepoint   ] Safepoint "Cleanup", Time since last: 8002944853 ns, Reaching safepoint: 104827 ns, Cleanup: 18485 ns, At safepoint: 5109 ns, Total: 128421 ns
[2024-03-07T03:41:05.912+0000][1][safepoint   ] Safepoint "Cleanup", Time since last: 12002258894 ns, Reaching safepoint: 38653 ns, Cleanup: 12353 ns, At safepoint: 3376 ns, Total: 54382 ns
[2024-03-07T03:41:10.912+0000][1][safepoint   ] Safepoint "Cleanup", Time since last: 5000402041 ns, Reaching safepoint: 53861 ns, Cleanup: 16721 ns, At safepoint: 17112 ns, Total: 87694 ns
[2024-03-07T03:41:15.913+0000][1][safepoint   ] Safepoint "Cleanup", Time since last: 5000414885 ns, Reaching safepoint: 40997 ns, Cleanup: 15088 ns, At safepoint: 16121 ns, Total: 72206 ns
[2024-03-07T03:41:32.915+0000][1][safepoint   ] Safepoint "Cleanup", Time since last: 17001609909 ns, Reaching safepoint: 52308 ns, Cleanup: 14407 ns, At safepoint: 4920 ns, Total: 71635 ns
[2024-03-07T03:41:38.918+0000][1][safepoint   ] Safepoint "Cleanup", Time since last: 6003371377 ns, Reaching safepoint: 48942 ns, Cleanup: 16511 ns, At safepoint: 4328 ns, Total: 69781 ns
[2024-03-07T03:41:40.935+0000][1][safepoint   ] Safepoint "Cleanup", Time since last: 2016700375 ns, Reaching safepoint: 21841 ns, Cleanup: 21360 ns, At safepoint: 3697 ns, Total: 46898 ns
[2024-03-07T03:41:43.123+0000][1][safepoint   ] Safepoint "Cleanup", Time since last: 2187914538 ns, Reaching safepoint: 10570 ns, Cleanup: 8486 ns, At safepoint: 5981 ns, Total: 25037 ns
[2024-03-07T03:41:44.359+0000][1][safepoint   ] Safepoint "Cleanup", Time since last: 1236322569 ns, Reaching safepoint: 8386 ns, Cleanup: 98846 ns, At safepoint: 4378 ns, Total: 111610 ns
[2024-03-07T03:41:46.359+0000][1][safepoint   ] Safepoint "Cleanup", Time since last: 2000223609 ns, Reaching safepoint: 15810 ns, Cleanup: 19206 ns, At safepoint: 4699 ns, Total: 39715 ns
[2024-03-07T03:41:54.360+0000][1][safepoint   ] Safepoint "Cleanup", Time since last: 8000662196 ns, Reaching safepoint: 15399 ns, Cleanup: 14177 ns, At safepoint: 4278 ns, Total: 33854 ns
[2024-03-07T03:41:55.360+0000][1][safepoint   ] Safepoint "Cleanup", Time since last: 1000129270 ns, Reaching safepoint: 15289 ns, Cleanup: 17012 ns, At safepoint: 4939 ns, Total: 37240 ns
[2024-03-07T03:41:59.361+0000][1][safepoint   ] Safepoint "Cleanup", Time since last: 4000347681 ns, Reaching safepoint: 15890 ns, Cleanup: 17774 ns, At safepoint: 4668 ns, Total: 38332 ns
[2024-03-07T03:42:06.361+0000][1][safepoint   ] Safepoint "Cleanup", Time since last: 7000591322 ns, Reaching safepoint: 62297 ns, Cleanup: 14207 ns, At safepoint: 5220 ns, Total: 81724 ns
[2024-03-07T03:42:12.362+0000][1][safepoint   ] Safepoint "Cleanup", Time since last: 6000483496 ns, Reaching safepoint: 57708 ns, Cleanup: 15439 ns, At safepoint: 5771 ns, Total: 78918 ns
[2024-03-07T03:42:14.362+0000][1][safepoint   ] Safepoint "Cleanup", Time since last: 2000208261 ns, Reaching safepoint: 56526 ns, Cleanup: 20278 ns, At safepoint: 5330 ns, Total: 82134 ns
[2024-03-07T03:42:16.362+0000][1][safepoint   ] Safepoint "Cleanup", Time since last: 2000201287 ns, Reaching safepoint: 15650 ns, Cleanup: 18705 ns, At safepoint: 4709 ns, Total: 39064 ns
[2024-03-07T03:42:19.363+0000][1][safepoint   ] Safepoint "Cleanup", Time since last: 3000353378 ns, Reaching safepoint: 55895 ns, Cleanup: 13996 ns, At safepoint: 16742 ns, Total: 86633 ns
[2024-03-07T03:42:25.364+0000][1][safepoint   ] Safepoint "Cleanup", Time since last: 6001345788 ns, Reaching safepoint: 58129 ns, Cleanup: 13766 ns, At safepoint: 5100 ns, Total: 76995 ns
[2024-03-07T03:42:31.365+0000][1][safepoint   ] Safepoint "Cleanup", Time since last: 6000979645 ns, Reaching safepoint: 61225 ns, Cleanup: 18925 ns, At safepoint: 5000 ns, Total: 85150 ns
[2024-03-07T03:42:33.366+0000][1][safepoint   ] Safepoint "Cleanup", Time since last: 2000619653 ns, Reaching safepoint: 16251 ns, Cleanup: 14356 ns, At safepoint: 4960 ns, Total: 35567 ns
[2024-03-07T03:42:36.367+0000][1][safepoint   ] Safepoint "Cleanup", Time since last: 3001098588 ns, Reaching safepoint: 16130 ns, Cleanup: 15218 ns, At safepoint: 4970 ns, Total: 36318 ns
[2024-03-07T03:42:40.958+0000][1][safepoint   ] Safepoint "Cleanup", Time since last: 4591301297 ns, Reaching safepoint: 14306 ns, Cleanup: 11793 ns, At safepoint: 4528 ns, Total: 30627 ns
[2024-03-07T03:42:41.959+0000][1][safepoint   ] Safepoint "Cleanup", Time since last: 1000123639 ns, Reaching safepoint: 16050 ns, Cleanup: 14237 ns, At safepoint: 4318 ns, Total: 34605 ns
[2024-03-07T03:42:43.960+0000][1][safepoint   ] Safepoint "Cleanup", Time since last: 2001066552 ns, Reaching safepoint: 20147 ns, Cleanup: 13526 ns, At safepoint: 4137 ns, Total: 37810 ns
[2024-03-07T03:42:53.961+0000][1][safepoint   ] Safepoint "Cleanup", Time since last: 10001395324 ns, Reaching safepoint: 53540 ns, Cleanup: 15559 ns, At safepoint: 5210 ns, Total: 74309 ns
[2024-03-07T03:42:55.961+0000][1][safepoint   ] Safepoint "Cleanup", Time since last: 2000214443 ns, Reaching safepoint: 11011 ns, Cleanup: 12613 ns, At safepoint: 2816 ns, Total: 26440 ns
[2024-03-07T03:43:00.962+0000][1][safepoint   ] Safepoint "Cleanup", Time since last: 5000652081 ns, Reaching safepoint: 54773 ns, Cleanup: 13195 ns, At safepoint: 4909 ns, Total: 72877 ns
[2024-03-07T03:43:05.963+0000][1][safepoint   ] Safepoint "Cleanup", Time since last: 5000403476 ns, Reaching safepoint: 53821 ns, Cleanup: 13605 ns, At safepoint: 4639 ns, Total: 72065 ns
[2024-03-07T03:43:09.963+0000][1][safepoint   ] Safepoint "Cleanup", Time since last: 4000310541 ns, Reaching safepoint: 54172 ns, Cleanup: 10720 ns, At safepoint: 2575 ns, Total: 67467 ns
[2024-03-07T03:43:10.963+0000][1][safepoint   ] Safepoint "Cleanup", Time since last: 1000093450 ns, Reaching safepoint: 11381 ns, Cleanup: 9779 ns, At safepoint: 2815 ns, Total: 23975 ns
[2024-03-07T03:43:14.963+0000][1][safepoint   ] Safepoint "Cleanup", Time since last: 4000313207 ns, Reaching safepoint: 14346 ns, Cleanup: 11702 ns, At safepoint: 4158 ns, Total: 30206 ns
[2024-03-07T03:43:15.964+0000][1][safepoint   ] Safepoint "Cleanup", Time since last: 1000119379 ns, Reaching safepoint: 15920 ns, Cleanup: 10410 ns, At safepoint: 4478 ns, Total: 30808 ns
[2024-03-07T03:43:20.964+0000][1][safepoint   ] Safepoint "Cleanup", Time since last: 5000416577 ns, Reaching safepoint: 54562 ns, Cleanup: 12874 ns, At safepoint: 5220 ns, Total: 72656 ns
[2024-03-07T03:43:25.965+0000][1][safepoint   ] Safepoint "Cleanup", Time since last: 5000860933 ns, Reaching safepoint: 52739 ns, Cleanup: 13635 ns, At safepoint: 4689 ns, Total: 71063 ns
[2024-03-07T03:43:33.966+0000][1][safepoint   ] Safepoint "Cleanup", Time since last: 8000728739 ns, Reaching safepoint: 53190 ns, Cleanup: 13355 ns, At safepoint: 5119 ns, Total: 71664 ns
[2024-03-07T03:43:35.966+0000][1][safepoint   ] Safepoint "Cleanup", Time since last: 2000188805 ns, Reaching safepoint: 12814 ns, Cleanup: 19687 ns, At safepoint: 4658 ns, Total: 37159 ns
[2024-03-07T03:43:40.981+0000][1][safepoint   ] Safepoint "Cleanup", Time since last: 5014716528 ns, Reaching safepoint: 15199 ns, Cleanup: 18274 ns, At safepoint: 5390 ns, Total: 38863 ns
[2024-03-07T03:43:41.981+0000][1][safepoint   ] Safepoint "Cleanup", Time since last: 1000194411 ns, Reaching safepoint: 16010 ns, Cleanup: 21951 ns, At safepoint: 5310 ns, Total: 43271 ns
[2024-03-07T03:43:43.981+0000][1][safepoint   ] Safepoint "Cleanup", Time since last: 2000208161 ns, Reaching safepoint: 49913 ns, Cleanup: 20739 ns, At safepoint: 17012 ns, Total: 87664 ns
[2024-03-07T03:43:46.982+0000][1][safepoint   ] Safepoint "Cleanup", Time since last: 3000277887 ns, Reaching safepoint: 15408 ns, Cleanup: 14508 ns, At safepoint: 5099 ns, Total: 35015 ns
[2024-03-07T03:43:50.982+0000][1][safepoint   ] Safepoint "Cleanup", Time since last: 4000662065 ns, Reaching safepoint: 44253 ns, Cleanup: 14236 ns, At safepoint: 5040 ns, Total: 63529 ns
[2024-03-07T03:43:53.983+0000][1][safepoint   ] Safepoint "Cleanup", Time since last: 3000677998 ns, Reaching safepoint: 33623 ns, Cleanup: 10309 ns, At safepoint: 4228 ns, Total: 48160 ns
[2024-03-07T03:43:56.983+0000][1][safepoint   ] Safepoint "Cleanup", Time since last: 3000248293 ns, Reaching safepoint: 19085 ns, Cleanup: 9799 ns, At safepoint: 2444 ns, Total: 31328 ns
[2024-03-07T03:44:05.985+0000][1][safepoint   ] Safepoint "Cleanup", Time since last: 9001050601 ns, Reaching safepoint: 16220 ns, Cleanup: 12955 ns, At safepoint: 6512 ns, Total: 35687 ns
[2024-03-07T03:44:06.985+0000][1][safepoint   ] Safepoint "Cleanup", Time since last: 1000139747 ns, Reaching safepoint: 14838 ns, Cleanup: 14407 ns, At safepoint: 5069 ns, Total: 34314 ns
[2024-03-07T03:44:07.985+0000][1][safepoint   ] Safepoint "Cleanup", Time since last: 1000133586 ns, Reaching safepoint: 15289 ns, Cleanup: 13866 ns, At safepoint: 4859 ns, Total: 34014 ns
[2024-03-07T03:44:10.985+0000][1][safepoint   ] Safepoint "Cleanup", Time since last: 3000335956 ns, Reaching safepoint: 52648 ns, Cleanup: 14888 ns, At safepoint: 4709 ns, Total: 72245 ns
[2024-03-07T03:44:20.987+0000][1][safepoint   ] Safepoint "Cleanup", Time since last: 10001008988 ns, Reaching safepoint: 200325 ns, Cleanup: 33593 ns, At safepoint: 8256 ns, Total: 242174 ns
[2024-03-07T03:44:21.987+0000][1][safepoint   ] Safepoint "Cleanup", Time since last: 1000164263 ns, Reaching safepoint: 14447 ns, Cleanup: 14768 ns, At safepoint: 2946 ns, Total: 32161 ns
[2024-03-07T03:44:31.988+0000][1][safepoint   ] Safepoint "Cleanup", Time since last: 10000735091 ns, Reaching safepoint: 55424 ns, Cleanup: 12724 ns, At safepoint: 4749 ns, Total: 72897 ns
[2024-03-07T03:44:34.989+0000][1][safepoint   ] Safepoint "Cleanup", Time since last: 3001072037 ns, Reaching safepoint: 13145 ns, Cleanup: 15068 ns, At safepoint: 2906 ns, Total: 31119 ns
[2024-03-07T03:44:35.989+0000][1][safepoint   ] Safepoint "Cleanup", Time since last: 1000114540 ns, Reaching safepoint: 42360 ns, Cleanup: 10860 ns, At safepoint: 4609 ns, Total: 57829 ns
[2024-03-07T03:44:36.989+0000][1][safepoint   ] Safepoint "Cleanup", Time since last: 1000406478 ns, Reaching safepoint: 16230 ns, Cleanup: 17143 ns, At safepoint: 4749 ns, Total: 38122 ns
[2024-03-07T03:44:41.007+0000][1][safepoint   ] Safepoint "Cleanup", Time since last: 4017827789 ns, Reaching safepoint: 35186 ns, Cleanup: 9428 ns, At safepoint: 4067 ns, Total: 48681 ns
[2024-03-07T03:44:42.007+0000][1][safepoint   ] Safepoint "Cleanup", Time since last: 1000104292 ns, Reaching safepoint: 15990 ns, Cleanup: 14547 ns, At safepoint: 4589 ns, Total: 35126 ns
[2024-03-07T03:44:43.007+0000][1][safepoint   ] Safepoint "Cleanup", Time since last: 1000162949 ns, Reaching safepoint: 14918 ns, Cleanup: 14216 ns, At safepoint: 4198 ns, Total: 33332 ns
[2024-03-07T03:44:44.008+0000][1][safepoint   ] Safepoint "Cleanup", Time since last: 1000122496 ns, Reaching safepoint: 15559 ns, Cleanup: 16120 ns, At safepoint: 4799 ns, Total: 36478 ns
[2024-03-07T03:44:48.008+0000][1][safepoint   ] Safepoint "Cleanup", Time since last: 4000371827 ns, Reaching safepoint: 42058 ns, Cleanup: 11392 ns, At safepoint: 3767 ns, Total: 57217 ns
[2024-03-07T03:44:51.008+0000][1][safepoint   ] Safepoint "Cleanup", Time since last: 3000259803 ns, Reaching safepoint: 40275 ns, Cleanup: 16281 ns, At safepoint: 3857 ns, Total: 60413 ns
[2024-03-07T03:44:55.009+0000][1][safepoint   ] Safepoint "Cleanup", Time since last: 4000373162 ns, Reaching safepoint: 16231 ns, Cleanup: 15198 ns, At safepoint: 4950 ns, Total: 36379 ns
[2024-03-07T03:44:58.009+0000][1][safepoint   ] Safepoint "Cleanup", Time since last: 3000341826 ns, Reaching safepoint: 39825 ns, Cleanup: 7895 ns, At safepoint: 1813 ns, Total: 49533 ns
[2024-03-07T03:45:13.011+0000][1][safepoint   ] Safepoint "Cleanup", Time since last: 15001634620 ns, Reaching safepoint: 59492 ns, Cleanup: 15289 ns, At safepoint: 17032 ns, Total: 91813 ns
[2024-03-07T03:45:21.013+0000][1][safepoint   ] Safepoint "Cleanup", Time since last: 8002524561 ns, Reaching safepoint: 63048 ns, Cleanup: 15259 ns, At safepoint: 15679 ns, Total: 93986 ns
[2024-03-07T03:45:32.017+0000][1][safepoint   ] Safepoint "Cleanup", Time since last: 11003270067 ns, Reaching safepoint: 64441 ns, Cleanup: 15058 ns, At safepoint: 5159 ns, Total: 84658 ns
[2024-03-07T03:45:33.017+0000][1][safepoint   ] Safepoint "Cleanup", Time since last: 1000149568 ns, Reaching safepoint: 55243 ns, Cleanup: 14758 ns, At safepoint: 16621 ns, Total: 86622 ns
[2024-03-07T03:45:35.017+0000][1][safepoint   ] Safepoint "Cleanup", Time since last: 2000251485 ns, Reaching safepoint: 15609 ns, Cleanup: 30528 ns, At safepoint: 4238 ns, Total: 50375 ns
[2024-03-07T03:45:37.018+0000][1][safepoint   ] Safepoint "Cleanup", Time since last: 2000433231 ns, Reaching safepoint: 15329 ns, Cleanup: 14928 ns, At safepoint: 4488 ns, Total: 34745 ns
[2024-03-07T03:45:42.042+0000][1][safepoint   ] Safepoint "Cleanup", Time since last: 5023944765 ns, Reaching safepoint: 16361 ns, Cleanup: 15098 ns, At safepoint: 5400 ns, Total: 36859 ns
[2024-03-07T03:45:55.045+0000][1][safepoint   ] Safepoint "Cleanup", Time since last: 13002941860 ns, Reaching safepoint: 42529 ns, Cleanup: 11422 ns, At safepoint: 3226 ns, Total: 57177 ns
[2024-03-07T03:46:17.048+0000][1][safepoint   ] Safepoint "Cleanup", Time since last: 22002844446 ns, Reaching safepoint: 57367 ns, Cleanup: 19307 ns, At safepoint: 5360 ns, Total: 82034 ns
[2024-03-07T03:46:24.049+0000][1][safepoint   ] Safepoint "Cleanup", Time since last: 7000936872 ns, Reaching safepoint: 57749 ns, Cleanup: 14557 ns, At safepoint: 16401 ns, Total: 88707 ns
[2024-03-07T03:46:27.049+0000][1][safepoint   ] Safepoint "Cleanup", Time since last: 3000447276 ns, Reaching safepoint: 55064 ns, Cleanup: 19046 ns, At safepoint: 5239 ns, Total: 79349 ns
[2024-03-07T03:46:35.051+0000][1][safepoint   ] Safepoint "Cleanup", Time since last: 8001507482 ns, Reaching safepoint: 51998 ns, Cleanup: 14056 ns, At safepoint: 11311 ns, Total: 77365 ns
[2024-03-07T03:46:39.051+0000][1][safepoint   ] Safepoint "Cleanup", Time since last: 4000497957 ns, Reaching safepoint: 15950 ns, Cleanup: 16300 ns, At safepoint: 4970 ns, Total: 37220 ns
[2024-03-07T03:46:47.077+0000][1][safepoint   ] Safepoint "Cleanup", Time since last: 8025594996 ns, Reaching safepoint: 61957 ns, Cleanup: 14717 ns, At safepoint: 5480 ns, Total: 82154 ns
[2024-03-07T03:46:51.078+0000][1][safepoint   ] Safepoint "Cleanup", Time since last: 4000656453 ns, Reaching safepoint: 13796 ns, Cleanup: 45665 ns, At safepoint: 5140 ns, Total: 64601 ns
[2024-03-07T03:46:52.078+0000][1][safepoint   ] Safepoint "Cleanup", Time since last: 1000588641 ns, Reaching safepoint: 16932 ns, Cleanup: 15479 ns, At safepoint: 5430 ns, Total: 37841 ns
[2024-03-07T03:46:54.079+0000][1][safepoint   ] Safepoint "Cleanup", Time since last: 2000275207 ns, Reaching safepoint: 15840 ns, Cleanup: 16851 ns, At safepoint: 4809 ns, Total: 37500 ns
[2024-03-07T03:46:55.079+0000][1][safepoint   ] Safepoint "Cleanup", Time since last: 1000554516 ns, Reaching safepoint: 73979 ns, Cleanup: 19967 ns, At safepoint: 17503 ns, Total: 111449 ns
[2024-03-07T03:46:56.080+0000][1][safepoint   ] Safepoint "Cleanup", Time since last: 1000544348 ns, Reaching safepoint: 16551 ns, Cleanup: 22382 ns, At safepoint: 5189 ns, Total: 44122 ns
[2024-03-07T03:47:00.081+0000][1][safepoint   ] Safepoint "Cleanup", Time since last: 4000877340 ns, Reaching safepoint: 103123 ns, Cleanup: 15169 ns, At safepoint: 5139 ns, Total: 123431 ns
[2024-03-07T03:47:01.081+0000][1][safepoint   ] Safepoint "Cleanup", Time since last: 1000150357 ns, Reaching safepoint: 16732 ns, Cleanup: 14757 ns, At safepoint: 4860 ns, Total: 36349 ns
[2024-03-07T03:47:02.081+0000][1][safepoint   ] Safepoint "Cleanup", Time since last: 1000136049 ns, Reaching safepoint: 16832 ns, Cleanup: 26460 ns, At safepoint: 4749 ns, Total: 48041 ns
[2024-03-07T03:47:03.082+0000][1][safepoint   ] Safepoint "Cleanup", Time since last: 1000289308 ns, Reaching safepoint: 16671 ns, Cleanup: 14607 ns, At safepoint: 5250 ns, Total: 36528 ns
[2024-03-07T03:47:09.082+0000][1][safepoint   ] Safepoint "Cleanup", Time since last: 6000512653 ns, Reaching safepoint: 57969 ns, Cleanup: 13566 ns, At safepoint: 16881 ns, Total: 88416 ns
[2024-03-07T03:47:14.083+0000][1][safepoint   ] Safepoint "Cleanup", Time since last: 5000840532 ns, Reaching safepoint: 64020 ns, Cleanup: 15569 ns, At safepoint: 5380 ns, Total: 84969 ns
[2024-03-07T03:47:16.083+0000][1][safepoint   ] Safepoint "Cleanup", Time since last: 2000147607 ns, Reaching safepoint: 46918 ns, Cleanup: 13836 ns, At safepoint: 11852 ns, Total: 72606 ns
[2024-03-07T03:47:19.084+0000][1][safepoint   ] Safepoint "Cleanup", Time since last: 3000272798 ns, Reaching safepoint: 41558 ns, Cleanup: 11050 ns, At safepoint: 3286 ns, Total: 55894 ns
[2024-03-07T03:47:24.085+0000][1][safepoint   ] Safepoint "Cleanup", Time since last: 5000936531 ns, Reaching safepoint: 89367 ns, Cleanup: 12704 ns, At safepoint: 5370 ns, Total: 107441 ns
[2024-03-07T03:47:27.085+0000][1][safepoint   ] Safepoint "Cleanup", Time since last: 3000374076 ns, Reaching safepoint: 17072 ns, Cleanup: 19186 ns, At safepoint: 5210 ns, Total: 41468 ns
[2024-03-07T03:47:28.085+0000][1][safepoint   ] Safepoint "Cleanup", Time since last: 1000162369 ns, Reaching safepoint: 42970 ns, Cleanup: 14578 ns, At safepoint: 16491 ns, Total: 74039 ns
[2024-03-07T03:47:35.086+0000][1][safepoint   ] Safepoint "Cleanup", Time since last: 7000647801 ns, Reaching safepoint: 57538 ns, Cleanup: 17103 ns, At safepoint: 5159 ns, Total: 79800 ns
[2024-03-07T03:47:36.086+0000][1][safepoint   ] Safepoint "Cleanup", Time since last: 1000123787 ns, Reaching safepoint: 63299 ns, Cleanup: 25157 ns, At safepoint: 17794 ns, Total: 106250 ns
[2024-03-07T03:47:39.087+0000][1][safepoint   ] Safepoint "Cleanup", Time since last: 3000260206 ns, Reaching safepoint: 14748 ns, Cleanup: 10369 ns, At safepoint: 2415 ns, Total: 27532 ns
[2024-03-07T03:47:42.102+0000][1][safepoint   ] Safepoint "Cleanup", Time since last: 3014945279 ns, Reaching safepoint: 56676 ns, Cleanup: 11652 ns, At safepoint: 4759 ns, Total: 73087 ns
[2024-03-07T03:47:45.102+0000][1][safepoint   ] Safepoint "Cleanup", Time since last: 3000264669 ns, Reaching safepoint: 66656 ns, Cleanup: 17953 ns, At safepoint: 22813 ns, Total: 107422 ns
[2024-03-07T03:47:46.102+0000][1][safepoint   ] Safepoint "Cleanup", Time since last: 1000125191 ns, Reaching safepoint: 13165 ns, Cleanup: 10119 ns, At safepoint: 4138 ns, Total: 27422 ns
[2024-03-07T03:47:50.103+0000][1][safepoint   ] Safepoint "Cleanup", Time since last: 4000372410 ns, Reaching safepoint: 40957 ns, Cleanup: 13936 ns, At safepoint: 2975 ns, Total: 57868 ns
[2024-03-07T03:47:52.103+0000][1][safepoint   ] Safepoint "Cleanup", Time since last: 2000212289 ns, Reaching safepoint: 76403 ns, Cleanup: 11341 ns, At safepoint: 20168 ns, Total: 107912 ns
[2024-03-07T03:47:57.103+0000][1][safepoint   ] Safepoint "Cleanup", Time since last: 5000389389 ns, Reaching safepoint: 39875 ns, Cleanup: 13675 ns, At safepoint: 4609 ns, Total: 58159 ns
[2024-03-07T03:48:01.104+0000][1][safepoint   ] Safepoint "Cleanup", Time since last: 4000317298 ns, Reaching safepoint: 16922 ns, Cleanup: 17112 ns, At safepoint: 5481 ns, Total: 39515 ns
[2024-03-07T03:48:02.104+0000][1][safepoint   ] Safepoint "Cleanup", Time since last: 1000135659 ns, Reaching safepoint: 50154 ns, Cleanup: 12975 ns, At safepoint: 5109 ns, Total: 68238 ns
[2024-03-07T03:48:13.105+0000][1][safepoint   ] Safepoint "Cleanup", Time since last: 11000920295 ns, Reaching safepoint: 14918 ns, Cleanup: 13505 ns, At safepoint: 5000 ns, Total: 33423 ns
[2024-03-07T03:48:14.105+0000][1][safepoint   ] Safepoint "Cleanup", Time since last: 1000135910 ns, Reaching safepoint: 18114 ns, Cleanup: 17874 ns, At safepoint: 5390 ns, Total: 41378 ns
[2024-03-07T03:48:22.106+0000][1][safepoint   ] Safepoint "Cleanup", Time since last: 8000680841 ns, Reaching safepoint: 34435 ns, Cleanup: 9608 ns, At safepoint: 2294 ns, Total: 46337 ns
[2024-03-07T03:48:30.107+0000][1][safepoint   ] Safepoint "Cleanup", Time since last: 8000787119 ns, Reaching safepoint: 17724 ns, Cleanup: 15839 ns, At safepoint: 6603 ns, Total: 40166 ns
[2024-03-07T03:48:40.124+0000][1][safepoint   ] Safepoint "Cleanup", Time since last: 10017040745 ns, Reaching safepoint: 16792 ns, Cleanup: 13255 ns, At safepoint: 3156 ns, Total: 33203 ns
[2024-03-07T03:48:41.124+0000][1][safepoint   ] Safepoint "Cleanup", Time since last: 1000130548 ns, Reaching safepoint: 12984 ns, Cleanup: 10991 ns, At safepoint: 2675 ns, Total: 26650 ns
[2024-03-07T03:48:46.124+0000][1][safepoint   ] Safepoint "Cleanup", Time since last: 5000434280 ns, Reaching safepoint: 64080 ns, Cleanup: 15128 ns, At safepoint: 5531 ns, Total: 84739 ns
[2024-03-07T03:48:59.126+0000][1][safepoint   ] Safepoint "Cleanup", Time since last: 13001099523 ns, Reaching safepoint: 78287 ns, Cleanup: 15559 ns, At safepoint: 6162 ns, Total: 100008 ns
[2024-03-07T03:49:12.188+0000][1][safepoint   ] Safepoint "Cleanup", Time since last: 13062605426 ns, Reaching safepoint: 11541 ns, Cleanup: 21391 ns, At safepoint: 5430 ns, Total: 38362 ns
[2024-03-07T03:49:12.779+0000][1][safepoint   ] Safepoint "ICBufferFull", Time since last: 590563403 ns, Reaching safepoint: 87635 ns, Cleanup: 124543 ns, At safepoint: 12314 ns, Total: 224492 ns
[2024-03-07T03:49:12.832+0000][1][safepoint   ] Safepoint "ICBufferFull", Time since last: 52897289 ns, Reaching safepoint: 98455 ns, Cleanup: 139542 ns, At safepoint: 15729 ns, Total: 253726 ns
[2024-03-07T03:49:12.944+0000][1][safepoint   ] Safepoint "ICBufferFull", Time since last: 111335355 ns, Reaching safepoint: 15228 ns, Cleanup: 113052 ns, At safepoint: 4329 ns, Total: 132609 ns
[2024-03-07T03:49:13.944+0000][1][safepoint   ] Safepoint "Cleanup", Time since last: 1000110282 ns, Reaching safepoint: 16882 ns, Cleanup: 121347 ns, At safepoint: 4919 ns, Total: 143148 ns
[2024-03-07T03:49:15.944+0000][1][safepoint   ] Safepoint "Cleanup", Time since last: 2000195887 ns, Reaching safepoint: 17443 ns, Cleanup: 21250 ns, At safepoint: 5059 ns, Total: 43752 ns
[2024-03-07T03:49:16.944+0000][1][safepoint   ] Safepoint "Cleanup", Time since last: 1000128717 ns, Reaching safepoint: 34124 ns, Cleanup: 47960 ns, At safepoint: 17813 ns, Total: 99897 ns
[2024-03-07T03:49:18.675+0000][1][safepoint   ] Safepoint "Cleanup", Time since last: 1730786084 ns, Reaching safepoint: 18836 ns, Cleanup: 74710 ns, At safepoint: 5480 ns, Total: 99026 ns
[2024-03-07T03:49:22.676+0000][1][safepoint   ] Safepoint "Cleanup", Time since last: 4000582657 ns, Reaching safepoint: 49934 ns, Cleanup: 28754 ns, At safepoint: 5500 ns, Total: 84188 ns
[2024-03-07T03:49:23.676+0000][1][safepoint   ] Safepoint "Cleanup", Time since last: 1000159134 ns, Reaching safepoint: 18695 ns, Cleanup: 82856 ns, At safepoint: 33482 ns, Total: 135033 ns
[2024-03-07T03:49:26.582+0000][1][safepoint   ] Safepoint "Cleanup", Time since last: 2905589727 ns, Reaching safepoint: 7805 ns, Cleanup: 56836 ns, At safepoint: 5290 ns, Total: 69931 ns
[2024-03-07T03:49:27.770+0000][1][safepoint   ] Safepoint "Cleanup", Time since last: 1188216550 ns, Reaching safepoint: 43662 ns, Cleanup: 106149 ns, At safepoint: 3507 ns, Total: 153318 ns
[2024-03-07T03:49:30.771+0000][1][safepoint   ] Safepoint "Cleanup", Time since last: 3000285672 ns, Reaching safepoint: 13165 ns, Cleanup: 10289 ns, At safepoint: 2865 ns, Total: 26319 ns
[2024-03-07T03:49:31.771+0000][1][safepoint   ] Safepoint "Cleanup", Time since last: 1000107147 ns, Reaching safepoint: 17933 ns, Cleanup: 14478 ns, At safepoint: 5159 ns, Total: 37570 ns
[2024-03-07T03:49:32.771+0000][1][safepoint   ] Safepoint "Cleanup", Time since last: 1000123657 ns, Reaching safepoint: 47850 ns, Cleanup: 33092 ns, At safepoint: 3647 ns, Total: 84589 ns
[2024-03-07T03:49:33.771+0000][1][safepoint   ] Safepoint "Cleanup", Time since last: 1000106104 ns, Reaching safepoint: 18676 ns, Cleanup: 15449 ns, At safepoint: 6051 ns, Total: 40176 ns
[2024-03-07T03:49:34.771+0000][1][safepoint   ] Safepoint "Cleanup", Time since last: 1000133315 ns, Reaching safepoint: 14467 ns, Cleanup: 10430 ns, At safepoint: 3416 ns, Total: 28313 ns
[2024-03-07T03:49:37.772+0000][1][safepoint   ] Safepoint "Cleanup", Time since last: 3000285774 ns, Reaching safepoint: 12744 ns, Cleanup: 23904 ns, At safepoint: 3096 ns, Total: 39744 ns
[2024-03-07T03:49:38.772+0000][1][safepoint   ] Safepoint "Cleanup", Time since last: 1000125764 ns, Reaching safepoint: 18905 ns, Cleanup: 19016 ns, At safepoint: 4909 ns, Total: 42830 ns
[2024-03-07T03:49:42.149+0000][1][safepoint   ] Safepoint "Cleanup", Time since last: 3377656238 ns, Reaching safepoint: 17503 ns, Cleanup: 19196 ns, At safepoint: 4769 ns, Total: 41468 ns
[2024-03-07T03:49:43.150+0000][1][safepoint   ] Safepoint "Cleanup", Time since last: 1000139727 ns, Reaching safepoint: 19587 ns, Cleanup: 42911 ns, At safepoint: 4929 ns, Total: 67427 ns
[2024-03-07T03:49:44.150+0000][1][safepoint   ] Safepoint "Cleanup", Time since last: 1000135439 ns, Reaching safepoint: 59893 ns, Cleanup: 23844 ns, At safepoint: 4940 ns, Total: 88677 ns
[2024-03-07T03:49:48.150+0000][1][safepoint   ] Safepoint "Cleanup", Time since last: 4000338926 ns, Reaching safepoint: 18334 ns, Cleanup: 50545 ns, At safepoint: 4578 ns, Total: 73457 ns
[2024-03-07T03:49:49.151+0000][1][safepoint   ] Safepoint "Cleanup", Time since last: 1000117879 ns, Reaching safepoint: 44794 ns, Cleanup: 10991 ns, At safepoint: 14778 ns, Total: 70563 ns
[2024-03-07T03:49:53.151+0000][1][safepoint   ] Safepoint "Cleanup", Time since last: 4000353134 ns, Reaching safepoint: 18925 ns, Cleanup: 65042 ns, At safepoint: 5130 ns, Total: 89097 ns
[2024-03-07T03:49:54.151+0000][1][safepoint   ] Safepoint "Cleanup", Time since last: 1000128806 ns, Reaching safepoint: 60233 ns, Cleanup: 17754 ns, At safepoint: 17032 ns, Total: 95019 ns
[2024-03-07T03:49:58.152+0000][1][safepoint   ] Safepoint "Cleanup", Time since last: 4000326271 ns, Reaching safepoint: 18825 ns, Cleanup: 55575 ns, At safepoint: 4889 ns, Total: 79289 ns
[2024-03-07T03:49:59.152+0000][1][safepoint   ] Safepoint "Cleanup", Time since last: 1000157891 ns, Reaching safepoint: 50104 ns, Cleanup: 12484 ns, At safepoint: 17402 ns, Total: 79990 ns
[2024-03-07T03:50:03.152+0000][1][safepoint   ] Safepoint "Cleanup", Time since last: 4000420861 ns, Reaching safepoint: 18725 ns, Cleanup: 41768 ns, At safepoint: 5420 ns, Total: 65913 ns
[2024-03-07T03:50:08.153+0000][1][safepoint   ] Safepoint "Cleanup", Time since last: 5000765674 ns, Reaching safepoint: 43873 ns, Cleanup: 44974 ns, At safepoint: 4288 ns, Total: 93135 ns
[2024-03-07T03:50:09.153+0000][1][safepoint   ] Safepoint "Cleanup", Time since last: 1000147082 ns, Reaching safepoint: 69941 ns, Cleanup: 13836 ns, At safepoint: 17442 ns, Total: 101219 ns
[2024-03-07T03:50:13.154+0000][1][safepoint   ] Safepoint "Cleanup", Time since last: 4000335934 ns, Reaching safepoint: 18585 ns, Cleanup: 43893 ns, At safepoint: 4007 ns, Total: 66485 ns
[2024-03-07T03:50:14.154+0000][1][safepoint   ] Safepoint "Cleanup", Time since last: 1000201704 ns, Reaching safepoint: 73438 ns, Cleanup: 58509 ns, At safepoint: 16572 ns, Total: 148519 ns
[2024-03-07T03:50:18.155+0000][1][safepoint   ] Safepoint "Cleanup", Time since last: 4000422853 ns, Reaching safepoint: 44894 ns, Cleanup: 64491 ns, At safepoint: 4809 ns, Total: 114194 ns
[2024-03-07T03:50:19.155+0000][1][safepoint   ] Safepoint "Cleanup", Time since last: 1000143092 ns, Reaching safepoint: 19416 ns, Cleanup: 16932 ns, At safepoint: 5090 ns, Total: 41438 ns
[2024-03-07T03:50:23.155+0000][1][safepoint   ] Safepoint "Cleanup", Time since last: 4000432630 ns, Reaching safepoint: 61305 ns, Cleanup: 32190 ns, At safepoint: 5511 ns, Total: 99006 ns
[2024-03-07T03:50:28.156+0000][1][safepoint   ] Safepoint "Cleanup", Time since last: 5000931080 ns, Reaching safepoint: 63449 ns, Cleanup: 28974 ns, At safepoint: 5841 ns, Total: 98264 ns
[2024-03-07T03:50:32.157+0000][1][safepoint   ] Safepoint "Cleanup", Time since last: 4000331731 ns, Reaching safepoint: 92564 ns, Cleanup: 14206 ns, At safepoint: 5330 ns, Total: 112100 ns
[2024-03-07T03:50:34.157+0000][1][safepoint   ] Safepoint "Cleanup", Time since last: 2000193894 ns, Reaching safepoint: 19036 ns, Cleanup: 31168 ns, At safepoint: 4799 ns, Total: 55003 ns
[2024-03-07T03:50:38.158+0000][1][safepoint   ] Safepoint "Cleanup", Time since last: 4000313748 ns, Reaching safepoint: 47249 ns, Cleanup: 12423 ns, At safepoint: 2795 ns, Total: 62467 ns
[2024-03-07T03:50:39.158+0000][1][safepoint   ] Safepoint "Cleanup", Time since last: 1000098200 ns, Reaching safepoint: 14507 ns, Cleanup: 13646 ns, At safepoint: 3777 ns, Total: 31930 ns
[2024-03-07T03:50:40.177+0000][1][safepoint   ] Safepoint "Cleanup", Time since last: 1018897612 ns, Reaching safepoint: 59381 ns, Cleanup: 26981 ns, At safepoint: 3917 ns, Total: 90279 ns
[2024-03-07T03:50:42.177+0000][1][safepoint   ] Safepoint "Cleanup", Time since last: 2000175631 ns, Reaching safepoint: 19035 ns, Cleanup: 14788 ns, At safepoint: 5480 ns, Total: 39303 ns
[2024-03-07T03:50:43.177+0000][1][safepoint   ] Safepoint "Cleanup", Time since last: 1000133305 ns, Reaching safepoint: 35667 ns, Cleanup: 28173 ns, At safepoint: 4759 ns, Total: 68599 ns
[2024-03-07T03:50:45.177+0000][1][safepoint   ] Safepoint "Cleanup", Time since last: 2000221337 ns, Reaching safepoint: 41859 ns, Cleanup: 35456 ns, At safepoint: 3026 ns, Total: 80341 ns
[2024-03-07T03:50:50.178+0000][1][safepoint   ] Safepoint "Cleanup", Time since last: 5000439349 ns, Reaching safepoint: 58489 ns, Cleanup: 20920 ns, At safepoint: 5290 ns, Total: 84699 ns
[2024-03-07T03:50:55.178+0000][1][safepoint   ] Safepoint "Cleanup", Time since last: 5000494995 ns, Reaching safepoint: 16341 ns, Cleanup: 30507 ns, At safepoint: 4358 ns, Total: 51206 ns
[2024-03-07T03:50:58.179+0000][1][safepoint   ] Safepoint "Cleanup", Time since last: 3000903511 ns, Reaching safepoint: 67917 ns, Cleanup: 14438 ns, At safepoint: 5710 ns, Total: 88065 ns
[2024-03-07T03:50:59.180+0000][1][safepoint   ] Safepoint "Cleanup", Time since last: 1000142482 ns, Reaching safepoint: 15499 ns, Cleanup: 26430 ns, At safepoint: 3426 ns, Total: 45355 ns
[2024-03-07T03:51:00.180+0000][1][safepoint   ] Safepoint "Cleanup", Time since last: 1000105836 ns, Reaching safepoint: 14337 ns, Cleanup: 19907 ns, At safepoint: 2695 ns, Total: 36939 ns
[2024-03-07T03:51:04.181+0000][1][safepoint   ] Safepoint "Cleanup", Time since last: 4001088945 ns, Reaching safepoint: 18915 ns, Cleanup: 17213 ns, At safepoint: 5450 ns, Total: 41578 ns
[2024-03-07T03:51:05.181+0000][1][safepoint   ] Safepoint "Cleanup", Time since last: 1000138717 ns, Reaching safepoint: 18695 ns, Cleanup: 36118 ns, At safepoint: 5160 ns, Total: 59973 ns
[2024-03-07T03:51:09.182+0000][1][safepoint   ] Safepoint "Cleanup", Time since last: 4000729561 ns, Reaching safepoint: 18735 ns, Cleanup: 13346 ns, At safepoint: 4919 ns, Total: 37000 ns
[2024-03-07T03:51:10.182+0000][1][safepoint   ] Safepoint "Cleanup", Time since last: 1000162140 ns, Reaching safepoint: 19076 ns, Cleanup: 30367 ns, At safepoint: 5320 ns, Total: 54763 ns
[2024-03-07T03:51:13.182+0000][1][safepoint   ] Safepoint "Cleanup", Time since last: 3000265245 ns, Reaching safepoint: 93325 ns, Cleanup: 14317 ns, At safepoint: 5561 ns, Total: 113203 ns
[2024-03-07T03:51:14.183+0000][1][safepoint   ] Safepoint "Cleanup", Time since last: 1000120681 ns, Reaching safepoint: 18494 ns, Cleanup: 45295 ns, At safepoint: 5120 ns, Total: 68909 ns
[2024-03-07T03:51:15.183+0000][1][safepoint   ] Safepoint "Cleanup", Time since last: 1000148976 ns, Reaching safepoint: 23885 ns, Cleanup: 45646 ns, At safepoint: 5400 ns, Total: 74931 ns
[2024-03-07T03:51:18.184+0000][1][safepoint   ] Safepoint "Cleanup", Time since last: 3000682477 ns, Reaching safepoint: 47088 ns, Cleanup: 20990 ns, At safepoint: 5069 ns, Total: 73147 ns
[2024-03-07T03:51:20.184+0000][1][safepoint   ] Safepoint "Cleanup", Time since last: 2000180349 ns, Reaching safepoint: 18695 ns, Cleanup: 44494 ns, At safepoint: 4859 ns, Total: 68048 ns
[2024-03-07T03:51:21.184+0000][1][safepoint   ] Safepoint "Cleanup", Time since last: 1000135471 ns, Reaching safepoint: 18705 ns, Cleanup: 14257 ns, At safepoint: 4839 ns, Total: 37801 ns
[2024-03-07T03:51:23.184+0000][1][safepoint   ] Safepoint "Cleanup", Time since last: 2000244848 ns, Reaching safepoint: 75081 ns, Cleanup: 15960 ns, At safepoint: 7163 ns, Total: 98204 ns
[2024-03-07T03:51:24.185+0000][1][safepoint   ] Safepoint "Cleanup", Time since last: 1000117447 ns, Reaching safepoint: 17763 ns, Cleanup: 13976 ns, At safepoint: 5080 ns, Total: 36819 ns
[2024-03-07T03:51:25.185+0000][1][safepoint   ] Safepoint "Cleanup", Time since last: 1000139379 ns, Reaching safepoint: 19707 ns, Cleanup: 22162 ns, At safepoint: 5089 ns, Total: 46958 ns
[2024-03-07T03:51:30.191+0000][1][safepoint   ] Safepoint "Cleanup", Time since last: 5005168374 ns, Reaching safepoint: 565792 ns, Cleanup: 139131 ns, At safepoint: 51897 ns, Total: 756820 ns
[2024-03-07T03:51:34.191+0000][1][safepoint   ] Safepoint "Cleanup", Time since last: 4000751312 ns, Reaching safepoint: 56696 ns, Cleanup: 14367 ns, At safepoint: 5521 ns, Total: 76584 ns
[2024-03-07T03:51:35.083+0000][1][gc,start    ] GC(10) Pause Young (Normal) (G1 Evacuation Pause)
[2024-03-07T03:51:35.084+0000][1][gc,task     ] GC(10) Using 10 workers of 10 for evacuation
[2024-03-07T03:51:35.084+0000][1][gc,age      ] GC(10) Desired survivor size 40370176 bytes, new threshold 15 (max threshold 15)
[2024-03-07T03:51:35.151+0000][1][gc,phases   ] GC(10)   Pre Evacuate Collection Set: 11.8ms
[2024-03-07T03:51:35.151+0000][1][gc,phases   ] GC(10)   Merge Heap Roots: 10.0ms
[2024-03-07T03:51:35.151+0000][1][gc,phases   ] GC(10)   Evacuate Collection Set: 38.5ms
[2024-03-07T03:51:35.151+0000][1][gc,phases   ] GC(10)   Post Evacuate Collection Set: 5.7ms
[2024-03-07T03:51:35.151+0000][1][gc,phases   ] GC(10)   Other: 1.0ms
[2024-03-07T03:51:35.151+0000][1][gc,age      ] GC(10) Age table with threshold 15 (max threshold 15)
[2024-03-07T03:51:35.151+0000][1][gc,age      ] GC(10) - age   1:   18443056 bytes,   18443056 total
[2024-03-07T03:51:35.151+0000][1][gc,age      ] GC(10) - age   2:      72152 bytes,   18515208 total
[2024-03-07T03:51:35.151+0000][1][gc,age      ] GC(10) - age   3:     970664 bytes,   19485872 total
[2024-03-07T03:51:35.151+0000][1][gc,age      ] GC(10) - age   4:    6459584 bytes,   25945456 total
[2024-03-07T03:51:35.151+0000][1][gc,age      ] GC(10) - age   5:    1196272 bytes,   27141728 total
[2024-03-07T03:51:35.151+0000][1][gc,age      ] GC(10) - age   6:     902704 bytes,   28044432 total
[2024-03-07T03:51:35.151+0000][1][gc,age      ] GC(10) - age   7:    1154648 bytes,   29199080 total
[2024-03-07T03:51:35.151+0000][1][gc,heap     ] GC(10) Eden regions: 602->0(584)
[2024-03-07T03:51:35.151+0000][1][gc,heap     ] GC(10) Survivor regions: 12->30(77)
[2024-03-07T03:51:35.151+0000][1][gc,heap     ] GC(10) Old regions: 8->8
[2024-03-07T03:51:35.151+0000][1][gc,heap     ] GC(10) Humongous regions: 13->3
[2024-03-07T03:51:35.151+0000][1][gc,metaspace] GC(10) Metaspace: 91519K(93120K)->91519K(93120K) NonClass: 79567K(80448K)->79567K(80448K) Class: 11952K(12672K)->11952K(12672K)
[2024-03-07T03:51:35.151+0000][1][gc          ] GC(10) Pause Young (Normal) (G1 Evacuation Pause) 634M->40M(1024M) 67.614ms
[2024-03-07T03:51:35.151+0000][1][gc,cpu      ] GC(10) User=0.19s Sys=0.16s Real=0.06s
[2024-03-07T03:51:35.151+0000][1][safepoint   ] Safepoint "G1CollectForAllocation", Time since last: 891675699 ns, Reaching safepoint: 91261 ns, Cleanup: 12293 ns, At safepoint: 67787317 ns, Total: 67890871 ns
[2024-03-07T03:51:36.152+0000][1][safepoint   ] Safepoint "Cleanup", Time since last: 1000473625 ns, Reaching safepoint: 18575 ns, Cleanup: 45686 ns, At safepoint: 5440 ns, Total: 69701 ns
[2024-03-07T03:51:40.208+0000][1][safepoint   ] Safepoint "Cleanup", Time since last: 4056494691 ns, Reaching safepoint: 27021 ns, Cleanup: 26670 ns, At safepoint: 16711 ns, Total: 70402 ns
[2024-03-07T03:51:41.208+0000][1][safepoint   ] Safepoint "Cleanup", Time since last: 1000147941 ns, Reaching safepoint: 19026 ns, Cleanup: 21771 ns, At safepoint: 5280 ns, Total: 46077 ns
[2024-03-07T03:51:42.209+0000][1][safepoint   ] Safepoint "Cleanup", Time since last: 1000173941 ns, Reaching safepoint: 19637 ns, Cleanup: 23504 ns, At safepoint: 6182 ns, Total: 49323 ns
[2024-03-07T03:51:43.209+0000][1][safepoint   ] Safepoint "Cleanup", Time since last: 1000297474 ns, Reaching safepoint: 55133 ns, Cleanup: 16972 ns, At safepoint: 5560 ns, Total: 77665 ns
[2024-03-07T03:51:45.209+0000][1][safepoint   ] Safepoint "Cleanup", Time since last: 2000230813 ns, Reaching safepoint: 200366 ns, Cleanup: 32161 ns, At safepoint: 19787 ns, Total: 252314 ns
[2024-03-07T03:51:46.210+0000][1][safepoint   ] Safepoint "Cleanup", Time since last: 1000618927 ns, Reaching safepoint: 16911 ns, Cleanup: 14257 ns, At safepoint: 3457 ns, Total: 34625 ns
[2024-03-07T03:51:48.321+0000][1][safepoint   ] Safepoint "Cleanup", Time since last: 2111380209 ns, Reaching safepoint: 13335 ns, Cleanup: 9598 ns, At safepoint: 2735 ns, Total: 25668 ns
[2024-03-07T03:51:50.322+0000][1][safepoint   ] Safepoint "Cleanup", Time since last: 2000193393 ns, Reaching safepoint: 16742 ns, Cleanup: 23053 ns, At safepoint: 3487 ns, Total: 43282 ns
[2024-03-07T03:51:53.322+0000][1][safepoint   ] Safepoint "Cleanup", Time since last: 3000273691 ns, Reaching safepoint: 26970 ns, Cleanup: 6522 ns, At safepoint: 7464 ns, Total: 40956 ns
[2024-03-07T03:51:55.322+0000][1][safepoint   ] Safepoint "Cleanup", Time since last: 2000168437 ns, Reaching safepoint: 58300 ns, Cleanup: 71153 ns, At safepoint: 6162 ns, Total: 135615 ns
[2024-03-07T03:51:58.323+0000][1][safepoint   ] Safepoint "Cleanup", Time since last: 3000990074 ns, Reaching safepoint: 16982 ns, Cleanup: 13475 ns, At safepoint: 5410 ns, Total: 35867 ns
[2024-03-07T03:52:00.324+0000][1][safepoint   ] Safepoint "Cleanup", Time since last: 2000198364 ns, Reaching safepoint: 54292 ns, Cleanup: 17222 ns, At safepoint: 4989 ns, Total: 76503 ns
[2024-03-07T03:52:03.324+0000][1][safepoint   ] Safepoint "Cleanup", Time since last: 3000401990 ns, Reaching safepoint: 16281 ns, Cleanup: 12052 ns, At safepoint: 3166 ns, Total: 31499 ns
[2024-03-07T03:52:04.324+0000][1][safepoint   ] Safepoint "Cleanup", Time since last: 1000264762 ns, Reaching safepoint: 29205 ns, Cleanup: 19717 ns, At safepoint: 4549 ns, Total: 53471 ns
[2024-03-07T03:52:05.325+0000][1][safepoint   ] Safepoint "Cleanup", Time since last: 1000136191 ns, Reaching safepoint: 14888 ns, Cleanup: 25718 ns, At safepoint: 3957 ns, Total: 44563 ns
[2024-03-07T03:52:10.325+0000][1][safepoint   ] Safepoint "Cleanup", Time since last: 5000403804 ns, Reaching safepoint: 13636 ns, Cleanup: 12684 ns, At safepoint: 2745 ns, Total: 29065 ns
[2024-03-07T03:52:14.326+0000][1][safepoint   ] Safepoint "Cleanup", Time since last: 4000449256 ns, Reaching safepoint: 13054 ns, Cleanup: 26981 ns, At safepoint: 3056 ns, Total: 43091 ns
[2024-03-07T03:52:16.326+0000][1][safepoint   ] Safepoint "Cleanup", Time since last: 2000581101 ns, Reaching safepoint: 90279 ns, Cleanup: 47199 ns, At safepoint: 5661 ns, Total: 143139 ns
[2024-03-07T03:52:17.326+0000][1][safepoint   ] Safepoint "Cleanup", Time since last: 1000152359 ns, Reaching safepoint: 25598 ns, Cleanup: 13956 ns, At safepoint: 3647 ns, Total: 43201 ns
[2024-03-07T03:52:21.327+0000][1][safepoint   ] Safepoint "Cleanup", Time since last: 4000750091 ns, Reaching safepoint: 60824 ns, Cleanup: 18104 ns, At safepoint: 5641 ns, Total: 84569 ns
[2024-03-07T03:52:23.328+0000][1][safepoint   ] Safepoint "Cleanup", Time since last: 2000219771 ns, Reaching safepoint: 16491 ns, Cleanup: 11882 ns, At safepoint: 5681 ns, Total: 34054 ns
[2024-03-07T03:52:26.328+0000][1][safepoint   ] Safepoint "Cleanup", Time since last: 3000330504 ns, Reaching safepoint: 53831 ns, Cleanup: 15189 ns, At safepoint: 2765 ns, Total: 71785 ns
[2024-03-07T03:52:28.328+0000][1][safepoint   ] Safepoint "Cleanup", Time since last: 2000538481 ns, Reaching safepoint: 19246 ns, Cleanup: 16261 ns, At safepoint: 5350 ns, Total: 40857 ns
[2024-03-07T03:52:31.329+0000][1][safepoint   ] Safepoint "Cleanup", Time since last: 3000299168 ns, Reaching safepoint: 35497 ns, Cleanup: 11051 ns, At safepoint: 2675 ns, Total: 49223 ns
[2024-03-07T03:52:36.329+0000][1][safepoint   ] Safepoint "Cleanup", Time since last: 5000419799 ns, Reaching safepoint: 37531 ns, Cleanup: 23404 ns, At safepoint: 3136 ns, Total: 64071 ns
[2024-03-07T03:52:38.330+0000][1][safepoint   ] Safepoint "Cleanup", Time since last: 2000233740 ns, Reaching safepoint: 19277 ns, Cleanup: 51276 ns, At safepoint: 5991 ns, Total: 76544 ns
[2024-03-07T03:52:40.237+0000][1][safepoint   ] Safepoint "Cleanup", Time since last: 1907502186 ns, Reaching safepoint: 18756 ns, Cleanup: 14747 ns, At safepoint: 5450 ns, Total: 38953 ns
[2024-03-07T03:52:41.237+0000][1][safepoint   ] Safepoint "Cleanup", Time since last: 1000135048 ns, Reaching safepoint: 81423 ns, Cleanup: 18104 ns, At safepoint: 5600 ns, Total: 105127 ns
[2024-03-07T03:52:43.238+0000][1][safepoint   ] Safepoint "Cleanup", Time since last: 2000246732 ns, Reaching safepoint: 19527 ns, Cleanup: 18154 ns, At safepoint: 5390 ns, Total: 43071 ns
[2024-03-07T03:52:46.238+0000][1][safepoint   ] Safepoint "Cleanup", Time since last: 3000271294 ns, Reaching safepoint: 15559 ns, Cleanup: 36298 ns, At safepoint: 3457 ns, Total: 55314 ns
[2024-03-07T03:52:50.239+0000][1][safepoint   ] Safepoint "Cleanup", Time since last: 4000709120 ns, Reaching safepoint: 17944 ns, Cleanup: 17022 ns, At safepoint: 5490 ns, Total: 40456 ns
[2024-03-07T03:52:51.239+0000][1][safepoint   ] Safepoint "Cleanup", Time since last: 1000254171 ns, Reaching safepoint: 60243 ns, Cleanup: 36809 ns, At safepoint: 5410 ns, Total: 102462 ns
[2024-03-07T03:52:53.239+0000][1][safepoint   ] Safepoint "Cleanup", Time since last: 2000228339 ns, Reaching safepoint: 23274 ns, Cleanup: 15168 ns, At safepoint: 5150 ns, Total: 43592 ns
[2024-03-07T03:52:56.240+0000][1][safepoint   ] Safepoint "Cleanup", Time since last: 3000268742 ns, Reaching safepoint: 168896 ns, Cleanup: 23374 ns, At safepoint: 5941 ns, Total: 198211 ns
[2024-03-07T03:53:01.240+0000][1][safepoint   ] Safepoint "Cleanup", Time since last: 5000389536 ns, Reaching safepoint: 13826 ns, Cleanup: 19637 ns, At safepoint: 3066 ns, Total: 36529 ns
[2024-03-07T03:53:06.241+0000][1][safepoint   ] Safepoint "Cleanup", Time since last: 5001090025 ns, Reaching safepoint: 58690 ns, Cleanup: 19357 ns, At safepoint: 5881 ns, Total: 83928 ns
[2024-03-07T03:53:08.242+0000][1][safepoint   ] Safepoint "Cleanup", Time since last: 2000809812 ns, Reaching safepoint: 66655 ns, Cleanup: 17523 ns, At safepoint: 18875 ns, Total: 103053 ns
[2024-03-07T03:53:11.243+0000][1][safepoint   ] Safepoint "Cleanup", Time since last: 3000571821 ns, Reaching safepoint: 18294 ns, Cleanup: 19326 ns, At safepoint: 5360 ns, Total: 42980 ns
[2024-03-07T03:53:12.243+0000][1][safepoint   ] Safepoint "Cleanup", Time since last: 1000132503 ns, Reaching safepoint: 62337 ns, Cleanup: 14106 ns, At safepoint: 14788 ns, Total: 91231 ns
[2024-03-07T03:53:14.243+0000][1][safepoint   ] Safepoint "Cleanup", Time since last: 2000203656 ns, Reaching safepoint: 12844 ns, Cleanup: 20619 ns, At safepoint: 2655 ns, Total: 36118 ns
[2024-03-07T03:53:15.244+0000][1][safepoint   ] Safepoint "Cleanup", Time since last: 1000159824 ns, Reaching safepoint: 19226 ns, Cleanup: 15670 ns, At safepoint: 5650 ns, Total: 40546 ns
[2024-03-07T03:53:16.244+0000][1][safepoint   ] Safepoint "Cleanup", Time since last: 1000128097 ns, Reaching safepoint: 11101 ns, Cleanup: 13645 ns, At safepoint: 2886 ns, Total: 27632 ns
[2024-03-07T03:53:20.244+0000][1][safepoint   ] Safepoint "Cleanup", Time since last: 4000338696 ns, Reaching safepoint: 17623 ns, Cleanup: 14236 ns, At safepoint: 4759 ns, Total: 36618 ns
[2024-03-07T03:53:21.244+0000][1][safepoint   ] Safepoint "Cleanup", Time since last: 1000120211 ns, Reaching safepoint: 17092 ns, Cleanup: 19005 ns, At safepoint: 5390 ns, Total: 41487 ns
[2024-03-07T03:53:26.245+0000][1][safepoint   ] Safepoint "Cleanup", Time since last: 5000613436 ns, Reaching safepoint: 12894 ns, Cleanup: 13976 ns, At safepoint: 2535 ns, Total: 29405 ns
[2024-03-07T03:53:36.246+0000][1][safepoint   ] Safepoint "Cleanup", Time since last: 10000969172 ns, Reaching safepoint: 14648 ns, Cleanup: 23815 ns, At safepoint: 3306 ns, Total: 41769 ns
[2024-03-07T03:53:37.246+0000][1][safepoint   ] Safepoint "Cleanup", Time since last: 1000119307 ns, Reaching safepoint: 18695 ns, Cleanup: 14928 ns, At safepoint: 4759 ns, Total: 38382 ns
[2024-03-07T03:53:40.278+0000][1][safepoint   ] Safepoint "Cleanup", Time since last: 3031414526 ns, Reaching safepoint: 18775 ns, Cleanup: 14978 ns, At safepoint: 5781 ns, Total: 39534 ns
[2024-03-07T03:53:41.278+0000][1][safepoint   ] Safepoint "Cleanup", Time since last: 1000132333 ns, Reaching safepoint: 17041 ns, Cleanup: 16692 ns, At safepoint: 3436 ns, Total: 37169 ns
[2024-03-07T03:53:43.278+0000][1][safepoint   ] Safepoint "Cleanup", Time since last: 2000213932 ns, Reaching safepoint: 59972 ns, Cleanup: 16090 ns, At safepoint: 17192 ns, Total: 93254 ns
[2024-03-07T03:53:46.279+0000][1][safepoint   ] Safepoint "Cleanup", Time since last: 3000331378 ns, Reaching safepoint: 44243 ns, Cleanup: 32341 ns, At safepoint: 17382 ns, Total: 93966 ns
[2024-03-07T03:53:47.279+0000][1][safepoint   ] Safepoint "Cleanup", Time since last: 1000118779 ns, Reaching safepoint: 18154 ns, Cleanup: 25298 ns, At safepoint: 5500 ns, Total: 48952 ns
[2024-03-07T03:53:50.279+0000][1][safepoint   ] Safepoint "Cleanup", Time since last: 3000336677 ns, Reaching safepoint: 18195 ns, Cleanup: 13876 ns, At safepoint: 5550 ns, Total: 37621 ns
[2024-03-07T03:53:52.280+0000][1][safepoint   ] Safepoint "Cleanup", Time since last: 2000351040 ns, Reaching safepoint: 61846 ns, Cleanup: 19767 ns, At safepoint: 5240 ns, Total: 86853 ns
[2024-03-07T03:53:55.280+0000][1][safepoint   ] Safepoint "Cleanup", Time since last: 3000290181 ns, Reaching safepoint: 17623 ns, Cleanup: 17183 ns, At safepoint: 5320 ns, Total: 40126 ns
[2024-03-07T03:53:57.280+0000][1][safepoint   ] Safepoint "Cleanup", Time since last: 2000229120 ns, Reaching safepoint: 19036 ns, Cleanup: 31208 ns, At safepoint: 5801 ns, Total: 56045 ns
[2024-03-07T03:53:59.280+0000][1][safepoint   ] Safepoint "Cleanup", Time since last: 2000220133 ns, Reaching safepoint: 18755 ns, Cleanup: 16491 ns, At safepoint: 5030 ns, Total: 40276 ns
[2024-03-07T03:54:01.281+0000][1][safepoint   ] Safepoint "Cleanup", Time since last: 2000249016 ns, Reaching safepoint: 17122 ns, Cleanup: 14988 ns, At safepoint: 5851 ns, Total: 37961 ns
[2024-03-07T03:54:02.281+0000][1][safepoint   ] Safepoint "Cleanup", Time since last: 1000121824 ns, Reaching safepoint: 35276 ns, Cleanup: 16481 ns, At safepoint: 3196 ns, Total: 54953 ns
[2024-03-07T03:54:05.281+0000][1][safepoint   ] Safepoint "Cleanup", Time since last: 3000227944 ns, Reaching safepoint: 22021 ns, Cleanup: 14868 ns, At safepoint: 4148 ns, Total: 41037 ns
[2024-03-07T03:54:07.281+0000][1][safepoint   ] Safepoint "Cleanup", Time since last: 2000179477 ns, Reaching safepoint: 39775 ns, Cleanup: 14848 ns, At safepoint: 9137 ns, Total: 63760 ns
[2024-03-07T03:54:10.282+0000][1][safepoint   ] Safepoint "Cleanup", Time since last: 3000224287 ns, Reaching safepoint: 43120 ns, Cleanup: 9398 ns, At safepoint: 15569 ns, Total: 68087 ns
[2024-03-07T03:54:12.282+0000][1][safepoint   ] Safepoint "Cleanup", Time since last: 2000241463 ns, Reaching safepoint: 18595 ns, Cleanup: 18324 ns, At safepoint: 5070 ns, Total: 41989 ns
[2024-03-07T03:54:14.282+0000][1][safepoint   ] Safepoint "Cleanup", Time since last: 2000256160 ns, Reaching safepoint: 19707 ns, Cleanup: 19296 ns, At safepoint: 5120 ns, Total: 44123 ns
[2024-03-07T03:54:15.282+0000][1][safepoint   ] Safepoint "Cleanup", Time since last: 1000133876 ns, Reaching safepoint: 57388 ns, Cleanup: 44704 ns, At safepoint: 5530 ns, Total: 107622 ns
[2024-03-07T03:54:17.283+0000][1][safepoint   ] Safepoint "Cleanup", Time since last: 2000211177 ns, Reaching safepoint: 22202 ns, Cleanup: 27892 ns, At safepoint: 4789 ns, Total: 54883 ns
[2024-03-07T03:54:20.283+0000][1][safepoint   ] Safepoint "Cleanup", Time since last: 3000257759 ns, Reaching safepoint: 59011 ns, Cleanup: 13796 ns, At safepoint: 5320 ns, Total: 78127 ns
[2024-03-07T03:54:22.283+0000][1][safepoint   ] Safepoint "Cleanup", Time since last: 2000203643 ns, Reaching safepoint: 17643 ns, Cleanup: 28524 ns, At safepoint: 5290 ns, Total: 51457 ns
[2024-03-07T03:54:25.284+0000][1][safepoint   ] Safepoint "Cleanup", Time since last: 3000254194 ns, Reaching safepoint: 44634 ns, Cleanup: 10900 ns, At safepoint: 9818 ns, Total: 65352 ns
[2024-03-07T03:54:27.284+0000][1][safepoint   ] Safepoint "Cleanup", Time since last: 2000180791 ns, Reaching safepoint: 18865 ns, Cleanup: 14517 ns, At safepoint: 3938 ns, Total: 37320 ns
[2024-03-07T03:54:32.285+0000][1][safepoint   ] Safepoint "Cleanup", Time since last: 5000621280 ns, Reaching safepoint: 65553 ns, Cleanup: 27161 ns, At safepoint: 5670 ns, Total: 98384 ns
[2024-03-07T03:54:35.285+0000][1][safepoint   ] Safepoint "Cleanup", Time since last: 3000329916 ns, Reaching safepoint: 56706 ns, Cleanup: 14117 ns, At safepoint: 16741 ns, Total: 87564 ns
[2024-03-07T03:54:37.286+0000][1][safepoint   ] Safepoint "Cleanup", Time since last: 2000580692 ns, Reaching safepoint: 18715 ns, Cleanup: 22462 ns, At safepoint: 5140 ns, Total: 46317 ns
[2024-03-07T03:54:43.303+0000][1][safepoint   ] Safepoint "Cleanup", Time since last: 6017143462 ns, Reaching safepoint: 19427 ns, Cleanup: 16881 ns, At safepoint: 5691 ns, Total: 41999 ns
[2024-03-07T03:54:47.304+0000][1][safepoint   ] Safepoint "Cleanup", Time since last: 4000680700 ns, Reaching safepoint: 104616 ns, Cleanup: 17984 ns, At safepoint: 5811 ns, Total: 128411 ns
[2024-03-07T03:54:54.305+0000][1][safepoint   ] Safepoint "Cleanup", Time since last: 7000825206 ns, Reaching safepoint: 56105 ns, Cleanup: 12243 ns, At safepoint: 5410 ns, Total: 73758 ns
[2024-03-07T03:54:55.305+0000][1][safepoint   ] Safepoint "Cleanup", Time since last: 1000162891 ns, Reaching safepoint: 19246 ns, Cleanup: 14738 ns, At safepoint: 5520 ns, Total: 39504 ns
[2024-03-07T03:55:02.307+0000][1][safepoint   ] Safepoint "Cleanup", Time since last: 7002207169 ns, Reaching safepoint: 68218 ns, Cleanup: 18274 ns, At safepoint: 5751 ns, Total: 92243 ns
[2024-03-07T03:55:07.308+0000][1][safepoint   ] Safepoint "Cleanup", Time since last: 5000688196 ns, Reaching safepoint: 19005 ns, Cleanup: 21661 ns, At safepoint: 5380 ns, Total: 46046 ns
[2024-03-07T03:55:12.309+0000][1][safepoint   ] Safepoint "Cleanup", Time since last: 5000824694 ns, Reaching safepoint: 18384 ns, Cleanup: 16401 ns, At safepoint: 3957 ns, Total: 38742 ns
[2024-03-07T03:55:15.309+0000][1][safepoint   ] Safepoint "Cleanup", Time since last: 3000408353 ns, Reaching safepoint: 15869 ns, Cleanup: 24486 ns, At safepoint: 2665 ns, Total: 43020 ns
[2024-03-07T03:55:17.309+0000][1][safepoint   ] Safepoint "Cleanup", Time since last: 2000281987 ns, Reaching safepoint: 72226 ns, Cleanup: 21360 ns, At safepoint: 19396 ns, Total: 112982 ns
[2024-03-07T03:55:19.310+0000][1][safepoint   ] Safepoint "Cleanup", Time since last: 2000419748 ns, Reaching safepoint: 22211 ns, Cleanup: 20499 ns, At safepoint: 5650 ns, Total: 48360 ns
[2024-03-07T03:55:22.311+0000][1][safepoint   ] Safepoint "Cleanup", Time since last: 3000766234 ns, Reaching safepoint: 103043 ns, Cleanup: 23685 ns, At safepoint: 19236 ns, Total: 145964 ns
[2024-03-07T03:55:25.311+0000][1][safepoint   ] Safepoint "Cleanup", Time since last: 3000251447 ns, Reaching safepoint: 17393 ns, Cleanup: 7293 ns, At safepoint: 2074 ns, Total: 26760 ns
[2024-03-07T03:55:27.311+0000][1][safepoint   ] Safepoint "Cleanup", Time since last: 2000185788 ns, Reaching safepoint: 57618 ns, Cleanup: 20739 ns, At safepoint: 18665 ns, Total: 97022 ns
[2024-03-07T03:55:30.312+0000][1][safepoint   ] Safepoint "Cleanup", Time since last: 3000638251 ns, Reaching safepoint: 15559 ns, Cleanup: 11512 ns, At safepoint: 3787 ns, Total: 30858 ns
[2024-03-07T03:55:32.312+0000][1][safepoint   ] Safepoint "Cleanup", Time since last: 2000180314 ns, Reaching safepoint: 26951 ns, Cleanup: 23864 ns, At safepoint: 6162 ns, Total: 56977 ns
[2024-03-07T03:55:37.314+0000][1][safepoint   ] Safepoint "Cleanup", Time since last: 5001999699 ns, Reaching safepoint: 22612 ns, Cleanup: 24696 ns, At safepoint: 5791 ns, Total: 53099 ns
[2024-03-07T03:55:43.340+0000][1][safepoint   ] Safepoint "Cleanup", Time since last: 6025261887 ns, Reaching safepoint: 49613 ns, Cleanup: 13055 ns, At safepoint: 5951 ns, Total: 68619 ns
[2024-03-07T03:55:45.340+0000][1][safepoint   ] Safepoint "Cleanup", Time since last: 2000213575 ns, Reaching safepoint: 24486 ns, Cleanup: 16130 ns, At safepoint: 5601 ns, Total: 46217 ns
[2024-03-07T03:55:47.340+0000][1][safepoint   ] Safepoint "Cleanup", Time since last: 2000215485 ns, Reaching safepoint: 19246 ns, Cleanup: 23655 ns, At safepoint: 5670 ns, Total: 48571 ns
[2024-03-07T03:55:52.342+0000][1][safepoint   ] Safepoint "Cleanup", Time since last: 5002090409 ns, Reaching safepoint: 69370 ns, Cleanup: 19417 ns, At safepoint: 6041 ns, Total: 94828 ns
[2024-03-07T03:55:54.343+0000][1][safepoint   ] Safepoint "Cleanup", Time since last: 2000189196 ns, Reaching safepoint: 41347 ns, Cleanup: 12033 ns, At safepoint: 9458 ns, Total: 62838 ns
[2024-03-07T03:55:57.344+0000][1][safepoint   ] Safepoint "Cleanup", Time since last: 3000844306 ns, Reaching safepoint: 20288 ns, Cleanup: 18846 ns, At safepoint: 5430 ns, Total: 44564 ns
[2024-03-07T03:56:00.344+0000][1][safepoint   ] Safepoint "Cleanup", Time since last: 3000325957 ns, Reaching safepoint: 57849 ns, Cleanup: 10199 ns, At safepoint: 2695 ns, Total: 70743 ns
[2024-03-07T03:56:01.264+0000][1][gc,heap,exit] Heap
[2024-03-07T03:56:01.264+0000][1][gc,heap,exit]  garbage-first heap   total 1048576K, used 196993K [0x00000000c0000000, 0x0000000100000000)
[2024-03-07T03:56:01.264+0000][1][gc,heap,exit]   region size 1024K, 182 young (186368K), 30 survivors (30720K)
[2024-03-07T03:56:01.264+0000][1][gc,heap,exit]  Metaspace       used 92747K, committed 94336K, reserved 1179648K
[2024-03-07T03:56:01.264+0000][1][gc,heap,exit]   class space    used 12007K, committed 12672K, reserved 1048576K
